TK_CONST_DATA_ALIGN(const unsigned char script_account[]) = {
0x07,0x00,0x01,0x01,0xf8,0x08,0x00,0x00,0x00,0x00,0x00,0x00,0x61,0x63,0x63,0x6f,0x75,0x6e,0x74,0x00,
0x00,0x00,0x00,0x00,0x00,0x00,0x00,0x00,0x00,0x00,0x00,0x00,0x00,0x00,0x00,0x00,0x00,0x00,0x00,0x00,
0x00,0x00,0x00,0x00,0x4a,0x52,0x52,0x59,0x46,0x00,0x00,0x00,0x00,0x00,0x00,0x00,0xd0,0x05,0x00,0x00,
0x01,0x00,0x00,0x00,0x18,0x00,0x00,0x00,0x2e,0x00,0x01,0x00,0x00,0x30,0x05,0x00,0xe8,0x27,0x47,0x00,
0x01,0x07,0x2c,0x35,0x07,0x00,0x00,0x00,0xc7,0x01,0x00,0x00,0xc7,0x03,0x00,0x00,0x07,0x06,0x00,0x00,
0x47,0x07,0x00,0x00,0x87,0x08,0x00,0x00,0x07,0x0a,0x00,0x00,0x07,0x00,0x00,0x00,0x87,0x0c,0x00,0x00,
0xc7,0x01,0x00,0x00,0xc7,0x03,0x00,0x00,0x07,0x06,0x00,0x00,0xc7,0x0e,0x00,0x00,0x07,0x10,0x00,0x00,
0xc7,0x10,0x00,0x00,0xc7,0x11,0x00,0x00,0x07,0x12,0x00,0x00,0x47,0x13,0x00,0x00,0xc7,0x14,0x00,0x00,
0xc7,0x15,0x00,0x00,0xc7,0x16,0x00,0x00,0x07,0x18,0x00,0x00,0x47,0x19,0x00,0x00,0x07,0x1b,0x00,0x00,
0xc7,0x1b,0x00,0x00,0xc7,0x1c,0x00,0x00,0x47,0x1e,0x00,0x00,0xc7,0x1f,0x00,0x00,0x47,0x21,0x00,0x00,
0x87,0x23,0x00,0x00,0x47,0x25,0x00,0x00,0x87,0x26,0x00,0x00,0x47,0x27,0x00,0x00,0x47,0x28,0x00,0x00,
0x87,0x29,0x00,0x00,0x87,0x2b,0x00,0x00,0x47,0x2c,0x00,0x00,0xc7,0x2d,0x00,0x00,0x47,0x2f,0x00,0x00,
0xc7,0x30,0x00,0x00,0xc7,0x32,0x00,0x00,0x87,0x34,0x00,0x00,0xc7,0x35,0x00,0x00,0x70,0x01,0x00,0x00,
0x18,0x02,0x00,0x00,0x50,0x02,0x00,0x00,0xf0,0x02,0x00,0x00,0x00,0x04,0x00,0x00,0x40,0x04,0x00,0x00,
0xd0,0x04,0x00,0x00,0x68,0x05,0x00,0x00,0x90,0x05,0x00,0x00,0x47,0x01,0x47,0x02,0x47,0x03,0x47,0x04,
0x51,0x01,0x51,0x02,0x51,0x03,0x51,0x04,0x2d,0x05,0x07,0xd1,0x3b,0x08,0xdf,0x01,0x2d,0x05,0x09,0xd1,
0x3b,0x0a,0xdf,0x02,0x2d,0x05,0x09,0xd1,0x3b,0x0b,0xdf,0x03,0x2d,0x05,0x09,0xd1,0x3b,0x0c,0xdf,0x04,
0x2d,0x06,0x0d,0x14,0x14,0x58,0x10,0x0f,0x58,0x10,0x11,0x58,0x10,0x12,0x58,0x10,0x13,0x58,0x10,0x14,
0x58,0x10,0x15,0x35,0xb3,0x18,0x16,0x58,0x18,0x17,0x32,0x18,0x19,0x34,0x18,0x1a,0x34,0x18,0x1b,0x58,
0x1d,0x1c,0x32,0x18,0x1e,0x58,0x10,0x1f,0x14,0x18,0x20,0x14,0x18,0x21,0x18,0x0e,0x14,0x58,0x2c,0x23,
0x58,0x2d,0x24,0x58,0x2e,0x25,0x58,0x2f,0x26,0x58,0x30,0x27,0x58,0x31,0x28,0x18,0x22,0x58,0x32,0x29,
0x58,0x33,0x2a,0x58,0x34,0x2b,0xd8,0x56,0xd8,0x2c,0x47,0x00,0xc7,0x11,0x00,0x00,0x07,0x00,0x01,0x00,
0x20,0x10,0x03,0x00,0xe8,0x27,0x47,0x00,0x00,0x02,0x03,0x04,0xc7,0x37,0x00,0x00,0x87,0x38,0x00,0x00,
0x80,0x3e,0x00,0x00,0x38,0x00,0x00,0x00,0x33,0x4e,0x00,0x2f,0x01,0x03,0x02,0xd6,0x56,0x00,0x00,0x43,
0x84,0x4e,0x85,0x02,0x88,0x28,0x47,0x00,0x87,0x29,0x00,0x00,0x0e,0x00,0x01,0x00,0x30,0x10,0x05,0x00,
0xe8,0x27,0x47,0x00,0x00,0x04,0x0b,0x0b,0xc7,0x37,0x00,0x00,0xc7,0x39,0x00,0x00,0x07,0x3b,0x00,0x00,
0x87,0x3c,0x00,0x00,0x07,0x18,0x00,0x00,0x07,0x3e,0x00,0x00,0xc7,0x3e,0x00,0x00,0xc7,0x1b,0x00,0x00,
0x00,0x00,0x00,0x00,0x87,0x2b,0x00,0x00,0x47,0x41,0x00,0x00,0x2d,0x00,0x04,0xb2,0x41,0x01,0x05,0x2d,
0x06,0x00,0x3b,0x04,0xd9,0x3c,0x00,0x07,0x11,0x04,0x57,0x02,0x3c,0x00,0x04,0x84,0x08,0x11,0x08,0x41,
0x00,0x09,0xcd,0x57,0x02,0x41,0x00,0x0a,0xcd,0x57,0x03,0x6e,0x83,0x10,0x86,0x02,0x80,0x2d,0x47,0x00,
0xc7,0x11,0x00,0x00,0x07,0x00,0x01,0x00,0x30,0x10,0x03,0x00,0xe8,0x27,0x47,0x00,0x00,0x01,0x04,0x04,
0xc7,0x43,0x00,0x00,0x07,0x46,0x00,0x00,0x07,0x47,0x00,0x00,0xc7,0x47,0x00,0x00,0x2c,0x00,0x14,0x58,
0x02,0x01,0x31,0x18,0x03,0xd0,0x56,0x0d,0x81,0x24,0x8a,0x02,0x48,0x28,0x47,0x00,0x87,0x2b,0x00,0x00,
0x14,0x00,0x01,0x00,0x30,0x80,0x04,0x01,0xe8,0x27,0x47,0x00,0x02,0x03,0x0f,0x0f,0xc7,0x39,0x00,0x00,
0x07,0x3e,0x00,0x00,0xc7,0x49,0x00,0x00,0x87,0x4c,0x00,0x00,0x07,0x4d,0x00,0x00,0xc7,0x4d,0x00,0x00,
0xc7,0x4e,0x00,0x00,0xc7,0x1c,0x00,0x00,0x47,0x1e,0x00,0x00,0x10,0x00,0x00,0x00,0xc7,0x2d,0x00,0x00,
0x00,0x00,0x00,0x00,0x87,0x2b,0x00,0x00,0x2c,0x00,0xeb,0x01,0x41,0x02,0x03,0x9a,0x04,0x01,0xd3,0x2d,
0x01,0x05,0x25,0x11,0x2c,0x06,0x25,0x22,0x2c,0x07,0x25,0x30,0x2c,0x08,0x77,0x09,0x2b,0x01,0x2e,0x3d,
0x09,0x3d,0x0a,0x9c,0x0b,0x77,0x11,0x04,0x01,0x23,0x2e,0x09,0xac,0x42,0x0c,0x3d,0x09,0xd3,0x01,0x19,
0x3d,0x09,0x78,0x0d,0x11,0x04,0x01,0x11,0x2e,0x09,0xb2,0x42,0x0c,0x3d,0x09,0xd3,0x01,0x07,0x42,0x0e,
0xcd,0x01,0x02,0x56,0x00,0x00,0x00,0x56,0x86,0x3e,0x8b,0x02,0x70,0x2c,0x47,0x00,0x47,0x2c,0x00,0x00,
0x22,0x00,0x01,0x00,0x30,0x10,0x05,0x01,0xe8,0x27,0x47,0x00,0x03,0x07,0x21,0x21,0x07,0x00,0x00,0x00,
0x07,0x06,0x00,0x00,0xc7,0x01,0x00,0x00,0xc7,0x03,0x00,0x00,0xc7,0x4f,0x00,0x00,0xc7,0x10,0x00,0x00,
0x47,0x27,0x00,0x00,0x47,0x51,0x00,0x00,0xc7,0x52,0x00,0x00,0xc7,0x1c,0x00,0x00,0x10,0x00,0x00,0x00,
0x87,0x53,0x00,0x00,0x47,0x1e,0x00,0x00,0x07,0x54,0x00,0x00,0x87,0x55,0x00,0x00,0x47,0x13,0x00,0x00,
0xc7,0x14,0x00,0x00,0x47,0x56,0x00,0x00,0xc7,0x15,0x00,0x00,0x07,0x57,0x00,0x00,0x87,0x58,0x00,0x00,
0x47,0x59,0x00,0x00,0x47,0x5a,0x00,0x00,0x07,0x5b,0x00,0x00,0x87,0x5b,0x00,0x00,0x07,0x5c,0x00,0x00,
0x87,0x5c,0x00,0x00,0x07,0x5d,0x00,0x00,0xc7,0x16,0x00,0x00,0x47,0x41,0x00,0x00,0x41,0x03,0x07,0x2c,
0x00,0xd4,0xeb,0x01,0x61,0x01,0x11,0x03,0x56,0x3d,0x09,0x3b,0x0a,0x2d,0x04,0x0b,0x3d,0x0c,0x99,0x0d,
0x99,0x0e,0x3d,0x0f,0x98,0xd7,0x98,0xe8,0x08,0x2f,0x04,0x11,0x01,0x3b,0x10,0xd7,0xe8,0x10,0x3c,0x01,
0x0a,0xe8,0x12,0x2d,0x05,0x01,0x3b,0x14,0xd1,0xe8,0x13,0x2d,0x06,0x01,0x3b,0x15,0xd1,0xe8,0x15,0x3c,
0x01,0x16,0x3b,0x17,0x99,0x0e,0x3c,0x01,0x16,0x3b,0x18,0x98,0x99,0x0e,0x3c,0x01,0x16,0x3b,0x19,0x98,
0x99,0x1a,0x3c,0x01,0x16,0x3b,0x1b,0x98,0x99,0x1c,0x3c,0x01,0x16,0x3b,0x1d,0x98,0x99,0x1c,0x3c,0x01,
0x16,0x3b,0x1e,0x98,0xeb,0x02,0x2c,0x02,0xe8,0x1f,0x42,0x20,0xcd,0x56,0x00,0x00,0x00,0x00,0x00,0x62,
0x85,0x2a,0x92,0x02,0xb0,0x2f,0x47,0x00,0xc7,0x2d,0x00,0x00,0x08,0x00,0x01,0x00,0x30,0x10,0x03,0x01,
0xe8,0x27,0x47,0x00,0x01,0x01,0x05,0x05,0x87,0x23,0x00,0x00,0x47,0x25,0x00,0x00,0xc7,0x30,0x00,0x00,
0x47,0x41,0x00,0x00,0x31,0xe8,0x01,0x2c,0x00,0xe8,0x02,0x42,0x03,0xcd,0x42,0x04,0xcd,0x56,0x00,0x00,
0x00,0x00,0x00,0x2c,0x81,0x21,0x98,0x02,0xb0,0x2c,0x47,0x00,0x47,0x2f,0x00,0x00,0x08,0x00,0x01,0x00,
0x20,0x10,0x03,0x00,0xe8,0x27,0x47,0x00,0x00,0x03,0x04,0x05,0x87,0x5d,0x00,0x00,0xc7,0x37,0x00,0x00,
0x87,0x38,0x00,0x00,0x80,0x3e,0x00,0x00,0x40,0x00,0x00,0x00,0x34,0x4e,0x00,0x33,0x4e,0x01,0x2f,0x02,
0x04,0x03,0xd6,0x56,0x00,0x00,0x00,0x2d,0x83,0x67,0x99,0x02,0xa0,0x29,0x47,0x00,0xc7,0x30,0x00,0x00,
0x0a,0x00,0x01,0x00,0x30,0x10,0x03,0x00,0xe8,0x27,0x47,0x00,0x00,0x04,0x07,0x07,0xc7,0x37,0x00,0x00,
0x07,0x3b,0x00,0x00,0x87,0x5d,0x00,0x00,0x87,0x3c,0x00,0x00,0x87,0x23,0x00,0x00,0x20,0x00,0x00,0x00,
0x87,0x2b,0x00,0x00,0x3c,0x00,0x04,0x60,0x11,0x04,0x57,0x01,0xaf,0x02,0x88,0x02,0x05,0x11,0x08,0x41,
0x00,0x06,0xcd,0x57,0x01,0x57,0x03,0x3d,0x82,0x44,0x9a,0x02,0xc0,0x2c,0x47,0x00,0xc7,0x11,0x00,0x00,
0x13,0x00,0x01,0x00,0x30,0x10,0x04,0x01,0xe8,0x27,0x47,0x00,0x02,0x04,0x12,0x12,0x47,0x5e,0x00,0x00,
0x07,0x00,0x00,0x00,0x87,0x26,0x00,0x00,0x07,0x5f,0x00,0x00,0x47,0x27,0x00,0x00,0xc7,0x10,0x00,0x00,
0x47,0x51,0x00,0x00,0x87,0x61,0x00,0x00,0xc7,0x62,0x00,0x00,0x47,0x2f,0x00,0x00,0xc7,0x1f,0x00,0x00,
0x47,0x1e,0x00,0x00,0x07,0x64,0x00,0x00,0xc7,0x2d,0x00,0x00,0xc7,0x1c,0x00,0x00,0x47,0x41,0x00,0x00,
0x3c,0x02,0x05,0x3b,0x04,0xe8,0x04,0x3c,0x02,0x05,0x3b,0x06,0xe8,0x06,0x3d,0x06,0x3b,0x08,0xe8,0x07,
0x41,0x03,0x09,0xce,0xeb,0x01,0x61,0x01,0x1d,0x05,0x3c,0x01,0x0a,0x11,0x08,0x42,0x0b,0x3d,0x0c,0xd3,
0x56,0x3c,0x01,0x0e,0xe8,0x0d,0x42,0x0f,0x3d,0x10,0xd3,0x42,0x11,0xcd,0x56,0x00,0x00,0x00,0x00,0x55,
0x83,0x32,0x9d,0x02,0xa0,0x2d,0x47,0x00,0xc7,0x32,0x00,0x00,0x05,0x00,0x01,0x00,0x30,0x10,0x03,0x00,
0xe8,0x27,0x47,0x00,0x00,0x00,0x01,0x01,0x87,0x29,0x00,0x00,0x42,0x00,0xcd,0x56,0x00,0x00,0x00,0x00,
0x34,0x17,0xa1,0x02,0x90,0x28,0x47,0x00,0x87,0x34,0x00,0x00,0x05,0x00,0x01,0x00,0x30,0x10,0x02,0x00,
0xe8,0x27,0x47,0x00,0x00,0x00,0x01,0x01,0xc7,0x1b,0x00,0x00,0x31,0xe8,0x00,0x56,0x00,0x00,0x00,0x00,
0x31,0x61,0xa1,0x02,0x18,0x2a,0x47,0x00,0xc7,0x35,0x00,0x00,0x0c,0x00,0x54,0x52,0x41,0x4e,0x53,0x5f,
0x52,0x45,0x50,0x4f,0x52,0x54,0x0e,0x00,0x53,0x48,0x4f,0x57,0x5f,0x4d,0x41,0x53,0x4b,0x5f,0x43,0x41,
0x52,0x44,0x0f,0x00,0x47,0x45,0x54,0x5f,0x53,0x48,0x4f,0x57,0x5f,0x41,0x4d,0x4f,0x55,0x4e,0x54,0x00,
0x07,0x00,0x73,0x70,0x72,0x69,0x6e,0x74,0x66,0x00,0x07,0x00,0x72,0x65,0x71,0x75,0x69,0x72,0x65,0x00,
0x09,0x00,0x56,0x69,0x65,0x77,0x4d,0x6f,0x64,0x65,0x6c,0x00,0x11,0x00,0x6d,0x6f,0x64,0x5f,0x67,0x6c,
0x6f,0x62,0x61,0x6c,0x5f,0x72,0x65,0x70,0x6f,0x72,0x74,0x00,0x10,0x00,0x6d,0x6f,0x64,0x5f,0x67,0x6c,
0x6f,0x62,0x61,0x6c,0x5f,0x66,0x75,0x6e,0x63,0x73,0x07,0x00,0x61,0x63,0x63,0x6f,0x75,0x6e,0x74,0x00,
0x04,0x00,0x64,0x61,0x74,0x61,0x05,0x00,0x74,0x69,0x74,0x6c,0x65,0x00,0x00,0x00,0x07,0x00,0x74,0x72,
0x61,0x63,0x65,0x4e,0x6f,0x00,0x09,0x00,0x74,0x72,0x61,0x6e,0x73,0x54,0x79,0x70,0x65,0x00,0x06,0x00,
0x63,0x61,0x72,0x64,0x4e,0x6f,0x06,0x00,0x61,0x6d,0x6f,0x75,0x6e,0x74,0x08,0x00,0x64,0x61,0x74,0x65,
0x54,0x69,0x6d,0x65,0x07,0x00,0x74,0x69,0x6d,0x65,0x4f,0x75,0x74,0x00,0x0b,0x00,0x74,0x69,0x6d,0x65,
0x4f,0x75,0x74,0x53,0x68,0x6f,0x77,0x00,0x03,0x00,0x36,0x30,0x73,0x00,0x06,0x00,0x69,0x73,0x45,0x78,
0x69,0x74,0x09,0x00,0x63,0x75,0x72,0x72,0x49,0x6e,0x64,0x65,0x78,0x00,0x09,0x00,0x6c,0x69,0x73,0x74,
0x43,0x6f,0x75,0x6e,0x74,0x00,0x0a,0x00,0x6e,0x6f,0x74,0x69,0x63,0x65,0x54,0x65,0x78,0x74,0x10,0x00,
0x4e,0x6f,0x20,0x54,0x72,0x61,0x6e,0x73,0x61,0x63,0x74,0x69,0x6f,0x6e,0x20,0x21,0x0b,0x00,0x69,0x73,
0x53,0x68,0x6f,0x77,0x54,0x6f,0x61,0x73,0x74,0x00,0x08,0x00,0x74,0x6f,0x61,0x73,0x74,0x54,0x69,0x70,
0x04,0x00,0x66,0x6c,0x6f,0x77,0x05,0x00,0x74,0x72,0x61,0x6e,0x73,0x00,0x07,0x00,0x6d,0x65,0x74,0x68,
0x6f,0x64,0x73,0x00,0x0e,0x00,0x73,0x65,0x74,0x53,0x63,0x72,0x65,0x65,0x6e,0x54,0x69,0x6d,0x65,0x72,
0x04,0x00,0x65,0x78,0x69,0x74,0x09,0x00,0x6f,0x6e,0x4b,0x65,0x79,0x44,0x6f,0x77,0x6e,0x00,0x0a,0x00,
0x73,0x68,0x6f,0x77,0x44,0x65,0x74,0x61,0x69,0x6c,0x09,0x00,0x73,0x68,0x6f,0x77,0x54,0x6f,0x61,0x73,
0x74,0x00,0x0d,0x00,0x73,0x65,0x74,0x54,0x6f,0x61,0x73,0x74,0x54,0x69,0x6d,0x65,0x72,0x00,0x0b,0x00,
0x6f,0x6e,0x57,0x69,0x6c,0x6c,0x4d,0x6f,0x75,0x6e,0x74,0x00,0x07,0x00,0x6f,0x6e,0x4d,0x6f,0x75,0x6e,
0x74,0x00,0x0d,0x00,0x6f,0x6e,0x57,0x69,0x6c,0x6c,0x55,0x6e,0x6d,0x6f,0x75,0x6e,0x74,0x00,0x04,0x00,
0x74,0x68,0x61,0x74,0x08,0x00,0x74,0x69,0x6d,0x65,0x72,0x41,0x64,0x64,0x07,0x00,0x63,0x6f,0x6e,0x73,
0x6f,0x6c,0x65,0x00,0x0a,0x00,0x52,0x45,0x54,0x5f,0x52,0x45,0x4d,0x4f,0x56,0x45,0x0a,0x00,0x52,0x45,
0x54,0x5f,0x52,0x45,0x50,0x45,0x41,0x54,0x03,0x00,0x6c,0x6f,0x67,0x00,0x11,0x00,0x74,0x69,0x6d,0x65,
0x20,0x3d,0x3d,0x3d,0x3d,0x3d,0x3d,0x3d,0x3d,0x3d,0x3d,0x3d,0x3e,0x00,0x12,0x00,0x6e,0x6f,0x74,0x69,
0x66,0x79,0x50,0x72,0x6f,0x70,0x73,0x43,0x68,0x61,0x6e,0x67,0x65,0x64,0x0f,0x00,0x6e,0x61,0x76,0x69,
0x67,0x61,0x74,0x65,0x52,0x65,0x70,0x6c,0x61,0x63,0x65,0x00,0x06,0x00,0x74,0x61,0x72,0x67,0x65,0x74,
0x03,0x00,0x70,0x61,0x79,0x00,0x0d,0x00,0x63,0x6c,0x6f,0x73,0x65,0x5f,0x63,0x75,0x72,0x72,0x65,0x6e,
0x74,0x00,0x14,0x00,0x4b,0x65,0x79,0x43,0x6f,0x64,0x65,0x20,0x3d,0x3d,0x3d,0x3d,0x3d,0x3d,0x3d,0x3d,
0x3d,0x3d,0x3d,0x3e,0x02,0x00,0x75,0x70,0x04,0x00,0x64,0x6f,0x77,0x6e,0x06,0x00,0x63,0x61,0x6e,0x63,
0x65,0x6c,0x06,0x00,0x72,0x65,0x74,0x75,0x72,0x6e,0x09,0x00,0x71,0x75,0x65,0x72,0x79,0x42,0x79,0x49,
0x44,0x00,0x09,0x00,0x74,0x72,0x61,0x6e,0x73,0x4e,0x61,0x6d,0x65,0x00,0x04,0x00,0x28,0x25,0x73,0x29,
0x01,0x00,0x2f,0x00,0x09,0x00,0x76,0x6f,0x75,0x63,0x68,0x65,0x72,0x4e,0x6f,0x00,0x04,0x00,0x25,0x30,
0x36,0x64,0x03,0x00,0x70,0x61,0x6e,0x00,0x09,0x00,0x74,0x72,0x61,0x6e,0x73,0x54,0x69,0x6d,0x65,0x00,
0x04,0x00,0x79,0x65,0x61,0x72,0x05,0x00,0x6d,0x6f,0x6e,0x74,0x68,0x00,0x04,0x00,0x64,0x61,0x74,0x65,
0x01,0x00,0x20,0x00,0x01,0x00,0x68,0x00,0x01,0x00,0x3a,0x00,0x01,0x00,0x6d,0x00,0x01,0x00,0x73,0x00,
0x04,0x00,0x6c,0x6f,0x6f,0x70,0x03,0x00,0x54,0x6f,0x73,0x00,0x12,0x00,0x47,0x4c,0x4f,0x42,0x41,0x4c,
0x5f,0x54,0x52,0x41,0x4e,0x53,0x41,0x43,0x54,0x49,0x4f,0x4e,0x08,0x00,0x67,0x65,0x74,0x49,0x6e,0x64,
0x65,0x78,0x07,0x00,0x69,0x73,0x45,0x6d,0x70,0x74,0x79,0x00,0x06,0x00,0x6c,0x65,0x6e,0x67,0x74,0x68,
0x00,0x00,0x00,0x00,};/*2344*/
