TK_CONST_DATA_ALIGN(const unsigned char script_app_store[]) = {
0x07,0x00,0x01,0x01,0xaa,0x11,0x00,0x00,0x00,0x00,0x00,0x00,0x61,0x70,0x70,0x5f,0x73,0x74,0x6f,0x72,
0x65,0x00,0x00,0x00,0x00,0x00,0x00,0x00,0x00,0x00,0x00,0x00,0x00,0x00,0x00,0x00,0x00,0x00,0x00,0x00,
0x00,0x00,0x00,0x00,0x4a,0x52,0x52,0x59,0x46,0x00,0x00,0x00,0x00,0x00,0x00,0x00,0x50,0x0a,0x00,0x00,
0x01,0x00,0x00,0x00,0x18,0x00,0x00,0x00,0x28,0x00,0x01,0x00,0x00,0x34,0x05,0x00,0xd0,0x27,0x47,0x00,
0x01,0x06,0x26,0x30,0x07,0x00,0x00,0x00,0x07,0x03,0x00,0x00,0x47,0x05,0x00,0x00,0x47,0x08,0x00,0x00,
0x87,0x09,0x00,0x00,0x07,0x0b,0x00,0x00,0x07,0x00,0x00,0x00,0x47,0x0e,0x00,0x00,0x07,0x03,0x00,0x00,
0x47,0x12,0x00,0x00,0xc7,0x18,0x00,0x00,0x47,0x1a,0x00,0x00,0x07,0x1b,0x00,0x00,0x47,0x1c,0x00,0x00,
0x87,0x1c,0x00,0x00,0x47,0x1e,0x00,0x00,0x07,0x1f,0x00,0x00,0x47,0x20,0x00,0x00,0xc7,0x21,0x00,0x00,
0x07,0x23,0x00,0x00,0x47,0x24,0x00,0x00,0xc7,0x25,0x00,0x00,0x07,0x27,0x00,0x00,0x47,0x28,0x00,0x00,
0x47,0x2a,0x00,0x00,0xc7,0x2b,0x00,0x00,0xc7,0x2c,0x00,0x00,0x07,0x2e,0x00,0x00,0x87,0x2f,0x00,0x00,
0x07,0x31,0x00,0x00,0x87,0x32,0x00,0x00,0x47,0x34,0x00,0x00,0xc7,0x35,0x00,0x00,0x07,0x37,0x00,0x00,
0x87,0x38,0x00,0x00,0x07,0x3a,0x00,0x00,0x47,0x3b,0x00,0x00,0x40,0x01,0x00,0x00,0xc0,0x01,0x00,0x00,
0xb0,0x03,0x00,0x00,0xf0,0x03,0x00,0x00,0x38,0x04,0x00,0x00,0xe0,0x04,0x00,0x00,0x98,0x05,0x00,0x00,
0x48,0x08,0x00,0x00,0xf8,0x08,0x00,0x00,0xb8,0x09,0x00,0x00,0x47,0x01,0x47,0x02,0x48,0x03,0x51,0x01,
0x51,0x02,0x4a,0x03,0x2d,0x04,0x06,0xd1,0x3b,0x07,0xdf,0x01,0x2d,0x04,0x08,0xd1,0x3b,0x09,0xdf,0x02,
0x2c,0x0a,0xec,0x03,0x2d,0x05,0x0b,0x14,0x14,0x58,0x0e,0x0d,0x58,0x10,0x0f,0x1c,0x18,0x11,0x32,0x18,
0x12,0x31,0x18,0x13,0x58,0x15,0x14,0x35,0x1d,0x18,0x16,0x28,0x18,0x17,0x1c,0x18,0x18,0x1c,0x18,0x19,
0x28,0x18,0x1a,0x18,0x0c,0x14,0x58,0x26,0x1c,0x58,0x27,0x1d,0x58,0x28,0x1e,0x58,0x29,0x1f,0x58,0x2a,
0x20,0x58,0x2b,0x21,0x58,0x2c,0x22,0x58,0x2d,0x23,0x18,0x1b,0x58,0x2e,0x24,0x58,0x2f,0x25,0xd8,0x56,
0xa0,0x28,0x47,0x00,0x47,0x1c,0x00,0x00,0x10,0x00,0x01,0x00,0x30,0x10,0x08,0x01,0xd0,0x27,0x47,0x00,
0x02,0x05,0x0f,0x0f,0x07,0x3d,0x00,0x00,0x47,0x3e,0x00,0x00,0x07,0x3f,0x00,0x00,0x87,0x40,0x00,0x00,
0x47,0x41,0x00,0x00,0x87,0x44,0x00,0x00,0x07,0x1f,0x00,0x00,0x87,0x45,0x00,0x00,0xc7,0x48,0x00,0x00,
0x47,0x4a,0x00,0x00,0x47,0x4b,0x00,0x00,0x47,0x1a,0x00,0x00,0x07,0x4d,0x00,0x00,0x41,0x02,0x05,0x2d,
0x06,0x00,0x3b,0x07,0xd9,0x3d,0x08,0x3c,0x00,0x07,0x3a,0xeb,0x01,0x41,0x02,0x05,0x2d,0x09,0x03,0x40,
0x0a,0x2c,0x01,0xd4,0xd9,0x2c,0x04,0x14,0x58,0x0c,0x0b,0x58,0x01,0x0d,0x31,0x18,0x0e,0xd0,0x56,0x00,
0x00,0x00,0x00,0x37,0x82,0x32,0x84,0x02,0xc0,0x27,0x47,0x00,0x07,0x2e,0x00,0x00,0x2c,0x00,0x01,0x00,
0x20,0x10,0x0b,0x00,0xd0,0x27,0x47,0x00,0x06,0x0b,0x2a,0x2b,0x07,0x4f,0x00,0x00,0x07,0x3d,0x00,0x00,
0x07,0x00,0x00,0x00,0x47,0x3e,0x00,0x00,0xc7,0x4f,0x00,0x00,0x87,0x40,0x00,0x00,0x87,0x50,0x00,0x00,
0x47,0x20,0x00,0x00,0x87,0x52,0x00,0x00,0x07,0x23,0x00,0x00,0x47,0x24,0x00,0x00,0x47,0x54,0x00,0x00,
0xc7,0x56,0x00,0x00,0xc7,0x48,0x00,0x00,0x47,0x58,0x00,0x00,0xc7,0x35,0x00,0x00,0x47,0x12,0x00,0x00,
0x47,0x5a,0x00,0x00,0x47,0x5b,0x00,0x00,0x87,0x1c,0x00,0x00,0x47,0x5d,0x00,0x00,0x07,0x1b,0x00,0x00,
0x87,0x60,0x00,0x00,0xc7,0x2c,0x00,0x00,0xc7,0x62,0x00,0x00,0xc7,0x2b,0x00,0x00,0x47,0x64,0x00,0x00,
0xc7,0x65,0x00,0x00,0x07,0x67,0x00,0x00,0x47,0x68,0x00,0x00,0x07,0x69,0x00,0x00,0x47,0x6a,0x00,0x00,
0xc7,0x6a,0x00,0x00,0x47,0x1c,0x00,0x00,0xc7,0x25,0x00,0x00,0x07,0x6d,0x00,0x00,0x60,0x01,0x00,0x00,
0x41,0x07,0x0b,0x2c,0x0c,0x3d,0x0d,0xd9,0x3d,0x0d,0x11,0x03,0x56,0x41,0x07,0x0b,0x2c,0x0e,0xd3,0x2c,
0x10,0xe8,0x0f,0x42,0x11,0xcd,0x2c,0x08,0xcb,0xeb,0x00,0x41,0x07,0x0b,0x2d,0x12,0x09,0x40,0x13,0x2c,
0x00,0xd4,0xd9,0x61,0x00,0x11,0x0d,0x32,0xe8,0x0d,0x2c,0x14,0xe8,0x0f,0x42,0x11,0xcd,0x56,0x31,0xe8,
0x0d,0x42,0x15,0xcd,0x2c,0x10,0xe8,0x0f,0x42,0x11,0xcd,0x2c,0x16,0xeb,0x01,0x14,0x2c,0x18,0x3d,0x19,
0x98,0x99,0x1a,0x3d,0x1b,0x98,0x99,0x1c,0x18,0x17,0x35,0x00,0x18,0x1d,0xeb,0x02,0x41,0x07,0x0b,0x2d,
0x1e,0x09,0x40,0x13,0x2c,0x02,0xd4,0xd9,0x33,0x4e,0x06,0x2c,0x2a,0xe8,0x1f,0x41,0x07,0x0b,0x2c,0x20,
0xd3,0x14,0x58,0x22,0x21,0x58,0x24,0x23,0xeb,0x03,0x41,0x09,0x13,0x2c,0x03,0xd4,0x99,0x25,0xeb,0x04,
0x41,0x0a,0x26,0x2f,0x02,0x01,0x04,0x2f,0x27,0x27,0x06,0x3b,0x28,0x35,0x00,0x3c,0x06,0x1f,0xc8,0x08,
0xeb,0x05,0x41,0x07,0x0b,0x2d,0x29,0x09,0x40,0x13,0x2c,0x05,0xd4,0xd9,0x56,0x19,0x8d,0x7e,0x86,0x02,
0xc8,0x41,0x47,0x00,0x87,0x2f,0x00,0x00,0x12,0x00,0x01,0x00,0x30,0x10,0x08,0x01,0xd0,0x27,0x47,0x00,
0x02,0x05,0x0f,0x0f,0x07,0x3d,0x00,0x00,0x47,0x3e,0x00,0x00,0x07,0x4f,0x00,0x00,0x87,0x40,0x00,0x00,
0x87,0x6e,0x00,0x00,0xc7,0x48,0x00,0x00,0x07,0x71,0x00,0x00,0x00,0x00,0x00,0x00,0xc7,0x71,0x00,0x00,
0x47,0x74,0x00,0x00,0x47,0x1a,0x00,0x00,0x07,0x75,0x00,0x00,0x47,0x34,0x00,0x00,0x41,0x02,0x05,0x2d,
0x06,0x03,0x40,0x07,0x2c,0x00,0xd4,0xd9,0x61,0x00,0x1d,0x07,0x3c,0x00,0x08,0x7b,0x09,0x11,0x15,0x41,
0x02,0x05,0x2d,0x0a,0x00,0x11,0x0a,0x41,0x03,0x07,0x2c,0x00,0xd4,0x01,0x04,0x2c,0x0b,0xd9,0x3c,0x00,
0x0c,0x3b,0x0d,0xeb,0x01,0x41,0x04,0x0e,0x2c,0x01,0xd3,0x56,0x00,0x00,0x00,0x00,0x00,0x00,0x00,0x28,
0x82,0x51,0x8e,0x02,0x78,0x2a,0x47,0x00,0xc7,0x2b,0x00,0x00,0x08,0x00,0x01,0x00,0x30,0x10,0x04,0x00,
0xd0,0x27,0x47,0x00,0x00,0x02,0x05,0x05,0x07,0x3d,0x00,0x00,0xc7,0x4f,0x00,0x00,0x87,0x40,0x00,0x00,
0xc7,0x76,0x00,0x00,0x47,0x7c,0x00,0x00,0x41,0x00,0x02,0x2c,0x03,0xd3,0x41,0x01,0x04,0xcd,0x56,0x00,
0x00,0x00,0x00,0x00,0x76,0x2c,0x94,0x02,0x30,0x28,0x47,0x00,0x07,0x31,0x00,0x00,0x09,0x00,0x01,0x00,
0x30,0x10,0x03,0x00,0xd0,0x27,0x47,0x00,0x00,0x00,0x06,0x06,0x47,0x28,0x00,0x00,0x47,0x2a,0x00,0x00,
0x47,0x20,0x00,0x00,0x07,0x23,0x00,0x00,0xc7,0x7e,0x00,0x00,0x47,0x54,0x00,0x00,0x1c,0xe8,0x00,0x1c,
0xe8,0x01,0x32,0xe8,0x02,0x2c,0x04,0xe8,0x03,0x42,0x05,0xcd,0x56,0x00,0x00,0x3a,0x81,0x38,0x95,0x02,
0x78,0x28,0x47,0x00,0x87,0x32,0x00,0x00,0x15,0x00,0x01,0x00,0x30,0x10,0x07,0x01,0xd0,0x27,0x47,0x00,
0x04,0x08,0x13,0x13,0x87,0x80,0x00,0x00,0x07,0x82,0x00,0x00,0x07,0x3d,0x00,0x00,0x47,0x3e,0x00,0x00,
0x07,0x83,0x00,0x00,0xc7,0x84,0x00,0x00,0x87,0x40,0x00,0x00,0xc7,0x85,0x00,0x00,0x87,0x89,0x00,0x00,
0xc7,0x8a,0x00,0x00,0x07,0x37,0x00,0x00,0x47,0x20,0x00,0x00,0x07,0x23,0x00,0x00,0xc7,0x7e,0x00,0x00,
0x47,0x54,0x00,0x00,0x2d,0x04,0x00,0x45,0xeb,0x01,0x3c,0x05,0x08,0x40,0x09,0x28,0x2c,0x01,0xda,0xeb,
0x02,0x41,0x06,0x0a,0x2f,0x0b,0x02,0x0c,0x2c,0x01,0xc7,0x04,0x2c,0x02,0x11,0x21,0x41,0x07,0x0d,0x2c,
0x02,0xd4,0xeb,0x03,0x2c,0x03,0x11,0x09,0x42,0x0e,0x2c,0x03,0xd3,0x01,0x0c,0x32,0xe8,0x0f,0x2c,0x11,
0xe8,0x10,0x42,0x12,0xcd,0x01,0x0c,0x32,0xe8,0x0f,0x2c,0x11,0xe8,0x10,0x42,0x12,0xcd,0x56,0x00,0x00,
0x00,0x00,0x00,0x64,0x84,0x06,0x97,0x02,0xe8,0x30,0x47,0x00,0x47,0x34,0x00,0x00,0x08,0x00,0x01,0x00,
0x20,0x10,0x03,0x00,0xd0,0x27,0x47,0x00,0x00,0x03,0x04,0x05,0xc7,0x8b,0x00,0x00,0x07,0x4f,0x00,0x00,
0x87,0x8c,0x00,0x00,0x80,0x3e,0x00,0x00,0x40,0x00,0x00,0x00,0x34,0x4e,0x00,0x33,0x4e,0x01,0x2f,0x02,
0x04,0x03,0xd6,0x56,0x00,0x00,0x00,0x4b,0x83,0x7d,0x9b,0x02,0x40,0x28,0x47,0x00,0xc7,0x35,0x00,0x00,
0x0f,0x00,0x01,0x00,0x30,0x10,0x05,0x00,0xd0,0x27,0x47,0x00,0x00,0x05,0x0c,0x0c,0x07,0x3d,0x00,0x00,
0xc7,0x8b,0x00,0x00,0x07,0x4f,0x00,0x00,0xc7,0x8d,0x00,0x00,0x47,0x8f,0x00,0x00,0x87,0x40,0x00,0x00,
0xc7,0x90,0x00,0x00,0x47,0x20,0x00,0x00,0xc7,0x25,0x00,0x00,0x07,0x23,0x00,0x00,0x07,0x94,0x00,0x00,
0x47,0x54,0x00,0x00,0x41,0x00,0x05,0x2d,0x06,0x01,0xd9,0x3c,0x02,0x07,0x60,0x11,0x04,0x57,0x03,0xaf,
0x01,0x2d,0x01,0x02,0x3b,0x08,0x86,0x11,0x12,0x2d,0x02,0x07,0x32,0xdc,0x2f,0x02,0x09,0x0a,0xdc,0x41,
0x02,0x0b,0xcd,0x57,0x03,0x57,0x04,0x71,0x82,0x48,0x9c,0x02,0x98,0x27,0x47,0x00,0x47,0x1c,0x00,0x00,
0x44,0x00,0x01,0x00,0x30,0x10,0x0a,0x01,0xd0,0x27,0x47,0x00,0x05,0x0d,0x32,0x34,0x47,0x96,0x00,0x00,
0x47,0x98,0x00,0x00,0x07,0x03,0x00,0x00,0x07,0x99,0x00,0x00,0x07,0x3d,0x00,0x00,0x47,0x3e,0x00,0x00,
0x07,0x9a,0x00,0x00,0xc7,0x4f,0x00,0x00,0x47,0x20,0x00,0x00,0x47,0x9b,0x00,0x00,0x47,0x9c,0x00,0x00,
0x47,0x9d,0x00,0x00,0x07,0x9e,0x00,0x00,0x87,0x40,0x00,0x00,0xc7,0x9e,0x00,0x00,0xc7,0x48,0x00,0x00,
0x47,0x1a,0x00,0x00,0x87,0xa2,0x00,0x00,0x47,0xa4,0x00,0x00,0x87,0xa8,0x00,0x00,0x47,0xaa,0x00,0x00,
0x07,0xac,0x00,0x00,0x47,0xae,0x00,0x00,0x07,0xb0,0x00,0x00,0xc7,0xb1,0x00,0x00,0x07,0xb3,0x00,0x00,
0x47,0xb4,0x00,0x00,0x07,0xb5,0x00,0x00,0xc7,0xb7,0x00,0x00,0x07,0xba,0x00,0x00,0x87,0xbb,0x00,0x00,
0x87,0xbc,0x00,0x00,0x87,0xbd,0x00,0x00,0x07,0xbf,0x00,0x00,0x07,0x1f,0x00,0x00,0xc7,0xbf,0x00,0x00,
0xc7,0xc0,0x00,0x00,0xc7,0x21,0x00,0x00,0x00,0x00,0x00,0x00,0x87,0xc3,0x00,0x00,0x07,0x23,0x00,0x00,
0xc7,0x7e,0x00,0x00,0x47,0x1c,0x00,0x00,0x47,0x54,0x00,0x00,0x07,0xc6,0x00,0x00,0x20,0x02,0x00,0x00,
0x60,0x02,0x00,0x00,0x32,0xe8,0x0d,0x3c,0x00,0x0e,0x78,0x0f,0x12,0x01,0x37,0x2a,0x01,0x32,0x1c,0x4e,
0x05,0x2c,0x07,0xcb,0x4e,0x06,0x2c,0x06,0x11,0x0d,0x41,0x08,0x10,0x2c,0x06,0xd4,0x40,0x11,0x2c,0x32,
0xd3,0x41,0x09,0x12,0x2d,0x13,0x0a,0x40,0x14,0x2c,0x05,0xd4,0xd9,0x1c,0xeb,0x01,0x34,0xeb,0x02,0x02,
0x00,0xc2,0x32,0xeb,0x03,0x34,0xeb,0x04,0x01,0x9a,0x3c,0x00,0x15,0x3b,0x02,0x3b,0x16,0x3c,0x05,0x04,
0x3b,0x16,0x77,0x11,0x89,0x41,0x09,0x12,0x2f,0x17,0x05,0x04,0x3a,0x3b,0x16,0x3c,0x05,0x04,0x3b,0x18,
0x3c,0x00,0x15,0x3b,0x02,0x3b,0x18,0x3c,0x05,0x04,0x3b,0x18,0x3c,0x00,0x15,0x3b,0x02,0x3b,0x18,0x7d,
0xc7,0x05,0x2f,0x0b,0x05,0x04,0x3a,0x3b,0x18,0xd1,0x2d,0x0b,0x00,0x3b,0x15,0x3b,0x02,0x3b,0x18,0xd1,
0x7d,0x11,0x4a,0x3c,0x05,0x04,0x3c,0x00,0x15,0x3b,0x02,0x3b,0x18,0xe5,0x19,0x3c,0x05,0x04,0x3c,0x00,
0x15,0x3b,0x02,0x3b,0x1b,0xe5,0x1a,0x3c,0x05,0x04,0x3c,0x00,0x15,0x3b,0x02,0x3b,0x1d,0xe5,0x1c,0x3c,
0x05,0x04,0x3c,0x00,0x15,0x3b,0x02,0x3b,0x1f,0xe5,0x1e,0x3c,0x05,0x04,0x3c,0x00,0x15,0x3b,0x02,0x3b,
0x21,0xe5,0x20,0x3c,0x05,0x04,0x3c,0x00,0x15,0x3b,0x02,0x3b,0x23,0xe5,0x22,0x31,0xeb,0x03,0x01,0x0c,
0xaf,0x04,0x2d,0x04,0x05,0x3b,0x24,0x7d,0x0d,0x9e,0x61,0x03,0x11,0x13,0x3c,0x00,0x15,0x3b,0x02,0x34,
0xe5,0x25,0x41,0x01,0x26,0x3c,0x00,0x15,0x3b,0x02,0xd3,0xaf,0x02,0x2d,0x02,0x00,0x3b,0x15,0x3b,0x24,
0x7d,0x0e,0x00,0xc7,0x41,0x05,0x28,0x2c,0x01,0xd4,0xe8,0x27,0x3d,0x27,0x40,0x11,0x2c,0x33,0xd3,0x2d,
0x0c,0x29,0x3d,0x27,0xdc,0x3d,0x27,0x3b,0x24,0x84,0x2b,0xe8,0x2a,0x41,0x09,0x12,0x2d,0x2c,0x0a,0x40,
0x14,0x3d,0x27,0xd4,0xd9,0x3d,0x2a,0x11,0x06,0x2c,0x2e,0x01,0x04,0x2c,0x2f,0xe8,0x2d,0x42,0x30,0xcd,
0x10,0x01,0x06,0x2c,0x31,0xe8,0x2d,0x42,0x30,0xcd,0x56,0x40,0x95,0x5d,0x9f,0x02,0xf0,0x4a,0x47,0x00,
0x07,0x37,0x00,0x00,0x08,0x00,0x01,0x00,0x30,0x10,0x04,0x01,0xd0,0x27,0x47,0x00,0x02,0x04,0x06,0x06,
0x47,0x98,0x00,0x00,0x47,0x96,0x00,0x00,0x87,0xbd,0x00,0x00,0x07,0xbf,0x00,0x00,0x3c,0x02,0x00,0xeb,
0x01,0x2c,0x01,0x38,0x04,0x00,0xdc,0x41,0x03,0x05,0x2c,0x01,0xd3,0x56,0x00,0x07,0x81,0x2f,0xa1,0x02,
0x50,0x28,0x47,0x00,0x47,0x1c,0x00,0x00,0x0a,0x00,0x01,0x00,0x30,0x10,0x07,0x01,0xd0,0x27,0x47,0x00,
0x01,0x01,0x06,0x06,0x47,0xca,0x00,0x00,0x87,0xbc,0x00,0x00,0xa0,0x00,0x00,0x00,0x87,0xcb,0x00,0x00,
0x07,0xcd,0x00,0x00,0x3c,0x00,0x01,0x3b,0x02,0x81,0x03,0x11,0x11,0x2f,0x00,0x01,0x00,0x3b,0x01,0x40,
0x04,0x34,0x35,0x09,0xda,0x99,0x05,0xdc,0x56,0x00,0x00,0x00,0x00,0x00,0x00,0x0b,0x81,0x1f,0xae,0x02,
0x60,0x28,0x47,0x00,0x47,0x1c,0x00,0x00,0x16,0x00,0x01,0x00,0x30,0x80,0x08,0x01,0xd0,0x27,0x47,0x00,
0x02,0x06,0x12,0x12,0x07,0x3d,0x00,0x00,0xc7,0x4f,0x00,0x00,0x47,0x3e,0x00,0x00,0xc7,0xcd,0x00,0x00,
0x87,0x40,0x00,0x00,0x07,0xd0,0x00,0x00,0x87,0xd2,0x00,0x00,0x87,0xd3,0x00,0x00,0x87,0xd4,0x00,0x00,
0x47,0x20,0x00,0x00,0xc7,0xd7,0x00,0x00,0x07,0xda,0x00,0x00,0xc7,0x48,0x00,0x00,0x47,0xdc,0x00,0x00,
0x47,0x4a,0x00,0x00,0x07,0xe0,0x00,0x00,0x41,0x02,0x06,0x2d,0x07,0x00,0xd9,0x2d,0x00,0x08,0x25,0x09,
0x2c,0x09,0x77,0x09,0x3a,0x01,0x3a,0x41,0x02,0x06,0x2d,0x0a,0x00,0x3d,0x0b,0xc7,0x03,0x3d,0x0b,0x11,
0x14,0x41,0x03,0x0c,0xce,0xeb,0x01,0x41,0x02,0x06,0x2d,0x0d,0x04,0x40,0x0e,0x2c,0x01,0xd4,0xd9,0x32,
0xe8,0x0b,0x41,0x02,0x06,0x2d,0x0f,0x00,0x3d,0x0b,0xc7,0x03,0x2c,0x05,0x14,0x58,0x11,0x10,0xd0,0x01,
0x04,0x01,0x02,0x56,0x00,0x00,0x00,0x00,0x00,0x00,0x00,0x03,0x85,0x26,0xb5,0x02,0xe8,0x2b,0x47,0x00,
0x87,0x38,0x00,0x00,0x18,0x00,0x01,0x00,0x30,0x10,0x05,0x00,0xd0,0x27,0x47,0x00,0x03,0x05,0x16,0x16,
0xc7,0x4f,0x00,0x00,0x07,0x3d,0x00,0x00,0xc7,0xe0,0x00,0x00,0x07,0x71,0x00,0x00,0x00,0x00,0x00,0x00,
0x47,0x1a,0x00,0x00,0x87,0x1c,0x00,0x00,0xc7,0xe2,0x00,0x00,0x47,0x1e,0x00,0x00,0x47,0xe3,0x00,0x00,
0x07,0x1b,0x00,0x00,0x07,0x23,0x00,0x00,0x47,0x24,0x00,0x00,0x47,0x54,0x00,0x00,0x87,0x40,0x00,0x00,
0xc7,0xe4,0x00,0x00,0xc7,0xc0,0x00,0x00,0x87,0xbc,0x00,0x00,0x87,0x2f,0x00,0x00,0x41,0x03,0x05,0xce,
0xeb,0x00,0x3c,0x00,0x06,0x87,0x07,0x11,0x16,0x3c,0x00,0x08,0x34,0x3a,0xeb,0x02,0x73,0x02,0x07,0x11,
0x06,0x2c,0x0a,0x01,0x04,0x2c,0x0b,0xe8,0x09,0x41,0x03,0x0c,0xce,0xeb,0x01,0x3c,0x01,0x06,0x87,0x07,
0x11,0x07,0x3c,0x01,0x08,0xe8,0x0d,0x2c,0x0f,0xe8,0x0e,0x42,0x10,0xcd,0x41,0x04,0x11,0x2d,0x12,0x03,
0x3b,0x13,0xd9,0x3c,0x03,0x13,0x60,0x1d,0x08,0x3c,0x03,0x13,0x3b,0x14,0x60,0x11,0x05,0x42,0x15,0xcd,
0x56,0x00,0x00,0x1a,0x84,0x3e,0xba,0x02,0xf0,0x28,0x47,0x00,0x07,0x3a,0x00,0x00,0x10,0x00,0x01,0x00,
0x30,0x10,0x04,0x00,0xd0,0x27,0x47,0x00,0x00,0x01,0x0c,0x0c,0xc7,0x4f,0x00,0x00,0xc7,0xc0,0x00,0x00,
0x87,0xbc,0x00,0x00,0x47,0x20,0x00,0x00,0x07,0x1f,0x00,0x00,0xc7,0x21,0x00,0x00,0x00,0x00,0x00,0x00,
0x07,0x23,0x00,0x00,0xc7,0x7e,0x00,0x00,0x47,0x1c,0x00,0x00,0xc7,0xe8,0x00,0x00,0x47,0x54,0x00,0x00,
0x3c,0x00,0x01,0x21,0x07,0x3c,0x00,0x01,0x3b,0x02,0x11,0x26,0x32,0xe8,0x03,0x3c,0x00,0x01,0xe8,0x04,
0x3d,0x04,0x3b,0x02,0x84,0x06,0xe8,0x05,0x3d,0x05,0x11,0x06,0x2c,0x08,0x01,0x04,0x2c,0x09,0xe8,0x07,
0x42,0x0a,0x3d,0x04,0xd3,0x42,0x0b,0xcd,0x56,0x00,0x00,0x68,0x82,0x6c,0xbe,0x02,0x10,0x2a,0x47,0x00,
0x47,0x3b,0x00,0x00,0x15,0x00,0x47,0x4c,0x4f,0x42,0x41,0x4c,0x5f,0x43,0x48,0x4f,0x4f,0x53,0x45,0x5f,
0x4e,0x45,0x54,0x57,0x4f,0x52,0x4b,0x00,0x0f,0x00,0x47,0x4c,0x4f,0x42,0x41,0x4c,0x5f,0x47,0x45,0x54,
0x5f,0x41,0x50,0x50,0x53,0x00,0x16,0x00,0x41,0x50,0x50,0x5f,0x53,0x54,0x4f,0x52,0x45,0x5f,0x41,0x50,
0x50,0x5f,0x4c,0x49,0x53,0x54,0x5f,0x55,0x52,0x4c,0x07,0x00,0x72,0x65,0x71,0x75,0x69,0x72,0x65,0x00,
0x09,0x00,0x56,0x69,0x65,0x77,0x4d,0x6f,0x64,0x65,0x6c,0x00,0x18,0x00,0x6d,0x6f,0x64,0x5f,0x54,0x6f,
0x73,0x5f,0x53,0x79,0x73,0x5f,0x67,0x6c,0x6f,0x62,0x61,0x6c,0x5f,0x66,0x75,0x6e,0x63,0x73,0x1d,0x00,
0x6d,0x6f,0x64,0x5f,0x54,0x6f,0x73,0x5f,0x53,0x79,0x73,0x5f,0x67,0x6c,0x6f,0x62,0x61,0x6c,0x5f,0x61,
0x70,0x70,0x5f,0x6d,0x61,0x6e,0x61,0x67,0x65,0x00,0x31,0x00,0x68,0x74,0x74,0x70,0x73,0x3a,0x2f,0x2f,
0x74,0x65,0x73,0x74,0x74,0x6d,0x73,0x32,0x2e,0x74,0x6f,0x70,0x77,0x69,0x73,0x65,0x73,0x7a,0x2e,0x63,
0x6f,0x6d,0x2f,0x61,0x70,0x70,0x6d,0x61,0x72,0x6b,0x65,0x74,0x2f,0x61,0x70,0x70,0x2f,0x68,0x6f,0x6d,
0x65,0x00,0x09,0x00,0x61,0x70,0x70,0x5f,0x73,0x74,0x6f,0x72,0x65,0x00,0x04,0x00,0x64,0x61,0x74,0x61,
0x08,0x00,0x64,0x65,0x76,0x69,0x63,0x65,0x53,0x4e,0x00,0x00,0x0b,0x00,0x64,0x65,0x76,0x69,0x63,0x65,
0x4d,0x6f,0x64,0x65,0x6c,0x00,0x03,0x00,0x4d,0x33,0x50,0x00,0x07,0x00,0x61,0x70,0x70,0x4c,0x69,0x73,
0x74,0x00,0x09,0x00,0x69,0x73,0x4c,0x6f,0x61,0x64,0x69,0x6e,0x67,0x00,0x07,0x00,0x69,0x73,0x45,0x6d,
0x70,0x74,0x79,0x00,0x08,0x00,0x54,0x69,0x70,0x73,0x54,0x65,0x78,0x74,0x0a,0x00,0x4c,0x6f,0x61,0x64,
0x69,0x6e,0x67,0x2e,0x2e,0x2e,0x07,0x00,0x74,0x69,0x6d,0x65,0x6f,0x75,0x74,0x00,0x07,0x00,0x70,0x72,
0x6f,0x6d,0x69,0x73,0x65,0x00,0x0e,0x00,0x64,0x6f,0x77,0x6e,0x6c,0x6f,0x61,0x64,0x42,0x75,0x66,0x66,
0x65,0x72,0x0a,0x00,0x73,0x61,0x76,0x65,0x42,0x75,0x66,0x66,0x65,0x72,0x06,0x00,0x68,0x74,0x74,0x70,
0x43,0x42,0x07,0x00,0x6d,0x65,0x74,0x68,0x6f,0x64,0x73,0x00,0x0a,0x00,0x61,0x70,0x70,0x4f,0x70,0x65,
0x72,0x61,0x74,0x65,0x0a,0x00,0x67,0x65,0x74,0x41,0x70,0x70,0x4c,0x69,0x73,0x74,0x0a,0x00,0x69,0x6e,
0x69,0x74,0x48,0x54,0x54,0x50,0x43,0x42,0x0b,0x00,0x68,0x61,0x6e,0x64,0x6c,0x65,0x45,0x72,0x72,0x6f,
0x72,0x00,0x09,0x00,0x70,0x61,0x72,0x73,0x65,0x44,0x61,0x74,0x61,0x00,0x08,0x00,0x73,0x65,0x74,0x54,
0x69,0x6d,0x65,0x72,0x0a,0x00,0x73,0x65,0x74,0x41,0x70,0x70,0x4c,0x69,0x73,0x74,0x09,0x00,0x6f,0x6e,
0x4b,0x65,0x79,0x44,0x6f,0x77,0x6e,0x00,0x07,0x00,0x6f,0x6e,0x4d,0x6f,0x75,0x6e,0x74,0x00,0x0b,0x00,
0x6f,0x6e,0x57,0x69,0x6c,0x6c,0x4d,0x6f,0x75,0x6e,0x74,0x00,0x07,0x00,0x63,0x6f,0x6e,0x73,0x6f,0x6c,
0x65,0x00,0x04,0x00,0x4a,0x53,0x4f,0x4e,0x0a,0x00,0x6e,0x61,0x76,0x69,0x67,0x61,0x74,0x65,0x54,0x6f,
0x03,0x00,0x6c,0x6f,0x67,0x00,0x17,0x00,0x61,0x70,0x70,0x4f,0x70,0x65,0x72,0x61,0x74,0x65,0x20,0x30,
0x30,0x30,0x3d,0x3d,0x3d,0x3d,0x3d,0x3d,0x3d,0x3d,0x3e,0x00,0x05,0x00,0x69,0x6e,0x64,0x65,0x78,0x00,
0x18,0x00,0x61,0x70,0x70,0x4f,0x70,0x65,0x72,0x61,0x74,0x65,0x20,0x31,0x31,0x31,0x31,0x3d,0x3d,0x3d,
0x3d,0x3d,0x3d,0x3d,0x3d,0x3e,0x09,0x00,0x73,0x74,0x72,0x69,0x6e,0x67,0x69,0x66,0x79,0x00,0x06,0x00,
0x74,0x61,0x72,0x67,0x65,0x74,0x0c,0x00,0x61,0x70,0x70,0x5f,0x64,0x6f,0x77,0x6e,0x6c,0x6f,0x61,0x64,
0x0d,0x00,0x63,0x6c,0x6f,0x73,0x65,0x5f,0x63,0x75,0x72,0x72,0x65,0x6e,0x74,0x00,0x04,0x00,0x74,0x68,
0x61,0x74,0x03,0x00,0x54,0x6f,0x73,0x00,0x0d,0x00,0x31,0x31,0x31,0x31,0x31,0x31,0x31,0x31,0x31,0x31,
0x31,0x31,0x3a,0x00,0x0b,0x00,0x32,0x32,0x32,0x32,0x32,0x32,0x32,0x32,0x32,0x32,0x32,0x00,0x12,0x00,
0x6e,0x6f,0x74,0x69,0x66,0x79,0x50,0x72,0x6f,0x70,0x73,0x43,0x68,0x61,0x6e,0x67,0x65,0x64,0x09,0x00,
0x33,0x33,0x33,0x33,0x33,0x33,0x33,0x33,0x33,0x00,0x0d,0x00,0x4e,0x65,0x74,0x77,0x6f,0x72,0x6b,0x20,
0x65,0x72,0x72,0x6f,0x72,0x00,0x06,0x00,0x70,0x61,0x72,0x61,0x6d,0x73,0x0d,0x00,0x50,0x72,0x6f,0x64,
0x75,0x63,0x74,0x4d,0x6f,0x64,0x65,0x6c,0x3a,0x00,0x18,0x00,0x0d,0x0a,0x70,0x61,0x67,0x65,0x73,0x69,
0x7a,0x65,0x3a,0x31,0x30,0x0d,0x0a,0x53,0x6e,0x4e,0x75,0x6d,0x62,0x65,0x72,0x3a,0x0f,0x00,0x0d,0x0a,
0x41,0x63,0x63,0x65,0x70,0x74,0x3a,0x20,0x2a,0x2f,0x2a,0x0d,0x0a,0x00,0x09,0x00,0x34,0x34,0x34,0x34,
0x34,0x34,0x34,0x34,0x34,0x00,0x0a,0x00,0x35,0x35,0x35,0x35,0x35,0x35,0x35,0x35,0x35,0x35,0x07,0x00,
0x61,0x63,0x63,0x6f,0x75,0x6e,0x74,0x00,0x08,0x00,0x61,0x63,0x63,0x6f,0x75,0x6e,0x74,0x31,0x03,0x00,
0x70,0x77,0x64,0x00,0x07,0x00,0x31,0x32,0x33,0x34,0x33,0x35,0x36,0x00,0x02,0x00,0x0d,0x0a,0x10,0x00,
0x48,0x74,0x74,0x70,0x63,0x6c,0x69,0x65,0x6e,0x74,0x43,0x6f,0x6d,0x6d,0x6f,0x6e,0x09,0x00,0x36,0x36,
0x36,0x36,0x36,0x36,0x36,0x36,0x36,0x00,0x12,0x00,0x68,0x74,0x74,0x70,0x43,0x42,0x20,0x30,0x30,0x30,
0x30,0x20,0x3d,0x3d,0x3d,0x3d,0x3d,0x3e,0x04,0x00,0x63,0x6f,0x64,0x65,0x12,0x00,0x68,0x74,0x74,0x70,
0x43,0x42,0x20,0x31,0x31,0x31,0x31,0x20,0x3d,0x3d,0x3d,0x3d,0x3d,0x3e,0x04,0x00,0x6e,0x75,0x6c,0x6c,
0x0c,0x00,0x72,0x65,0x73,0x70,0x6f,0x6e,0x73,0x65,0x5f,0x62,0x75,0x66,0x2a,0x00,0x48,0x74,0x74,0x70,
0x63,0x6c,0x69,0x65,0x6e,0x74,0x43,0x62,0x45,0x76,0x65,0x6e,0x74,0x20,0x73,0x74,0x61,0x72,0x74,0x20,
0x30,0x30,0x30,0x30,0x30,0x30,0x30,0x3d,0x3d,0x3d,0x3d,0x3d,0x3d,0x3d,0x3d,0x3d,0x3d,0x3d,0x11,0x00,
0x48,0x74,0x74,0x70,0x63,0x6c,0x69,0x65,0x6e,0x74,0x43,0x62,0x45,0x76,0x65,0x6e,0x74,0x00,0x0c,0x00,
0x4e,0x6f,0x74,0x68,0x69,0x6e,0x67,0x20,0x68,0x65,0x72,0x65,0x0a,0x00,0x55,0x69,0x6e,0x74,0x38,0x41,
0x72,0x72,0x61,0x79,0x06,0x00,0x53,0x74,0x72,0x69,0x6e,0x67,0x0c,0x00,0x66,0x72,0x6f,0x6d,0x43,0x68,
0x61,0x72,0x43,0x6f,0x64,0x65,0x05,0x00,0x61,0x70,0x70,0x6c,0x79,0x00,0x1b,0x00,0x70,0x61,0x72,0x73,
0x65,0x44,0x61,0x74,0x61,0x20,0x3d,0x3d,0x3d,0x3d,0x3d,0x3d,0x3d,0x3d,0x3d,0xe3,0x80,0x8b,0x20,0x31,
0x31,0x31,0x3a,0x00,0x08,0x00,0x0a,0x20,0x75,0x38,0x61,0x72,0x72,0x3a,0x05,0x00,0x70,0x61,0x72,0x73,
0x65,0x00,0x04,0x00,0x74,0x69,0x6d,0x65,0x08,0x00,0x74,0x69,0x6d,0x65,0x72,0x41,0x64,0x64,0x0a,0x00,
0x52,0x45,0x54,0x5f,0x52,0x45,0x4d,0x4f,0x56,0x45,0x0a,0x00,0x52,0x45,0x54,0x5f,0x52,0x45,0x50,0x45,
0x41,0x54,0x18,0x00,0x61,0x70,0x70,0x6c,0x69,0x73,0x74,0x20,0x74,0x69,0x6d,0x65,0x72,0x20,0x3d,0x3d,
0x3d,0x3d,0x3d,0x3d,0x3d,0x3d,0x3d,0x3e,0x0f,0x00,0x4e,0x65,0x74,0x77,0x6f,0x72,0x6b,0x20,0x74,0x69,
0x6d,0x65,0x6f,0x75,0x74,0x00,0x0d,0x00,0x69,0x6e,0x73,0x74,0x61,0x6c,0x6c,0x65,0x64,0x41,0x70,0x70,
0x73,0x00,0x03,0x00,0x72,0x65,0x73,0x00,0x06,0x00,0x4f,0x62,0x6a,0x65,0x63,0x74,0x08,0x00,0x70,0x61,
0x72,0x73,0x65,0x49,0x6e,0x74,0x06,0x00,0x72,0x65,0x73,0x75,0x6c,0x74,0x05,0x00,0x32,0x30,0x30,0x30,
0x30,0x00,0x04,0x00,0x6b,0x65,0x79,0x73,0x03,0x00,0x6d,0x61,0x70,0x00,0x1c,0x00,0x69,0x6e,0x73,0x74,
0x61,0x6c,0x6c,0x65,0x64,0x41,0x70,0x70,0x73,0x20,0x30,0x30,0x30,0x30,0x3d,0x3d,0x3d,0x3d,0x3d,0x3d,
0x3d,0x3d,0x3d,0x3e,0x0b,0x00,0x70,0x61,0x63,0x6b,0x61,0x67,0x65,0x4e,0x61,0x6d,0x65,0x00,0x1f,0x00,
0x70,0x61,0x63,0x6b,0x61,0x67,0x65,0x4e,0x61,0x6d,0x65,0x20,0x73,0x61,0x6d,0x65,0x20,0x30,0x30,0x30,
0x30,0x3d,0x3d,0x3d,0x3d,0x3d,0x3d,0x3d,0x3d,0x3d,0x3e,0x00,0x0b,0x00,0x76,0x65,0x72,0x73,0x69,0x6f,
0x6e,0x43,0x6f,0x64,0x65,0x00,0x0b,0x00,0x6e,0x65,0x77,0x5f,0x76,0x65,0x72,0x73,0x69,0x6f,0x6e,0x00,
0x10,0x00,0x6e,0x65,0x77,0x5f,0x76,0x65,0x72,0x73,0x69,0x6f,0x6e,0x5f,0x6e,0x61,0x6d,0x65,0x0b,0x00,
0x76,0x65,0x72,0x73,0x69,0x6f,0x6e,0x4e,0x61,0x6d,0x65,0x00,0x0c,0x00,0x6e,0x65,0x77,0x5f,0x66,0x69,
0x6c,0x65,0x53,0x69,0x7a,0x65,0x08,0x00,0x66,0x69,0x6c,0x65,0x53,0x69,0x7a,0x65,0x07,0x00,0x6e,0x65,
0x77,0x5f,0x6d,0x64,0x35,0x00,0x03,0x00,0x6d,0x64,0x35,0x00,0x13,0x00,0x6e,0x65,0x77,0x5f,0x64,0x6f,
0x77,0x6e,0x6c,0x6f,0x61,0x64,0x41,0x64,0x64,0x72,0x65,0x73,0x73,0x00,0x0f,0x00,0x64,0x6f,0x77,0x6e,
0x6c,0x6f,0x61,0x64,0x41,0x64,0x64,0x72,0x65,0x73,0x73,0x00,0x09,0x00,0x6e,0x65,0x77,0x5f,0x61,0x70,
0x70,0x49,0x64,0x00,0x05,0x00,0x61,0x70,0x70,0x49,0x64,0x00,0x06,0x00,0x6c,0x65,0x6e,0x67,0x74,0x68,
0x0a,0x00,0x69,0x73,0x5f,0x69,0x6e,0x73,0x74,0x61,0x6c,0x6c,0x04,0x00,0x70,0x75,0x73,0x68,0x06,0x00,
0x63,0x6f,0x6e,0x63,0x61,0x74,0x13,0x00,0x41,0x50,0x50,0x53,0x54,0x4f,0x52,0x45,0x5f,0x4c,0x49,0x53,
0x54,0x5f,0x43,0x41,0x43,0x48,0x45,0x00,0x12,0x00,0x64,0x61,0x74,0x61,0x20,0x30,0x30,0x30,0x30,0x3d,
0x3d,0x3d,0x3d,0x3d,0x3d,0x3d,0x3d,0x3e,0x20,0x00,0x54,0x68,0x69,0x73,0x20,0x64,0x65,0x76,0x69,0x63,
0x65,0x20,0x77,0x61,0x73,0x20,0x6e,0x6f,0x74,0x20,0x66,0x6f,0x75,0x6e,0x64,0x20,0x69,0x6e,0x20,0x54,
0x4d,0x53,0x07,0x00,0x61,0x70,0x70,0x4e,0x61,0x6d,0x65,0x00,0x09,0x00,0x73,0x75,0x62,0x73,0x74,0x72,
0x69,0x6e,0x67,0x00,0x03,0x00,0x2e,0x2e,0x2e,0x00,0x0f,0x00,0x6e,0x61,0x76,0x69,0x67,0x61,0x74,0x65,
0x52,0x65,0x70,0x6c,0x61,0x63,0x65,0x00,0x12,0x00,0x6f,0x6e,0x4b,0x65,0x79,0x44,0x6f,0x77,0x6e,0x20,
0x3d,0x3d,0x3d,0x3d,0x3d,0x3d,0x3d,0x3e,0x06,0x00,0x63,0x61,0x6e,0x63,0x65,0x6c,0x06,0x00,0x72,0x65,
0x74,0x75,0x72,0x6e,0x18,0x00,0x6f,0x6e,0x4b,0x65,0x79,0x44,0x6f,0x77,0x6e,0x20,0x30,0x30,0x30,0x30,
0x30,0x30,0x3d,0x3d,0x3d,0x3d,0x3d,0x3d,0x3d,0x3e,0x10,0x00,0x48,0x74,0x74,0x70,0x63,0x6c,0x69,0x65,
0x6e,0x74,0x43,0x61,0x6e,0x63,0x65,0x6c,0x10,0x00,0x6f,0x6e,0x4b,0x65,0x79,0x44,0x6f,0x77,0x6e,0x20,
0x61,0x61,0x61,0x61,0x61,0x61,0x1c,0x00,0x6f,0x6e,0x4b,0x65,0x79,0x44,0x6f,0x77,0x6e,0x20,0x31,0x31,
0x31,0x31,0x31,0x31,0x31,0x31,0x31,0x31,0x3d,0x3d,0x3d,0x3d,0x3d,0x3d,0x3d,0x3e,0x04,0x00,0x68,0x6f,
0x6d,0x65,0x0e,0x00,0x53,0x79,0x73,0x47,0x65,0x74,0x54,0x65,0x72,0x6d,0x49,0x6e,0x66,0x6f,0x02,0x00,
0x4d,0x33,0x0a,0x00,0x53,0x79,0x73,0x47,0x65,0x74,0x54,0x75,0x73,0x6e,0x1e,0x00,0x41,0x50,0x50,0x53,
0x54,0x4f,0x52,0x45,0x5f,0x4c,0x49,0x53,0x54,0x5f,0x43,0x41,0x43,0x48,0x45,0x20,0x30,0x30,0x30,0x20,
0x3d,0x3d,0x3d,0x3d,0x3d,0x3d,0x12,0x00,0x6e,0x6f,0x74,0x69,0x66,0x79,0x49,0x74,0x65,0x6d,0x73,0x43,
0x68,0x61,0x6e,0x67,0x65,0x64,0x00,0x00,0x00,0x00,};/*4570*/
