TK_CONST_DATA_ALIGN(const unsigned char script_authMenu[]) = {
0x80,0x00,0x01,0x01,0x1a,0x08,0x00,0x00,0x00,0x00,0x00,0x00,0x61,0x75,0x74,0x68,0x4d,0x65,0x6e,0x75,
0x00,0x00,0x00,0x00,0x00,0x00,0x00,0x00,0x00,0x00,0x00,0x00,0x00,0x00,0x00,0x00,0x00,0x00,0x00,0x00,
0x00,0x00,0x00,0x00,0x4a,0x52,0x52,0x59,0x46,0x00,0x00,0x00,0x00,0x00,0x00,0x00,0x90,0x04,0x00,0x00,
0x01,0x00,0x00,0x00,0x18,0x00,0x00,0x00,0x28,0x00,0x01,0x00,0x00,0x30,0x05,0x00,0x90,0x27,0x47,0x00,
0x01,0x09,0x23,0x2b,0x07,0x00,0x00,0x00,0xc7,0x01,0x00,0x00,0x47,0x04,0x00,0x00,0x87,0x06,0x00,0x00,
0x47,0x08,0x00,0x00,0x87,0x0a,0x00,0x00,0x87,0x0c,0x00,0x00,0xc7,0x0d,0x00,0x00,0x47,0x0f,0x00,0x00,
0x07,0x00,0x00,0x00,0x87,0x11,0x00,0x00,0xc7,0x01,0x00,0x00,0x47,0x04,0x00,0x00,0x87,0x06,0x00,0x00,
0xc7,0x13,0x00,0x00,0x47,0x08,0x00,0x00,0x87,0x16,0x00,0x00,0x87,0x0a,0x00,0x00,0x07,0x19,0x00,0x00,
0x47,0x1a,0x00,0x00,0x07,0x1b,0x00,0x00,0xc7,0x1c,0x00,0x00,0x07,0x1f,0x00,0x00,0x47,0x20,0x00,0x00,
0x47,0x21,0x00,0x00,0x87,0x22,0x00,0x00,0xc7,0x23,0x00,0x00,0x47,0x25,0x00,0x00,0x47,0x27,0x00,0x00,
0xc7,0x28,0x00,0x00,0x07,0x2a,0x00,0x00,0x87,0x2b,0x00,0x00,0x47,0x2d,0x00,0x00,0x87,0x2e,0x00,0x00,
0x40,0x01,0x00,0x00,0xa8,0x01,0x00,0x00,0x50,0x02,0x00,0x00,0x78,0x02,0x00,0x00,0x58,0x03,0x00,0x00,
0xa0,0x03,0x00,0x00,0xf0,0x03,0x00,0x00,0x50,0x04,0x00,0x00,0x47,0x01,0x47,0x02,0x47,0x03,0x47,0x04,
0x47,0x05,0x47,0x06,0x51,0x01,0x51,0x02,0x51,0x03,0x51,0x04,0x51,0x05,0x51,0x06,0x2d,0x07,0x09,0xd1,
0x3b,0x0a,0xdf,0x01,0x2d,0x07,0x0b,0xd1,0x3b,0x0c,0xdf,0x02,0x2d,0x07,0x0b,0xd1,0x3b,0x0d,0xdf,0x03,
0x2d,0x07,0x0b,0xd1,0x3b,0x0e,0xdf,0x04,0x2d,0x07,0x0f,0xd1,0x3b,0x10,0xdf,0x05,0x2d,0x07,0x11,0xd1,
0x3b,0x12,0xdf,0x06,0x2d,0x08,0x13,0x14,0x14,0x34,0x18,0x15,0x32,0x18,0x16,0x35,0x3b,0x18,0x17,0x32,
0x18,0x18,0x1c,0x18,0x19,0x18,0x14,0x14,0x58,0x23,0x1b,0x58,0x24,0x1c,0x58,0x25,0x1d,0x58,0x26,0x1e,
0x58,0x27,0x1f,0x18,0x1a,0x58,0x28,0x20,0x58,0x29,0x21,0x58,0x2a,0x22,0xd8,0x56,0x00,0x00,0x00,0x00,
0x00,0x34,0x47,0x00,0x07,0x42,0x00,0x00,0x0d,0x00,0x01,0x00,0x30,0x10,0x05,0x01,0x90,0x27,0x47,0x00,
0x02,0x03,0x0a,0x0a,0x87,0x30,0x00,0x00,0xc7,0x31,0x00,0x00,0x87,0x32,0x00,0x00,0x07,0x35,0x00,0x00,
0x07,0x36,0x00,0x00,0x07,0x2a,0x00,0x00,0x07,0x37,0x00,0x00,0x47,0x27,0x00,0x00,0x41,0x02,0x03,0x2d,
0x04,0x00,0xd9,0x2c,0x00,0xeb,0x01,0x2d,0x01,0x05,0x25,0x09,0x2c,0x06,0x77,0x09,0x0b,0x01,0x0e,0x42,
0x07,0x2c,0x08,0xd3,0x01,0x07,0x42,0x09,0xcd,0x01,0x02,0x56,0x00,0x00,0x00,0x00,0x00,0x00,0x00,0x37,
0x82,0x04,0x85,0x02,0x78,0x28,0x47,0x00,0xc7,0x23,0x00,0x00,0x07,0x00,0x01,0x00,0x20,0x10,0x03,0x00,
0x90,0x27,0x47,0x00,0x00,0x02,0x03,0x04,0x07,0x38,0x00,0x00,0xc7,0x38,0x00,0x00,0x80,0x3e,0x00,0x00,
0x38,0x00,0x00,0x00,0x33,0x4e,0x00,0x2f,0x01,0x03,0x02,0xd6,0x56,0x00,0x00,0x5d,0x83,0x52,0x87,0x02,
0x98,0x28,0x47,0x00,0x47,0x25,0x00,0x00,0x0e,0x00,0x01,0x00,0x30,0x10,0x05,0x00,0x90,0x27,0x47,0x00,
0x00,0x05,0x0c,0x0c,0x07,0x38,0x00,0x00,0x07,0x3a,0x00,0x00,0x87,0x30,0x00,0x00,0x87,0x3b,0x00,0x00,
0x47,0x3c,0x00,0x00,0x07,0x1f,0x00,0x00,0x47,0x20,0x00,0x00,0x00,0x00,0x00,0x00,0x07,0x2a,0x00,0x00,
0xc7,0x3d,0x00,0x00,0xc7,0x31,0x00,0x00,0x07,0x3f,0x00,0x00,0x2d,0x00,0x05,0xb2,0x3c,0x00,0x06,0x11,
0x04,0x57,0x01,0x3c,0x00,0x05,0x84,0x07,0x11,0x0a,0x41,0x00,0x08,0x2c,0x09,0xd3,0x57,0x01,0x41,0x02,
0x0a,0x2d,0x0b,0x03,0xd9,0x57,0x04,0x18,0x83,0x08,0x88,0x02,0x20,0x2a,0x47,0x00,0x07,0x42,0x00,0x00,
0x05,0x00,0x01,0x00,0x30,0x10,0x01,0x01,0x90,0x27,0x47,0x00,0x01,0x02,0x02,0x02,0x87,0x06,0x00,0x00,
0x2c,0x01,0xca,0x56,0x00,0x00,0x00,0x00,0x2e,0x44,0x8b,0x02,0x40,0x29,0x47,0x00,0x47,0x27,0x00,0x00,
0x1c,0x00,0x01,0x00,0x30,0x10,0x05,0x01,0x90,0x27,0x47,0x00,0x01,0x06,0x14,0x14,0xc7,0x01,0x00,0x00,
0x47,0x42,0x00,0x00,0x07,0x43,0x00,0x00,0x87,0x30,0x00,0x00,0x87,0x06,0x00,0x00,0xc7,0x43,0x00,0x00,
0xc7,0x44,0x00,0x00,0xc7,0x01,0x00,0x00,0x87,0x45,0x00,0x00,0x47,0x46,0x00,0x00,0x47,0x47,0x00,0x00,
0xc7,0x48,0x00,0x00,0xc7,0x49,0x00,0x00,0x47,0x4b,0x00,0x00,0x87,0x4c,0x00,0x00,0x07,0x4e,0x00,0x00,
0x87,0x0a,0x00,0x00,0xc7,0x31,0x00,0x00,0x87,0x4f,0x00,0x00,0x2c,0x00,0x21,0x05,0x3c,0x00,0x06,0x11,
0x6a,0x2c,0x01,0x44,0x40,0x07,0xcd,0x3c,0x02,0x08,0x3b,0x09,0x3c,0x00,0x06,0x21,0x09,0x41,0x03,0x0a,
0x3c,0x00,0x06,0xd4,0x1d,0x03,0x1c,0xe5,0x06,0x3c,0x02,0x08,0x3c,0x00,0x0b,0x21,0x09,0x41,0x03,0x0a,
0x3c,0x00,0x0b,0xd4,0x1d,0x03,0x14,0xe5,0x0b,0x3c,0x02,0x08,0x3b,0x0c,0x3c,0x02,0x08,0x3b,0x0b,0x3b,
0x0e,0xe5,0x0d,0x3c,0x02,0x08,0x3b,0x0c,0x3c,0x02,0x08,0x3b,0x0b,0x3b,0x0f,0xe5,0x0f,0x3c,0x02,0x08,
0x3b,0x0c,0x3c,0x02,0x11,0x3b,0x10,0xe5,0x10,0x41,0x04,0x12,0x2d,0x13,0x02,0x3b,0x08,0x3b,0x0c,0x3b,
0x10,0xd9,0x2c,0x05,0xca,0x56,0x00,0x00,0x00,0x00,0x00,0x49,0x85,0x03,0x8c,0x02,0xa0,0x32,0x47,0x00,
0xc7,0x28,0x00,0x00,0x09,0x00,0x01,0x00,0x30,0x10,0x03,0x01,0x90,0x27,0x47,0x00,0x01,0x02,0x07,0x07,
0xc7,0x56,0x00,0x00,0x07,0x59,0x00,0x00,0x07,0x5a,0x00,0x00,0x07,0x5b,0x00,0x00,0x07,0x35,0x00,0x00,
0xc7,0x5b,0x00,0x00,0x2c,0x01,0x14,0x58,0x03,0x02,0x2c,0x00,0x1d,0x04,0x2c,0x05,0x18,0x04,0x31,0x18,
0x06,0xd0,0x56,0x15,0x81,0x5e,0x91,0x02,0x68,0x2a,0x47,0x00,0x07,0x2a,0x00,0x00,0x0a,0x00,0x01,0x00,
0x30,0x10,0x04,0x01,0x90,0x27,0x47,0x00,0x01,0x03,0x08,0x08,0x87,0x30,0x00,0x00,0x47,0x04,0x00,0x00,
0xc7,0x31,0x00,0x00,0xc7,0x5d,0x00,0x00,0x47,0x21,0x00,0x00,0x47,0x63,0x00,0x00,0x07,0x65,0x00,0x00,
0x41,0x01,0x03,0x2c,0x04,0xd3,0x2c,0x02,0x44,0x40,0x06,0xce,0xe8,0x05,0x41,0x01,0x03,0x2c,0x07,0xd3,
0x56,0x00,0x00,0x4d,0x81,0x0d,0x93,0x02,0x70,0x2a,0x47,0x00,0x87,0x2b,0x00,0x00,0x0c,0x00,0x01,0x00,
0x30,0x10,0x04,0x00,0x90,0x27,0x47,0x00,0x01,0x02,0x0a,0x0a,0x87,0x30,0x00,0x00,0x47,0x25,0x00,0x00,
0xc7,0x1c,0x00,0x00,0x47,0x21,0x00,0x00,0x47,0x6a,0x00,0x00,0x60,0x00,0x00,0x00,0x47,0x6b,0x00,0x00,
0xc7,0x31,0x00,0x00,0xc7,0x6d,0x00,0x00,0x33,0xeb,0x00,0x42,0x02,0xcd,0x3d,0x04,0x3b,0x05,0x81,0x06,
0xe8,0x03,0x42,0x07,0xcd,0x41,0x01,0x08,0x2c,0x09,0xd3,0x56,0x00,0x00,0x00,0x00,0x00,0x00,0x00,0x4c,
0x81,0x68,0x94,0x02,0x80,0x2a,0x47,0x00,0x47,0x2d,0x00,0x00,0x05,0x00,0x01,0x00,0x30,0x10,0x02,0x00,
0x90,0x27,0x47,0x00,0x00,0x00,0x01,0x01,0x47,0x20,0x00,0x00,0x31,0xe8,0x00,0x56,0x00,0x00,0x00,0x00,
0x2b,0x48,0x96,0x02,0x70,0x28,0x47,0x00,0x87,0x2e,0x00,0x00,0x0c,0x00,0x47,0x4c,0x4f,0x42,0x41,0x4c,
0x5f,0x50,0x52,0x4f,0x50,0x53,0x12,0x00,0x47,0x4c,0x4f,0x42,0x41,0x4c,0x5f,0x54,0x52,0x41,0x4e,0x53,
0x41,0x43,0x54,0x49,0x4f,0x4e,0x0f,0x00,0x47,0x4c,0x4f,0x42,0x41,0x4c,0x5f,0x50,0x52,0x45,0x45,0x4e,
0x54,0x52,0x59,0x00,0x0b,0x00,0x47,0x4c,0x4f,0x42,0x41,0x4c,0x5f,0x4a,0x55,0x4d,0x50,0x00,0x0f,0x00,
0x47,0x4c,0x4f,0x42,0x41,0x4c,0x5f,0x43,0x4f,0x4e,0x53,0x54,0x41,0x4e,0x54,0x00,0x0d,0x00,0x47,0x4c,
0x4f,0x42,0x41,0x4c,0x5f,0x43,0x4f,0x4e,0x46,0x49,0x47,0x00,0x07,0x00,0x72,0x65,0x71,0x75,0x69,0x72,
0x65,0x00,0x09,0x00,0x56,0x69,0x65,0x77,0x4d,0x6f,0x64,0x65,0x6c,0x00,0x10,0x00,0x6d,0x6f,0x64,0x5f,
0x67,0x6c,0x6f,0x62,0x61,0x6c,0x5f,0x70,0x72,0x6f,0x70,0x73,0x10,0x00,0x6d,0x6f,0x64,0x5f,0x67,0x6c,
0x6f,0x62,0x61,0x6c,0x5f,0x74,0x72,0x61,0x6e,0x73,0x13,0x00,0x6d,0x6f,0x64,0x5f,0x67,0x6c,0x6f,0x62,
0x61,0x6c,0x5f,0x63,0x6f,0x6e,0x73,0x74,0x61,0x6e,0x74,0x00,0x11,0x00,0x6d,0x6f,0x64,0x5f,0x67,0x6c,
0x6f,0x62,0x61,0x6c,0x5f,0x63,0x6f,0x6e,0x66,0x69,0x67,0x00,0x08,0x00,0x61,0x75,0x74,0x68,0x4d,0x65,
0x6e,0x75,0x04,0x00,0x64,0x61,0x74,0x61,0x0c,0x00,0x63,0x75,0x72,0x72,0x65,0x6e,0x74,0x49,0x6e,0x64,
0x65,0x78,0x0f,0x00,0x69,0x73,0x53,0x68,0x6f,0x77,0x53,0x63,0x72,0x6f,0x6c,0x6c,0x62,0x61,0x72,0x00,
0x07,0x00,0x74,0x69,0x6d,0x65,0x4f,0x75,0x74,0x00,0x06,0x00,0x69,0x73,0x45,0x78,0x69,0x74,0x07,0x00,
0x61,0x70,0x70,0x4c,0x69,0x73,0x74,0x00,0x07,0x00,0x6d,0x65,0x74,0x68,0x6f,0x64,0x73,0x00,0x09,0x00,
0x6f,0x6e,0x4b,0x65,0x79,0x44,0x6f,0x77,0x6e,0x00,0x0e,0x00,0x73,0x65,0x74,0x53,0x63,0x72,0x65,0x65,
0x6e,0x54,0x69,0x6d,0x65,0x72,0x0a,0x00,0x6e,0x61,0x76,0x69,0x67,0x61,0x74,0x65,0x54,0x6f,0x08,0x00,
0x61,0x70,0x70,0x43,0x6c,0x69,0x63,0x6b,0x09,0x00,0x6a,0x75,0x6d,0x70,0x45,0x72,0x72,0x6f,0x72,0x00,
0x0b,0x00,0x6f,0x6e,0x57,0x69,0x6c,0x6c,0x4d,0x6f,0x75,0x6e,0x74,0x00,0x07,0x00,0x6f,0x6e,0x4d,0x6f,
0x75,0x6e,0x74,0x00,0x0d,0x00,0x6f,0x6e,0x57,0x69,0x6c,0x6c,0x55,0x6e,0x6d,0x6f,0x75,0x6e,0x74,0x00,
0x07,0x00,0x63,0x6f,0x6e,0x73,0x6f,0x6c,0x65,0x00,0x03,0x00,0x6c,0x6f,0x67,0x00,0x12,0x00,0x6b,0x65,
0x79,0x20,0x64,0x6f,0x77,0x6e,0x2d,0x2d,0x2d,0x2d,0x2d,0x3e,0x3e,0x3e,0x3e,0x3a,0x06,0x00,0x63,0x61,
0x6e,0x63,0x65,0x6c,0x06,0x00,0x72,0x65,0x74,0x75,0x72,0x6e,0x06,0x00,0x63,0x61,0x6e,0x63,0x6c,0x65,
0x04,0x00,0x74,0x68,0x61,0x74,0x08,0x00,0x74,0x69,0x6d,0x65,0x72,0x41,0x64,0x64,0x0a,0x00,0x52,0x45,
0x54,0x5f,0x52,0x45,0x4d,0x4f,0x56,0x45,0x04,0x00,0x61,0x72,0x67,0x73,0x0a,0x00,0x52,0x45,0x54,0x5f,
0x52,0x45,0x50,0x45,0x41,0x54,0x07,0x00,0x74,0x69,0x6d,0x65,0x6f,0x75,0x74,0x00,0x15,0x00,0x6b,0x65,
0x79,0x20,0x64,0x6f,0x77,0x6e,0x2d,0x37,0x37,0x37,0x2d,0x2d,0x2d,0x2d,0x3e,0x3e,0x3e,0x3e,0x3a,0x00,
0x00,0x00,0x03,0x00,0x54,0x6f,0x73,0x00,0x04,0x00,0x4a,0x53,0x4f,0x4e,0x05,0x00,0x65,0x6e,0x74,0x72,
0x79,0x00,0x04,0x00,0x69,0x6e,0x69,0x74,0x04,0x00,0x66,0x6c,0x6f,0x77,0x05,0x00,0x70,0x61,0x72,0x73,
0x65,0x00,0x0a,0x00,0x74,0x72,0x61,0x6e,0x73,0x50,0x61,0x72,0x61,0x6d,0x05,0x00,0x74,0x72,0x61,0x6e,
0x73,0x00,0x09,0x00,0x74,0x72,0x61,0x6e,0x73,0x4e,0x61,0x6d,0x65,0x00,0x07,0x00,0x61,0x70,0x70,0x4e,
0x61,0x6d,0x65,0x00,0x09,0x00,0x74,0x72,0x61,0x6e,0x73,0x54,0x79,0x70,0x65,0x00,0x09,0x00,0x76,0x6f,
0x75,0x63,0x68,0x65,0x72,0x4e,0x6f,0x00,0x37,0x00,0x54,0x6f,0x73,0x2e,0x47,0x4c,0x4f,0x42,0x41,0x4c,
0x5f,0x54,0x52,0x41,0x4e,0x53,0x41,0x43,0x54,0x49,0x4f,0x4e,0x2e,0x74,0x72,0x61,0x6e,0x73,0x2e,0x76,
0x6f,0x75,0x63,0x68,0x65,0x72,0x4e,0x6f,0x20,0x3d,0x3d,0x3d,0x3d,0x3d,0x3d,0x3d,0x3d,0x3d,0x3d,0x3d,
0x3d,0x3d,0x3d,0x3e,0x20,0x00,0x0f,0x00,0x6e,0x61,0x76,0x69,0x67,0x61,0x74,0x65,0x52,0x65,0x70,0x6c,
0x61,0x63,0x65,0x00,0x06,0x00,0x74,0x61,0x72,0x67,0x65,0x74,0x06,0x00,0x72,0x65,0x73,0x75,0x6c,0x74,
0x04,0x00,0x74,0x79,0x70,0x65,0x0d,0x00,0x63,0x6c,0x6f,0x73,0x65,0x5f,0x63,0x75,0x72,0x72,0x65,0x6e,
0x74,0x00,0x2a,0x00,0x61,0x75,0x74,0x68,0x4d,0x65,0x6e,0x75,0x20,0x6f,0x6e,0x57,0x69,0x6c,0x6c,0x4d,
0x6f,0x75,0x6e,0x74,0x20,0x20,0x62,0x65,0x67,0x69,0x6e,0x20,0x20,0x3d,0x3d,0x3d,0x3d,0x3d,0x3d,0x3d,
0x3d,0x3d,0x3d,0x3d,0x3d,0x3e,0x0b,0x00,0x67,0x65,0x74,0x41,0x75,0x74,0x68,0x4c,0x69,0x73,0x74,0x00,
0x27,0x00,0x61,0x75,0x74,0x68,0x4d,0x65,0x6e,0x75,0x20,0x6f,0x6e,0x57,0x69,0x6c,0x6c,0x4d,0x6f,0x75,
0x6e,0x74,0x20,0x65,0x6e,0x64,0x20,0x20,0x3d,0x3d,0x3d,0x3d,0x3d,0x3d,0x3d,0x3d,0x3d,0x3d,0x3d,0x3d,
0x3e,0x00,0x06,0x00,0x6c,0x65,0x6e,0x67,0x74,0x68,0x12,0x00,0x6e,0x6f,0x74,0x69,0x66,0x79,0x50,0x72,
0x6f,0x70,0x73,0x43,0x68,0x61,0x6e,0x67,0x65,0x64,0x1a,0x00,0x61,0x75,0x74,0x68,0x4d,0x65,0x6e,0x75,
0x20,0x6f,0x6e,0x4d,0x6f,0x75,0x6e,0x74,0x20,0x3d,0x3d,0x3d,0x3d,0x20,0x21,0x21,0x21,0x21,0x00,0x00,
0x00,0x00,};/*2122*/
