TK_CONST_DATA_ALIGN(const unsigned char script_balance[]) = {
0x80,0x00,0x01,0x01,0xe8,0x0c,0x00,0x00,0x00,0x00,0x00,0x00,0x62,0x61,0x6c,0x61,0x6e,0x63,0x65,0x00,
0x00,0x00,0x00,0x00,0x00,0x00,0x00,0x00,0x00,0x00,0x00,0x00,0x00,0x00,0x00,0x00,0x00,0x00,0x00,0x00,
0x00,0x00,0x00,0x00,0x4a,0x52,0x52,0x59,0x46,0x00,0x00,0x00,0x01,0x00,0x00,0x00,0x98,0x07,0x00,0x00,
0x01,0x00,0x00,0x00,0x18,0x00,0x00,0x00,0x2c,0x00,0x01,0x00,0x00,0x34,0x05,0x00,0x90,0x27,0x47,0x00,
0x01,0x06,0x27,0x36,0x07,0x00,0x00,0x00,0xc7,0x01,0x00,0x00,0x07,0x04,0x00,0x00,0x87,0x06,0x00,0x00,
0xc7,0x07,0x00,0x00,0x47,0x09,0x00,0x00,0x07,0x00,0x00,0x00,0x87,0x0b,0x00,0x00,0xc7,0x01,0x00,0x00,
0xc7,0x0d,0x00,0x00,0x87,0x14,0x00,0x00,0xc7,0x15,0x00,0x00,0x87,0x16,0x00,0x00,0x07,0x18,0x00,0x00,
0xc7,0x18,0x00,0x00,0x07,0x1a,0x00,0x00,0x47,0x1b,0x00,0x00,0x87,0x1e,0x00,0x00,0x87,0x21,0x00,0x00,
0x87,0x23,0x00,0x00,0xc7,0x23,0x00,0x00,0x07,0x26,0x00,0x00,0xc7,0x26,0x00,0x00,0x07,0x28,0x00,0x00,
0xc7,0x29,0x00,0x00,0xc7,0x2b,0x00,0x00,0x47,0x2d,0x00,0x00,0x47,0x30,0x00,0x00,0x07,0x32,0x00,0x00,
0x87,0x33,0x00,0x00,0x87,0x34,0x00,0x00,0x07,0x36,0x00,0x00,0xc7,0x37,0x00,0x00,0x47,0x39,0x00,0x00,
0xc7,0x3a,0x00,0x00,0x47,0x3c,0x00,0x00,0x07,0x3e,0x00,0x00,0x47,0x3f,0x00,0x00,0x60,0x01,0x00,0x00,
0x10,0x02,0x00,0x00,0x50,0x02,0x00,0x00,0x80,0x02,0x00,0x00,0x40,0x03,0x00,0x00,0xa0,0x04,0x00,0x00,
0x50,0x05,0x00,0x00,0xa8,0x05,0x00,0x00,0xd8,0x05,0x00,0x00,0x10,0x06,0x00,0x00,0x40,0x06,0x00,0x00,
0xa8,0x06,0x00,0x00,0xf8,0x06,0x00,0x00,0x38,0x07,0x00,0x00,0x60,0x07,0x00,0x00,0x47,0x01,0x47,0x02,
0x48,0x03,0x51,0x01,0x51,0x02,0x4b,0x03,0x2d,0x04,0x06,0xd1,0x3b,0x07,0xdf,0x01,0x2d,0x04,0x08,0xd1,
0x3b,0x09,0xdf,0x02,0x2c,0x0a,0xec,0x03,0x2d,0x05,0x0b,0x14,0x14,0x32,0x18,0x0d,0x28,0x18,0x0e,0x32,
0x18,0x0f,0x58,0x11,0x10,0x14,0x58,0x14,0x13,0x18,0x12,0x58,0x16,0x15,0x58,0x14,0x0b,0x18,0x0c,0x14,
0x58,0x27,0x18,0x58,0x28,0x19,0x58,0x29,0x1a,0x58,0x2a,0x1b,0x58,0x2b,0x1c,0x58,0x2c,0x1d,0x58,0x2d,
0x1e,0x58,0x2e,0x1f,0x58,0x2f,0x20,0x58,0x30,0x21,0x58,0x31,0x22,0x58,0x32,0x23,0x18,0x17,0x58,0x33,
0x24,0x58,0x34,0x25,0x58,0x35,0x26,0xd8,0x56,0x00,0x00,0x00,0xa8,0x3a,0x47,0x00,0x87,0x23,0x00,0x00,
0x12,0x00,0x01,0x00,0x30,0x10,0x07,0x00,0x90,0x27,0x47,0x00,0x01,0x02,0x0e,0x0f,0x47,0x41,0x00,0x00,
0x87,0x14,0x00,0x00,0x87,0x23,0x00,0x00,0xc7,0x23,0x00,0x00,0x07,0x26,0x00,0x00,0xc7,0x42,0x00,0x00,
0x07,0x44,0x00,0x00,0x47,0x45,0x00,0x00,0x47,0x46,0x00,0x00,0xc7,0x46,0x00,0x00,0x07,0x48,0x00,0x00,
0x87,0x48,0x00,0x00,0x47,0x49,0x00,0x00,0x90,0x00,0x00,0x00,0x3d,0x02,0x78,0x03,0x11,0x06,0x2c,0x05,
0xe8,0x04,0x2c,0x01,0x3d,0x02,0xd1,0x40,0x06,0x35,0x01,0xd4,0xe8,0x02,0x3d,0x02,0x40,0x07,0xce,0x40,
0x08,0x2c,0x09,0xd4,0xeb,0x00,0x37,0x00,0x37,0x00,0x3a,0x40,0x0a,0x2d,0x0e,0x0b,0xda,0xdc,0x41,0x00,
0x0c,0x2c,0x09,0xd4,0xe8,0x04,0x42,0x0d,0xcd,0x56,0x00,0x00,0x83,0x05,0x84,0x02,0x18,0x29,0x47,0x00,
0x07,0x28,0x00,0x00,0x04,0x00,0x14,0x00,0x02,0x00,0x5c,0x42,0x28,0x3f,0x3d,0x28,0x5c,0x64,0x7b,0x33,
0x7d,0x29,0x2b,0x28,0x3f,0x21,0x5c,0x64,0x29,0x29,0x00,0x00,0x00,0x00,0x00,0x00,0x08,0x00,0x01,0x00,
0x30,0x80,0x03,0x00,0x90,0x27,0x47,0x00,0x00,0x01,0x05,0x05,0xc7,0x4b,0x00,0x00,0x07,0x4e,0x00,0x00,
0x07,0x4f,0x00,0x00,0xc7,0x15,0x00,0x00,0x07,0x18,0x00,0x00,0x2c,0x00,0x14,0x58,0x02,0x01,0x3d,0x04,
0x18,0x03,0xd0,0x56,0x00,0x00,0x00,0x17,0x81,0x12,0x87,0x02,0x68,0x28,0x47,0x00,0xc7,0x29,0x00,0x00,
0x06,0x00,0x01,0x00,0x30,0x10,0x03,0x00,0x90,0x27,0x47,0x00,0x00,0x01,0x02,0x02,0x47,0x51,0x00,0x00,
0x07,0x52,0x00,0x00,0x41,0x00,0x01,0xcd,0x56,0x00,0x00,0x00,0x00,0x00,0x00,0x00,0x3e,0x42,0x88,0x02,
0x40,0x29,0x47,0x00,0xc7,0x2b,0x00,0x00,0x18,0x00,0x01,0x00,0x30,0x10,0x06,0x00,0x90,0x27,0x47,0x00,
0x02,0x04,0x10,0x10,0x47,0x51,0x00,0x00,0x87,0x54,0x00,0x00,0xc7,0x55,0x00,0x00,0x47,0x57,0x00,0x00,
0x07,0x58,0x00,0x00,0xc7,0x5a,0x00,0x00,0x00,0x00,0x00,0x00,0x87,0x5b,0x00,0x00,0x47,0x5e,0x00,0x00,
0x47,0x62,0x00,0x00,0x47,0x64,0x00,0x00,0x87,0x67,0x00,0x00,0x87,0x69,0x00,0x00,0xc7,0x15,0x00,0x00,
0x35,0x00,0xeb,0x00,0x41,0x02,0x04,0xce,0xeb,0x01,0x41,0x03,0x05,0x2d,0x06,0x01,0x3b,0x07,0xd9,0x3c,
0x01,0x07,0x7e,0x08,0x11,0x21,0x41,0x02,0x09,0xce,0xeb,0x01,0x41,0x03,0x05,0x2d,0x0a,0x01,0x3b,0x07,
0xd9,0x3c,0x01,0x07,0x84,0x08,0x11,0x06,0x32,0x55,0x01,0x05,0x34,0xeb,0x00,0x01,0x06,0x35,0x00,0xeb,
0x00,0x41,0x02,0x0b,0x2c,0x00,0xd4,0xeb,0x01,0x41,0x03,0x05,0x2d,0x0c,0x01,0x3b,0x07,0xd9,0x41,0x02,
0x0d,0x34,0xd4,0xeb,0x01,0x41,0x03,0x05,0x2d,0x0e,0x01,0x3b,0x07,0x3c,0x01,0x0f,0xc7,0x03,0x31,0x55,
0x00,0x00,0x00,0x00,0x00,0x00,0x00,0x1c,0x86,0x25,0x89,0x02,0x00,0x30,0x47,0x00,0x47,0x2d,0x00,0x00,
0x1f,0x00,0x01,0x00,0x20,0x80,0x0b,0x00,0x90,0x27,0x47,0x00,0x03,0x08,0x1e,0x1f,0x47,0x6d,0x00,0x00,
0x07,0x6e,0x00,0x00,0x47,0x51,0x00,0x00,0x07,0x04,0x00,0x00,0x87,0x54,0x00,0x00,0x47,0x2d,0x00,0x00,
0x87,0x1e,0x00,0x00,0x87,0x21,0x00,0x00,0x07,0x18,0x00,0x00,0xc7,0x6e,0x00,0x00,0x47,0x49,0x00,0x00,
0x47,0x72,0x00,0x00,0x47,0x73,0x00,0x00,0x47,0x75,0x00,0x00,0x87,0x76,0x00,0x00,0x87,0x77,0x00,0x00,
0x47,0x78,0x00,0x00,0x47,0x7a,0x00,0x00,0x47,0x7b,0x00,0x00,0x07,0x7d,0x00,0x00,0x47,0x7f,0x00,0x00,
0xc7,0x80,0x00,0x00,0x47,0x81,0x00,0x00,0x47,0x82,0x00,0x00,0x87,0x23,0x00,0x00,0x47,0x57,0x00,0x00,
0x87,0x84,0x00,0x00,0xf8,0x00,0x00,0x00,0x42,0x08,0xcd,0x33,0x4e,0x03,0x3c,0x03,0x09,0x3c,0x03,0x0b,
0x3b,0x0c,0xe5,0x0a,0x41,0x03,0x0d,0xcd,0x14,0x2d,0x0f,0x03,0x3b,0x0b,0x3b,0x10,0x00,0x37,0x00,0x38,
0x11,0x3c,0x03,0x0b,0x3b,0x12,0x00,0x37,0x00,0x38,0x13,0x18,0x0e,0x35,0x00,0x18,0x14,0x58,0x16,0x15,
0xeb,0x00,0x3c,0x03,0x09,0xeb,0x01,0x41,0x04,0x17,0x2c,0x01,0xd4,0x99,0x18,0xeb,0x01,0x2c,0x1e,0xe8,
0x19,0x41,0x05,0x1a,0x2f,0x00,0x06,0x01,0x2c,0x1b,0x38,0x1b,0x1d,0x35,0x00,0x3c,0x03,0x19,0xc8,0x08,
0xeb,0x02,0x41,0x07,0x1c,0x2d,0x1d,0x04,0x40,0x17,0x2c,0x02,0xd4,0xd9,0x56,0x15,0x8c,0x4e,0x8f,0x02,
0x60,0x35,0x47,0x00,0x47,0x30,0x00,0x00,0x0d,0x00,0x01,0x00,0x30,0x10,0x08,0x01,0x90,0x27,0x47,0x00,
0x02,0x05,0x0b,0x0b,0x87,0x54,0x00,0x00,0x07,0x6e,0x00,0x00,0x47,0x6d,0x00,0x00,0x47,0x57,0x00,0x00,
0xc7,0x86,0x00,0x00,0x47,0x7f,0x00,0x00,0xc7,0x15,0x00,0x00,0x47,0x89,0x00,0x00,0x07,0x32,0x00,0x00,
0x41,0x02,0x05,0x2d,0x06,0x03,0x40,0x07,0x2c,0x00,0xd4,0xd9,0x3c,0x00,0x08,0x21,0x07,0x3c,0x00,0x08,
0x3b,0x09,0x1d,0x03,0x1c,0xeb,0x01,0x41,0x03,0x07,0x41,0x04,0x0a,0x2c,0x01,0xd4,0xd3,0x56,0x00,0x63,
0x81,0x0a,0x97,0x02,0x08,0x2a,0x47,0x00,0x47,0x81,0x00,0x00,0x16,0x00,0x01,0x00,0x30,0x10,0x07,0x01,
0x90,0x27,0x47,0x00,0x04,0x08,0x15,0x15,0x07,0x8b,0x00,0x00,0x87,0x8c,0x00,0x00,0x87,0x54,0x00,0x00,
0x07,0x6e,0x00,0x00,0x87,0x8d,0x00,0x00,0x47,0x8f,0x00,0x00,0x47,0x57,0x00,0x00,0x47,0x90,0x00,0x00,
0x07,0x94,0x00,0x00,0x47,0x95,0x00,0x00,0x47,0x96,0x00,0x00,0x07,0x98,0x00,0x00,0xc7,0x18,0x00,0x00,
0x87,0x14,0x00,0x00,0x87,0x98,0x00,0x00,0x07,0x28,0x00,0x00,0x47,0x49,0x00,0x00,0x2d,0x04,0x00,0x45,
0xeb,0x01,0x3c,0x05,0x08,0x40,0x09,0x28,0x2c,0x01,0xda,0xeb,0x02,0x41,0x06,0x0a,0x2f,0x0b,0x02,0x0c,
0x2c,0x01,0xc7,0x04,0x2c,0x02,0x11,0x29,0x41,0x07,0x0d,0x2c,0x02,0xd4,0xeb,0x03,0x3c,0x03,0x0e,0x78,
0x0f,0x11,0x12,0x32,0xe8,0x10,0x3c,0x03,0x12,0xe8,0x11,0x42,0x13,0xcd,0x42,0x14,0xcd,0x01,0x08,0x32,
0xe8,0x10,0x42,0x14,0xcd,0x01,0x08,0x32,0xe8,0x10,0x42,0x14,0xcd,0x56,0x00,0x32,0x86,0x7b,0x9b,0x02,
0x70,0x30,0x47,0x00,0x07,0x32,0x00,0x00,0x0b,0x00,0x01,0x00,0x30,0x10,0x03,0x00,0x90,0x27,0x47,0x00,
0x00,0x01,0x09,0x09,0xc7,0x4b,0x00,0x00,0x87,0x16,0x00,0x00,0x87,0x34,0x00,0x00,0x07,0x4e,0x00,0x00,
0x87,0x9a,0x00,0x00,0x47,0x9b,0x00,0x00,0x07,0x9c,0x00,0x00,0xc7,0x15,0x00,0x00,0x07,0x18,0x00,0x00,
0x3d,0x01,0x11,0x06,0x42,0x02,0xcd,0x56,0x2c,0x00,0x14,0x58,0x04,0x03,0x58,0x06,0x05,0x3d,0x08,0x18,
0x07,0xd0,0x56,0x17,0x82,0x42,0xa2,0x02,0xa0,0x29,0x47,0x00,0x87,0x33,0x00,0x00,0x06,0x00,0x01,0x00,
0x30,0x10,0x03,0x00,0x90,0x27,0x47,0x00,0x00,0x00,0x02,0x02,0x87,0x16,0x00,0x00,0x47,0x49,0x00,0x00,
0x32,0xe8,0x00,0x42,0x01,0xcd,0x56,0x00,0x00,0x00,0x00,0x00,0x65,0x71,0xa4,0x02,0xa0,0x28,0x47,0x00,
0x87,0x34,0x00,0x00,0x07,0x00,0x01,0x00,0x30,0x10,0x03,0x00,0x90,0x27,0x47,0x00,0x00,0x00,0x03,0x03,
0x87,0x16,0x00,0x00,0x87,0x34,0x00,0x00,0x87,0x33,0x00,0x00,0x3d,0x00,0x11,0x06,0x42,0x01,0xcd,0x56,
0x42,0x02,0xcd,0x56,0x00,0x00,0x00,0x22,0x81,0x71,0xa5,0x02,0xb0,0x28,0x47,0x00,0x07,0x36,0x00,0x00,
0x06,0x00,0x01,0x00,0x30,0x10,0x03,0x01,0x90,0x27,0x47,0x00,0x01,0x02,0x03,0x03,0x07,0x00,0x00,0x00,
0x87,0x23,0x00,0x00,0x2f,0x01,0x02,0x00,0xd6,0x56,0x00,0x00,0x00,0x00,0x00,0x00,0x40,0x2c,0xa7,0x02,
0xc0,0x28,0x47,0x00,0xc7,0x37,0x00,0x00,0x0d,0x00,0x01,0x00,0x30,0x10,0x04,0x00,0x90,0x27,0x47,0x00,
0x00,0x00,0x08,0x08,0x07,0x9d,0x00,0x00,0xc7,0x9e,0x00,0x00,0x47,0xa1,0x00,0x00,0x87,0xa4,0x00,0x00,
0xc7,0x37,0x00,0x00,0x07,0x18,0x00,0x00,0x07,0xa6,0x00,0x00,0x47,0x49,0x00,0x00,0x3d,0x00,0x21,0x06,
0x3d,0x01,0x78,0x02,0x11,0x16,0x3d,0x03,0x11,0x07,0x42,0x04,0x3d,0x05,0xd3,0x31,0xe8,0x03,0x31,0xe8,
0x06,0x42,0x07,0xcd,0x01,0x07,0x42,0x04,0x3d,0x05,0xd3,0x56,0x00,0x00,0x00,0x00,0x00,0x00,0x00,0x2d,
0x83,0x05,0xa8,0x02,0xc8,0x28,0x47,0x00,0x47,0x39,0x00,0x00,0x0a,0x00,0x01,0x00,0x30,0x80,0x05,0x01,
0x90,0x27,0x47,0x00,0x02,0x03,0x07,0x07,0x87,0x54,0x00,0x00,0x47,0x57,0x00,0x00,0x87,0xa7,0x00,0x00,
0x07,0x9c,0x00,0x00,0x07,0x36,0x00,0x00,0x41,0x02,0x03,0x2d,0x04,0x00,0xd9,0x2c,0x00,0xeb,0x01,0x2d,
0x01,0x05,0x77,0x09,0x04,0x01,0x07,0x42,0x06,0xcd,0x01,0x02,0x56,0x00,0x00,0x00,0x00,0x00,0x00,0x36,
0x82,0x3f,0xab,0x02,0xe0,0x28,0x47,0x00,0xc7,0x3a,0x00,0x00,0x08,0x00,0x01,0x00,0x30,0x10,0x03,0x01,
0x90,0x27,0x47,0x00,0x01,0x01,0x05,0x05,0x07,0x18,0x00,0x00,0xc7,0x15,0x00,0x00,0xc7,0x18,0x00,0x00,
0x47,0x49,0x00,0x00,0x2c,0x00,0x11,0x0d,0x3c,0x00,0x02,0xe8,0x01,0x31,0xe8,0x03,0x42,0x04,0xcd,0x56,
0x00,0x00,0x00,0x21,0x81,0x13,0xae,0x02,0xf8,0x28,0x47,0x00,0x47,0x3c,0x00,0x00,0x05,0x00,0x01,0x00,
0x30,0x10,0x03,0x00,0x90,0x27,0x47,0x00,0x00,0x00,0x01,0x01,0x47,0x30,0x00,0x00,0x42,0x00,0xcd,0x56,
0x00,0x00,0x00,0x00,0x32,0x46,0xaf,0x02,0x48,0x29,0x47,0x00,0x07,0x3e,0x00,0x00,0x04,0x00,0x01,0x00,
0x30,0x10,0x00,0x00,0x90,0x27,0x47,0x00,0x00,0x00,0x00,0x00,0x56,0x00,0x00,0x00,0x16,0x0e,0xb0,0x02,
0xa8,0x2a,0x47,0x00,0x47,0x3f,0x00,0x00,0x0b,0x00,0x47,0x4c,0x4f,0x42,0x41,0x4c,0x5f,0x4a,0x55,0x4d,
0x50,0x00,0x0f,0x00,0x47,0x45,0x54,0x5f,0x53,0x48,0x4f,0x57,0x5f,0x41,0x4d,0x4f,0x55,0x4e,0x54,0x00,
0x11,0x00,0x42,0x61,0x6c,0x61,0x6e,0x63,0x65,0x45,0x6e,0x71,0x75,0x69,0x72,0x79,0x55,0x72,0x6c,0x00,
0x07,0x00,0x72,0x65,0x71,0x75,0x69,0x72,0x65,0x00,0x09,0x00,0x56,0x69,0x65,0x77,0x4d,0x6f,0x64,0x65,
0x6c,0x00,0x10,0x00,0x6d,0x6f,0x64,0x5f,0x67,0x6c,0x6f,0x62,0x61,0x6c,0x5f,0x74,0x72,0x61,0x6e,0x73,
0x10,0x00,0x6d,0x6f,0x64,0x5f,0x67,0x6c,0x6f,0x62,0x61,0x6c,0x5f,0x66,0x75,0x6e,0x63,0x73,0x33,0x00,
0x68,0x74,0x74,0x70,0x73,0x3a,0x2f,0x2f,0x62,0x69,0x7a,0x2e,0x63,0x6f,0x72,0x65,0x73,0x74,0x65,0x70,
0x62,0x61,0x6e,0x6b,0x2e,0x63,0x6f,0x6d,0x2f,0x77,0x61,0x6c,0x6c,0x65,0x74,0x2f,0x62,0x61,0x6c,0x61,
0x6e,0x63,0x65,0x2d,0x65,0x6e,0x71,0x75,0x69,0x72,0x79,0x00,0x07,0x00,0x62,0x61,0x6c,0x61,0x6e,0x63,
0x65,0x00,0x04,0x00,0x64,0x61,0x74,0x61,0x09,0x00,0x73,0x68,0x6f,0x77,0x4d,0x6f,0x64,0x65,0x6c,0x00,
0x04,0x00,0x75,0x73,0x65,0x72,0x07,0x00,0x6c,0x6f,0x61,0x64,0x69,0x6e,0x67,0x00,0x07,0x00,0x73,0x68,
0x6f,0x77,0x54,0x69,0x70,0x00,0x18,0x00,0x46,0x65,0x74,0x63,0x68,0x69,0x6e,0x67,0x20,0x61,0x63,0x63,
0x6f,0x75,0x6e,0x74,0x20,0x62,0x61,0x6c,0x61,0x6e,0x63,0x65,0x15,0x00,0x62,0x61,0x6c,0x61,0x6e,0x63,
0x65,0x45,0x6e,0x71,0x75,0x69,0x72,0x79,0x52,0x65,0x71,0x75,0x65,0x73,0x74,0x00,0x0d,0x00,0x61,0x63,
0x63,0x6f,0x75,0x6e,0x74,0x4e,0x75,0x6d,0x62,0x65,0x72,0x00,0x00,0x00,0x0f,0x00,0x62,0x61,0x6c,0x61,
0x6e,0x63,0x65,0x52,0x65,0x73,0x70,0x6f,0x6e,0x73,0x65,0x00,0x04,0x00,0x30,0x2e,0x30,0x30,0x07,0x00,
0x6d,0x65,0x74,0x68,0x6f,0x64,0x73,0x00,0x0c,0x00,0x5f,0x66,0x6f,0x72,0x6d,0x61,0x74,0x49,0x6e,0x70,
0x75,0x74,0x0d,0x00,0x74,0x6f,0x54,0x72,0x61,0x6e,0x73,0x61,0x63,0x74,0x69,0x6f,0x6e,0x00,0x0a,0x00,
0x69,0x6e,0x69,0x74,0x48,0x54,0x54,0x50,0x43,0x42,0x16,0x00,0x47,0x4c,0x4f,0x42,0x41,0x4c,0x5f,0x43,
0x48,0x4f,0x4f,0x53,0x45,0x5f,0x4e,0x45,0x54,0x57,0x4f,0x52,0x4b,0x73,0x0b,0x00,0x72,0x65,0x61,0x64,
0x42,0x61,0x6c,0x61,0x6e,0x63,0x65,0x00,0x09,0x00,0x70,0x61,0x72,0x73,0x65,0x44,0x61,0x74,0x61,0x00,
0x06,0x00,0x6f,0x6e,0x46,0x61,0x69,0x6c,0x09,0x00,0x68,0x69,0x64,0x65,0x4d,0x6f,0x64,0x65,0x6c,0x00,
0x0c,0x00,0x68,0x61,0x6e,0x64,0x6c,0x65,0x43,0x61,0x6e,0x63,0x65,0x6c,0x0a,0x00,0x6e,0x61,0x76,0x69,
0x67,0x61,0x74,0x65,0x54,0x6f,0x0a,0x00,0x68,0x61,0x6e,0x64,0x6c,0x65,0x4e,0x65,0x78,0x74,0x09,0x00,
0x6f,0x6e,0x4b,0x65,0x79,0x44,0x6f,0x77,0x6e,0x00,0x0b,0x00,0x6f,0x6e,0x57,0x69,0x6c,0x6c,0x4d,0x6f,
0x75,0x6e,0x74,0x00,0x07,0x00,0x6f,0x6e,0x4d,0x6f,0x75,0x6e,0x74,0x00,0x0d,0x00,0x6f,0x6e,0x57,0x69,
0x6c,0x6c,0x55,0x6e,0x6d,0x6f,0x75,0x6e,0x74,0x00,0x0a,0x00,0x70,0x61,0x72,0x73,0x65,0x46,0x6c,0x6f,
0x61,0x74,0x07,0x00,0x74,0x6f,0x46,0x69,0x78,0x65,0x64,0x00,0x08,0x00,0x74,0x6f,0x53,0x74,0x72,0x69,
0x6e,0x67,0x05,0x00,0x73,0x70,0x6c,0x69,0x74,0x00,0x01,0x00,0x2e,0x00,0x07,0x00,0x72,0x65,0x70,0x6c,
0x61,0x63,0x65,0x00,0x01,0x00,0x2c,0x00,0x04,0x00,0x6a,0x6f,0x69,0x6e,0x12,0x00,0x6e,0x6f,0x74,0x69,
0x66,0x79,0x50,0x72,0x6f,0x70,0x73,0x43,0x68,0x61,0x6e,0x67,0x65,0x64,0x0f,0x00,0x6e,0x61,0x76,0x69,
0x67,0x61,0x74,0x65,0x52,0x65,0x70,0x6c,0x61,0x63,0x65,0x00,0x06,0x00,0x74,0x61,0x72,0x67,0x65,0x74,
0x0f,0x00,0x74,0x72,0x61,0x6e,0x73,0x61,0x63,0x74,0x69,0x6f,0x6e,0x50,0x61,0x67,0x65,0x00,0x03,0x00,
0x54,0x6f,0x73,0x00,0x11,0x00,0x48,0x74,0x74,0x70,0x63,0x6c,0x69,0x65,0x6e,0x74,0x43,0x62,0x45,0x76,
0x65,0x6e,0x74,0x00,0x07,0x00,0x63,0x6f,0x6e,0x73,0x6f,0x6c,0x65,0x00,0x09,0x00,0x57,0x69,0x66,0x69,
0x43,0x68,0x65,0x63,0x6b,0x00,0x03,0x00,0x6c,0x6f,0x67,0x00,0x14,0x00,0x57,0x69,0x66,0x69,0x43,0x68,
0x65,0x63,0x6b,0x20,0x3d,0x3d,0x3d,0x3d,0x3d,0x3d,0x3d,0x3d,0x3d,0x3e,0x04,0x00,0x63,0x6f,0x64,0x65,
0x13,0x00,0x4d,0x6f,0x62,0x69,0x6c,0x65,0x44,0x61,0x74,0x61,0x41,0x76,0x61,0x69,0x6c,0x61,0x62,0x6c,
0x65,0x00,0x1e,0x00,0x4d,0x6f,0x62,0x69,0x6c,0x65,0x44,0x61,0x74,0x61,0x41,0x76,0x61,0x69,0x6c,0x61,
0x62,0x6c,0x65,0x20,0x3d,0x3d,0x3d,0x3d,0x3d,0x3d,0x3d,0x3d,0x3d,0x3e,0x0e,0x00,0x53,0x6f,0x63,0x53,
0x65,0x74,0x50,0x72,0x6f,0x70,0x65,0x72,0x74,0x79,0x17,0x00,0x73,0x65,0x6c,0x65,0x63,0x4e,0x65,0x74,
0x77,0x6f,0x72,0x6b,0x20,0x3d,0x3d,0x3d,0x3d,0x3d,0x3d,0x3d,0x3d,0x3d,0x3e,0x00,0x0e,0x00,0x53,0x6f,
0x63,0x47,0x65,0x74,0x50,0x72,0x6f,0x70,0x65,0x72,0x74,0x79,0x1b,0x00,0x73,0x65,0x6c,0x65,0x63,0x4e,
0x65,0x74,0x77,0x6f,0x72,0x6b,0x20,0x67,0x65,0x74,0x20,0x3d,0x3d,0x3d,0x3d,0x3d,0x3d,0x3d,0x3d,0x3d,
0x3e,0x00,0x04,0x00,0x74,0x68,0x61,0x74,0x04,0x00,0x4a,0x53,0x4f,0x4e,0x1a,0x00,0x63,0x75,0x73,0x74,
0x6f,0x6d,0x65,0x72,0x4f,0x72,0x67,0x61,0x6e,0x69,0x73,0x61,0x74,0x69,0x6f,0x6e,0x57,0x61,0x6c,0x6c,
0x65,0x74,0x06,0x00,0x70,0x61,0x72,0x61,0x6d,0x73,0x0e,0x00,0x41,0x75,0x74,0x68,0x6f,0x72,0x69,0x7a,
0x61,0x74,0x69,0x6f,0x6e,0x3a,0x07,0x00,0x73,0x65,0x73,0x73,0x69,0x6f,0x6e,0x00,0x06,0x00,0x0d,0x0a,
0x6d,0x69,0x64,0x3a,0x03,0x00,0x6d,0x69,0x64,0x00,0x0e,0x00,0x0d,0x0a,0x41,0x63,0x63,0x65,0x70,0x74,
0x3a,0x2a,0x2f,0x2a,0x0d,0x0a,0x06,0x00,0x6d,0x65,0x74,0x68,0x6f,0x64,0x0b,0x00,0x43,0x6f,0x6e,0x74,
0x65,0x6e,0x74,0x54,0x79,0x70,0x65,0x00,0x10,0x00,0x61,0x70,0x70,0x6c,0x69,0x63,0x61,0x74,0x69,0x6f,
0x6e,0x2f,0x6a,0x73,0x6f,0x6e,0x09,0x00,0x73,0x74,0x72,0x69,0x6e,0x67,0x69,0x66,0x79,0x00,0x02,0x00,
0x0d,0x0a,0x06,0x00,0x68,0x74,0x74,0x70,0x43,0x42,0x10,0x00,0x48,0x74,0x74,0x70,0x63,0x6c,0x69,0x65,
0x6e,0x74,0x43,0x6f,0x6d,0x6d,0x6f,0x6e,0x0f,0x00,0x36,0x36,0x36,0x36,0x36,0x36,0x36,0x36,0x36,0x3a,
0x3d,0x3d,0x3d,0x3d,0x3e,0x00,0x12,0x00,0x68,0x74,0x74,0x70,0x43,0x42,0x20,0x30,0x30,0x30,0x30,0x20,
0x3d,0x3d,0x3d,0x3d,0x3d,0x3e,0x0c,0x00,0x72,0x65,0x73,0x70,0x6f,0x6e,0x73,0x65,0x5f,0x62,0x75,0x66,
0x0a,0x00,0x55,0x69,0x6e,0x74,0x38,0x41,0x72,0x72,0x61,0x79,0x06,0x00,0x53,0x74,0x72,0x69,0x6e,0x67,
0x0c,0x00,0x66,0x72,0x6f,0x6d,0x43,0x68,0x61,0x72,0x43,0x6f,0x64,0x65,0x05,0x00,0x61,0x70,0x70,0x6c,
0x79,0x00,0x1b,0x00,0x70,0x61,0x72,0x73,0x65,0x44,0x61,0x74,0x61,0x20,0x3d,0x3d,0x3d,0x3d,0x3d,0x3d,
0x3d,0x3d,0x3d,0xe3,0x80,0x8b,0x20,0x31,0x31,0x31,0x3a,0x00,0x08,0x00,0x0a,0x20,0x75,0x38,0x61,0x72,
0x72,0x3a,0x05,0x00,0x70,0x61,0x72,0x73,0x65,0x00,0x0c,0x00,0x72,0x65,0x73,0x70,0x6f,0x6e,0x73,0x65,
0x43,0x6f,0x64,0x65,0x02,0x00,0x30,0x30,0x0e,0x00,0x61,0x63,0x63,0x6f,0x75,0x6e,0x74,0x42,0x61,0x6c,
0x61,0x6e,0x63,0x65,0x03,0x00,0x70,0x61,0x79,0x00,0x04,0x00,0x74,0x79,0x70,0x65,0x06,0x00,0x63,0x61,
0x6e,0x63,0x65,0x6c,0x0c,0x00,0x74,0x72,0x61,0x6e,0x73,0x66,0x65,0x72,0x54,0x79,0x70,0x65,0x11,0x00,
0x74,0x72,0x61,0x6e,0x73,0x66,0x65,0x72,0x54,0x79,0x70,0x65,0x56,0x61,0x6c,0x75,0x65,0x00,0x17,0x00,
0x54,0x72,0x61,0x6e,0x73,0x66,0x65,0x72,0x20,0x74,0x6f,0x20,0x4f,0x74,0x68,0x65,0x72,0x20,0x42,0x61,
0x6e,0x6b,0x73,0x00,0x0a,0x00,0x73,0x65,0x61,0x72,0x63,0x68,0x42,0x61,0x6e,0x6b,0x0a,0x00,0x6f,0x74,
0x68,0x65,0x72,0x42,0x61,0x6e,0x6b,0x73,0x12,0x00,0x6b,0x65,0x79,0x20,0x64,0x6f,0x77,0x6e,0x2d,0x2d,
0x2d,0x2d,0x2d,0x3e,0x3e,0x3e,0x3e,0x3a,0x00,0x00,0x00,0x00,};/*3352*/
