TK_CONST_DATA_ALIGN(const unsigned char script_calc[]) = {
0x80,0x00,0x01,0x01,0x2e,0x07,0x00,0x00,0x00,0x00,0x00,0x00,0x63,0x61,0x6c,0x63,0x00,0x00,0x00,0x00,
0x00,0x00,0x00,0x00,0x00,0x00,0x00,0x00,0x00,0x00,0x00,0x00,0x00,0x00,0x00,0x00,0x00,0x00,0x00,0x00,
0x00,0x00,0x00,0x00,0x4a,0x52,0x52,0x59,0x46,0x00,0x00,0x00,0x00,0x00,0x00,0x00,0x98,0x03,0x00,0x00,
0x01,0x00,0x00,0x00,0x18,0x00,0x00,0x00,0x11,0x00,0x01,0x00,0x00,0x34,0x05,0x00,0x90,0x27,0x47,0x00,
0x01,0x03,0x0d,0x12,0x07,0x00,0x00,0x00,0x07,0x02,0x00,0x00,0x87,0x03,0x00,0x00,0x07,0x0a,0x00,0x00,
0xc7,0x0a,0x00,0x00,0x87,0x0b,0x00,0x00,0x87,0x0c,0x00,0x00,0xc7,0x0d,0x00,0x00,0x47,0x0f,0x00,0x00,
0x47,0x12,0x00,0x00,0x87,0x13,0x00,0x00,0x07,0x15,0x00,0x00,0x88,0x00,0x00,0x00,0xc8,0x00,0x00,0x00,
0x88,0x01,0x00,0x00,0xd0,0x02,0x00,0x00,0x30,0x03,0x00,0x00,0x48,0x01,0x4a,0x01,0x2c,0x03,0xec,0x01,
0x2d,0x02,0x04,0x14,0x14,0x28,0x18,0x06,0x18,0x05,0x14,0x58,0x0d,0x08,0x58,0x0e,0x09,0x58,0x0f,0x0a,
0x58,0x10,0x0b,0x58,0x11,0x0c,0x18,0x07,0xd8,0x56,0x00,0x00,0x00,0x00,0x00,0x00,0x28,0x29,0x47,0x00,
0x87,0x5b,0x00,0x00,0x08,0x00,0x01,0x00,0x30,0x10,0x04,0x00,0x90,0x27,0x47,0x00,0x00,0x02,0x05,0x05,
0x87,0x16,0x00,0x00,0xc7,0x17,0x00,0x00,0x87,0x18,0x00,0x00,0x47,0x19,0x00,0x00,0xc7,0x1e,0x00,0x00,
0x41,0x00,0x02,0x2c,0x03,0xd3,0x41,0x01,0x04,0xcd,0x56,0x00,0x00,0x00,0x00,0x00,0x76,0x5b,0x81,0x02,
0x60,0x28,0x47,0x00,0xc7,0x0d,0x00,0x00,0x18,0x00,0x01,0x00,0x30,0x10,0x06,0x00,0x90,0x27,0x47,0x00,
0x02,0x04,0x10,0x10,0xc7,0x17,0x00,0x00,0x87,0x16,0x00,0x00,0x47,0x21,0x00,0x00,0x87,0x18,0x00,0x00,
0xc7,0x22,0x00,0x00,0x87,0x25,0x00,0x00,0x00,0x00,0x00,0x00,0x47,0x26,0x00,0x00,0x07,0x29,0x00,0x00,
0x07,0x2d,0x00,0x00,0x07,0x2f,0x00,0x00,0x47,0x32,0x00,0x00,0x47,0x34,0x00,0x00,0xc7,0x0a,0x00,0x00,
0x35,0x00,0xeb,0x00,0x41,0x02,0x04,0xce,0xeb,0x01,0x41,0x03,0x05,0x2d,0x06,0x01,0x3b,0x07,0xd9,0x3c,
0x01,0x07,0x7e,0x08,0x11,0x21,0x41,0x02,0x09,0xce,0xeb,0x01,0x41,0x03,0x05,0x2d,0x0a,0x01,0x3b,0x07,
0xd9,0x3c,0x01,0x07,0x84,0x08,0x11,0x06,0x32,0x55,0x01,0x05,0x34,0xeb,0x00,0x01,0x06,0x35,0x00,0xeb,
0x00,0x41,0x02,0x0b,0x2c,0x00,0xd4,0xeb,0x01,0x41,0x03,0x05,0x2d,0x0c,0x01,0x3b,0x07,0xd9,0x41,0x02,
0x0d,0x34,0xd4,0xeb,0x01,0x41,0x03,0x05,0x2d,0x0e,0x01,0x3b,0x07,0x3c,0x01,0x0f,0xc7,0x03,0x31,0x55,
0x00,0x00,0x00,0x00,0x00,0x00,0x00,0x12,0x85,0x70,0x82,0x02,0xa8,0x29,0x47,0x00,0x47,0x0f,0x00,0x00,
0x1c,0x00,0x01,0x00,0x20,0x10,0x0b,0x00,0x90,0x27,0x47,0x00,0x03,0x08,0x1d,0x1e,0x07,0x38,0x00,0x00,
0xc7,0x38,0x00,0x00,0xc7,0x17,0x00,0x00,0x07,0x00,0x00,0x00,0x87,0x16,0x00,0x00,0x47,0x0f,0x00,0x00,
0x87,0x39,0x00,0x00,0x87,0x3a,0x00,0x00,0x47,0x42,0x00,0x00,0x47,0x47,0x00,0x00,0x87,0x49,0x00,0x00,
0x87,0x4a,0x00,0x00,0x47,0x4c,0x00,0x00,0x87,0x4e,0x00,0x00,0x87,0x4f,0x00,0x00,0x47,0x52,0x00,0x00,
0x87,0x53,0x00,0x00,0x87,0x54,0x00,0x00,0x87,0x55,0x00,0x00,0x47,0x57,0x00,0x00,0xc7,0x58,0x00,0x00,
0x87,0x0b,0x00,0x00,0x47,0x59,0x00,0x00,0x87,0x5b,0x00,0x00,0x87,0x18,0x00,0x00,0xc7,0x5b,0x00,0x00,
0xe0,0x00,0x00,0x00,0x42,0x08,0xcd,0x33,0x4e,0x03,0x14,0x9a,0x0a,0x0b,0x99,0x0c,0x18,0x09,0x35,0x00,
0x18,0x0d,0x58,0x0f,0x0e,0xeb,0x00,0x14,0x58,0x11,0x10,0x58,0x13,0x12,0x58,0x15,0x14,0xeb,0x01,0x41,
0x04,0x16,0x2c,0x01,0xd4,0x99,0x17,0xeb,0x01,0x2c,0x1d,0xe8,0x18,0x41,0x05,0x19,0x2f,0x00,0x06,0x01,
0x2c,0x1a,0x38,0x1a,0x1d,0x35,0x00,0x3c,0x03,0x18,0xc8,0x08,0xeb,0x02,0x41,0x07,0x1b,0x2d,0x1c,0x04,
0x40,0x16,0x2c,0x02,0xd4,0xd9,0x56,0x00,0x00,0x00,0x00,0x51,0x89,0x15,0x88,0x02,0xe8,0x31,0x47,0x00,
0x47,0x12,0x00,0x00,0x0d,0x00,0x01,0x00,0x30,0x10,0x08,0x01,0x90,0x27,0x47,0x00,0x02,0x05,0x0b,0x0b,
0x87,0x16,0x00,0x00,0xc7,0x38,0x00,0x00,0x07,0x38,0x00,0x00,0x87,0x18,0x00,0x00,0x07,0x5e,0x00,0x00,
0x47,0x57,0x00,0x00,0xc7,0x0a,0x00,0x00,0x87,0x60,0x00,0x00,0x87,0x13,0x00,0x00,0x41,0x02,0x05,0x2d,
0x06,0x03,0x40,0x07,0x2c,0x00,0xd4,0xd9,0x3c,0x00,0x08,0x21,0x07,0x3c,0x00,0x08,0x3b,0x09,0x1d,0x03,
0x1c,0xeb,0x01,0x41,0x04,0x0a,0x2c,0x01,0xd3,0x56,0x00,0x00,0x00,0x00,0x00,0x35,0x81,0x63,0x8d,0x02,
0xf0,0x29,0x47,0x00,0x87,0x0b,0x00,0x00,0x0c,0x00,0x01,0x00,0x30,0x10,0x07,0x01,0x90,0x27,0x47,0x00,
0x03,0x06,0x0b,0x0b,0x47,0x62,0x00,0x00,0xc7,0x63,0x00,0x00,0x87,0x16,0x00,0x00,0xc7,0x64,0x00,0x00,
0x87,0x66,0x00,0x00,0x87,0x18,0x00,0x00,0x87,0x67,0x00,0x00,0x47,0x6b,0x00,0x00,0x2d,0x03,0x00,0x45,
0xeb,0x01,0x3c,0x04,0x06,0x40,0x07,0x28,0x2c,0x01,0xda,0xeb,0x02,0x41,0x05,0x08,0x2f,0x09,0x02,0x0a,
0x2c,0x01,0xc7,0x04,0x56,0x00,0x00,0x00,0x00,0x00,0x00,0x52,0x81,0x7a,0x91,0x02,0xc0,0x2b,0x47,0x00,
0x87,0x13,0x00,0x00,0x0a,0x00,0x01,0x00,0x30,0x80,0x03,0x01,0x90,0x27,0x47,0x00,0x01,0x02,0x07,0x07,
0x87,0x6c,0x00,0x00,0x07,0x6e,0x00,0x00,0x07,0x6f,0x00,0x00,0x07,0x70,0x00,0x00,0xc7,0x70,0x00,0x00,
0x47,0x12,0x00,0x00,0x79,0x00,0x02,0x21,0x0c,0x2c,0x01,0x14,0x58,0x04,0x03,0x31,0x18,0x05,0xd1,0x04,
0x42,0x06,0xcd,0x56,0x00,0x00,0x00,0x00,0x00,0x00,0x00,0x27,0x81,0x55,0x93,0x02,0x80,0x29,0x47,0x00,
0x07,0x15,0x00,0x00,0x0d,0x00,0x41,0x50,0x50,0x5f,0x4c,0x4f,0x47,0x49,0x4e,0x5f,0x55,0x52,0x4c,0x00,
0x09,0x00,0x56,0x69,0x65,0x77,0x4d,0x6f,0x64,0x65,0x6c,0x00,0x31,0x00,0x68,0x74,0x74,0x70,0x73,0x3a,
0x2f,0x2f,0x62,0x69,0x7a,0x2e,0x63,0x6f,0x72,0x65,0x73,0x74,0x65,0x70,0x62,0x61,0x6e,0x6b,0x2e,0x63,
0x6f,0x6d,0x2f,0x61,0x75,0x74,0x68,0x65,0x6e,0x74,0x69,0x63,0x61,0x74,0x69,0x6f,0x6e,0x2f,0x6c,0x6f,
0x67,0x69,0x6e,0x00,0x04,0x00,0x63,0x61,0x6c,0x63,0x04,0x00,0x64,0x61,0x74,0x61,0x06,0x00,0x68,0x74,
0x74,0x70,0x43,0x42,0x07,0x00,0x6d,0x65,0x74,0x68,0x6f,0x64,0x73,0x00,0x0a,0x00,0x69,0x6e,0x69,0x74,
0x48,0x54,0x54,0x50,0x43,0x42,0x16,0x00,0x47,0x4c,0x4f,0x42,0x41,0x4c,0x5f,0x43,0x48,0x4f,0x4f,0x53,
0x45,0x5f,0x4e,0x45,0x54,0x57,0x4f,0x52,0x4b,0x73,0x08,0x00,0x68,0x74,0x74,0x70,0x74,0x65,0x73,0x74,
0x09,0x00,0x70,0x61,0x72,0x73,0x65,0x44,0x61,0x74,0x61,0x00,0x09,0x00,0x6f,0x6e,0x4b,0x65,0x79,0x44,
0x6f,0x77,0x6e,0x00,0x07,0x00,0x63,0x6f,0x6e,0x73,0x6f,0x6c,0x65,0x00,0x03,0x00,0x54,0x6f,0x73,0x00,
0x03,0x00,0x6c,0x6f,0x67,0x00,0x2a,0x00,0x48,0x74,0x74,0x70,0x63,0x6c,0x69,0x65,0x6e,0x74,0x43,0x62,
0x45,0x76,0x65,0x6e,0x74,0x20,0x73,0x74,0x61,0x72,0x74,0x20,0x30,0x30,0x30,0x30,0x30,0x30,0x30,0x3d,
0x3d,0x3d,0x3d,0x3d,0x3d,0x3d,0x3d,0x3d,0x3d,0x3d,0x11,0x00,0x48,0x74,0x74,0x70,0x63,0x6c,0x69,0x65,
0x6e,0x74,0x43,0x62,0x45,0x76,0x65,0x6e,0x74,0x00,0x09,0x00,0x57,0x69,0x66,0x69,0x43,0x68,0x65,0x63,
0x6b,0x00,0x14,0x00,0x57,0x69,0x66,0x69,0x43,0x68,0x65,0x63,0x6b,0x20,0x3d,0x3d,0x3d,0x3d,0x3d,0x3d,
0x3d,0x3d,0x3d,0x3e,0x04,0x00,0x63,0x6f,0x64,0x65,0x13,0x00,0x4d,0x6f,0x62,0x69,0x6c,0x65,0x44,0x61,
0x74,0x61,0x41,0x76,0x61,0x69,0x6c,0x61,0x62,0x6c,0x65,0x00,0x1e,0x00,0x4d,0x6f,0x62,0x69,0x6c,0x65,
0x44,0x61,0x74,0x61,0x41,0x76,0x61,0x69,0x6c,0x61,0x62,0x6c,0x65,0x20,0x3d,0x3d,0x3d,0x3d,0x3d,0x3d,
0x3d,0x3d,0x3d,0x3e,0x0e,0x00,0x53,0x6f,0x63,0x53,0x65,0x74,0x50,0x72,0x6f,0x70,0x65,0x72,0x74,0x79,
0x17,0x00,0x73,0x65,0x6c,0x65,0x63,0x4e,0x65,0x74,0x77,0x6f,0x72,0x6b,0x20,0x3d,0x3d,0x3d,0x3d,0x3d,
0x3d,0x3d,0x3d,0x3d,0x3e,0x00,0x0e,0x00,0x53,0x6f,0x63,0x47,0x65,0x74,0x50,0x72,0x6f,0x70,0x65,0x72,
0x74,0x79,0x1b,0x00,0x73,0x65,0x6c,0x65,0x63,0x4e,0x65,0x74,0x77,0x6f,0x72,0x6b,0x20,0x67,0x65,0x74,
0x20,0x3d,0x3d,0x3d,0x3d,0x3d,0x3d,0x3d,0x3d,0x3d,0x3e,0x00,0x04,0x00,0x74,0x68,0x61,0x74,0x04,0x00,
0x4a,0x53,0x4f,0x4e,0x06,0x00,0x70,0x61,0x72,0x61,0x6d,0x73,0x3c,0x00,0x68,0x65,0x61,0x64,0x65,0x72,
0x54,0x65,0x73,0x74,0x31,0x3a,0x61,0x61,0x61,0x0d,0x0a,0x68,0x65,0x61,0x64,0x65,0x72,0x54,0x65,0x73,
0x74,0x32,0x3a,0x62,0x62,0x62,0x0d,0x0a,0x65,0x6d,0x61,0x69,0x6c,0x3a,0x6e,0x64,0x75,0x62,0x69,0x73,
0x69,0x6a,0x6e,0x72,0x40,0x67,0x6d,0x61,0x69,0x6c,0x2e,0x63,0x6f,0x6d,0x26,0x00,0x0d,0x0a,0x70,0x61,
0x73,0x73,0x77,0x6f,0x72,0x64,0x3a,0x31,0x32,0x33,0x34,0x35,0x36,0x0d,0x0a,0x73,0x6f,0x75,0x72,0x63,
0x65,0x3a,0x50,0x4f,0x53,0x5f,0x54,0x45,0x52,0x4d,0x49,0x4e,0x41,0x4c,0x0f,0x00,0x0d,0x0a,0x41,0x63,
0x63,0x65,0x70,0x74,0x3a,0x20,0x2a,0x2f,0x2a,0x0d,0x0a,0x00,0x06,0x00,0x6d,0x65,0x74,0x68,0x6f,0x64,
0x0b,0x00,0x43,0x6f,0x6e,0x74,0x65,0x6e,0x74,0x54,0x79,0x70,0x65,0x00,0x10,0x00,0x61,0x70,0x70,0x6c,
0x69,0x63,0x61,0x74,0x69,0x6f,0x6e,0x2f,0x6a,0x73,0x6f,0x6e,0x05,0x00,0x65,0x6d,0x61,0x69,0x6c,0x00,
0x14,0x00,0x6e,0x64,0x75,0x62,0x69,0x73,0x69,0x6a,0x6e,0x72,0x40,0x67,0x6d,0x61,0x69,0x6c,0x2e,0x63,
0x6f,0x6d,0x08,0x00,0x70,0x61,0x73,0x73,0x77,0x6f,0x72,0x64,0x06,0x00,0x31,0x32,0x33,0x34,0x35,0x36,
0x06,0x00,0x73,0x6f,0x75,0x72,0x63,0x65,0x0c,0x00,0x50,0x4f,0x53,0x5f,0x54,0x45,0x52,0x4d,0x49,0x4e,
0x41,0x4c,0x09,0x00,0x73,0x74,0x72,0x69,0x6e,0x67,0x69,0x66,0x79,0x00,0x02,0x00,0x0d,0x0a,0x10,0x00,
0x48,0x74,0x74,0x70,0x63,0x6c,0x69,0x65,0x6e,0x74,0x43,0x6f,0x6d,0x6d,0x6f,0x6e,0x00,0x00,0x0f,0x00,
0x36,0x36,0x36,0x36,0x36,0x36,0x36,0x36,0x36,0x3a,0x3d,0x3d,0x3d,0x3d,0x3e,0x00,0x12,0x00,0x68,0x74,
0x74,0x70,0x43,0x42,0x20,0x30,0x30,0x30,0x30,0x20,0x3d,0x3d,0x3d,0x3d,0x3d,0x3e,0x0c,0x00,0x72,0x65,
0x73,0x70,0x6f,0x6e,0x73,0x65,0x5f,0x62,0x75,0x66,0x0a,0x00,0x55,0x69,0x6e,0x74,0x38,0x41,0x72,0x72,
0x61,0x79,0x06,0x00,0x53,0x74,0x72,0x69,0x6e,0x67,0x0c,0x00,0x66,0x72,0x6f,0x6d,0x43,0x68,0x61,0x72,
0x43,0x6f,0x64,0x65,0x05,0x00,0x61,0x70,0x70,0x6c,0x79,0x00,0x1b,0x00,0x70,0x61,0x72,0x73,0x65,0x44,
0x61,0x74,0x61,0x20,0x3d,0x3d,0x3d,0x3d,0x3d,0x3d,0x3d,0x3d,0x3d,0xe3,0x80,0x8b,0x20,0x31,0x31,0x31,
0x3a,0x00,0x08,0x00,0x0a,0x20,0x75,0x38,0x61,0x72,0x72,0x3a,0x0a,0x00,0x6e,0x61,0x76,0x69,0x67,0x61,
0x74,0x65,0x54,0x6f,0x06,0x00,0x63,0x61,0x6e,0x63,0x65,0x6c,0x06,0x00,0x74,0x61,0x72,0x67,0x65,0x74,
0x04,0x00,0x68,0x6f,0x6d,0x65,0x0d,0x00,0x63,0x6c,0x6f,0x73,0x65,0x5f,0x63,0x75,0x72,0x72,0x65,0x6e,
0x74,0x00,0x00,0x00,0x00,0x00,};/*1886*/
