TK_CONST_DATA_ALIGN(const unsigned char script_customPrintFunc[]) = {
0x80,0x00,0x01,0x01,0x18,0x0f,0x00,0x00,0x00,0x00,0x00,0x00,0x63,0x75,0x73,0x74,0x6f,0x6d,0x50,0x72,
0x69,0x6e,0x74,0x46,0x75,0x6e,0x63,0x00,0x00,0x00,0x00,0x00,0x00,0x00,0x00,0x00,0x00,0x00,0x00,0x00,
0x00,0x00,0x00,0x00,0x4a,0x52,0x52,0x59,0x46,0x00,0x00,0x00,0x00,0x00,0x00,0x00,0xc8,0x07,0x00,0x00,
0x01,0x00,0x00,0x00,0x18,0x00,0x00,0x00,0x20,0x00,0x01,0x00,0x00,0x30,0x03,0x00,0x90,0x27,0x47,0x00,
0x01,0x10,0x18,0x20,0x07,0x00,0x00,0x00,0x47,0x01,0x00,0x00,0x47,0x03,0x00,0x00,0x87,0x05,0x00,0x00,
0xc7,0x07,0x00,0x00,0x87,0x0b,0x00,0x00,0x47,0x0d,0x00,0x00,0x47,0x0f,0x00,0x00,0x87,0x10,0x00,0x00,
0x47,0x12,0x00,0x00,0x87,0x13,0x00,0x00,0xc7,0x14,0x00,0x00,0x87,0x16,0x00,0x00,0xc7,0x17,0x00,0x00,
0x07,0x19,0x00,0x00,0x47,0x1a,0x00,0x00,0x07,0x00,0x00,0x00,0x47,0x01,0x00,0x00,0x47,0x03,0x00,0x00,
0x87,0x1c,0x00,0x00,0x87,0x05,0x00,0x00,0xc7,0x07,0x00,0x00,0x87,0x0b,0x00,0x00,0x00,0x01,0x00,0x00,
0xe0,0x04,0x00,0x00,0xb8,0x05,0x00,0x00,0xf8,0x05,0x00,0x00,0x28,0x06,0x00,0x00,0x90,0x06,0x00,0x00,
0xb0,0x06,0x00,0x00,0x58,0x07,0x00,0x00,0x47,0x01,0x47,0x02,0x47,0x03,0x47,0x04,0x47,0x05,0x47,0x06,
0x47,0x07,0x47,0x08,0x47,0x09,0x47,0x0a,0x47,0x0b,0x47,0x0c,0x47,0x0d,0x51,0x01,0x51,0x02,0x51,0x03,
0x51,0x04,0x51,0x05,0x52,0x18,0x06,0x52,0x19,0x07,0x52,0x1a,0x08,0x52,0x1b,0x09,0x52,0x1c,0x0a,0x52,
0x1d,0x0b,0x52,0x1e,0x0c,0x52,0x1f,0x0d,0x2d,0x0e,0x10,0xd1,0x3b,0x11,0xdf,0x01,0x2d,0x0e,0x10,0xd1,
0x3b,0x12,0xdf,0x02,0x2d,0x0e,0x10,0xd1,0x3b,0x13,0xdf,0x03,0x2d,0x0e,0x14,0xd1,0x3b,0x15,0xdf,0x04,
0x2d,0x0e,0x14,0xd1,0x3b,0x16,0xdf,0x05,0x2f,0x0f,0x17,0x06,0xde,0x56,0x00,0x00,0xe8,0x2c,0x47,0x00,
0x87,0xa0,0x00,0x00,0x5f,0x00,0x01,0x00,0x20,0x10,0x06,0x06,0x90,0x27,0x47,0x00,0x0b,0x1b,0x4c,0x4d,
0x87,0x1f,0x00,0x00,0x07,0x20,0x00,0x00,0x87,0x21,0x00,0x00,0x87,0x22,0x00,0x00,0x47,0x23,0x00,0x00,
0x47,0x0d,0x00,0x00,0xc7,0x25,0x00,0x00,0xc7,0x26,0x00,0x00,0x47,0x0f,0x00,0x00,0x87,0x10,0x00,0x00,
0x07,0x28,0x00,0x00,0x47,0x12,0x00,0x00,0xc7,0x29,0x00,0x00,0x47,0x2b,0x00,0x00,0x87,0x13,0x00,0x00,
0x07,0x2d,0x00,0x00,0x47,0x2e,0x00,0x00,0xc7,0x2f,0x00,0x00,0x87,0x30,0x00,0x00,0xc7,0x31,0x00,0x00,
0x07,0x33,0x00,0x00,0x00,0x00,0x00,0x00,0x47,0x34,0x00,0x00,0xc7,0x35,0x00,0x00,0x87,0x36,0x00,0x00,
0x87,0x3b,0x00,0x00,0x87,0x3d,0x00,0x00,0x87,0x3e,0x00,0x00,0x07,0x3f,0x00,0x00,0x87,0x3f,0x00,0x00,
0x87,0x40,0x00,0x00,0x87,0x41,0x00,0x00,0xc7,0x42,0x00,0x00,0x47,0x44,0x00,0x00,0x80,0xbb,0x00,0x00,
0x87,0x45,0x00,0x00,0xc7,0x48,0x00,0x00,0x87,0x4a,0x00,0x00,0x87,0x4c,0x00,0x00,0xc7,0x4f,0x00,0x00,
0x87,0x51,0x00,0x00,0x87,0x53,0x00,0x00,0x87,0x57,0x00,0x00,0x07,0x59,0x00,0x00,0x87,0x59,0x00,0x00,
0x87,0x5c,0x00,0x00,0x87,0x5e,0x00,0x00,0x47,0x61,0x00,0x00,0xc7,0x63,0x00,0x00,0x87,0x66,0x00,0x00,
0xc7,0x68,0x00,0x00,0x47,0x6a,0x00,0x00,0x87,0x6b,0x00,0x00,0x00,0x71,0x02,0x00,0x87,0x6c,0x00,0x00,
0xc7,0x6e,0x00,0x00,0xc7,0x6f,0x00,0x00,0x47,0x72,0x00,0x00,0xc7,0x78,0x00,0x00,0x87,0x7c,0x00,0x00,
0x47,0x84,0x00,0x00,0x47,0x87,0x00,0x00,0x87,0x8a,0x00,0x00,0xc7,0x8c,0x00,0x00,0x07,0x8e,0x00,0x00,
0xf8,0x02,0x00,0x00,0x50,0x01,0x0b,0x50,0x03,0x0c,0x41,0x0e,0x1b,0xce,0xeb,0x06,0x3c,0x06,0x1c,0x78,
0x0f,0x11,0x13,0x41,0x0e,0x1d,0xcd,0x41,0x0e,0x1e,0xcd,0x41,0x0b,0x1f,0x2c,0x0c,0xd3,0x56,0x01,0x1d,
0x3c,0x06,0x1c,0x7b,0x20,0x11,0x16,0x41,0x0e,0x1d,0xcd,0x41,0x0e,0x1e,0xcd,0x41,0x0b,0x21,0x2f,0x0c,
0x10,0x11,0x3b,0x1c,0xd1,0xd9,0x56,0x41,0x12,0x22,0x2c,0x23,0xd3,0x3c,0x0e,0x24,0x4e,0x0d,0x14,0x14,
0x35,0x0f,0x18,0x26,0x35,0x0f,0x18,0x27,0x18,0x25,0x14,0x35,0x17,0x18,0x26,0x35,0x17,0x18,0x27,0x18,
0x28,0x14,0x35,0x1f,0x18,0x26,0x35,0x1f,0x18,0x27,0x18,0x29,0xeb,0x07,0x3c,0x0e,0x2a,0x3b,0x2b,0xeb,
0x08,0x14,0x35,0x00,0x18,0x26,0x35,0x04,0x18,0x27,0xeb,0x09,0x41,0x0e,0x2c,0x2c,0x2d,0xd4,0xeb,0x0a,
0x3c,0x0a,0x1c,0x7b,0x20,0x11,0x09,0x41,0x12,0x22,0x2c,0x2e,0xd3,0x56,0x2d,0x13,0x09,0xd0,0x2f,0x14,
0x2f,0x15,0x3c,0x07,0x29,0xc4,0x03,0x2f,0x16,0x30,0x17,0x3c,0x07,0x25,0xc4,0x03,0x2d,0x14,0x04,0x3b,
0x31,0x40,0x32,0xce,0x2d,0x18,0x07,0x3b,0x25,0xc4,0x03,0x2f,0x16,0x33,0x17,0x3c,0x07,0x25,0xc4,0x03,
0x2d,0x14,0x04,0x3b,0x34,0x2d,0x18,0x07,0x3b,0x25,0xc4,0x03,0x2f,0x16,0x35,0x17,0x3c,0x07,0x25,0xc4,
0x03,0x2f,0x14,0x36,0x18,0x3c,0x07,0x25,0xc4,0x03,0x2c,0x19,0x31,0xd0,0x2f,0x16,0x37,0x17,0x3c,0x07,
0x25,0xc4,0x03,0x2d,0x14,0x05,0x3b,0x38,0x2d,0x18,0x07,0x3b,0x25,0xc4,0x03,0x2f,0x16,0x39,0x17,0x3c,
0x07,0x25,0xc4,0x03,0x2d,0x14,0x05,0x3b,0x3a,0x2d,0x18,0x07,0x3b,0x28,0xc4,0x03,0x2f,0x16,0x3b,0x17,
0x3c,0x07,0x25,0xc4,0x03,0x2d,0x14,0x05,0x3b,0x3c,0x2d,0x18,0x07,0x3b,0x25,0xc4,0x03,0x2c,0x19,0x31,
0xd0,0x3c,0x00,0x3d,0x3c,0x08,0x3e,0x77,0x11,0x07,0x2f,0x00,0x3f,0x40,0xdc,0x2d,0x14,0x05,0x3b,0x3f,
0x2d,0x15,0x07,0x3b,0x28,0xc4,0x03,0x2c,0x19,0x31,0xd0,0x2d,0x14,0x05,0x3b,0x41,0x2d,0x15,0x07,0x3b,
0x25,0xc4,0x03,0x2c,0x19,0x31,0xd0,0x2f,0x16,0x42,0x17,0x3c,0x07,0x25,0xc4,0x03,0x2d,0x14,0x04,0x3b,
0x43,0x2d,0x18,0x07,0x3b,0x25,0xc4,0x03,0x2f,0x14,0x44,0x17,0x3c,0x07,0x28,0xc4,0x03,0x2c,0x19,0x31,
0xd0,0x2d,0x14,0x04,0x3b,0x45,0x2d,0x15,0x07,0x3b,0x25,0xc4,0x03,0x2c,0x19,0x31,0xd0,0x2f,0x14,0x46,
0x15,0x3c,0x07,0x25,0xc4,0x03,0x79,0x0c,0x20,0x11,0x0d,0x2f,0x14,0x47,0x15,0x3c,0x07,0x25,0xc4,0x03,
0x01,0x0b,0x2f,0x14,0x48,0x15,0x3c,0x07,0x25,0xc4,0x03,0x2c,0x02,0x11,0x0b,0x2f,0x14,0x49,0x15,0x3c,
0x07,0x25,0xc4,0x03,0x2c,0x19,0x32,0xd0,0x41,0x0e,0x4a,0xcd,0x41,0x12,0x22,0x2c,0x4b,0xd3,0x2c,0x1a,
0x38,0x4c,0xc7,0xd6,0x56,0x00,0x00,0x00,0x00,0x00,0x00,0x72,0xb3,0x68,0x82,0x02,0xd0,0x37,0x47,0x00,
0x87,0x0b,0x00,0x00,0x1d,0x00,0x01,0x00,0x30,0x10,0x06,0x00,0x90,0x27,0x47,0x00,0x01,0x0b,0x18,0x18,
0x87,0x22,0x00,0x00,0xc7,0x26,0x00,0x00,0x07,0x20,0x00,0x00,0x87,0x21,0x00,0x00,0x87,0x1f,0x00,0x00,
0x87,0x93,0x00,0x00,0x07,0x95,0x00,0x00,0xc7,0x96,0x00,0x00,0x47,0x23,0x00,0x00,0x47,0x0d,0x00,0x00,
0x47,0x2e,0x00,0x00,0xc7,0x35,0x00,0x00,0x47,0x98,0x00,0x00,0xc7,0x2f,0x00,0x00,0x00,0x00,0x00,0x00,
0x07,0x9c,0x00,0x00,0x10,0x00,0x00,0x00,0x87,0x9d,0x00,0x00,0x07,0x9f,0x00,0x00,0xc7,0x31,0x00,0x00,
0x87,0x30,0x00,0x00,0x07,0x33,0x00,0x00,0x47,0x34,0x00,0x00,0x41,0x01,0x0b,0xce,0xeb,0x00,0x41,0x02,
0x0c,0x2d,0x0d,0x00,0x3b,0x0e,0xd9,0x3c,0x00,0x0e,0x78,0x0f,0x11,0x20,0x2d,0x03,0x04,0x3b,0x10,0x9c,
0x11,0x7d,0x11,0x0a,0x41,0x05,0x12,0xb0,0x03,0xd3,0x01,0x06,0x41,0x05,0x13,0xcd,0x41,0x01,0x14,0xcd,
0x57,0x06,0x01,0x38,0x3c,0x00,0x0e,0x78,0x07,0x11,0x06,0x57,0x08,0x01,0x2d,0x2d,0x09,0x00,0x3b,0x0e,
0x77,0x11,0x14,0x41,0x01,0x15,0xcd,0x41,0x01,0x14,0xcd,0x41,0x05,0x16,0x2c,0x03,0xd3,0x57,0x06,0x01,
0x13,0x41,0x01,0x14,0xcd,0x41,0x05,0x17,0x2f,0x03,0x0a,0x00,0x3b,0x0e,0xd1,0xd9,0x57,0x06,0x56,0x00,
0x00,0x00,0x00,0x25,0x88,0x29,0xae,0x02,0xa8,0x3b,0x47,0x00,0x87,0xa0,0x00,0x00,0x1b,0x00,0x01,0x00,
0x30,0x10,0x02,0x01,0x90,0x27,0x47,0x00,0x02,0x0c,0x17,0x17,0xc7,0xa0,0x00,0x00,0x07,0xa3,0x00,0x00,
0x87,0xa5,0x00,0x00,0x47,0xa8,0x00,0x00,0x07,0xac,0x00,0x00,0xc7,0xaf,0x00,0x00,0x87,0xb3,0x00,0x00,
0x47,0xb6,0x00,0x00,0x87,0xb8,0x00,0x00,0x07,0xbc,0x00,0x00,0x87,0xa0,0x00,0x00,0x07,0xbe,0x00,0x00,
0x87,0xc0,0x00,0x00,0xc7,0xc3,0x00,0x00,0x87,0xc5,0x00,0x00,0xc7,0xc8,0x00,0x00,0x07,0xcc,0x00,0x00,
0x07,0xd0,0x00,0x00,0x07,0xd3,0x00,0x00,0xc7,0xd5,0x00,0x00,0xc7,0xd9,0x00,0x00,0x2c,0x0c,0xeb,0x01,
0x2d,0x00,0x02,0x25,0x29,0x2c,0x03,0x25,0x2a,0x2c,0x04,0x25,0x2b,0x2c,0x05,0x25,0x2c,0x2c,0x06,0x25,
0x2d,0x2c,0x07,0x25,0x2e,0x2c,0x08,0x25,0x2f,0x2c,0x09,0x25,0x30,0x2c,0x0a,0x25,0x31,0x2c,0x0b,0x77,
0x09,0x31,0x01,0x2f,0xe2,0x0d,0x01,0x01,0x2d,0xe2,0x0e,0x01,0x01,0x28,0xe2,0x0f,0x01,0x01,0x23,0xe2,
0x10,0x01,0x01,0x1e,0xe2,0x11,0x01,0x01,0x19,0xe2,0x12,0x01,0x01,0x14,0xe2,0x13,0x01,0x01,0x0f,0xe2,
0x14,0x01,0x01,0x0a,0xe2,0x15,0x01,0x01,0x05,0xe2,0x16,0x01,0x57,0x01,0x00,0x00,0x00,0x00,0x00,0x2c,
0x89,0x5e,0xb6,0x02,0x60,0x31,0x47,0x00,0x47,0x0d,0x00,0x00,0x08,0x00,0x01,0x00,0x30,0x10,0x05,0x01,
0x90,0x27,0x47,0x00,0x01,0x02,0x05,0x05,0x87,0x22,0x00,0x00,0xc7,0xdb,0x00,0x00,0x87,0x3e,0x00,0x00,
0x07,0x3f,0x00,0x00,0x41,0x01,0x02,0x3c,0x00,0x03,0x1d,0x04,0x35,0x00,0x3c,0x00,0x04,0x1d,0x04,0x35,
0x04,0xd9,0x56,0x00,0x5a,0x6d,0xc3,0x02,0x30,0x29,0x47,0x00,0x47,0x0f,0x00,0x00,0x06,0x00,0x01,0x00,
0x30,0x10,0x04,0x03,0x90,0x27,0x47,0x00,0x03,0x04,0x05,0x05,0x47,0x12,0x00,0x00,0x87,0xdd,0x00,0x00,
0x2f,0x03,0x00,0x04,0x98,0x2d,0x01,0x02,0xc4,0x03,0x56,0x00,0x56,0x2a,0xc8,0x02,0x18,0x29,0x47,0x00,
0x87,0x10,0x00,0x00,0x0d,0x00,0x01,0x00,0x30,0x10,0x05,0x03,0x90,0x27,0x47,0x00,0x03,0x04,0x0a,0x0a,
0x87,0x22,0x00,0x00,0x07,0xde,0x00,0x00,0x87,0x3e,0x00,0x00,0x07,0x3f,0x00,0x00,0x07,0xe0,0x00,0x00,
0x00,0x00,0x00,0x00,0x30,0x00,0x00,0x00,0x41,0x03,0x04,0x3c,0x02,0x05,0x1d,0x04,0x35,0x17,0x3c,0x02,
0x06,0x1d,0x04,0x35,0x17,0xd9,0x41,0x03,0x07,0x2c,0x00,0x88,0x01,0x08,0x21,0x05,0x85,0x01,0x09,0x11,
0x06,0x2c,0x01,0x01,0x04,0x35,0x00,0xd9,0x56,0x00,0x00,0x00,0x00,0x00,0x00,0x78,0x82,0x30,0xc5,0x02,
0xb0,0x2c,0x47,0x00,0x47,0x12,0x00,0x00,0x04,0x00,0x01,0x00,0x30,0x10,0x00,0x01,0x90,0x27,0x47,0x00,
0x01,0x01,0x01,0x01,0x56,0x00,0x00,0x00,0x61,0x4d,0xc4,0x02,0x38,0x29,0x47,0x00,0x87,0x13,0x00,0x00,
0x15,0x00,0x01,0x00,0x30,0x10,0x02,0x01,0x90,0x27,0x47,0x00,0x03,0x04,0x11,0x11,0x87,0x22,0x00,0x00,
0x87,0x41,0x00,0x00,0x07,0xe1,0x00,0x00,0x87,0xa0,0x00,0x00,0x87,0xe2,0x00,0x00,0x87,0xe3,0x00,0x00,
0x47,0xe4,0x00,0x00,0x07,0xe5,0x00,0x00,0xc7,0xe5,0x00,0x00,0xc7,0xe6,0x00,0x00,0x87,0xe7,0x00,0x00,
0x07,0xe8,0x00,0x00,0xc7,0xe8,0x00,0x00,0x47,0xe9,0x00,0x00,0x3c,0x03,0x04,0x3b,0x05,0xeb,0x01,0x2c,
0x06,0xeb,0x02,0x2d,0x00,0x01,0x3b,0x07,0x77,0x11,0x07,0xe2,0x08,0x02,0x01,0x34,0x2d,0x00,0x01,0x3b,
0x09,0x77,0x11,0x07,0xe2,0x0a,0x02,0x01,0x27,0x2d,0x00,0x01,0x3b,0x0b,0x77,0x11,0x07,0xe2,0x0c,0x02,
0x01,0x1a,0x2d,0x00,0x01,0x3b,0x0d,0x77,0x11,0x07,0xe2,0x0e,0x02,0x01,0x0d,0x2d,0x00,0x01,0x3b,0x0f,
0x77,0x11,0x05,0xe2,0x10,0x02,0x57,0x02,0x00,0x00,0x00,0x00,0x00,0x00,0x00,0x5b,0x83,0x0e,0xc0,0x02,
0x00,0x2a,0x47,0x00,0xc7,0x14,0x00,0x00,0x0b,0x00,0x01,0x00,0x30,0x10,0x05,0x01,0x90,0x27,0x47,0x00,
0x04,0x05,0x08,0x08,0x87,0x22,0x00,0x00,0x87,0xa0,0x00,0x00,0x87,0xdd,0x00,0x00,0x07,0xe0,0x00,0x00,
0x2c,0x00,0x1d,0x04,0x35,0x00,0xeb,0x01,0x2c,0x05,0xeb,0x02,0x34,0xeb,0x03,0x01,0x09,0x3e,0x02,0x99,
0x06,0xdc,0xaf,0x03,0x7f,0x03,0x01,0x0d,0x0a,0x41,0x04,0x07,0x38,0x02,0x00,0xd9,0x56,0x00,0x00,0x00,
0x00,0x00,0x00,0x37,0x81,0x02,0xc9,0x02,0xd0,0x2c,0x47,0x00,0x87,0x16,0x00,0x00,0x07,0x00,0x73,0x70,
0x72,0x69,0x6e,0x74,0x66,0x00,0x0e,0x00,0x53,0x48,0x4f,0x57,0x5f,0x4d,0x41,0x53,0x4b,0x5f,0x43,0x41,
0x52,0x44,0x0f,0x00,0x47,0x45,0x54,0x5f,0x53,0x48,0x4f,0x57,0x5f,0x41,0x4d,0x4f,0x55,0x4e,0x54,0x00,
0x0f,0x00,0x47,0x4c,0x4f,0x42,0x41,0x4c,0x5f,0x47,0x45,0x54,0x5f,0x46,0x49,0x4c,0x45,0x00,0x1b,0x00,
0x47,0x4c,0x4f,0x42,0x41,0x4c,0x5f,0x41,0x52,0x52,0x41,0x59,0x42,0x55,0x46,0x46,0x45,0x52,0x5f,0x47,
0x45,0x54,0x5f,0x46,0x49,0x4c,0x45,0x00,0x0c,0x00,0x50,0x52,0x49,0x4e,0x54,0x5f,0x54,0x49,0x43,0x4b,
0x45,0x54,0x0d,0x00,0x67,0x65,0x74,0x50,0x72,0x69,0x6e,0x74,0x45,0x72,0x72,0x6f,0x72,0x00,0x08,0x00,
0x73,0x65,0x74,0x53,0x70,0x61,0x63,0x65,0x0c,0x00,0x61,0x64,0x64,0x54,0x65,0x78,0x74,0x53,0x70,0x61,
0x63,0x65,0x07,0x00,0x61,0x64,0x64,0x54,0x65,0x78,0x74,0x00,0x07,0x00,0x73,0x65,0x74,0x42,0x6f,0x6c,
0x64,0x00,0x0c,0x00,0x67,0x65,0x74,0x45,0x6e,0x74,0x72,0x79,0x4d,0x6f,0x64,0x65,0x07,0x00,0x61,0x64,
0x64,0x4c,0x69,0x6e,0x65,0x00,0x07,0x00,0x72,0x65,0x71,0x75,0x69,0x72,0x65,0x00,0x07,0x00,0x65,0x78,
0x70,0x6f,0x72,0x74,0x73,0x00,0x10,0x00,0x6d,0x6f,0x64,0x5f,0x67,0x6c,0x6f,0x62,0x61,0x6c,0x5f,0x66,
0x75,0x6e,0x63,0x73,0x15,0x00,0x6d,0x6f,0x64,0x5f,0x67,0x6c,0x6f,0x62,0x61,0x6c,0x5f,0x61,0x70,0x70,
0x5f,0x6d,0x61,0x6e,0x61,0x67,0x65,0x00,0x02,0x00,0x63,0x62,0x09,0x00,0x63,0x75,0x72,0x72,0x49,0x6e,
0x64,0x65,0x78,0x00,0x06,0x00,0x63,0x6f,0x6e,0x66,0x69,0x67,0x03,0x00,0x54,0x6f,0x73,0x00,0x12,0x00,
0x45,0x52,0x52,0x5f,0x50,0x52,0x4e,0x5f,0x50,0x41,0x50,0x45,0x52,0x5f,0x4c,0x41,0x43,0x4b,0x06,0x00,
0x72,0x65,0x73,0x75,0x6c,0x74,0x07,0x00,0x63,0x6f,0x6e,0x73,0x6f,0x6c,0x65,0x00,0x0c,0x00,0x41,0x4c,
0x49,0x47,0x4e,0x5f,0x43,0x45,0x4e,0x54,0x45,0x52,0x0a,0x00,0x41,0x4c,0x49,0x47,0x4e,0x5f,0x4c,0x45,
0x46,0x54,0x0b,0x00,0x41,0x4c,0x49,0x47,0x4e,0x5f,0x52,0x49,0x47,0x48,0x54,0x00,0x08,0x00,0x74,0x69,
0x6d,0x65,0x72,0x41,0x64,0x64,0x09,0x00,0x50,0x72,0x6e,0x53,0x74,0x61,0x74,0x75,0x73,0x00,0x04,0x00,
0x63,0x6f,0x64,0x65,0x07,0x00,0x53,0x79,0x73,0x42,0x65,0x65,0x70,0x00,0x08,0x00,0x50,0x72,0x6e,0x43,
0x6c,0x6f,0x73,0x65,0x07,0x00,0x6e,0x6f,0x50,0x61,0x70,0x65,0x72,0x00,0x0a,0x00,0x70,0x72,0x69,0x6e,
0x74,0x45,0x72,0x72,0x6f,0x72,0x03,0x00,0x6c,0x6f,0x67,0x00,0x25,0x00,0x50,0x52,0x49,0x4e,0x54,0x5f,
0x54,0x49,0x43,0x4b,0x45,0x54,0x20,0x20,0x66,0x69,0x6c,0x6c,0x65,0x64,0x20,0x64,0x61,0x74,0x61,0x20,
0x3d,0x3d,0x3d,0x3d,0x3d,0x3d,0x3e,0x3e,0x3e,0x3e,0x3e,0x00,0x0d,0x00,0x47,0x4c,0x4f,0x42,0x41,0x4c,
0x5f,0x43,0x4f,0x4e,0x46,0x49,0x47,0x00,0x05,0x00,0x53,0x4d,0x41,0x4c,0x4c,0x00,0x01,0x00,0x77,0x00,
0x01,0x00,0x68,0x00,0x06,0x00,0x4d,0x49,0x44,0x44,0x4c,0x45,0x05,0x00,0x4c,0x41,0x52,0x47,0x45,0x00,
0x08,0x00,0x43,0x4f,0x4e,0x53,0x54,0x41,0x4e,0x54,0x0a,0x00,0x54,0x52,0x41,0x4e,0x53,0x5f,0x54,0x59,
0x50,0x45,0x07,0x00,0x50,0x72,0x6e,0x49,0x6e,0x69,0x74,0x00,0x18,0x00,0x50,0x72,0x6e,0x49,0x6e,0x69,
0x74,0x20,0x66,0x61,0x69,0x6c,0x20,0x3d,0x3d,0x3d,0x3d,0x3d,0x3d,0x3e,0x3e,0x3e,0x3e,0x3e,0x0b,0x00,
0x50,0x4f,0x53,0x20,0x52,0x45,0x43,0x45,0x49,0x50,0x54,0x00,0x0e,0x00,0x4d,0x45,0x52,0x43,0x48,0x41,
0x4e,0x54,0x20,0x4e,0x41,0x4d,0x45,0x3a,0x18,0x00,0x63,0x75,0x73,0x74,0x6f,0x6d,0x65,0x72,0x4f,0x72,
0x67,0x61,0x6e,0x69,0x73,0x61,0x74,0x69,0x6f,0x6e,0x4e,0x61,0x6d,0x65,0x0b,0x00,0x74,0x6f,0x4c,0x6f,
0x77,0x65,0x72,0x43,0x61,0x73,0x65,0x00,0x0d,0x00,0x54,0x45,0x52,0x4d,0x49,0x4e,0x41,0x4c,0x20,0x4e,
0x4f,0x2e,0x3a,0x00,0x1e,0x00,0x63,0x75,0x73,0x74,0x6f,0x6d,0x65,0x72,0x4f,0x72,0x67,0x61,0x6e,0x69,
0x73,0x61,0x74,0x69,0x6f,0x6e,0x54,0x65,0x72,0x6d,0x69,0x6e,0x61,0x6c,0x49,0x64,0x09,0x00,0x4f,0x50,
0x45,0x52,0x41,0x54,0x4f,0x52,0x3a,0x00,0x02,0x00,0x4f,0x31,0x15,0x00,0x43,0x72,0x65,0x64,0x69,0x74,
0x20,0x41,0x63,0x63,0x6f,0x75,0x6e,0x74,0x20,0x4e,0x75,0x6d,0x62,0x65,0x72,0x00,0x0d,0x00,0x63,0x72,
0x65,0x64,0x69,0x74,0x41,0x63,0x63,0x6f,0x75,0x6e,0x74,0x00,0x14,0x00,0x43,0x72,0x65,0x64,0x69,0x74,
0x20,0x41,0x63,0x63,0x6f,0x75,0x6e,0x74,0x20,0x4e,0x61,0x6d,0x65,0x3a,0x11,0x00,0x63,0x72,0x65,0x64,
0x69,0x74,0x41,0x63,0x63,0x6f,0x75,0x6e,0x74,0x4e,0x61,0x6d,0x65,0x00,0x13,0x00,0x44,0x65,0x62,0x69,
0x74,0x20,0x41,0x63,0x63,0x6f,0x75,0x6e,0x74,0x20,0x4e,0x61,0x6d,0x65,0x3a,0x00,0x10,0x00,0x64,0x65,
0x62,0x69,0x74,0x41,0x63,0x63,0x6f,0x75,0x6e,0x74,0x4e,0x61,0x6d,0x65,0x09,0x00,0x74,0x72,0x61,0x6e,
0x73,0x54,0x79,0x70,0x65,0x00,0x07,0x00,0x42,0x41,0x4c,0x41,0x4e,0x43,0x45,0x00,0x06,0x00,0x61,0x6d,
0x6f,0x75,0x6e,0x74,0x0f,0x00,0x72,0x65,0x73,0x70,0x6f,0x6e,0x73,0x65,0x4d,0x65,0x73,0x73,0x61,0x67,
0x65,0x00,0x06,0x00,0x41,0x67,0x65,0x6e,0x74,0x3a,0x11,0x00,0x63,0x75,0x73,0x74,0x6f,0x6d,0x65,0x72,
0x46,0x69,0x72,0x73,0x74,0x4e,0x61,0x6d,0x65,0x00,0x32,0x00,0x2d,0x2d,0x2d,0x2d,0x2d,0x2d,0x2d,0x2d,
0x2d,0x2d,0x2d,0x2d,0x2d,0x2d,0x2d,0x2d,0x2d,0x2d,0x2d,0x2d,0x2d,0x2d,0x2d,0x2d,0x2d,0x2d,0x2d,0x2d,
0x2d,0x2d,0x2d,0x2d,0x2d,0x2d,0x2d,0x2d,0x2d,0x2d,0x2d,0x2d,0x2d,0x2d,0x2d,0x2d,0x2d,0x2d,0x2d,0x2d,
0x2d,0x2d,0x1b,0x00,0x63,0x75,0x73,0x74,0x6f,0x6d,0x65,0x72,0x4f,0x72,0x67,0x61,0x6e,0x69,0x73,0x61,
0x74,0x69,0x6f,0x6e,0x41,0x64,0x64,0x72,0x65,0x73,0x73,0x00,0x3c,0x00,0x49,0x20,0x41,0x43,0x4b,0x4e,
0x4f,0x57,0x4c,0x45,0x44,0x47,0x45,0x20,0x53,0x41,0x54,0x49,0x53,0x46,0x41,0x43,0x54,0x4f,0x52,0x59,
0x20,0x52,0x45,0x43,0x45,0x49,0x50,0x54,0x20,0x4f,0x46,0x20,0x52,0x45,0x4c,0x41,0x54,0x49,0x56,0x45,
0x20,0x47,0x4f,0x4f,0x44,0x53,0x2f,0x53,0x45,0x52,0x56,0x49,0x43,0x45,0x15,0x00,0x2a,0x2a,0x2a,0x20,
0x4d,0x45,0x52,0x43,0x48,0x41,0x4e,0x54,0x20,0x43,0x4f,0x50,0x59,0x20,0x2a,0x2a,0x2a,0x00,0x17,0x00,
0x2a,0x2a,0x2a,0x20,0x43,0x41,0x52,0x44,0x48,0x4f,0x4c,0x44,0x45,0x52,0x20,0x43,0x4f,0x50,0x59,0x20,
0x2a,0x2a,0x2a,0x00,0x0f,0x00,0x2a,0x2a,0x2a,0x20,0x52,0x65,0x70,0x72,0x69,0x6e,0x74,0x20,0x2a,0x2a,
0x2a,0x00,0x08,0x00,0x50,0x72,0x6e,0x53,0x74,0x61,0x72,0x74,0x29,0x00,0x50,0x52,0x49,0x4e,0x54,0x5f,
0x54,0x49,0x43,0x4b,0x45,0x54,0x20,0x20,0x66,0x69,0x6c,0x6c,0x65,0x64,0x20,0x64,0x61,0x74,0x61,0x20,
0x65,0x6e,0x64,0x20,0x3d,0x3d,0x3d,0x3d,0x3d,0x3d,0x3e,0x3e,0x3e,0x3e,0x3e,0x00,0x0a,0x00,0x52,0x45,
0x54,0x5f,0x52,0x45,0x4d,0x4f,0x56,0x45,0x0c,0x00,0x45,0x52,0x52,0x5f,0x50,0x52,0x4e,0x5f,0x42,0x55,
0x53,0x59,0x0a,0x00,0x52,0x45,0x54,0x5f,0x52,0x45,0x50,0x45,0x41,0x54,0x1b,0x00,0x54,0x6f,0x73,0x2e,
0x50,0x72,0x6e,0x53,0x74,0x61,0x74,0x75,0x73,0x20,0x20,0x3d,0x3d,0x3d,0x3d,0x3d,0x3d,0x3e,0x3e,0x3e,
0x3e,0x3e,0x20,0x00,0x0a,0x00,0x70,0x72,0x69,0x6e,0x74,0x43,0x6f,0x75,0x6e,0x74,0x09,0x00,0x70,0x72,
0x69,0x6e,0x74,0x4e,0x65,0x78,0x74,0x00,0x09,0x00,0x70,0x72,0x69,0x6e,0x74,0x44,0x6f,0x6e,0x65,0x00,
0x00,0x00,0x10,0x00,0x45,0x52,0x52,0x5f,0x50,0x52,0x4e,0x5f,0x4e,0x4f,0x54,0x5f,0x4f,0x50,0x45,0x4e,
0x12,0x00,0x45,0x52,0x52,0x5f,0x50,0x52,0x4e,0x5f,0x48,0x49,0x47,0x48,0x54,0x5f,0x54,0x45,0x4d,0x50,
0x13,0x00,0x45,0x52,0x52,0x5f,0x50,0x52,0x4e,0x5f,0x4c,0x4f,0x57,0x5f,0x42,0x41,0x54,0x54,0x45,0x52,
0x59,0x00,0x1b,0x00,0x45,0x52,0x52,0x5f,0x50,0x52,0x4e,0x5f,0x57,0x49,0x44,0x54,0x48,0x5f,0x4f,0x55,
0x54,0x5f,0x4f,0x46,0x5f,0x42,0x4f,0x55,0x4e,0x44,0x53,0x00,0x1c,0x00,0x45,0x52,0x52,0x5f,0x50,0x52,
0x4e,0x5f,0x48,0x45,0x49,0x47,0x48,0x54,0x5f,0x4f,0x55,0x54,0x5f,0x4f,0x46,0x5f,0x42,0x4f,0x55,0x4e,
0x44,0x53,0x1c,0x00,0x45,0x52,0x52,0x5f,0x50,0x52,0x4e,0x5f,0x43,0x41,0x4e,0x56,0x41,0x53,0x5f,0x4f,
0x55,0x54,0x5f,0x4f,0x46,0x5f,0x42,0x4f,0x55,0x4e,0x44,0x53,0x14,0x00,0x45,0x52,0x52,0x5f,0x50,0x52,
0x4e,0x5f,0x46,0x4f,0x4e,0x54,0x5f,0x4e,0x4f,0x54,0x5f,0x53,0x45,0x54,0x10,0x00,0x45,0x52,0x52,0x5f,
0x50,0x52,0x4e,0x5f,0x53,0x45,0x54,0x5f,0x46,0x4f,0x4e,0x54,0x19,0x00,0x45,0x52,0x52,0x5f,0x50,0x52,
0x4e,0x5f,0x43,0x41,0x4e,0x56,0x41,0x53,0x5f,0x4e,0x4f,0x5f,0x43,0x4f,0x4e,0x54,0x45,0x4e,0x54,0x00,
0x0e,0x00,0x45,0x52,0x52,0x5f,0x50,0x52,0x4e,0x5f,0x55,0x4e,0x4b,0x4e,0x4f,0x57,0x11,0x00,0x50,0x72,
0x69,0x6e,0x74,0x20,0x69,0x73,0x20,0x6e,0x6f,0x74,0x20,0x6f,0x70,0x65,0x6e,0x00,0x17,0x00,0x54,0x65,
0x6d,0x70,0x65,0x72,0x61,0x74,0x75,0x72,0x65,0x20,0x69,0x73,0x20,0x74,0x6f,0x6f,0x20,0x68,0x69,0x67,
0x68,0x00,0x0b,0x00,0x4c,0x6f,0x77,0x20,0x62,0x61,0x74,0x74,0x65,0x72,0x79,0x00,0x17,0x00,0x54,0x68,
0x65,0x20,0x77,0x69,0x64,0x74,0x68,0x20,0x6f,0x75,0x74,0x20,0x6f,0x66,0x20,0x62,0x6f,0x75,0x6e,0x64,
0x73,0x00,0x18,0x00,0x54,0x68,0x65,0x20,0x68,0x65,0x69,0x67,0x68,0x74,0x20,0x6f,0x75,0x74,0x20,0x6f,
0x66,0x20,0x62,0x6f,0x75,0x6e,0x64,0x73,0x1d,0x00,0x43,0x61,0x6e,0x76,0x61,0x73,0x20,0x28,0x62,0x75,
0x66,0x66,0x65,0x72,0x29,0x20,0x6f,0x75,0x74,0x20,0x6f,0x66,0x20,0x62,0x6f,0x75,0x6e,0x64,0x73,0x00,
0x15,0x00,0x50,0x72,0x69,0x6e,0x74,0x20,0x66,0x6f,0x6e,0x74,0x20,0x69,0x73,0x20,0x6e,0x6f,0x74,0x20,
0x73,0x65,0x74,0x00,0x14,0x00,0x53,0x65,0x74,0x20,0x70,0x72,0x69,0x6e,0x74,0x20,0x66,0x6f,0x6e,0x74,
0x20,0x65,0x72,0x72,0x6f,0x72,0x1e,0x00,0x43,0x61,0x6e,0x76,0x61,0x73,0x20,0x28,0x62,0x75,0x66,0x66,
0x65,0x72,0x29,0x20,0x68,0x61,0x73,0x20,0x6e,0x6f,0x20,0x63,0x6f,0x6e,0x74,0x65,0x6e,0x74,0x0d,0x00,
0x55,0x6e,0x6b,0x6e,0x6f,0x77,0x6e,0x20,0x65,0x72,0x72,0x6f,0x72,0x00,0x0b,0x00,0x50,0x72,0x6e,0x53,
0x70,0x61,0x63,0x65,0x53,0x65,0x74,0x00,0x01,0x00,0x0a,0x00,0x0e,0x00,0x50,0x72,0x6e,0x46,0x6f,0x6e,
0x74,0x53,0x69,0x7a,0x65,0x53,0x65,0x74,0x06,0x00,0x50,0x72,0x6e,0x53,0x74,0x72,0x0a,0x00,0x45,0x4e,
0x54,0x52,0x59,0x5f,0x4d,0x4f,0x44,0x45,0x06,0x00,0x4d,0x41,0x4e,0x55,0x41,0x4c,0x03,0x00,0x28,0x4d,
0x29,0x00,0x03,0x00,0x4d,0x41,0x47,0x00,0x03,0x00,0x28,0x53,0x29,0x00,0x06,0x00,0x49,0x4e,0x53,0x45,
0x52,0x54,0x03,0x00,0x28,0x49,0x29,0x00,0x02,0x00,0x52,0x46,0x03,0x00,0x28,0x43,0x29,0x00,0x02,0x00,
0x51,0x52,0x04,0x00,0x28,0x51,0x52,0x29,0x00,0x00,0x00,0x00,};/*3912*/
