TK_CONST_DATA_ALIGN(const unsigned char script_eSign[]) = {
0x07,0x00,0x01,0x01,0xd8,0x05,0x00,0x00,0x00,0x00,0x00,0x00,0x65,0x53,0x69,0x67,0x6e,0x00,0x00,0x00,
0x00,0x00,0x00,0x00,0x00,0x00,0x00,0x00,0x00,0x00,0x00,0x00,0x00,0x00,0x00,0x00,0x00,0x00,0x00,0x00,
0x00,0x00,0x00,0x00,0x4a,0x52,0x52,0x59,0x46,0x00,0x00,0x00,0x00,0x00,0x00,0x00,0xc8,0x02,0x00,0x00,
0x01,0x00,0x00,0x00,0x18,0x00,0x00,0x00,0x16,0x00,0x01,0x00,0x00,0x30,0x05,0x00,0xe0,0x27,0x47,0x00,
0x01,0x06,0x12,0x16,0x07,0x00,0x00,0x00,0x47,0x02,0x00,0x00,0x87,0x04,0x00,0x00,0x47,0x08,0x00,0x00,
0x87,0x09,0x00,0x00,0x07,0x0b,0x00,0x00,0x07,0x00,0x00,0x00,0x47,0x02,0x00,0x00,0x87,0x04,0x00,0x00,
0x07,0x0e,0x00,0x00,0x07,0x0f,0x00,0x00,0xc7,0x0f,0x00,0x00,0x87,0x10,0x00,0x00,0xc7,0x11,0x00,0x00,
0x07,0x13,0x00,0x00,0xc7,0x14,0x00,0x00,0x07,0x16,0x00,0x00,0xb0,0x00,0x00,0x00,0xc8,0x01,0x00,0x00,
0x70,0x02,0x00,0x00,0x90,0x02,0x00,0x00,0x47,0x01,0x47,0x02,0x47,0x03,0x51,0x01,0x51,0x02,0x51,0x03,
0x2d,0x04,0x06,0xd1,0x3b,0x07,0xdf,0x01,0x2d,0x04,0x06,0xd1,0x3b,0x08,0xdf,0x02,0x2d,0x04,0x06,0xd1,
0x3b,0x09,0xdf,0x03,0x2d,0x05,0x0a,0x14,0x14,0x28,0x18,0x0c,0x18,0x0b,0x14,0x18,0x0d,0x58,0x12,0x0e,
0x58,0x13,0x0f,0x58,0x14,0x10,0x58,0x15,0x11,0xd8,0x56,0x00,0x00,0x00,0x00,0x00,0x40,0x28,0x47,0x00,
0x87,0x44,0x00,0x00,0x23,0x00,0x01,0x00,0x30,0x80,0x05,0x00,0xe0,0x27,0x47,0x00,0x05,0x08,0x24,0x24,
0x07,0x18,0x00,0x00,0x47,0x19,0x00,0x00,0x87,0x04,0x00,0x00,0x07,0x1a,0x00,0x00,0xc7,0x1a,0x00,0x00,
0x87,0x1d,0x00,0x00,0x07,0x20,0x00,0x00,0x07,0x21,0x00,0x00,0xc7,0x23,0x00,0x00,0x47,0x25,0x00,0x00,
0x07,0x28,0x00,0x00,0x07,0x29,0x00,0x00,0xc7,0x29,0x00,0x00,0x87,0x2b,0x00,0x00,0x47,0x2c,0x00,0x00,
0x00,0xa6,0x0e,0x00,0xc7,0x2d,0x00,0x00,0x07,0x30,0x00,0x00,0x87,0x31,0x00,0x00,0x87,0x34,0x00,0x00,
0x47,0x36,0x00,0x00,0x00,0x00,0x00,0x00,0x47,0x3b,0x00,0x00,0x87,0x3d,0x00,0x00,0xc7,0x3e,0x00,0x00,
0x07,0x40,0x00,0x00,0x07,0x0f,0x00,0x00,0x87,0x41,0x00,0x00,0x07,0x43,0x00,0x00,0x87,0x44,0x00,0x00,
0xc7,0x44,0x00,0x00,0x41,0x05,0x08,0x2c,0x09,0xd3,0x3c,0x06,0x0a,0x3b,0x0b,0xeb,0x00,0x41,0x05,0x08,
0x2c,0x0c,0xd3,0x3c,0x00,0x0d,0xeb,0x01,0x41,0x05,0x08,0x2d,0x0e,0x01,0xd9,0x14,0x58,0x10,0x0f,0x58,
0x12,0x11,0x58,0x14,0x13,0x35,0x00,0x18,0x15,0x35,0x01,0x18,0x16,0xeb,0x02,0x41,0x05,0x08,0x2c,0x17,
0xd3,0x41,0x06,0x18,0x2c,0x02,0xd4,0xeb,0x03,0x41,0x05,0x08,0x2c,0x19,0xd3,0x7f,0x03,0x1a,0x11,0x0a,
0x41,0x05,0x08,0x2c,0x1b,0xd3,0x01,0x28,0x3c,0x06,0x1c,0x3b,0x1d,0x3b,0x1e,0x99,0x01,0xeb,0x04,0x2d,
0x07,0x03,0x3b,0x1f,0x3b,0x20,0x2c,0x04,0xd6,0x3c,0x06,0x0a,0x3b,0x0b,0x9a,0x01,0x22,0xe5,0x21,0x41,
0x05,0x08,0x2d,0x23,0x04,0xd9,0x56,0x00,0x00,0x00,0x00,0x45,0x87,0x4f,0x82,0x02,0xf8,0x2a,0x47,0x00,
0xc7,0x11,0x00,0x00,0x15,0x00,0x01,0x00,0x30,0x10,0x08,0x01,0xe0,0x27,0x47,0x00,0x01,0x05,0x14,0x14,
0x07,0x18,0x00,0x00,0x47,0x19,0x00,0x00,0x87,0x48,0x00,0x00,0x47,0x49,0x00,0x00,0x07,0x1a,0x00,0x00,
0x87,0x4b,0x00,0x00,0xc7,0x11,0x00,0x00,0xc7,0x0f,0x00,0x00,0x87,0x50,0x00,0x00,0x87,0x52,0x00,0x00,
0xc7,0x53,0x00,0x00,0x07,0x56,0x00,0x00,0x87,0x57,0x00,0x00,0x87,0x58,0x00,0x00,0x87,0x59,0x00,0x00,
0x87,0x5b,0x00,0x00,0x47,0x5c,0x00,0x00,0x07,0x0f,0x00,0x00,0x87,0x5d,0x00,0x00,0x41,0x01,0x05,0x2c,
0x06,0xd3,0x42,0x07,0xcd,0x2c,0x00,0x11,0x09,0x3c,0x02,0x09,0x3b,0x0a,0xe8,0x08,0x41,0x01,0x05,0x2d,
0x0b,0x03,0x40,0x0c,0x2c,0x00,0xd4,0xd9,0x2c,0x04,0x14,0x58,0x0e,0x0d,0x31,0x18,0x0f,0x58,0x11,0x10,
0x3d,0x08,0x18,0x12,0xd0,0x41,0x01,0x05,0x2c,0x13,0xd3,0x56,0x00,0x00,0x00,0x00,0x00,0x00,0x00,0x5f,
0x83,0x28,0x8a,0x02,0x78,0x29,0x47,0x00,0x07,0x13,0x00,0x00,0x04,0x00,0x01,0x00,0x30,0x10,0x00,0x00,
0xe0,0x27,0x47,0x00,0x00,0x00,0x00,0x00,0x56,0x00,0x00,0x00,0x16,0x17,0x8e,0x02,0x90,0x29,0x47,0x00,
0xc7,0x14,0x00,0x00,0x04,0x00,0x01,0x00,0x30,0x10,0x00,0x00,0xe0,0x27,0x47,0x00,0x00,0x00,0x00,0x00,
0x56,0x00,0x00,0x00,0x14,0x43,0x8e,0x02,0xb8,0x29,0x47,0x00,0x07,0x16,0x00,0x00,0x10,0x00,0x47,0x4c,
0x4f,0x42,0x41,0x4c,0x5f,0x46,0x49,0x4c,0x45,0x5f,0x53,0x41,0x56,0x45,0x0f,0x00,0x47,0x4c,0x4f,0x42,
0x41,0x4c,0x5f,0x47,0x45,0x54,0x5f,0x46,0x49,0x4c,0x45,0x00,0x1c,0x00,0x47,0x4c,0x4f,0x42,0x41,0x4c,
0x5f,0x41,0x52,0x52,0x41,0x59,0x42,0x55,0x46,0x46,0x45,0x52,0x5f,0x46,0x49,0x4c,0x45,0x5f,0x53,0x41,
0x56,0x45,0x07,0x00,0x72,0x65,0x71,0x75,0x69,0x72,0x65,0x00,0x09,0x00,0x56,0x69,0x65,0x77,0x4d,0x6f,
0x64,0x65,0x6c,0x00,0x15,0x00,0x6d,0x6f,0x64,0x5f,0x67,0x6c,0x6f,0x62,0x61,0x6c,0x5f,0x61,0x70,0x70,
0x5f,0x6d,0x61,0x6e,0x61,0x67,0x65,0x00,0x05,0x00,0x65,0x53,0x69,0x67,0x6e,0x00,0x04,0x00,0x64,0x61,
0x74,0x61,0x04,0x00,0x75,0x73,0x65,0x72,0x07,0x00,0x6d,0x65,0x74,0x68,0x6f,0x64,0x73,0x00,0x07,0x00,
0x67,0x65,0x74,0x53,0x69,0x67,0x6e,0x00,0x0b,0x00,0x6f,0x6e,0x57,0x69,0x6c,0x6c,0x4d,0x6f,0x75,0x6e,
0x74,0x00,0x07,0x00,0x6f,0x6e,0x4d,0x6f,0x75,0x6e,0x74,0x00,0x0d,0x00,0x6f,0x6e,0x57,0x69,0x6c,0x6c,
0x55,0x6e,0x6d,0x6f,0x75,0x6e,0x74,0x00,0x07,0x00,0x63,0x6f,0x6e,0x73,0x6f,0x6c,0x65,0x00,0x03,0x00,
0x54,0x6f,0x73,0x00,0x03,0x00,0x6c,0x6f,0x67,0x00,0x13,0x00,0x3d,0x3d,0x3d,0x67,0x65,0x74,0x53,0x69,
0x67,0x6e,0x20,0x73,0x74,0x61,0x72,0x74,0x31,0x31,0x31,0x00,0x12,0x00,0x47,0x4c,0x4f,0x42,0x41,0x4c,
0x5f,0x54,0x52,0x41,0x4e,0x53,0x41,0x43,0x54,0x49,0x4f,0x4e,0x05,0x00,0x74,0x72,0x61,0x6e,0x73,0x00,
0x14,0x00,0x3d,0x3d,0x3d,0x67,0x65,0x74,0x53,0x69,0x67,0x6e,0x20,0x6d,0x69,0x64,0x64,0x6c,0x65,0x31,
0x31,0x31,0x09,0x00,0x76,0x6f,0x75,0x63,0x68,0x65,0x72,0x4e,0x6f,0x00,0x13,0x00,0x3d,0x3d,0x3d,0x67,
0x65,0x74,0x53,0x69,0x67,0x6e,0x20,0x74,0x72,0x61,0x6e,0x73,0x4e,0x6f,0x20,0x00,0x05,0x00,0x74,0x69,
0x74,0x6c,0x65,0x00,0x04,0x00,0x53,0x69,0x67,0x6e,0x0c,0x00,0x66,0x65,0x61,0x74,0x75,0x72,0x65,0x5f,
0x63,0x6f,0x64,0x65,0x03,0x00,0x20,0x20,0x20,0x00,0x0a,0x00,0x74,0x69,0x6d,0x65,0x6f,0x75,0x74,0x5f,
0x6d,0x73,0x0f,0x00,0x69,0x73,0x5f,0x65,0x6e,0x61,0x62,0x6c,0x65,0x5f,0x65,0x78,0x69,0x73,0x74,0x00,
0x0a,0x00,0x6c,0x69,0x6e,0x65,0x5f,0x76,0x61,0x6c,0x75,0x65,0x15,0x00,0x3d,0x3d,0x3d,0x67,0x65,0x74,
0x53,0x69,0x67,0x6e,0x20,0x6d,0x69,0x64,0x64,0x6c,0x65,0x32,0x31,0x33,0x20,0x00,0x0c,0x00,0x53,0x79,
0x73,0x47,0x6f,0x74,0x6f,0x45,0x73,0x69,0x67,0x6e,0x25,0x00,0x54,0x6f,0x73,0x2e,0x53,0x79,0x73,0x47,
0x6f,0x74,0x6f,0x45,0x73,0x69,0x67,0x6e,0x5f,0x72,0x65,0x73,0x20,0x62,0x65,0x67,0x69,0x6e,0x20,0x77,
0x72,0x69,0x74,0x65,0x20,0x66,0x69,0x6c,0x65,0x00,0x0f,0x00,0x3d,0x3d,0x3d,0x67,0x65,0x74,0x53,0x69,
0x67,0x6e,0x20,0x66,0x61,0x69,0x6c,0x00,0x08,0x00,0x43,0x4f,0x4e,0x53,0x54,0x41,0x4e,0x54,0x08,0x00,
0x66,0x69,0x6c,0x65,0x50,0x61,0x74,0x68,0x09,0x00,0x65,0x73,0x69,0x67,0x6e,0x46,0x69,0x6c,0x65,0x00,
0x09,0x00,0x73,0x69,0x67,0x6e,0x5f,0x64,0x61,0x74,0x61,0x00,0x0a,0x00,0x65,0x53,0x69,0x67,0x6e,0x61,
0x74,0x75,0x72,0x65,0x00,0x00,0x1c,0x00,0x20,0x65,0x53,0x69,0x67,0x6e,0x61,0x74,0x75,0x72,0x65,0x20,
0x3d,0x3d,0x3d,0x3d,0x3d,0x3d,0x3d,0x3d,0x3d,0x3d,0x3d,0x3d,0x3d,0x3d,0x3e,0x20,0x04,0x00,0x4a,0x53,
0x4f,0x4e,0x0f,0x00,0x6e,0x61,0x76,0x69,0x67,0x61,0x74,0x65,0x52,0x65,0x70,0x6c,0x61,0x63,0x65,0x00,
0x26,0x00,0x6f,0x6e,0x57,0x69,0x6c,0x6c,0x4d,0x6f,0x75,0x6e,0x74,0x20,0x74,0x68,0x69,0x73,0x2e,0x67,
0x65,0x74,0x53,0x69,0x67,0x6e,0x28,0x29,0x20,0x3d,0x3d,0x3d,0x3d,0x3d,0x3d,0x3d,0x3d,0x3d,0x3d,0x3e,
0x0d,0x00,0x47,0x4c,0x4f,0x42,0x41,0x4c,0x5f,0x43,0x4f,0x4e,0x46,0x49,0x47,0x00,0x08,0x00,0x75,0x73,
0x65,0x72,0x49,0x6e,0x66,0x6f,0x10,0x00,0x65,0x73,0x69,0x67,0x6e,0x20,0x75,0x73,0x65,0x72,0x20,0x3d,
0x3d,0x3d,0x3d,0x3e,0x09,0x00,0x73,0x74,0x72,0x69,0x6e,0x67,0x69,0x66,0x79,0x00,0x06,0x00,0x74,0x61,
0x72,0x67,0x65,0x74,0x06,0x00,0x72,0x65,0x73,0x75,0x6c,0x74,0x0d,0x00,0x63,0x6c,0x6f,0x73,0x65,0x5f,
0x63,0x75,0x72,0x72,0x65,0x6e,0x74,0x00,0x04,0x00,0x74,0x79,0x70,0x65,0x07,0x00,0x73,0x75,0x63,0x63,
0x65,0x73,0x73,0x00,0x21,0x00,0x65,0x6d,0x76,0x43,0x42,0x73,0x20,0x74,0x68,0x69,0x73,0x2e,0x67,0x65,
0x74,0x53,0x69,0x67,0x6e,0x28,0x29,0x20,0x3d,0x3d,0x3d,0x3d,0x3d,0x3d,0x3d,0x3d,0x3d,0x3d,0x3e,0x00,
0x00,0x00,0x00,0x00,};/*1544*/
