TK_CONST_DATA_ALIGN(const unsigned char script_inputAuthCode[]) = {
0x80,0x00,0x01,0x01,0x20,0x0b,0x00,0x00,0x00,0x00,0x00,0x00,0x69,0x6e,0x70,0x75,0x74,0x41,0x75,0x74,
0x68,0x43,0x6f,0x64,0x65,0x00,0x00,0x00,0x00,0x00,0x00,0x00,0x00,0x00,0x00,0x00,0x00,0x00,0x00,0x00,
0x00,0x00,0x00,0x00,0x4a,0x52,0x52,0x59,0x46,0x00,0x00,0x00,0x00,0x00,0x00,0x00,0x08,0x07,0x00,0x00,
0x01,0x00,0x00,0x00,0x18,0x00,0x00,0x00,0x25,0x00,0x01,0x00,0x00,0x30,0x05,0x00,0x90,0x27,0x47,0x00,
0x01,0x04,0x23,0x2d,0x07,0x00,0x00,0x00,0xc7,0x01,0x00,0x00,0x07,0x03,0x00,0x00,0x87,0x04,0x00,0x00,
0x07,0x00,0x00,0x00,0xc7,0x06,0x00,0x00,0xc7,0x08,0x00,0x00,0x87,0x09,0x00,0x00,0x87,0x0a,0x00,0x00,
0xc7,0x0a,0x00,0x00,0x87,0x0c,0x00,0x00,0x47,0x0d,0x00,0x00,0x87,0x0e,0x00,0x00,0x07,0x0f,0x00,0x00,
0x07,0x10,0x00,0x00,0x47,0x11,0x00,0x00,0xc7,0x14,0x00,0x00,0x47,0x16,0x00,0x00,0x47,0x17,0x00,0x00,
0x07,0x18,0x00,0x00,0x47,0x19,0x00,0x00,0x87,0x1a,0x00,0x00,0xc7,0x1b,0x00,0x00,0x47,0x1d,0x00,0x00,
0x87,0x1e,0x00,0x00,0xc7,0x20,0x00,0x00,0x47,0x22,0x00,0x00,0xc7,0x23,0x00,0x00,0x87,0x25,0x00,0x00,
0x07,0x27,0x00,0x00,0x07,0x29,0x00,0x00,0x87,0x2a,0x00,0x00,0x47,0x2c,0x00,0x00,0x87,0x2d,0x00,0x00,
0x28,0x01,0x00,0x00,0xe0,0x03,0x00,0x00,0x30,0x04,0x00,0x00,0x98,0x04,0x00,0x00,0xc8,0x04,0x00,0x00,
0x18,0x05,0x00,0x00,0xc8,0x05,0x00,0x00,0x28,0x06,0x00,0x00,0xa0,0x06,0x00,0x00,0xc8,0x06,0x00,0x00,
0x47,0x01,0x51,0x01,0x2d,0x02,0x04,0xd1,0x3b,0x05,0xdf,0x01,0x2d,0x03,0x06,0x14,0x14,0x58,0x09,0x08,
0x58,0x0b,0x0a,0x58,0x0d,0x0c,0x32,0x18,0x0e,0x58,0x10,0x0f,0x35,0x05,0x18,0x11,0x14,0x18,0x12,0x14,
0x18,0x13,0x58,0x09,0x14,0x34,0x18,0x15,0x28,0x18,0x16,0x34,0x18,0x17,0x18,0x07,0x14,0x58,0x23,0x19,
0x58,0x24,0x1a,0x58,0x25,0x1b,0x58,0x26,0x1c,0x58,0x27,0x1d,0x58,0x28,0x1e,0x58,0x29,0x1f,0x18,0x18,
0x58,0x2a,0x20,0x58,0x2b,0x21,0x58,0x2c,0x22,0xd8,0x56,0x00,0x00,0x00,0x00,0x00,0x60,0x2a,0x47,0x00,
0x87,0x0a,0x00,0x00,0x57,0x00,0x01,0x00,0x30,0x10,0x08,0x01,0x90,0x27,0x47,0x00,0x03,0x06,0x59,0x59,
0x07,0x2f,0x00,0x00,0x47,0x30,0x00,0x00,0x07,0x31,0x00,0x00,0xc7,0x31,0x00,0x00,0x87,0x32,0x00,0x00,
0x07,0x35,0x00,0x00,0x87,0x35,0x00,0x00,0x07,0x36,0x00,0x00,0x87,0x36,0x00,0x00,0x07,0x37,0x00,0x00,
0x87,0x37,0x00,0x00,0x07,0x38,0x00,0x00,0x87,0x38,0x00,0x00,0x07,0x39,0x00,0x00,0x87,0x39,0x00,0x00,
0x07,0x3a,0x00,0x00,0x87,0x3a,0x00,0x00,0x07,0x3b,0x00,0x00,0x87,0x3b,0x00,0x00,0x07,0x3c,0x00,0x00,
0x87,0x3c,0x00,0x00,0x07,0x3d,0x00,0x00,0x87,0x3d,0x00,0x00,0x07,0x3e,0x00,0x00,0x87,0x3e,0x00,0x00,
0x07,0x3f,0x00,0x00,0x87,0x3f,0x00,0x00,0x07,0x40,0x00,0x00,0x87,0x40,0x00,0x00,0x07,0x41,0x00,0x00,
0x87,0x41,0x00,0x00,0x07,0x42,0x00,0x00,0x87,0x42,0x00,0x00,0x07,0x43,0x00,0x00,0x87,0x43,0x00,0x00,
0x07,0x44,0x00,0x00,0x87,0x44,0x00,0x00,0x07,0x45,0x00,0x00,0x87,0x45,0x00,0x00,0x07,0x46,0x00,0x00,
0x87,0x46,0x00,0x00,0x07,0x47,0x00,0x00,0x87,0x47,0x00,0x00,0x07,0x48,0x00,0x00,0x87,0x48,0x00,0x00,
0x07,0x49,0x00,0x00,0x87,0x49,0x00,0x00,0x07,0x4a,0x00,0x00,0x87,0x4a,0x00,0x00,0x07,0x4b,0x00,0x00,
0x87,0x4b,0x00,0x00,0x07,0x4c,0x00,0x00,0x87,0x4c,0x00,0x00,0x07,0x4d,0x00,0x00,0x87,0x4d,0x00,0x00,
0x07,0x4e,0x00,0x00,0x87,0x4e,0x00,0x00,0x07,0x4f,0x00,0x00,0x87,0x4f,0x00,0x00,0x07,0x50,0x00,0x00,
0x87,0x50,0x00,0x00,0x07,0x51,0x00,0x00,0x87,0x51,0x00,0x00,0x07,0x52,0x00,0x00,0x87,0x52,0x00,0x00,
0x07,0x53,0x00,0x00,0x87,0x53,0x00,0x00,0x07,0x54,0x00,0x00,0x87,0x54,0x00,0x00,0x07,0x55,0x00,0x00,
0x87,0x55,0x00,0x00,0x07,0x56,0x00,0x00,0x87,0x56,0x00,0x00,0x07,0x57,0x00,0x00,0x87,0x57,0x00,0x00,
0x87,0x59,0x00,0x00,0x87,0x5d,0x00,0x00,0xc7,0x1b,0x00,0x00,0x07,0x5f,0x00,0x00,0x20,0x00,0x00,0x00,
0x87,0x1a,0x00,0x00,0x07,0x18,0x00,0x00,0xc7,0x5f,0x00,0x00,0x47,0x19,0x00,0x00,0xc7,0x60,0x00,0x00,
0xc7,0x61,0x00,0x00,0x41,0x03,0x06,0x2d,0x07,0x00,0xd9,0x1c,0xeb,0x01,0x2d,0x00,0x08,0x25,0x2a,0x2c,
0x09,0x25,0x37,0x2c,0x0a,0x25,0x42,0x2c,0x0b,0x25,0x4f,0x2c,0x0c,0x25,0x5c,0x2c,0x0d,0x25,0x69,0x2c,
0x0e,0x25,0x76,0x2c,0x0f,0x25,0x83,0x2c,0x10,0x25,0x90,0x2c,0x11,0x77,0x09,0x9c,0x02,0x00,0xa9,0x1c,
0x2f,0x08,0x12,0x13,0x2f,0x14,0x15,0x16,0x2c,0x17,0x20,0x07,0xeb,0x01,0x01,0x97,0x1c,0x2f,0x09,0x18,
0x19,0x2f,0x1a,0x1b,0x1c,0x20,0x06,0xeb,0x01,0x01,0x88,0x1c,0x2f,0x0a,0x1d,0x1e,0x2f,0x1f,0x20,0x21,
0x2c,0x22,0x20,0x07,0xeb,0x01,0x01,0x77,0x1c,0x2f,0x0b,0x23,0x24,0x2f,0x25,0x26,0x27,0x2c,0x28,0x20,
0x07,0xeb,0x01,0x01,0x66,0x1c,0x2f,0x0c,0x29,0x2a,0x2f,0x2b,0x2c,0x2d,0x2c,0x2e,0x20,0x07,0xeb,0x01,
0x01,0x55,0x1c,0x2f,0x0d,0x2f,0x30,0x2f,0x31,0x32,0x33,0x2c,0x34,0x20,0x07,0xeb,0x01,0x01,0x44,0x1c,
0x2f,0x0e,0x35,0x36,0x2f,0x37,0x38,0x39,0x2c,0x3a,0x20,0x07,0xeb,0x01,0x01,0x33,0x1c,0x2f,0x0f,0x3b,
0x3c,0x2f,0x3d,0x3e,0x3f,0x2c,0x40,0x20,0x07,0xeb,0x01,0x01,0x22,0x1c,0x2f,0x10,0x41,0x42,0x2f,0x43,
0x44,0x45,0x2c,0x46,0x20,0x07,0xeb,0x01,0x01,0x11,0x1c,0x2f,0x11,0x47,0x48,0x2f,0x49,0x4a,0x4b,0x2c,
0x4c,0x20,0x07,0xeb,0x01,0x41,0x04,0x4d,0xce,0xeb,0x02,0x41,0x03,0x06,0x2d,0x4e,0x05,0x40,0x4f,0x2c,
0x02,0xd4,0x3d,0x50,0x3c,0x02,0x51,0x3d,0x50,0x9b,0xc7,0x04,0x3c,0x02,0x51,0x3d,0x50,0x9b,0x7e,0x52,
0x21,0x06,0x3d,0x53,0x72,0x00,0x11,0x25,0x3d,0x54,0x40,0x55,0x34,0x36,0x00,0xda,0xe8,0x54,0x42,0x54,
0x2c,0x01,0x3d,0x56,0x3a,0x98,0xdc,0x2e,0x56,0xac,0x3d,0x56,0x3c,0x01,0x57,0x71,0x11,0x05,0x34,0xe8,
0x56,0x01,0x0a,0x42,0x54,0x99,0x00,0xdc,0x34,0xe8,0x56,0x3c,0x02,0x51,0xe8,0x50,0x42,0x58,0xcd,0x2c,
0x00,0xe8,0x53,0x56,0x00,0x00,0x00,0x70,0x91,0x74,0x84,0x02,0x38,0x38,0x47,0x00,0x87,0x1e,0x00,0x00,
0x0a,0x00,0x01,0x00,0x30,0x10,0x05,0x00,0x90,0x27,0x47,0x00,0x00,0x00,0x06,0x06,0x07,0x18,0x00,0x00,
0xc7,0x60,0x00,0x00,0x00,0x00,0x00,0x00,0x47,0x64,0x00,0x00,0x10,0x00,0x00,0x00,0xc7,0x61,0x00,0x00,
0x3d,0x00,0x3b,0x01,0x81,0x02,0x11,0x13,0x3d,0x00,0x40,0x03,0x34,0x3d,0x00,0x3b,0x01,0x9c,0x04,0xda,
0xe8,0x00,0x42,0x05,0xcd,0x56,0x00,0x54,0x81,0x7c,0x96,0x02,0xa0,0x28,0x47,0x00,0xc7,0x20,0x00,0x00,
0x0d,0x00,0x01,0x00,0x30,0x10,0x05,0x00,0x90,0x27,0x47,0x00,0x00,0x02,0x09,0x09,0x07,0x2f,0x00,0x00,
0x07,0x00,0x00,0x00,0xc7,0x31,0x00,0x00,0x47,0x22,0x00,0x00,0x07,0x18,0x00,0x00,0xc7,0x60,0x00,0x00,
0xc7,0x14,0x00,0x00,0x47,0x16,0x00,0x00,0xc7,0x65,0x00,0x00,0x41,0x00,0x02,0x2c,0x03,0x3d,0x04,0xd9,
0x3d,0x04,0x60,0x1d,0x09,0x3d,0x04,0x3b,0x05,0x3d,0x06,0x74,0x11,0x03,0x56,0x3d,0x07,0x3d,0x04,0xe5,
0x08,0x2c,0x01,0xca,0x56,0x00,0x00,0x00,0x00,0x00,0x00,0x0f,0x82,0x68,0x98,0x02,0x78,0x2e,0x47,0x00,
0x47,0x22,0x00,0x00,0x06,0x00,0x01,0x00,0x30,0x10,0x04,0x00,0x90,0x27,0x47,0x00,0x00,0x00,0x02,0x02,
0x07,0x29,0x00,0x00,0x07,0x67,0x00,0x00,0x42,0x00,0x2c,0x01,0xd3,0x56,0x00,0x00,0x00,0x00,0x00,0x00,
0x3e,0x10,0x9b,0x02,0xc0,0x28,0x47,0x00,0xc7,0x23,0x00,0x00,0x0a,0x00,0x01,0x00,0x30,0x80,0x05,0x01,
0x90,0x27,0x47,0x00,0x01,0x02,0x07,0x07,0x07,0x2f,0x00,0x00,0xc7,0x31,0x00,0x00,0x07,0x68,0x00,0x00,
0x87,0x1e,0x00,0x00,0x87,0x69,0x00,0x00,0xc7,0x61,0x00,0x00,0x41,0x01,0x02,0x2d,0x03,0x00,0xd9,0x42,
0x04,0x2c,0x00,0xd3,0x41,0x01,0x02,0x2c,0x05,0xd3,0x42,0x06,0xcd,0x56,0x00,0x00,0x00,0x00,0x00,0x4b,
0x81,0x59,0x9b,0x02,0xd0,0x28,0x47,0x00,0x87,0x25,0x00,0x00,0x07,0x00,0x01,0x00,0x20,0x10,0x03,0x00,
0x90,0x27,0x47,0x00,0x00,0x02,0x03,0x04,0x47,0x6c,0x00,0x00,0x07,0x6d,0x00,0x00,0x80,0x3e,0x00,0x00,
0x38,0x00,0x00,0x00,0x33,0x4e,0x00,0x2f,0x01,0x03,0x02,0xd6,0x56,0x00,0x00,0x65,0x83,0x41,0x9d,0x02,
0x70,0x33,0x47,0x00,0x07,0x27,0x00,0x00,0x0f,0x00,0x01,0x00,0x30,0x10,0x04,0x00,0x90,0x27,0x47,0x00,
0x00,0x03,0x0b,0x0b,0x47,0x6c,0x00,0x00,0x47,0x6e,0x00,0x00,0xc7,0x6f,0x00,0x00,0x47,0x0d,0x00,0x00,
0x07,0x0f,0x00,0x00,0x00,0x00,0x00,0x00,0x07,0x29,0x00,0x00,0x47,0x71,0x00,0x00,0xc7,0x0a,0x00,0x00,
0x07,0x51,0x00,0x00,0xc7,0x61,0x00,0x00,0x2d,0x00,0x03,0xb2,0x3c,0x00,0x04,0x11,0x04,0x57,0x01,0x3c,
0x00,0x03,0x84,0x05,0x11,0x0a,0x41,0x00,0x06,0x2c,0x07,0xd3,0x57,0x01,0x2f,0x00,0x08,0x00,0x3b,0x03,
0x99,0x09,0xdc,0x41,0x00,0x0a,0xcd,0x57,0x02,0x00,0x00,0x00,0x00,0x00,0x00,0x10,0x83,0x03,0x9e,0x02,
0xd8,0x31,0x47,0x00,0x87,0x0a,0x00,0x00,0x0c,0x00,0x01,0x00,0x30,0x10,0x04,0x01,0x90,0x27,0x47,0x00,
0x01,0x03,0x0a,0x0a,0x07,0x2f,0x00,0x00,0x87,0x72,0x00,0x00,0xc7,0x31,0x00,0x00,0xc7,0x74,0x00,0x00,
0x47,0x78,0x00,0x00,0x47,0x79,0x00,0x00,0x47,0x7a,0x00,0x00,0x07,0x67,0x00,0x00,0x07,0x7b,0x00,0x00,
0x41,0x01,0x03,0x9a,0x04,0x00,0xd3,0x2c,0x02,0x14,0x58,0x06,0x05,0x2c,0x00,0x1d,0x04,0x2c,0x08,0x18,
0x07,0x31,0x18,0x09,0xd0,0x56,0x00,0x00,0x00,0x00,0x00,0x7c,0x81,0x3c,0xa1,0x02,0xf0,0x28,0x47,0x00,
0x07,0x29,0x00,0x00,0x0f,0x00,0x01,0x00,0x30,0x10,0x03,0x00,0x90,0x27,0x47,0x00,0x00,0x01,0x0c,0x0c,
0x47,0x30,0x00,0x00,0x47,0x17,0x00,0x00,0x07,0x7d,0x00,0x00,0x47,0x16,0x00,0x00,0x87,0x09,0x00,0x00,
0x87,0x7f,0x00,0x00,0x47,0x71,0x00,0x00,0x07,0x81,0x00,0x00,0x87,0x0a,0x00,0x00,0xc7,0x0a,0x00,0x00,
0x07,0x51,0x00,0x00,0xc7,0x61,0x00,0x00,0x3c,0x00,0x02,0x3b,0x01,0xe8,0x01,0x3c,0x00,0x02,0x3b,0x03,
0xe8,0x03,0x3d,0x03,0x3b,0x05,0xe8,0x04,0x3c,0x00,0x07,0x3b,0x06,0x99,0x08,0xe8,0x06,0x3c,0x00,0x07,
0x3b,0x06,0x99,0x0a,0xe8,0x09,0x42,0x0b,0xcd,0x56,0x00,0x3e,0x82,0x55,0xa3,0x02,0x00,0x33,0x47,0x00,
0x87,0x2a,0x00,0x00,0x05,0x00,0x01,0x00,0x30,0x10,0x03,0x00,0x90,0x27,0x47,0x00,0x00,0x00,0x01,0x01,
0x07,0x27,0x00,0x00,0x42,0x00,0xcd,0x56,0x00,0x00,0x00,0x00,0x34,0x24,0xa6,0x02,0xc8,0x28,0x47,0x00,
0x47,0x2c,0x00,0x00,0x05,0x00,0x01,0x00,0x30,0x10,0x02,0x00,0x90,0x27,0x47,0x00,0x00,0x00,0x01,0x01,
0x07,0x0f,0x00,0x00,0x31,0xe8,0x00,0x56,0x00,0x00,0x00,0x00,0x31,0x6b,0xa6,0x02,0x10,0x29,0x47,0x00,
0x87,0x2d,0x00,0x00,0x0b,0x00,0x47,0x4c,0x4f,0x42,0x41,0x4c,0x5f,0x4a,0x55,0x4d,0x50,0x00,0x07,0x00,
0x72,0x65,0x71,0x75,0x69,0x72,0x65,0x00,0x09,0x00,0x56,0x69,0x65,0x77,0x4d,0x6f,0x64,0x65,0x6c,0x00,
0x10,0x00,0x6d,0x6f,0x64,0x5f,0x67,0x6c,0x6f,0x62,0x61,0x6c,0x5f,0x74,0x72,0x61,0x6e,0x73,0x0d,0x00,
0x69,0x6e,0x70,0x75,0x74,0x41,0x75,0x74,0x68,0x43,0x6f,0x64,0x65,0x00,0x04,0x00,0x64,0x61,0x74,0x61,
0x05,0x00,0x74,0x69,0x74,0x6c,0x65,0x00,0x00,0x00,0x0b,0x00,0x74,0x69,0x6d,0x65,0x4f,0x75,0x74,0x53,
0x68,0x6f,0x77,0x00,0x03,0x00,0x36,0x30,0x73,0x00,0x07,0x00,0x74,0x69,0x6d,0x65,0x4f,0x75,0x74,0x00,
0x02,0x00,0x36,0x30,0x06,0x00,0x69,0x73,0x45,0x78,0x69,0x74,0x08,0x00,0x74,0x69,0x70,0x5f,0x74,0x65,
0x78,0x74,0x1a,0x00,0x50,0x6c,0x65,0x61,0x73,0x65,0x20,0x65,0x6e,0x74,0x65,0x72,0x20,0x74,0x68,0x65,
0x20,0x61,0x75,0x74,0x68,0x20,0x63,0x6f,0x64,0x65,0x09,0x00,0x65,0x78,0x63,0x65,0x70,0x74,0x4c,0x65,
0x6e,0x00,0x05,0x00,0x74,0x72,0x61,0x6e,0x73,0x00,0x04,0x00,0x66,0x6c,0x6f,0x77,0x08,0x00,0x76,0x61,
0x6c,0x75,0x65,0x53,0x74,0x72,0x08,0x00,0x6e,0x75,0x6d,0x49,0x6e,0x64,0x65,0x78,0x07,0x00,0x6c,0x61,
0x73,0x74,0x4e,0x75,0x6d,0x00,0x09,0x00,0x74,0x69,0x6d,0x65,0x53,0x74,0x61,0x6d,0x70,0x00,0x07,0x00,
0x6d,0x65,0x74,0x68,0x6f,0x64,0x73,0x00,0x0f,0x00,0x6e,0x75,0x6d,0x62,0x65,0x72,0x41,0x6e,0x64,0x4c,
0x65,0x74,0x74,0x65,0x72,0x00,0x09,0x00,0x72,0x65,0x64,0x75,0x63,0x65,0x4e,0x75,0x6d,0x00,0x0a,0x00,
0x63,0x6c,0x69,0x63,0x6b,0x45,0x6e,0x74,0x65,0x72,0x0b,0x00,0x63,0x6c,0x69,0x63,0x6b,0x43,0x61,0x6e,
0x63,0x65,0x6c,0x00,0x09,0x00,0x6f,0x6e,0x4b,0x65,0x79,0x44,0x6f,0x77,0x6e,0x00,0x0e,0x00,0x73,0x65,
0x74,0x53,0x63,0x72,0x65,0x65,0x6e,0x54,0x69,0x6d,0x65,0x72,0x09,0x00,0x6a,0x75,0x6d,0x70,0x45,0x72,
0x72,0x6f,0x72,0x00,0x0b,0x00,0x6f,0x6e,0x57,0x69,0x6c,0x6c,0x4d,0x6f,0x75,0x6e,0x74,0x00,0x07,0x00,
0x6f,0x6e,0x4d,0x6f,0x75,0x6e,0x74,0x00,0x09,0x00,0x6f,0x6e,0x55,0x6e,0x6d,0x6f,0x75,0x6e,0x74,0x00,
0x07,0x00,0x63,0x6f,0x6e,0x73,0x6f,0x6c,0x65,0x00,0x03,0x00,0x54,0x6f,0x73,0x00,0x04,0x00,0x4a,0x53,
0x4f,0x4e,0x03,0x00,0x6c,0x6f,0x67,0x00,0x12,0x00,0x6b,0x65,0x79,0x20,0x64,0x6f,0x77,0x6e,0x2d,0x2d,
0x2d,0x2d,0x2d,0x3e,0x3e,0x3e,0x3e,0x3a,0x01,0x00,0x30,0x00,0x01,0x00,0x31,0x00,0x01,0x00,0x32,0x00,
0x01,0x00,0x33,0x00,0x01,0x00,0x34,0x00,0x01,0x00,0x35,0x00,0x01,0x00,0x36,0x00,0x01,0x00,0x37,0x00,
0x01,0x00,0x38,0x00,0x01,0x00,0x39,0x00,0x01,0x00,0x23,0x00,0x01,0x00,0x40,0x00,0x01,0x00,0x5f,0x00,
0x01,0x00,0x2d,0x00,0x01,0x00,0x3f,0x00,0x01,0x00,0x21,0x00,0x01,0x00,0x51,0x00,0x01,0x00,0x71,0x00,
0x01,0x00,0x5a,0x00,0x01,0x00,0x7a,0x00,0x01,0x00,0x2e,0x00,0x01,0x00,0x41,0x00,0x01,0x00,0x61,0x00,
0x01,0x00,0x42,0x00,0x01,0x00,0x62,0x00,0x01,0x00,0x43,0x00,0x01,0x00,0x63,0x00,0x01,0x00,0x44,0x00,
0x01,0x00,0x64,0x00,0x01,0x00,0x45,0x00,0x01,0x00,0x65,0x00,0x01,0x00,0x46,0x00,0x01,0x00,0x66,0x00,
0x01,0x00,0x47,0x00,0x01,0x00,0x67,0x00,0x01,0x00,0x48,0x00,0x01,0x00,0x68,0x00,0x01,0x00,0x49,0x00,
0x01,0x00,0x69,0x00,0x01,0x00,0x4a,0x00,0x01,0x00,0x6a,0x00,0x01,0x00,0x4b,0x00,0x01,0x00,0x6b,0x00,
0x01,0x00,0x4c,0x00,0x01,0x00,0x6c,0x00,0x01,0x00,0x4d,0x00,0x01,0x00,0x6d,0x00,0x01,0x00,0x4e,0x00,
0x01,0x00,0x6e,0x00,0x01,0x00,0x4f,0x00,0x01,0x00,0x6f,0x00,0x01,0x00,0x50,0x00,0x01,0x00,0x70,0x00,
0x01,0x00,0x52,0x00,0x01,0x00,0x72,0x00,0x01,0x00,0x53,0x00,0x01,0x00,0x73,0x00,0x01,0x00,0x54,0x00,
0x01,0x00,0x74,0x00,0x01,0x00,0x55,0x00,0x01,0x00,0x75,0x00,0x01,0x00,0x56,0x00,0x01,0x00,0x76,0x00,
0x01,0x00,0x57,0x00,0x01,0x00,0x77,0x00,0x01,0x00,0x58,0x00,0x01,0x00,0x78,0x00,0x01,0x00,0x59,0x00,
0x01,0x00,0x79,0x00,0x0d,0x00,0x53,0x79,0x73,0x47,0x65,0x74,0x43,0x75,0x72,0x54,0x69,0x6d,0x65,0x00,
0x1d,0x00,0x53,0x79,0x73,0x47,0x65,0x74,0x43,0x75,0x72,0x54,0x69,0x6d,0x65,0x5f,0x72,0x65,0x73,0x3d,
0x3d,0x3d,0x3d,0x3d,0x3d,0x3d,0x3d,0x3d,0x3d,0x3d,0x3e,0x00,0x09,0x00,0x73,0x74,0x72,0x69,0x6e,0x67,
0x69,0x66,0x79,0x00,0x04,0x00,0x63,0x6f,0x64,0x65,0x05,0x00,0x73,0x6c,0x69,0x63,0x65,0x00,0x06,0x00,
0x6c,0x65,0x6e,0x67,0x74,0x68,0x12,0x00,0x6e,0x6f,0x74,0x69,0x66,0x79,0x50,0x72,0x6f,0x70,0x73,0x43,
0x68,0x61,0x6e,0x67,0x65,0x64,0x09,0x00,0x73,0x75,0x62,0x73,0x74,0x72,0x69,0x6e,0x67,0x00,0x08,0x00,
0x61,0x75,0x74,0x68,0x43,0x6f,0x64,0x65,0x06,0x00,0x63,0x61,0x6e,0x63,0x65,0x6c,0x09,0x00,0x6f,0x6e,
0x6b,0x65,0x79,0x64,0x6f,0x77,0x6e,0x00,0x13,0x00,0x6e,0x75,0x6d,0x62,0x65,0x72,0x41,0x6e,0x64,0x4c,
0x65,0x74,0x74,0x65,0x72,0x20,0x65,0x6e,0x64,0x00,0x04,0x00,0x74,0x68,0x61,0x74,0x08,0x00,0x74,0x69,
0x6d,0x65,0x72,0x41,0x64,0x64,0x0a,0x00,0x52,0x45,0x54,0x5f,0x52,0x45,0x4d,0x4f,0x56,0x45,0x0a,0x00,
0x52,0x45,0x54,0x5f,0x52,0x45,0x50,0x45,0x41,0x54,0x07,0x00,0x74,0x69,0x6d,0x65,0x6f,0x75,0x74,0x00,
0x0f,0x00,0x6e,0x61,0x76,0x69,0x67,0x61,0x74,0x65,0x52,0x65,0x70,0x6c,0x61,0x63,0x65,0x00,0x1a,0x00,
0x69,0x6e,0x70,0x75,0x74,0x43,0x6f,0x6e,0x66,0x69,0x67,0x20,0x6a,0x75,0x6d,0x70,0x45,0x72,0x72,0x6f,
0x72,0x20,0x74,0x79,0x70,0x65,0x06,0x00,0x74,0x61,0x72,0x67,0x65,0x74,0x06,0x00,0x72,0x65,0x73,0x75,
0x6c,0x74,0x04,0x00,0x74,0x79,0x70,0x65,0x0d,0x00,0x63,0x6c,0x6f,0x73,0x65,0x5f,0x63,0x75,0x72,0x72,
0x65,0x6e,0x74,0x00,0x12,0x00,0x47,0x4c,0x4f,0x42,0x41,0x4c,0x5f,0x54,0x52,0x41,0x4e,0x53,0x41,0x43,
0x54,0x49,0x4f,0x4e,0x09,0x00,0x74,0x72,0x61,0x6e,0x73,0x4e,0x61,0x6d,0x65,0x00,0x0d,0x00,0x47,0x4c,
0x4f,0x42,0x41,0x4c,0x5f,0x43,0x4f,0x4e,0x46,0x49,0x47,0x00,0x00,0x00,0x00,0x00,};/*2896*/
