TK_CONST_DATA_ALIGN(const unsigned char script_inputPinblock[]) = {
0x07,0x00,0x01,0x01,0x82,0x09,0x00,0x00,0x00,0x00,0x00,0x00,0x69,0x6e,0x70,0x75,0x74,0x50,0x69,0x6e,
0x62,0x6c,0x6f,0x63,0x6b,0x00,0x00,0x00,0x00,0x00,0x00,0x00,0x00,0x00,0x00,0x00,0x00,0x00,0x00,0x00,
0x00,0x00,0x00,0x00,0x4a,0x52,0x52,0x59,0x46,0x00,0x00,0x00,0x00,0x00,0x00,0x00,0x80,0x05,0x00,0x00,
0x01,0x00,0x00,0x00,0x18,0x00,0x00,0x00,0x23,0x00,0x01,0x00,0x00,0x30,0x05,0x00,0xb8,0x27,0x47,0x00,
0x01,0x05,0x20,0x29,0x07,0x00,0x00,0x00,0x47,0x02,0x00,0x00,0x47,0x05,0x00,0x00,0x87,0x06,0x00,0x00,
0x07,0x08,0x00,0x00,0x07,0x00,0x00,0x00,0x47,0x02,0x00,0x00,0x47,0x0a,0x00,0x00,0x47,0x0c,0x00,0x00,
0x07,0x0d,0x00,0x00,0x07,0x0e,0x00,0x00,0x47,0x0e,0x00,0x00,0x47,0x0f,0x00,0x00,0x07,0x10,0x00,0x00,
0x47,0x11,0x00,0x00,0x47,0x12,0x00,0x00,0xc7,0x12,0x00,0x00,0xc7,0x13,0x00,0x00,0x07,0x15,0x00,0x00,
0xc7,0x16,0x00,0x00,0x87,0x17,0x00,0x00,0x87,0x18,0x00,0x00,0xc7,0x19,0x00,0x00,0x47,0x1b,0x00,0x00,
0xc7,0x1c,0x00,0x00,0x47,0x1e,0x00,0x00,0x47,0x20,0x00,0x00,0x47,0x22,0x00,0x00,0x07,0x24,0x00,0x00,
0xc7,0x25,0x00,0x00,0x07,0x27,0x00,0x00,0x18,0x01,0x00,0x00,0x70,0x01,0x00,0x00,0x98,0x01,0x00,0x00,
0xb8,0x01,0x00,0x00,0x20,0x02,0x00,0x00,0x90,0x03,0x00,0x00,0x30,0x04,0x00,0x00,0xf0,0x04,0x00,0x00,
0x40,0x05,0x00,0x00,0x47,0x01,0x47,0x02,0x51,0x01,0x51,0x02,0x2d,0x03,0x05,0xd1,0x3b,0x06,0xdf,0x01,
0x2d,0x03,0x05,0xd1,0x3b,0x07,0xdf,0x02,0x2d,0x04,0x08,0x14,0x14,0x58,0x0b,0x0a,0x14,0x18,0x0c,0x14,
0x18,0x0d,0x34,0x18,0x0e,0x58,0x10,0x0f,0x58,0x0b,0x11,0x35,0x3b,0x18,0x12,0x58,0x14,0x13,0x32,0x18,
0x15,0x18,0x09,0x14,0x58,0x20,0x17,0x58,0x21,0x18,0x58,0x22,0x19,0x58,0x23,0x1a,0x58,0x24,0x1b,0x58,
0x25,0x1c,0x18,0x16,0x58,0x26,0x1d,0x58,0x27,0x1e,0x58,0x28,0x1f,0xd8,0x56,0x00,0x00,0x00,0x00,0x00,
0xc8,0x29,0x47,0x00,0x07,0x0e,0x00,0x00,0x0b,0x00,0x01,0x00,0x30,0x10,0x05,0x01,0xb8,0x27,0x47,0x00,
0x01,0x03,0x09,0x09,0x07,0x29,0x00,0x00,0x47,0x2a,0x00,0x00,0x87,0x2c,0x00,0x00,0x47,0x2d,0x00,0x00,
0x47,0x30,0x00,0x00,0x47,0x31,0x00,0x00,0x47,0x32,0x00,0x00,0x07,0x33,0x00,0x00,0x41,0x01,0x03,0x2d,
0x04,0x00,0xd9,0x2c,0x02,0x14,0x58,0x06,0x05,0x58,0x00,0x07,0x31,0x18,0x08,0xd0,0x56,0x00,0x00,0x00,
0x00,0x00,0x00,0x3e,0x81,0x04,0x83,0x02,0xa8,0x27,0x47,0x00,0xc7,0x19,0x00,0x00,0x05,0x00,0x01,0x00,
0x30,0x10,0x01,0x00,0xb8,0x27,0x47,0x00,0x00,0x01,0x01,0x01,0x07,0x35,0x00,0x00,0x2c,0x00,0xca,0x56,
0x00,0x00,0x00,0x00,0x29,0x53,0x84,0x02,0xa0,0x27,0x47,0x00,0x47,0x1b,0x00,0x00,0x04,0x00,0x01,0x00,
0x30,0x10,0x00,0x01,0xb8,0x27,0x47,0x00,0x01,0x01,0x01,0x01,0x56,0x00,0x00,0x00,0x11,0x0f,0x85,0x02,
0x90,0x27,0x47,0x00,0xc7,0x1c,0x00,0x00,0x0d,0x00,0x01,0x00,0x30,0x10,0x08,0x00,0xb8,0x27,0x47,0x00,
0x01,0x03,0x0b,0x0b,0xc7,0x36,0x00,0x00,0x87,0x37,0x00,0x00,0x07,0x3a,0x00,0x00,0xc7,0x1c,0x00,0x00,
0x47,0x3c,0x00,0x00,0x47,0x3f,0x00,0x00,0x47,0x0e,0x00,0x00,0x47,0x41,0x00,0x00,0x00,0xa6,0x0e,0x00,
0x47,0x20,0x00,0x00,0x41,0x01,0x03,0x3d,0x04,0xd3,0x2c,0x05,0xeb,0x00,0x41,0x01,0x06,0x35,0x00,0x2c,
0x00,0x3d,0x07,0x3b,0x08,0x2d,0x02,0x09,0xc7,0x05,0x42,0x0a,0xcd,0x56,0x00,0x00,0x00,0x00,0x00,0x6a,
0x81,0x36,0x85,0x02,0xc8,0x27,0x47,0x00,0x47,0x1e,0x00,0x00,0x07,0x00,0x01,0x00,0x20,0x10,0x03,0x00,
0xb8,0x27,0x47,0x00,0x01,0x03,0x03,0x04,0x07,0x42,0x00,0x00,0xc7,0x42,0x00,0x00,0x38,0x00,0x00,0x00,
0x4a,0x01,0x53,0x03,0x00,0x33,0xec,0x01,0x2c,0x02,0x38,0x00,0x63,0xd6,0x56,0x34,0x89,0x37,0x87,0x02,
0x98,0x27,0x47,0x00,0x47,0x20,0x00,0x00,0x27,0x00,0x01,0x00,0x30,0x10,0x08,0x00,0xb8,0x27,0x47,0x00,
0x02,0x0b,0x24,0x24,0xc7,0x36,0x00,0x00,0x07,0x29,0x00,0x00,0x07,0x44,0x00,0x00,0x07,0x42,0x00,0x00,
0x47,0x02,0x00,0x00,0xc7,0x44,0x00,0x00,0x47,0x46,0x00,0x00,0xc7,0x47,0x00,0x00,0x07,0x4b,0x00,0x00,
0x47,0x4e,0x00,0x00,0x87,0x2c,0x00,0x00,0x47,0x51,0x00,0x00,0x07,0x55,0x00,0x00,0x87,0x56,0x00,0x00,
0x00,0x00,0x00,0x00,0x47,0x0c,0x00,0x00,0x47,0x57,0x00,0x00,0x07,0x10,0x00,0x00,0x47,0x11,0x00,0x00,
0x10,0x00,0x00,0x00,0x60,0x01,0x00,0x00,0x07,0x0e,0x00,0x00,0x87,0x58,0x00,0x00,0x07,0x5b,0x00,0x00,
0x47,0x0f,0x00,0x00,0x47,0x5c,0x00,0x00,0x07,0x5d,0x00,0x00,0x47,0x5e,0x00,0x00,0xc7,0x61,0x00,0x00,
0x47,0x1b,0x00,0x00,0xc7,0x62,0x00,0x00,0xc7,0x63,0x00,0x00,0x07,0x65,0x00,0x00,0xc7,0x19,0x00,0x00,
0x41,0x02,0x0b,0xce,0xeb,0x00,0x41,0x03,0x0c,0x2d,0x0d,0x04,0x40,0x0e,0x2c,0x00,0xd4,0xd9,0x3c,0x00,
0x0f,0x87,0x10,0x11,0x55,0x3c,0x00,0x11,0x3b,0x12,0xeb,0x01,0x2f,0x05,0x13,0x01,0xdc,0x2c,0x05,0x38,
0x14,0x18,0x9d,0x01,0x15,0x9f,0x16,0x98,0x99,0x17,0xdc,0x41,0x05,0x18,0xcd,0x3c,0x00,0x11,0x3b,0x19,
0x81,0x10,0x11,0x2a,0x3c,0x05,0x1a,0x2d,0x06,0x00,0x3b,0x11,0x3b,0x1c,0xd1,0xe5,0x1b,0x41,0x03,0x0c,
0x2f,0x1d,0x06,0x05,0x3b,0x1a,0x3b,0x1b,0xd1,0xd9,0x3c,0x05,0x1a,0x31,0xe5,0x1e,0x41,0x05,0x1f,0xcd,
0x57,0x07,0x01,0x04,0x57,0x08,0x01,0x24,0x2c,0x20,0xeb,0x01,0x3c,0x00,0x0f,0x2c,0x09,0x25,0x09,0x2c,
0x0a,0x77,0x09,0x09,0x01,0x0a,0xe2,0x21,0x01,0x01,0x05,0xe2,0x22,0x01,0x41,0x05,0x23,0x2c,0x01,0xd3,
0x57,0x07,0x56,0x00,0x00,0x00,0x00,0x66,0x88,0x64,0x87,0x02,0xd0,0x3d,0x47,0x00,0x07,0x66,0x00,0x00,
0x07,0x00,0x01,0x00,0x20,0x10,0x03,0x00,0xb8,0x27,0x47,0x00,0x00,0x02,0x03,0x04,0x07,0x42,0x00,0x00,
0xc7,0x42,0x00,0x00,0x80,0x3e,0x00,0x00,0x38,0x00,0x00,0x00,0x33,0x4e,0x00,0x2f,0x01,0x03,0x02,0xd6,
0x56,0x00,0x00,0x78,0x82,0x01,0x91,0x02,0xd8,0x27,0x47,0x00,0x47,0x22,0x00,0x00,0x0d,0x00,0x01,0x00,
0x30,0x10,0x03,0x00,0xb8,0x27,0x47,0x00,0x00,0x03,0x09,0x09,0x07,0x42,0x00,0x00,0xc7,0x44,0x00,0x00,
0x47,0x46,0x00,0x00,0xc7,0x13,0x00,0x00,0x87,0x17,0x00,0x00,0x00,0x00,0x00,0x00,0x07,0x15,0x00,0x00,
0x87,0x66,0x00,0x00,0x87,0x58,0x00,0x00,0x2d,0x00,0x03,0xb2,0x3c,0x00,0x04,0x11,0x04,0x57,0x01,0x3c,
0x00,0x03,0x84,0x05,0x11,0x04,0x57,0x01,0x2f,0x00,0x06,0x00,0x3b,0x03,0x99,0x07,0xdc,0x41,0x00,0x08,
0xcd,0x57,0x02,0x00,0x00,0x00,0x00,0x33,0x82,0x37,0x91,0x02,0x70,0x29,0x47,0x00,0x07,0x0e,0x00,0x00,
0x18,0x00,0x01,0x00,0x30,0x10,0x08,0x01,0xb8,0x27,0x47,0x00,0x01,0x05,0x12,0x12,0x07,0x29,0x00,0x00,
0x07,0x44,0x00,0x00,0xc7,0x36,0x00,0x00,0x07,0x00,0x00,0x00,0x87,0x2c,0x00,0x00,0x07,0x67,0x00,0x00,
0x47,0x6c,0x00,0x00,0x07,0x55,0x00,0x00,0xc7,0x70,0x00,0x00,0x47,0x0e,0x00,0x00,0x47,0x0f,0x00,0x00,
0x07,0x0d,0x00,0x00,0x47,0x73,0x00,0x00,0xc7,0x12,0x00,0x00,0xc7,0x74,0x00,0x00,0x47,0x41,0x00,0x00,
0x87,0x58,0x00,0x00,0x41,0x01,0x05,0x2c,0x06,0xd3,0x41,0x01,0x05,0x2d,0x07,0x02,0x40,0x08,0x3c,0x03,
0x09,0x3b,0x0a,0xd4,0xd9,0x41,0x01,0x05,0x2d,0x07,0x02,0x40,0x08,0x3c,0x03,0x09,0x3b,0x0b,0xd4,0xd9,
0x3c,0x03,0x09,0x3b,0x0a,0xe8,0x0a,0x3c,0x03,0x09,0x3b,0x0b,0xe8,0x0b,0x3d,0x0a,0x3b,0x0d,0xe8,0x0c,
0x3d,0x0a,0x3b,0x0e,0x11,0x0b,0x2c,0x04,0x3d,0x0a,0x3b,0x0e,0xd1,0xe8,0x0e,0x41,0x01,0x05,0x2c,0x0f,
0x3d,0x0e,0x3d,0x0a,0x3b,0x10,0xc7,0x03,0x42,0x11,0xcd,0x56,0x00,0x00,0x00,0x00,0x00,0x00,0x00,0x07,
0x85,0x10,0x94,0x02,0xe8,0x2d,0x47,0x00,0x07,0x24,0x00,0x00,0x0a,0x00,0x01,0x00,0x30,0x10,0x04,0x00,
0xb8,0x27,0x47,0x00,0x00,0x02,0x07,0x07,0x07,0x29,0x00,0x00,0x87,0x7a,0x00,0x00,0x87,0x2c,0x00,0x00,
0x47,0x7c,0x00,0x00,0x87,0x7e,0x00,0x00,0x47,0x22,0x00,0x00,0x47,0x1e,0x00,0x00,0x41,0x00,0x02,0x2c,
0x03,0xd3,0x41,0x01,0x04,0x34,0xd3,0x42,0x05,0xcd,0x42,0x06,0xcd,0x56,0x00,0x00,0x00,0x00,0x00,0x0f,
0x81,0x25,0x99,0x02,0x18,0x29,0x47,0x00,0xc7,0x25,0x00,0x00,0x05,0x00,0x01,0x00,0x30,0x10,0x02,0x00,
0xb8,0x27,0x47,0x00,0x00,0x00,0x01,0x01,0x87,0x17,0x00,0x00,0x31,0xe8,0x00,0x56,0x00,0x00,0x00,0x00,
0x2b,0x48,0x9a,0x02,0xb0,0x27,0x47,0x00,0x07,0x27,0x00,0x00,0x0f,0x00,0x47,0x45,0x54,0x5f,0x53,0x48,
0x4f,0x57,0x5f,0x41,0x4d,0x4f,0x55,0x4e,0x54,0x00,0x16,0x00,0x47,0x4c,0x4f,0x42,0x41,0x4c,0x5f,0x48,
0x45,0x58,0x41,0x52,0x52,0x5f,0x32,0x5f,0x53,0x54,0x52,0x49,0x4e,0x47,0x07,0x00,0x72,0x65,0x71,0x75,
0x69,0x72,0x65,0x00,0x09,0x00,0x56,0x69,0x65,0x77,0x4d,0x6f,0x64,0x65,0x6c,0x00,0x10,0x00,0x6d,0x6f,
0x64,0x5f,0x67,0x6c,0x6f,0x62,0x61,0x6c,0x5f,0x66,0x75,0x6e,0x63,0x73,0x0d,0x00,0x69,0x6e,0x70,0x75,
0x74,0x50,0x69,0x6e,0x62,0x6c,0x6f,0x63,0x6b,0x00,0x04,0x00,0x64,0x61,0x74,0x61,0x05,0x00,0x74,0x69,
0x74,0x6c,0x65,0x00,0x00,0x00,0x05,0x00,0x74,0x72,0x61,0x6e,0x73,0x00,0x04,0x00,0x66,0x6c,0x6f,0x77,
0x08,0x00,0x76,0x61,0x6c,0x75,0x65,0x4c,0x65,0x6e,0x05,0x00,0x6c,0x69,0x6e,0x65,0x58,0x00,0x02,0x00,
0x32,0x35,0x06,0x00,0x61,0x6d,0x6f,0x75,0x6e,0x74,0x07,0x00,0x74,0x69,0x6d,0x65,0x4f,0x75,0x74,0x00,
0x0b,0x00,0x74,0x69,0x6d,0x65,0x4f,0x75,0x74,0x53,0x68,0x6f,0x77,0x00,0x03,0x00,0x36,0x30,0x73,0x00,
0x06,0x00,0x69,0x73,0x45,0x78,0x69,0x74,0x07,0x00,0x6d,0x65,0x74,0x68,0x6f,0x64,0x73,0x00,0x09,0x00,
0x6a,0x75,0x6d,0x70,0x45,0x72,0x72,0x6f,0x72,0x00,0x09,0x00,0x6a,0x75,0x6d,0x70,0x32,0x4e,0x65,0x78,
0x74,0x00,0x0a,0x00,0x70,0x69,0x6e,0x62,0x6c,0x6f,0x63,0x6b,0x43,0x42,0x0d,0x00,0x73,0x74,0x61,0x72,
0x74,0x50,0x69,0x6e,0x42,0x6c,0x6f,0x63,0x6b,0x00,0x0e,0x00,0x77,0x61,0x74,0x63,0x68,0x50,0x69,0x6e,
0x52,0x65,0x74,0x75,0x72,0x6e,0x0b,0x00,0x73,0x65,0x74,0x50,0x69,0x6e,0x54,0x69,0x6d,0x65,0x72,0x00,
0x0b,0x00,0x6f,0x6e,0x57,0x69,0x6c,0x6c,0x4d,0x6f,0x75,0x6e,0x74,0x00,0x07,0x00,0x6f,0x6e,0x4d,0x6f,
0x75,0x6e,0x74,0x00,0x0d,0x00,0x6f,0x6e,0x57,0x69,0x6c,0x6c,0x55,0x6e,0x6d,0x6f,0x75,0x6e,0x74,0x00,
0x07,0x00,0x63,0x6f,0x6e,0x73,0x6f,0x6c,0x65,0x00,0x0f,0x00,0x6e,0x61,0x76,0x69,0x67,0x61,0x74,0x65,
0x52,0x65,0x70,0x6c,0x61,0x63,0x65,0x00,0x03,0x00,0x6c,0x6f,0x67,0x00,0x16,0x00,0x6a,0x75,0x6d,0x70,
0x54,0x6f,0x20,0x3d,0x3d,0x3d,0x3d,0x3d,0x3d,0x3d,0x3d,0x3d,0x3d,0x3d,0x3d,0x3d,0x20,0x3e,0x06,0x00,
0x74,0x61,0x72,0x67,0x65,0x74,0x06,0x00,0x72,0x65,0x73,0x75,0x6c,0x74,0x04,0x00,0x74,0x79,0x70,0x65,
0x0d,0x00,0x63,0x6c,0x6f,0x73,0x65,0x5f,0x63,0x75,0x72,0x72,0x65,0x6e,0x74,0x00,0x0b,0x00,0x47,0x4c,
0x4f,0x42,0x41,0x4c,0x5f,0x4a,0x55,0x4d,0x50,0x00,0x03,0x00,0x54,0x6f,0x73,0x00,0x11,0x00,0x41,0x4c,
0x47,0x45,0x58,0x54,0x5f,0x50,0x49,0x4e,0x42,0x4c,0x4f,0x43,0x4b,0x5f,0x30,0x00,0x10,0x00,0x50,0x65,
0x64,0x53,0x65,0x74,0x50,0x69,0x6e,0x62,0x6c,0x6f,0x63,0x6b,0x43,0x62,0x16,0x00,0x30,0x2c,0x34,0x2c,
0x35,0x2c,0x36,0x2c,0x37,0x2c,0x38,0x2c,0x39,0x2c,0x31,0x30,0x2c,0x31,0x31,0x2c,0x31,0x32,0x0e,0x00,
0x50,0x65,0x64,0x47,0x65,0x74,0x50,0x69,0x6e,0x62,0x6c,0x6f,0x63,0x6b,0x03,0x00,0x70,0x61,0x6e,0x00,
0x04,0x00,0x74,0x68,0x61,0x74,0x08,0x00,0x74,0x69,0x6d,0x65,0x72,0x41,0x64,0x64,0x04,0x00,0x4a,0x53,
0x4f,0x4e,0x0a,0x00,0x52,0x45,0x54,0x5f,0x52,0x45,0x4d,0x4f,0x56,0x45,0x0a,0x00,0x52,0x45,0x54,0x5f,
0x52,0x45,0x50,0x45,0x41,0x54,0x18,0x00,0x45,0x52,0x52,0x5f,0x50,0x45,0x44,0x5f,0x49,0x4e,0x50,0x55,
0x54,0x50,0x49,0x4e,0x5f,0x54,0x49,0x4d,0x45,0x4f,0x55,0x54,0x17,0x00,0x45,0x52,0x52,0x5f,0x50,0x45,
0x44,0x5f,0x49,0x4e,0x50,0x55,0x54,0x50,0x49,0x4e,0x5f,0x43,0x41,0x4e,0x43,0x45,0x4c,0x00,0x15,0x00,
0x50,0x65,0x64,0x47,0x65,0x74,0x50,0x69,0x6e,0x62,0x6c,0x6f,0x63,0x6b,0x52,0x65,0x74,0x49,0x6e,0x66,
0x6f,0x00,0x1b,0x00,0x77,0x61,0x74,0x63,0x68,0x70,0x69,0x6e,0x72,0x65,0x74,0x20,0x3d,0x3d,0x3d,0x3d,
0x3d,0x3d,0x3d,0x3d,0x3d,0x3d,0x3d,0x3d,0x3d,0x3d,0x3e,0x00,0x09,0x00,0x73,0x74,0x72,0x69,0x6e,0x67,
0x69,0x66,0x79,0x00,0x04,0x00,0x63,0x6f,0x64,0x65,0x07,0x00,0x70,0x69,0x6e,0x5f,0x63,0x6e,0x74,0x00,
0x12,0x00,0x6e,0x6f,0x74,0x69,0x66,0x79,0x50,0x72,0x6f,0x70,0x73,0x43,0x68,0x61,0x6e,0x67,0x65,0x64,
0x07,0x00,0x69,0x73,0x5f,0x64,0x6f,0x6e,0x65,0x00,0x03,0x00,0x70,0x69,0x6e,0x00,0x08,0x00,0x70,0x69,
0x6e,0x62,0x6c,0x6f,0x63,0x6b,0x19,0x00,0x50,0x69,0x6e,0x62,0x6c,0x6f,0x63,0x6b,0x20,0x20,0x3d,0x3d,
0x3d,0x3d,0x3d,0x3d,0x3d,0x3d,0x3d,0x3d,0x3d,0x3d,0x3d,0x3d,0x3e,0x00,0x06,0x00,0x68,0x61,0x73,0x50,
0x69,0x6e,0x05,0x00,0x65,0x72,0x72,0x6f,0x72,0x00,0x07,0x00,0x74,0x69,0x6d,0x65,0x6f,0x75,0x74,0x00,
0x06,0x00,0x63,0x61,0x6e,0x63,0x65,0x6c,0x02,0x00,0x63,0x62,0x01,0x00,0x73,0x00,0x28,0x00,0x69,0x6e,
0x70,0x75,0x74,0x50,0x69,0x6e,0x62,0x6c,0x6f,0x63,0x6b,0x20,0x6f,0x6e,0x57,0x69,0x6c,0x6c,0x4d,0x6f,
0x75,0x6e,0x74,0x20,0x20,0x3d,0x3d,0x3d,0x3d,0x3d,0x3d,0x3d,0x3d,0x3d,0x3d,0x3d,0x3d,0x3e,0x21,0x00,
0x0a,0x74,0x72,0x61,0x6e,0x73,0x50,0x61,0x72,0x61,0x6d,0x20,0x3d,0x3d,0x3d,0x3d,0x3d,0x3d,0x3d,0x3d,
0x3d,0x3d,0x3d,0x3d,0x3d,0x3d,0x3d,0x3d,0x3d,0x3d,0x3d,0x3d,0x3e,0x00,0x12,0x00,0x47,0x4c,0x4f,0x42,
0x41,0x4c,0x5f,0x54,0x52,0x41,0x4e,0x53,0x41,0x43,0x54,0x49,0x4f,0x4e,0x09,0x00,0x74,0x72,0x61,0x6e,
0x73,0x4e,0x61,0x6d,0x65,0x00,0x2b,0x00,0x69,0x6e,0x70,0x75,0x74,0x50,0x49,0x6e,0x62,0x6c,0x6f,0x63,
0x6b,0x20,0x20,0x61,0x6d,0x6f,0x75,0x6e,0x74,0x2c,0x61,0x6d,0x6f,0x75,0x6e,0x74,0x20,0x20,0x3d,0x3d,
0x3d,0x3d,0x3d,0x3d,0x3d,0x3d,0x3d,0x3d,0x3d,0x3d,0x3e,0x00,0x0c,0x00,0x47,0x4c,0x4f,0x42,0x41,0x4c,
0x5f,0x46,0x55,0x4e,0x43,0x53,0x10,0x00,0x70,0x69,0x6e,0x62,0x6c,0x6f,0x63,0x6b,0x20,0x6f,0x6e,0x4d,
0x6f,0x75,0x6e,0x74,0x0c,0x00,0x73,0x65,0x74,0x4c,0x45,0x44,0x53,0x74,0x61,0x74,0x75,0x73,0x00,0x00,
0x00,0x00,};/*2482*/
