TK_CONST_DATA_ALIGN(const unsigned char script_inputAmt[]) = {
0x07,0x00,0x01,0x01,0x86,0x13,0x00,0x00,0x00,0x00,0x00,0x00,0x69,0x6e,0x70,0x75,0x74,0x41,0x6d,0x74,
0x00,0x00,0x00,0x00,0x00,0x00,0x00,0x00,0x00,0x00,0x00,0x00,0x00,0x00,0x00,0x00,0x00,0x00,0x00,0x00,
0x00,0x00,0x00,0x00,0x4a,0x52,0x52,0x59,0x46,0x00,0x00,0x00,0x00,0x00,0x00,0x00,0xb0,0x0a,0x00,0x00,
0x01,0x00,0x00,0x00,0x18,0x00,0x00,0x00,0x34,0x00,0x01,0x00,0x00,0x30,0x05,0x00,0xe8,0x27,0x47,0x00,
0x01,0x07,0x2f,0x3f,0x07,0x00,0x00,0x00,0xc7,0x01,0x00,0x00,0x87,0x03,0x00,0x00,0xc7,0x05,0x00,0x00,
0x87,0x07,0x00,0x00,0xc7,0x08,0x00,0x00,0x47,0x0a,0x00,0x00,0x07,0x00,0x00,0x00,0x87,0x0c,0x00,0x00,
0xc7,0x01,0x00,0x00,0x87,0x03,0x00,0x00,0xc7,0x0e,0x00,0x00,0xc7,0x05,0x00,0x00,0x07,0x11,0x00,0x00,
0x47,0x12,0x00,0x00,0x07,0x13,0x00,0x00,0x07,0x14,0x00,0x00,0x47,0x14,0x00,0x00,0x87,0x15,0x00,0x00,
0x47,0x16,0x00,0x00,0x47,0x17,0x00,0x00,0xc7,0x18,0x00,0x00,0x87,0x1a,0x00,0x00,0x47,0x1b,0x00,0x00,
0x87,0x1c,0x00,0x00,0x07,0x1d,0x00,0x00,0x07,0x1e,0x00,0x00,0x07,0x1f,0x00,0x00,0xc7,0x1f,0x00,0x00,
0x87,0x20,0x00,0x00,0xc7,0x21,0x00,0x00,0xc7,0x22,0x00,0x00,0x47,0x24,0x00,0x00,0x47,0x26,0x00,0x00,
0x47,0x28,0x00,0x00,0xc7,0x29,0x00,0x00,0x47,0x2b,0x00,0x00,0x07,0x2d,0x00,0x00,0x87,0x2e,0x00,0x00,
0x47,0x30,0x00,0x00,0xc7,0x31,0x00,0x00,0x47,0x33,0x00,0x00,0x87,0x35,0x00,0x00,0x87,0x37,0x00,0x00,
0x47,0x39,0x00,0x00,0x87,0x3a,0x00,0x00,0xa0,0x01,0x00,0x00,0xf0,0x01,0x00,0x00,0x28,0x02,0x00,0x00,
0xc8,0x02,0x00,0x00,0x78,0x03,0x00,0x00,0xc0,0x03,0x00,0x00,0xf0,0x03,0x00,0x00,0x28,0x04,0x00,0x00,
0xb0,0x04,0x00,0x00,0xe8,0x04,0x00,0x00,0x38,0x05,0x00,0x00,0x40,0x06,0x00,0x00,0x18,0x07,0x00,0x00,
0xa8,0x09,0x00,0x00,0x40,0x0a,0x00,0x00,0x68,0x0a,0x00,0x00,0x47,0x01,0x47,0x02,0x47,0x03,0x47,0x04,
0x51,0x01,0x51,0x02,0x51,0x03,0x51,0x04,0x2d,0x05,0x07,0xd1,0x3b,0x08,0xdf,0x01,0x2d,0x05,0x09,0xd1,
0x3b,0x0a,0xdf,0x02,0x2d,0x05,0x09,0xd1,0x3b,0x0b,0xdf,0x03,0x2d,0x05,0x0c,0xd1,0x3b,0x0d,0xdf,0x04,
0x2d,0x06,0x0e,0x14,0x14,0x58,0x11,0x10,0x58,0x13,0x12,0x58,0x11,0x14,0x32,0x18,0x15,0x58,0x17,0x16,
0x58,0x19,0x18,0x32,0x18,0x1a,0x14,0x18,0x1b,0x14,0x18,0x1c,0x28,0x18,0x1d,0x18,0x0f,0x14,0x58,0x2f,
0x1f,0x58,0x30,0x20,0x58,0x31,0x21,0x58,0x32,0x22,0x58,0x33,0x23,0x58,0x34,0x24,0x58,0x35,0x25,0x58,
0x36,0x26,0x58,0x37,0x27,0x58,0x38,0x28,0x58,0x39,0x29,0x58,0x3a,0x2a,0x58,0x3b,0x2b,0x18,0x1e,0x58,
0x3c,0x2c,0x58,0x3d,0x2d,0x58,0x3e,0x2e,0xd8,0x56,0x00,0x00,0x00,0x00,0x00,0x00,0xe8,0x2d,0x47,0x00,
0x07,0x14,0x00,0x00,0x0a,0x00,0x01,0x00,0x30,0x10,0x03,0x00,0xe8,0x27,0x47,0x00,0x00,0x01,0x07,0x07,
0x87,0x3c,0x00,0x00,0x47,0x17,0x00,0x00,0xc7,0x29,0x00,0x00,0xc7,0x3e,0x00,0x00,0xc7,0x3f,0x00,0x00,
0x87,0x40,0x00,0x00,0x47,0x41,0x00,0x00,0x3d,0x01,0x11,0x06,0x42,0x02,0xcd,0x56,0x2c,0x00,0x14,0x58,
0x04,0x03,0x58,0x06,0x05,0xd0,0x56,0x00,0x00,0x00,0x00,0x5e,0x81,0x32,0x85,0x02,0xe0,0x2e,0x47,0x00,
0xc7,0x21,0x00,0x00,0x07,0x00,0x01,0x00,0x30,0x10,0x03,0x00,0xe8,0x27,0x47,0x00,0x00,0x00,0x03,0x03,
0x47,0x17,0x00,0x00,0x47,0x24,0x00,0x00,0x47,0x42,0x00,0x00,0x31,0xe8,0x00,0x42,0x01,0xcd,0x42,0x02,
0xcd,0x56,0x00,0x00,0x00,0x00,0x00,0x00,0x76,0x24,0x87,0x02,0x08,0x3f,0x47,0x00,0xc7,0x22,0x00,0x00,
0x08,0x00,0x01,0x00,0x20,0x10,0x03,0x00,0xe8,0x27,0x47,0x00,0x00,0x03,0x04,0x05,0xc7,0x44,0x00,0x00,
0x87,0x45,0x00,0x00,0x47,0x46,0x00,0x00,0x80,0x3e,0x00,0x00,0x40,0x00,0x00,0x00,0x34,0x4e,0x00,0x33,
0x4e,0x01,0x2f,0x02,0x04,0x03,0xd6,0x56,0x00,0x00,0x00,0x10,0x83,0x33,0x88,0x02,0xb0,0x2a,0x47,0x00,
0x47,0x24,0x00,0x00,0x0c,0x00,0x01,0x00,0x30,0x10,0x03,0x00,0xe8,0x27,0x47,0x00,0x00,0x04,0x08,0x08,
0x87,0x45,0x00,0x00,0x87,0x47,0x00,0x00,0xc7,0x44,0x00,0x00,0x07,0x49,0x00,0x00,0x07,0x1d,0x00,0x00,
0x47,0x17,0x00,0x00,0x20,0x00,0x00,0x00,0xc7,0x29,0x00,0x00,0x3c,0x00,0x04,0x11,0x04,0x57,0x01,0x3c,
0x00,0x05,0x60,0x11,0x04,0x57,0x01,0xaf,0x02,0x88,0x02,0x06,0x11,0x08,0x41,0x00,0x07,0xcd,0x57,0x01,
0x57,0x03,0x00,0x00,0x00,0x00,0x00,0x36,0x82,0x7e,0x88,0x02,0x38,0x40,0x47,0x00,0x07,0x14,0x00,0x00,
0x07,0x00,0x01,0x00,0x20,0x10,0x03,0x00,0xe8,0x27,0x47,0x00,0x00,0x02,0x03,0x04,0x87,0x45,0x00,0x00,
0x47,0x46,0x00,0x00,0x80,0x3e,0x00,0x00,0x38,0x00,0x00,0x00,0x33,0x4e,0x00,0x2f,0x01,0x03,0x02,0xd6,
0x56,0x00,0x00,0x1c,0x83,0x5c,0x8b,0x02,0x90,0x28,0x47,0x00,0x47,0x26,0x00,0x00,0x0f,0x00,0x01,0x00,
0x30,0x10,0x04,0x00,0xe8,0x27,0x47,0x00,0x00,0x03,0x0b,0x0b,0x87,0x45,0x00,0x00,0x87,0x47,0x00,0x00,
0x07,0x49,0x00,0x00,0x47,0x1b,0x00,0x00,0x07,0x1d,0x00,0x00,0x00,0x00,0x00,0x00,0x47,0x28,0x00,0x00,
0x87,0x4a,0x00,0x00,0xc7,0x18,0x00,0x00,0xc7,0x4b,0x00,0x00,0x47,0x42,0x00,0x00,0x2d,0x00,0x03,0xb2,
0x3c,0x00,0x04,0x11,0x04,0x57,0x01,0x3c,0x00,0x03,0x84,0x05,0x11,0x0a,0x41,0x00,0x06,0x2c,0x07,0xd3,
0x57,0x01,0x2f,0x00,0x08,0x00,0x3b,0x03,0x99,0x09,0xdc,0x41,0x00,0x0a,0xcd,0x57,0x02,0x00,0x00,0x00,
0x00,0x00,0x00,0x57,0x82,0x12,0x8c,0x02,0xc8,0x72,0x47,0x00,0x07,0x14,0x00,0x00,0x09,0x00,0x01,0x00,
0x30,0x10,0x03,0x01,0xe8,0x27,0x47,0x00,0x01,0x02,0x07,0x07,0x87,0x3c,0x00,0x00,0xc7,0x3e,0x00,0x00,
0xc7,0x3f,0x00,0x00,0x87,0x40,0x00,0x00,0x47,0x41,0x00,0x00,0x47,0x4c,0x00,0x00,0x2c,0x01,0x14,0x58,
0x03,0x02,0x2c,0x00,0x1d,0x04,0x2c,0x05,0x18,0x04,0x31,0x18,0x06,0xd0,0x56,0x2d,0x81,0x0c,0x8f,0x02,
0x40,0x29,0x47,0x00,0x47,0x28,0x00,0x00,0x06,0x00,0x01,0x00,0x30,0x10,0x03,0x00,0xe8,0x27,0x47,0x00,
0x00,0x00,0x02,0x02,0x47,0x17,0x00,0x00,0x47,0x42,0x00,0x00,0x32,0xe8,0x00,0x42,0x01,0xcd,0x56,0x00,
0x00,0x00,0x00,0x00,0x55,0x4d,0x90,0x02,0xa0,0x2b,0x47,0x00,0xc7,0x29,0x00,0x00,0x07,0x00,0x01,0x00,
0x30,0x10,0x03,0x00,0xe8,0x27,0x47,0x00,0x00,0x00,0x03,0x03,0x47,0x17,0x00,0x00,0xc7,0x29,0x00,0x00,
0xc7,0x21,0x00,0x00,0x3d,0x00,0x11,0x06,0x42,0x01,0xcd,0x56,0x42,0x02,0xcd,0x56,0x00,0x00,0x00,0x00,
0x7c,0x39,0x91,0x02,0xb0,0x2b,0x47,0x00,0x47,0x2b,0x00,0x00,0x11,0x00,0x01,0x00,0x30,0x10,0x08,0x00,
0xe8,0x27,0x47,0x00,0x00,0x04,0x0f,0x0f,0x47,0x4e,0x00,0x00,0x87,0x4f,0x00,0x00,0xc7,0x50,0x00,0x00,
0xc7,0x05,0x00,0x00,0x07,0x13,0x00,0x00,0x00,0x00,0x00,0x00,0xc7,0x22,0x00,0x00,0x47,0x42,0x00,0x00,
0x07,0x1e,0x00,0x00,0x87,0x51,0x00,0x00,0x87,0x52,0x00,0x00,0x47,0x53,0x00,0x00,0x07,0x55,0x00,0x00,
0xc7,0x1f,0x00,0x00,0x07,0x14,0x00,0x00,0x3d,0x04,0x84,0x05,0x11,0x09,0x42,0x06,0xcd,0x42,0x07,0xcd,
0x56,0x3d,0x08,0x2c,0x00,0x3d,0x04,0xd1,0xe5,0x09,0x41,0x01,0x0a,0x2d,0x0b,0x02,0x40,0x0c,0x3d,0x0d,
0xd4,0xd9,0x2d,0x03,0x0e,0x3d,0x0d,0xd6,0x56,0x00,0x00,0x00,0x00,0x00,0x00,0x1d,0x82,0x4a,0x92,0x02,
0xc0,0x2b,0x47,0x00,0x07,0x2d,0x00,0x00,0x07,0x00,0x01,0x00,0x30,0x10,0x03,0x00,0xe8,0x27,0x47,0x00,
0x00,0x01,0x04,0x04,0x87,0x03,0x00,0x00,0x47,0x14,0x00,0x00,0x07,0x13,0x00,0x00,0x47,0x42,0x00,0x00,
0x2c,0x00,0x3d,0x02,0xd1,0xe8,0x01,0x42,0x03,0xcd,0x56,0x00,0x6a,0x7e,0x94,0x02,0xd8,0x2b,0x47,0x00,
0x87,0x2e,0x00,0x00,0x0a,0x00,0x01,0x00,0x30,0x10,0x05,0x00,0xe8,0x27,0x47,0x00,0x00,0x00,0x06,0x06,
0x07,0x13,0x00,0x00,0x87,0x56,0x00,0x00,0x00,0x00,0x00,0x00,0x87,0x57,0x00,0x00,0x10,0x00,0x00,0x00,
0x87,0x2e,0x00,0x00,0x3d,0x00,0x3b,0x01,0x81,0x02,0x11,0x13,0x3d,0x00,0x40,0x03,0x34,0x3d,0x00,0x3b,
0x01,0x9c,0x04,0xda,0xe8,0x00,0x42,0x05,0xcd,0x56,0x00,0x22,0x81,0x7c,0x95,0x02,0xe8,0x2b,0x47,0x00,
0x47,0x30,0x00,0x00,0x21,0x00,0x01,0x00,0x30,0x80,0x05,0x01,0xe8,0x27,0x47,0x00,0x02,0x03,0x1b,0x1b,
0x87,0x4f,0x00,0x00,0x87,0x52,0x00,0x00,0x07,0x59,0x00,0x00,0x87,0x5b,0x00,0x00,0x07,0x5c,0x00,0x00,
0x87,0x5c,0x00,0x00,0x07,0x5d,0x00,0x00,0x87,0x5d,0x00,0x00,0x07,0x5e,0x00,0x00,0x87,0x5e,0x00,0x00,
0x07,0x5f,0x00,0x00,0x87,0x5f,0x00,0x00,0x07,0x60,0x00,0x00,0x47,0x41,0x00,0x00,0x87,0x60,0x00,0x00,
0x07,0x62,0x00,0x00,0x07,0x13,0x00,0x00,0x47,0x17,0x00,0x00,0x87,0x56,0x00,0x00,0xc0,0x00,0x00,0x00,
0x87,0x2e,0x00,0x00,0x47,0x2b,0x00,0x00,0xc7,0x29,0x00,0x00,0x47,0x30,0x00,0x00,0x07,0x2d,0x00,0x00,
0x41,0x02,0x03,0x2d,0x04,0x00,0xd9,0x2c,0x00,0xeb,0x01,0x2d,0x01,0x05,0x25,0x35,0x2c,0x06,0x25,0x38,
0x2c,0x07,0x25,0x34,0x2c,0x08,0x25,0x30,0x2c,0x09,0x25,0x2c,0x2c,0x0a,0x25,0x28,0x2c,0x0b,0x25,0x24,
0x2c,0x0c,0x25,0x20,0x2c,0x0d,0x25,0x1c,0x2c,0x0e,0x25,0x18,0x2c,0x0f,0x25,0x2e,0x2c,0x10,0x25,0x2f,
0x2c,0x11,0x77,0x09,0x37,0x01,0x42,0x3d,0x12,0x60,0x11,0x04,0x01,0x3b,0x3d,0x13,0x11,0x04,0x01,0x35,
0x3d,0x12,0x3b,0x14,0x81,0x15,0x11,0x04,0x01,0x2b,0x42,0x12,0x99,0x01,0xdc,0x42,0x16,0xcd,0x01,0x21,
0x42,0x17,0xcd,0x01,0x1c,0x3d,0x13,0x11,0x06,0x42,0x18,0xcd,0x56,0x42,0x19,0xcd,0x01,0x0f,0x3d,0x13,
0x11,0x06,0x42,0x18,0xcd,0x56,0x42,0x1a,0xcd,0x01,0x02,0x56,0x00,0x00,0x00,0x43,0x87,0x27,0x97,0x02,
0xf8,0x3d,0x47,0x00,0xc7,0x31,0x00,0x00,0x1b,0x00,0x01,0x00,0x30,0x10,0x07,0x01,0xe8,0x27,0x47,0x00,
0x02,0x03,0x16,0x16,0x07,0x63,0x00,0x00,0x07,0x64,0x00,0x00,0x87,0x65,0x00,0x00,0x47,0x67,0x00,0x00,
0x47,0x68,0x00,0x00,0x87,0x69,0x00,0x00,0xc7,0x6a,0x00,0x00,0x47,0x6c,0x00,0x00,0x07,0x6e,0x00,0x00,
0x07,0x70,0x00,0x00,0x47,0x73,0x00,0x00,0x47,0x75,0x00,0x00,0xc7,0x78,0x00,0x00,0x80,0x3e,0x00,0x00,
0x07,0x7b,0x00,0x00,0x07,0x7d,0x00,0x00,0x87,0x7e,0x00,0x00,0x47,0x80,0x00,0x00,0x07,0x82,0x00,0x00,
0x87,0x83,0x00,0x00,0x14,0x1c,0x35,0xdf,0x35,0xf7,0x35,0xc7,0x20,0x03,0x18,0x03,0x1c,0x35,0xef,0x34,
0x35,0xef,0x35,0xef,0x35,0x00,0x20,0x05,0x18,0x04,0x58,0x06,0x05,0x58,0x08,0x07,0x1c,0x35,0x00,0x35,
0x55,0x20,0x02,0x18,0x09,0x1c,0x35,0x00,0x35,0x55,0x20,0x02,0x18,0x0a,0x35,0x01,0x18,0x0b,0x1c,0x35,
0x07,0x35,0x3f,0x20,0x02,0x18,0x0c,0x35,0x01,0x18,0x0d,0x58,0x0f,0x0e,0x1c,0x34,0x35,0x00,0x20,0x02,
0x18,0x10,0x58,0x12,0x11,0x35,0x21,0x18,0x13,0x34,0x18,0x14,0xeb,0x01,0x41,0x02,0x15,0x14,0x2d,0x00,
0x01,0xc8,0x03,0x55,0x00,0x00,0x00,0x00,0x00,0x00,0x00,0x69,0x85,0x05,0x9f,0x02,0xf8,0x2b,0x47,0x00,
0x47,0x33,0x00,0x00,0x52,0x00,0x01,0x00,0x30,0x10,0x08,0x00,0xe8,0x27,0x47,0x00,0x06,0x0a,0x3c,0x3c,
0x87,0x84,0x00,0x00,0x87,0x4f,0x00,0x00,0x47,0x4e,0x00,0x00,0xc7,0x50,0x00,0x00,0x47,0x85,0x00,0x00,
0x87,0x52,0x00,0x00,0xc7,0x86,0x00,0x00,0x47,0x12,0x00,0x00,0x87,0x8b,0x00,0x00,0x87,0x8d,0x00,0x00,
0x00,0x00,0x00,0x00,0x47,0x8e,0x00,0x00,0xc7,0x93,0x00,0x00,0x87,0x96,0x00,0x00,0xc7,0x9b,0x00,0x00,
0x47,0x33,0x00,0x00,0xc7,0xa0,0x00,0x00,0x47,0xa6,0x00,0x00,0x07,0xa9,0x00,0x00,0x47,0xae,0x00,0x00,
0x07,0x1e,0x00,0x00,0xc7,0xb0,0x00,0x00,0x47,0xb2,0x00,0x00,0xc7,0xb6,0x00,0x00,0x87,0xb7,0x00,0x00,
0x07,0xbc,0x00,0x00,0x07,0xbd,0x00,0x00,0x87,0xc1,0x00,0x00,0x47,0xc2,0x00,0x00,0x47,0xc6,0x00,0x00,
0xc7,0xc6,0x00,0x00,0xc7,0xca,0x00,0x00,0x47,0xcb,0x00,0x00,0xc7,0x4b,0x00,0x00,0x87,0x57,0x00,0x00,
0x47,0xcf,0x00,0x00,0x07,0xd2,0x00,0x00,0xc7,0xd4,0x00,0x00,0x07,0x82,0x00,0x00,0x87,0xd6,0x00,0x00,
0x07,0xd8,0x00,0x00,0x07,0xda,0x00,0x00,0x47,0xdb,0x00,0x00,0x07,0xe0,0x00,0x00,0x87,0xe4,0x00,0x00,
0x07,0xe9,0x00,0x00,0x87,0xed,0x00,0x00,0x87,0xf2,0x00,0x00,0xc7,0xf6,0x00,0x00,0x07,0x55,0x00,0x00,
0x47,0xfb,0x00,0x00,0xc7,0xff,0x00,0x00,0x47,0x02,0x01,0x00,0x87,0x06,0x01,0x00,0x41,0x06,0x0a,0xce,
0xeb,0x00,0x41,0x07,0x0b,0x2d,0x0c,0x00,0x3b,0x0d,0xd9,0x41,0x06,0x0e,0x34,0xd4,0xeb,0x00,0x3c,0x00,
0x0f,0x7b,0x10,0x11,0x03,0x56,0x41,0x06,0x0a,0xce,0xeb,0x00,0x41,0x07,0x0b,0x2d,0x11,0x00,0x3b,0x0d,
0xd9,0x41,0x06,0x12,0xce,0xeb,0x00,0x41,0x06,0x0a,0xce,0xeb,0x00,0x41,0x07,0x0b,0x2d,0x13,0x00,0x3b,
0x0d,0xd9,0x3c,0x00,0x0f,0x7b,0x10,0x11,0x09,0x41,0x07,0x0b,0x2c,0x14,0xd3,0x56,0x42,0x15,0x3c,0x00,
0x0d,0xd4,0xeb,0x01,0x41,0x06,0x0a,0xce,0xeb,0x00,0x41,0x07,0x0b,0x2d,0x16,0x00,0x3b,0x0d,0xd9,0x41,
0x06,0x17,0x2c,0x01,0xd4,0xeb,0x00,0x41,0x06,0x0a,0xce,0xeb,0x00,0x41,0x07,0x0b,0x2d,0x18,0x00,0x3b,
0x0d,0xd9,0x3c,0x00,0x0f,0x7b,0x10,0x11,0x03,0x56,0x3c,0x06,0x19,0x3b,0x1a,0x3b,0x1b,0xeb,0x02,0x41,
0x07,0x0b,0x2d,0x1c,0x02,0x3b,0x1d,0xd9,0x41,0x07,0x0b,0x2d,0x1e,0x02,0x3b,0x1f,0xd9,0x41,0x07,0x0b,
0x2d,0x20,0x02,0x3b,0x21,0xd9,0x41,0x07,0x0b,0x2d,0x22,0x02,0x3b,0x23,0xd9,0x41,0x07,0x0b,0x2d,0x24,
0x02,0x3b,0x25,0xd9,0x41,0x07,0x0b,0x2d,0x26,0x02,0x3b,0x27,0xd9,0x1c,0x2d,0x08,0x02,0x3b,0x1d,0x40,
0x28,0x35,0x01,0xd4,0x35,0x0f,0xd7,0x2d,0x08,0x02,0x3b,0x1f,0x35,0x0f,0xd7,0x2d,0x08,0x02,0x3b,0x21,
0x35,0x0f,0xd7,0x20,0x03,0xeb,0x03,0x1c,0x2d,0x08,0x02,0x3b,0x23,0x35,0x0f,0xd7,0x2d,0x08,0x02,0x3b,
0x25,0x35,0x0f,0xd7,0x2d,0x08,0x02,0x3b,0x27,0x35,0x0f,0xd7,0x20,0x03,0xeb,0x04,0x41,0x07,0x0b,0x2d,
0x29,0x03,0xd9,0x41,0x07,0x0b,0x2d,0x2a,0x04,0xd9,0x14,0x35,0x00,0x18,0x2b,0x34,0x18,0x2c,0x58,0x03,
0x2d,0x58,0x04,0x1b,0x34,0x18,0x2e,0x1c,0x34,0x34,0x34,0x34,0x35,0x05,0x35,0x6f,0x20,0x06,0x18,0x2f,
0xeb,0x05,0x41,0x07,0x0b,0x2d,0x30,0x05,0x3b,0x2b,0xd9,0x41,0x07,0x0b,0x2d,0x31,0x05,0x3b,0x2c,0xd9,
0x41,0x07,0x0b,0x2d,0x32,0x05,0x3b,0x2d,0xd9,0x41,0x07,0x0b,0x2d,0x33,0x05,0x3b,0x1b,0xd9,0x41,0x07,
0x0b,0x2d,0x34,0x05,0x3b,0x2e,0xd9,0x41,0x07,0x0b,0x2d,0x35,0x05,0x3b,0x2f,0xd9,0x41,0x07,0x0b,0x2d,
0x36,0x09,0x40,0x37,0x2c,0x05,0xd4,0xd9,0x41,0x07,0x0b,0x2c,0x38,0xd3,0x41,0x06,0x39,0x2c,0x05,0xd4,
0xeb,0x00,0x41,0x07,0x0b,0x2c,0x3a,0xd3,0x3c,0x00,0x0f,0x7b,0x10,0x11,0x08,0x41,0x07,0x0b,0x2c,0x3b,
0xd3,0x56,0x00,0x00,0x00,0x00,0x00,0x7b,0x97,0x06,0xa5,0x02,0xe8,0x7f,0x47,0x00,0x87,0x35,0x00,0x00,
0x13,0x00,0x01,0x00,0x30,0x10,0x05,0x01,0xe8,0x27,0x47,0x00,0x01,0x03,0x10,0x10,0x87,0x4f,0x00,0x00,
0x87,0x84,0x00,0x00,0x87,0x52,0x00,0x00,0x47,0x0b,0x01,0x00,0x07,0x1f,0x00,0x00,0x47,0xae,0x00,0x00,
0x07,0x1e,0x00,0x00,0x47,0x16,0x00,0x00,0x47,0x0e,0x01,0x00,0xc7,0x0f,0x01,0x00,0x07,0x14,0x01,0x00,
0xc7,0x1f,0x00,0x00,0x47,0x16,0x01,0x00,0x47,0x18,0x01,0x00,0x47,0x42,0x00,0x00,0x41,0x01,0x03,0x2c,
0x04,0xd3,0x3c,0x02,0x06,0x3b,0x05,0xe8,0x05,0x3c,0x02,0x06,0x3b,0x07,0xe8,0x07,0x3d,0x07,0x3b,0x09,
0xe8,0x08,0x41,0x01,0x03,0x2c,0x0a,0x3d,0x07,0x3b,0x09,0x98,0xd3,0x41,0x01,0x03,0x2c,0x0b,0x3d,0x08,
0xd9,0x2c,0x00,0x11,0x09,0x3c,0x02,0x0d,0x3b,0x0e,0xe8,0x0c,0x42,0x0f,0xcd,0x56,0x00,0x00,0x00,0x2c,
0x83,0x1d,0xbd,0x02,0x00,0x37,0x47,0x00,0x87,0x37,0x00,0x00,0x05,0x00,0x01,0x00,0x30,0x10,0x03,0x00,
0xe8,0x27,0x47,0x00,0x00,0x00,0x01,0x01,0x47,0x26,0x00,0x00,0x42,0x00,0xcd,0x56,0x00,0x00,0x00,0x00,
0x4d,0x59,0xc0,0x02,0x88,0x28,0x47,0x00,0x47,0x39,0x00,0x00,0x06,0x00,0x01,0x00,0x30,0x10,0x03,0x00,
0xe8,0x27,0x47,0x00,0x00,0x01,0x03,0x03,0x87,0x84,0x00,0x00,0x07,0x1d,0x00,0x00,0x87,0x19,0x01,0x00,
0x31,0xe8,0x01,0x41,0x00,0x02,0xcd,0x56,0x62,0x3c,0xc1,0x02,0x08,0x2c,0x47,0x00,0x87,0x3a,0x00,0x00,
0x0c,0x00,0x47,0x4c,0x4f,0x42,0x41,0x4c,0x5f,0x50,0x52,0x4f,0x50,0x53,0x0c,0x00,0x47,0x4c,0x4f,0x42,
0x41,0x4c,0x5f,0x46,0x55,0x4e,0x43,0x53,0x0f,0x00,0x47,0x45,0x54,0x5f,0x53,0x48,0x4f,0x57,0x5f,0x41,
0x4d,0x4f,0x55,0x4e,0x54,0x00,0x0b,0x00,0x47,0x4c,0x4f,0x42,0x41,0x4c,0x5f,0x4a,0x55,0x4d,0x50,0x00,
0x07,0x00,0x72,0x65,0x71,0x75,0x69,0x72,0x65,0x00,0x09,0x00,0x56,0x69,0x65,0x77,0x4d,0x6f,0x64,0x65,
0x6c,0x00,0x10,0x00,0x6d,0x6f,0x64,0x5f,0x67,0x6c,0x6f,0x62,0x61,0x6c,0x5f,0x70,0x72,0x6f,0x70,0x73,
0x10,0x00,0x6d,0x6f,0x64,0x5f,0x67,0x6c,0x6f,0x62,0x61,0x6c,0x5f,0x66,0x75,0x6e,0x63,0x73,0x10,0x00,
0x6d,0x6f,0x64,0x5f,0x67,0x6c,0x6f,0x62,0x61,0x6c,0x5f,0x74,0x72,0x61,0x6e,0x73,0x08,0x00,0x69,0x6e,
0x70,0x75,0x74,0x41,0x6d,0x74,0x04,0x00,0x64,0x61,0x74,0x61,0x05,0x00,0x76,0x61,0x6c,0x75,0x65,0x00,
0x00,0x00,0x08,0x00,0x76,0x61,0x6c,0x75,0x65,0x53,0x74,0x72,0x04,0x00,0x30,0x2e,0x30,0x30,0x05,0x00,
0x74,0x69,0x74,0x6c,0x65,0x00,0x09,0x00,0x73,0x68,0x6f,0x77,0x4d,0x6f,0x64,0x65,0x6c,0x00,0x0b,0x00,
0x74,0x69,0x6d,0x65,0x4f,0x75,0x74,0x53,0x68,0x6f,0x77,0x00,0x03,0x00,0x36,0x30,0x73,0x00,0x07,0x00,
0x74,0x69,0x6d,0x65,0x4f,0x75,0x74,0x00,0x02,0x00,0x36,0x30,0x06,0x00,0x69,0x73,0x45,0x78,0x69,0x74,
0x05,0x00,0x74,0x72,0x61,0x6e,0x73,0x00,0x04,0x00,0x66,0x6c,0x6f,0x77,0x04,0x00,0x75,0x73,0x65,0x72,
0x07,0x00,0x6d,0x65,0x74,0x68,0x6f,0x64,0x73,0x00,0x06,0x00,0x6f,0x6e,0x46,0x61,0x69,0x6c,0x0a,0x00,
0x73,0x68,0x6f,0x77,0x50,0x72,0x6f,0x6d,0x70,0x74,0x0e,0x00,0x73,0x65,0x74,0x50,0x72,0x6f,0x6d,0x70,
0x74,0x54,0x69,0x6d,0x65,0x72,0x0e,0x00,0x73,0x65,0x74,0x53,0x63,0x72,0x65,0x65,0x6e,0x54,0x69,0x6d,
0x65,0x72,0x09,0x00,0x6a,0x75,0x6d,0x70,0x45,0x72,0x72,0x6f,0x72,0x00,0x09,0x00,0x68,0x69,0x64,0x65,
0x4d,0x6f,0x64,0x65,0x6c,0x00,0x0c,0x00,0x68,0x61,0x6e,0x64,0x6c,0x65,0x43,0x61,0x6e,0x63,0x65,0x6c,
0x0a,0x00,0x6e,0x61,0x76,0x69,0x67,0x61,0x74,0x65,0x54,0x6f,0x0c,0x00,0x5f,0x66,0x6f,0x72,0x6d,0x61,
0x74,0x49,0x6e,0x70,0x75,0x74,0x09,0x00,0x72,0x65,0x64,0x75,0x63,0x65,0x4e,0x75,0x6d,0x00,0x09,0x00,
0x6f,0x6e,0x4b,0x65,0x79,0x44,0x6f,0x77,0x6e,0x00,0x10,0x00,0x68,0x61,0x6e,0x64,0x6c,0x65,0x52,0x65,
0x73,0x65,0x74,0x54,0x49,0x6e,0x66,0x6f,0x0d,0x00,0x65,0x6d,0x76,0x50,0x72,0x65,0x50,0x72,0x6f,0x63,
0x65,0x73,0x73,0x00,0x0b,0x00,0x6f,0x6e,0x57,0x69,0x6c,0x6c,0x4d,0x6f,0x75,0x6e,0x74,0x00,0x07,0x00,
0x6f,0x6e,0x4d,0x6f,0x75,0x6e,0x74,0x00,0x0d,0x00,0x6f,0x6e,0x57,0x69,0x6c,0x6c,0x55,0x6e,0x6d,0x6f,
0x75,0x6e,0x74,0x00,0x0f,0x00,0x6e,0x61,0x76,0x69,0x67,0x61,0x74,0x65,0x52,0x65,0x70,0x6c,0x61,0x63,
0x65,0x00,0x06,0x00,0x74,0x61,0x72,0x67,0x65,0x74,0x03,0x00,0x70,0x61,0x79,0x00,0x04,0x00,0x74,0x79,
0x70,0x65,0x06,0x00,0x63,0x61,0x6e,0x63,0x65,0x6c,0x12,0x00,0x6e,0x6f,0x74,0x69,0x66,0x79,0x50,0x72,
0x6f,0x70,0x73,0x43,0x68,0x61,0x6e,0x67,0x65,0x64,0x04,0x00,0x6c,0x6f,0x6f,0x70,0x04,0x00,0x74,0x68,
0x61,0x74,0x08,0x00,0x74,0x69,0x6d,0x65,0x72,0x41,0x64,0x64,0x0a,0x00,0x52,0x45,0x54,0x5f,0x52,0x45,
0x4d,0x4f,0x56,0x45,0x0a,0x00,0x52,0x45,0x54,0x5f,0x52,0x45,0x50,0x45,0x41,0x54,0x07,0x00,0x74,0x69,
0x6d,0x65,0x6f,0x75,0x74,0x00,0x01,0x00,0x73,0x00,0x0d,0x00,0x63,0x6c,0x6f,0x73,0x65,0x5f,0x63,0x75,
0x72,0x72,0x65,0x6e,0x74,0x00,0x08,0x00,0x70,0x61,0x72,0x73,0x65,0x49,0x6e,0x74,0x07,0x00,0x63,0x6f,
0x6e,0x73,0x6f,0x6c,0x65,0x00,0x04,0x00,0x4a,0x53,0x4f,0x4e,0x06,0x00,0x61,0x6d,0x6f,0x75,0x6e,0x74,
0x03,0x00,0x6c,0x6f,0x67,0x00,0x0b,0x00,0x67,0x6c,0x6f,0x62,0x61,0x6c,0x5f,0x6a,0x75,0x6d,0x70,0x00,
0x09,0x00,0x73,0x74,0x72,0x69,0x6e,0x67,0x69,0x66,0x79,0x00,0x06,0x00,0x6c,0x65,0x6e,0x67,0x74,0x68,
0x09,0x00,0x73,0x75,0x62,0x73,0x74,0x72,0x69,0x6e,0x67,0x00,0x12,0x00,0x6b,0x65,0x79,0x20,0x64,0x6f,
0x77,0x6e,0x2d,0x2d,0x2d,0x2d,0x2d,0x3e,0x3e,0x3e,0x3e,0x3a,0x01,0x00,0x30,0x00,0x01,0x00,0x31,0x00,
0x01,0x00,0x32,0x00,0x01,0x00,0x33,0x00,0x01,0x00,0x34,0x00,0x01,0x00,0x35,0x00,0x01,0x00,0x36,0x00,
0x01,0x00,0x37,0x00,0x01,0x00,0x38,0x00,0x01,0x00,0x39,0x00,0x09,0x00,0x62,0x61,0x63,0x6b,0x73,0x70,
0x61,0x63,0x65,0x00,0x06,0x00,0x72,0x65,0x74,0x75,0x72,0x6e,0x06,0x00,0x4f,0x62,0x6a,0x65,0x63,0x74,
0x0a,0x00,0x63,0x61,0x70,0x61,0x62,0x69,0x6c,0x69,0x74,0x79,0x0c,0x00,0x65,0x78,0x43,0x61,0x70,0x61,
0x62,0x69,0x6c,0x69,0x74,0x79,0x06,0x00,0x74,0x65,0x72,0x6d,0x49,0x64,0x08,0x00,0x30,0x30,0x30,0x30,
0x30,0x30,0x30,0x30,0x07,0x00,0x6d,0x65,0x72,0x63,0x68,0x49,0x64,0x00,0x0a,0x00,0x6d,0x6f,0x6a,0x69,
0x61,0x6c,0x69,0x61,0x6e,0x67,0x0b,0x00,0x63,0x6f,0x75,0x6e,0x74,0x72,0x79,0x43,0x6f,0x64,0x65,0x00,
0x0d,0x00,0x74,0x72,0x61,0x6e,0x73,0x43,0x75,0x72,0x72,0x43,0x6f,0x64,0x65,0x00,0x18,0x00,0x74,0x65,
0x72,0x6d,0x69,0x6e,0x61,0x6c,0x43,0x75,0x72,0x72,0x65,0x6e,0x63,0x79,0x45,0x78,0x70,0x6f,0x6e,0x65,
0x6e,0x74,0x0d,0x00,0x72,0x65,0x66,0x65,0x72,0x43,0x75,0x72,0x72,0x43,0x6f,0x64,0x65,0x00,0x19,0x00,
0x72,0x65,0x66,0x65,0x72,0x65,0x6e,0x63,0x65,0x43,0x75,0x72,0x72,0x65,0x6e,0x63,0x79,0x45,0x78,0x70,
0x6f,0x6e,0x65,0x6e,0x74,0x00,0x0f,0x00,0x63,0x6f,0x6e,0x76,0x65,0x72,0x73,0x69,0x6f,0x6e,0x52,0x61,
0x74,0x69,0x6f,0x00,0x0d,0x00,0x6d,0x65,0x72,0x63,0x68,0x43,0x61,0x74,0x65,0x43,0x6f,0x64,0x65,0x00,
0x09,0x00,0x6d,0x65,0x72,0x63,0x68,0x4e,0x61,0x6d,0x65,0x00,0x0b,0x00,0x59,0x49,0x54,0x55,0x4f,0x4c,
0x55,0x41,0x4e,0x4d,0x41,0x00,0x0c,0x00,0x74,0x65,0x72,0x6d,0x69,0x6e,0x61,0x6c,0x54,0x79,0x70,0x65,
0x09,0x00,0x74,0x72,0x61,0x6e,0x73,0x54,0x79,0x70,0x65,0x00,0x06,0x00,0x61,0x73,0x73,0x69,0x67,0x6e,
0x03,0x00,0x54,0x6f,0x73,0x00,0x0a,0x00,0x53,0x79,0x73,0x47,0x65,0x74,0x54,0x69,0x6d,0x65,0x24,0x00,
0x54,0x65,0x6d,0x76,0x54,0x72,0x61,0x6e,0x73,0x49,0x6e,0x69,0x74,0x20,0x73,0x74,0x61,0x72,0x74,0x20,
0x74,0x69,0x6d,0x65,0x20,0x3d,0x3d,0x3d,0x3d,0x3d,0x3d,0x3d,0x3d,0x3d,0x3d,0x3e,0x0d,0x00,0x54,0x65,
0x6d,0x76,0x54,0x72,0x61,0x6e,0x73,0x49,0x6e,0x69,0x74,0x00,0x04,0x00,0x63,0x6f,0x64,0x65,0x2a,0x00,
0x54,0x65,0x6d,0x76,0x47,0x65,0x74,0x54,0x65,0x72,0x6d,0x69,0x6e,0x61,0x6c,0x49,0x6e,0x66,0x6f,0x20,
0x73,0x74,0x61,0x72,0x74,0x20,0x74,0x69,0x6d,0x65,0x20,0x3d,0x3d,0x3d,0x3d,0x3d,0x3d,0x3d,0x3d,0x3d,
0x3d,0x3e,0x13,0x00,0x54,0x65,0x6d,0x76,0x47,0x65,0x74,0x54,0x65,0x72,0x6d,0x69,0x6e,0x61,0x6c,0x49,
0x6e,0x66,0x6f,0x00,0x28,0x00,0x54,0x65,0x6d,0x76,0x47,0x65,0x74,0x54,0x65,0x72,0x6d,0x69,0x6e,0x61,
0x6c,0x49,0x6e,0x66,0x6f,0x20,0x65,0x6e,0x64,0x20,0x74,0x69,0x6d,0x65,0x20,0x3d,0x3d,0x3d,0x3d,0x3d,
0x3d,0x3d,0x3d,0x3d,0x3d,0x3e,0x26,0x00,0x54,0x65,0x6d,0x76,0x47,0x65,0x74,0x54,0x65,0x72,0x6d,0x69,
0x6e,0x61,0x6c,0x49,0x6e,0x66,0x6f,0x20,0x46,0x61,0x69,0x6c,0x20,0x32,0x32,0x32,0x32,0x3d,0x3d,0x3d,
0x3d,0x3d,0x3d,0x3d,0x3d,0x3d,0x2a,0x00,0x54,0x65,0x6d,0x76,0x53,0x65,0x74,0x54,0x65,0x72,0x6d,0x69,
0x6e,0x61,0x6c,0x49,0x6e,0x66,0x6f,0x20,0x73,0x74,0x61,0x72,0x74,0x20,0x74,0x69,0x6d,0x65,0x20,0x3d,
0x3d,0x3d,0x3d,0x3d,0x3d,0x3d,0x3d,0x3d,0x3d,0x3e,0x13,0x00,0x54,0x65,0x6d,0x76,0x53,0x65,0x74,0x54,
0x65,0x72,0x6d,0x69,0x6e,0x61,0x6c,0x49,0x6e,0x66,0x6f,0x00,0x28,0x00,0x54,0x65,0x6d,0x76,0x53,0x65,
0x74,0x54,0x65,0x72,0x6d,0x69,0x6e,0x61,0x6c,0x49,0x6e,0x66,0x6f,0x20,0x65,0x6e,0x64,0x20,0x74,0x69,
0x6d,0x65,0x20,0x3d,0x3d,0x3d,0x3d,0x3d,0x3d,0x3d,0x3d,0x3d,0x3d,0x3e,0x12,0x00,0x47,0x4c,0x4f,0x42,
0x41,0x4c,0x5f,0x54,0x52,0x41,0x4e,0x53,0x41,0x43,0x54,0x49,0x4f,0x4e,0x09,0x00,0x74,0x72,0x61,0x6e,
0x73,0x54,0x69,0x6d,0x65,0x00,0x21,0x00,0x0a,0x74,0x72,0x61,0x6e,0x73,0x61,0x63,0x74,0x69,0x6f,0x6e,
0x54,0x69,0x6d,0x65,0x20,0x79,0x65,0x61,0x72,0x20,0x3d,0x3d,0x3d,0x3d,0x3d,0x3d,0x3d,0x3d,0x3d,0x3d,
0x3e,0x00,0x04,0x00,0x79,0x65,0x61,0x72,0x22,0x00,0x0a,0x74,0x72,0x61,0x6e,0x73,0x61,0x63,0x74,0x69,
0x6f,0x6e,0x54,0x69,0x6d,0x65,0x20,0x6d,0x6f,0x6e,0x74,0x68,0x20,0x3d,0x3d,0x3d,0x3d,0x3d,0x3d,0x3d,
0x3d,0x3d,0x3d,0x3e,0x05,0x00,0x6d,0x6f,0x6e,0x74,0x68,0x00,0x21,0x00,0x0a,0x74,0x72,0x61,0x6e,0x73,
0x61,0x63,0x74,0x69,0x6f,0x6e,0x54,0x69,0x6d,0x65,0x20,0x64,0x61,0x74,0x65,0x20,0x3d,0x3d,0x3d,0x3d,
0x3d,0x3d,0x3d,0x3d,0x3d,0x3d,0x3e,0x00,0x04,0x00,0x64,0x61,0x74,0x65,0x1e,0x00,0x0a,0x74,0x72,0x61,
0x6e,0x73,0x61,0x63,0x74,0x69,0x6f,0x6e,0x54,0x69,0x6d,0x65,0x20,0x68,0x20,0x3d,0x3d,0x3d,0x3d,0x3d,
0x3d,0x3d,0x3d,0x3d,0x3d,0x3e,0x01,0x00,0x68,0x00,0x1e,0x00,0x0a,0x74,0x72,0x61,0x6e,0x73,0x61,0x63,
0x74,0x69,0x6f,0x6e,0x54,0x69,0x6d,0x65,0x20,0x6d,0x20,0x3d,0x3d,0x3d,0x3d,0x3d,0x3d,0x3d,0x3d,0x3d,
0x3d,0x3e,0x01,0x00,0x6d,0x00,0x1e,0x00,0x0a,0x74,0x72,0x61,0x6e,0x73,0x61,0x63,0x74,0x69,0x6f,0x6e,
0x54,0x69,0x6d,0x65,0x20,0x73,0x20,0x3d,0x3d,0x3d,0x3d,0x3d,0x3d,0x3d,0x3d,0x3d,0x3d,0x3e,0x14,0x00,
0x0a,0x74,0x72,0x61,0x6e,0x73,0x44,0x61,0x74,0x61,0x20,0x3d,0x3d,0x3d,0x3d,0x3d,0x3d,0x3d,0x3d,0x3e,
0x14,0x00,0x0a,0x74,0x72,0x61,0x6e,0x73,0x54,0x69,0x6d,0x65,0x20,0x3d,0x3d,0x3d,0x3d,0x3d,0x3d,0x3d,
0x3d,0x3e,0x0c,0x00,0x74,0x72,0x61,0x6e,0x73,0x43,0x6f,0x75,0x6e,0x74,0x65,0x72,0x09,0x00,0x74,0x72,
0x61,0x6e,0x73,0x44,0x61,0x74,0x65,0x00,0x0d,0x00,0x69,0x73,0x46,0x6f,0x72,0x63,0x65,0x4f,0x6e,0x4c,
0x69,0x6e,0x65,0x00,0x07,0x00,0x61,0x6d,0x74,0x41,0x75,0x74,0x68,0x00,0x24,0x00,0x0a,0x74,0x72,0x61,
0x6e,0x73,0x50,0x61,0x72,0x61,0x6d,0x20,0x74,0x72,0x61,0x6e,0x73,0x43,0x6f,0x75,0x6e,0x74,0x65,0x72,
0x20,0x3d,0x3d,0x3d,0x3d,0x3d,0x3d,0x3d,0x3d,0x3d,0x3d,0x3e,0x21,0x00,0x0a,0x74,0x72,0x61,0x6e,0x73,
0x50,0x61,0x72,0x61,0x6d,0x20,0x74,0x72,0x61,0x6e,0x73,0x54,0x79,0x70,0x65,0x20,0x3d,0x3d,0x3d,0x3d,
0x3d,0x3d,0x3d,0x3d,0x3d,0x3d,0x3e,0x00,0x21,0x00,0x0a,0x74,0x72,0x61,0x6e,0x73,0x50,0x61,0x72,0x61,
0x6d,0x20,0x74,0x72,0x61,0x6e,0x73,0x44,0x61,0x74,0x65,0x20,0x3d,0x3d,0x3d,0x3d,0x3d,0x3d,0x3d,0x3d,
0x3d,0x3d,0x3e,0x00,0x21,0x00,0x0a,0x74,0x72,0x61,0x6e,0x73,0x50,0x61,0x72,0x61,0x6d,0x20,0x74,0x72,
0x61,0x6e,0x73,0x54,0x69,0x6d,0x65,0x20,0x3d,0x3d,0x3d,0x3d,0x3d,0x3d,0x3d,0x3d,0x3d,0x3d,0x3e,0x00,
0x25,0x00,0x0a,0x74,0x72,0x61,0x6e,0x73,0x50,0x61,0x72,0x61,0x6d,0x20,0x69,0x73,0x46,0x6f,0x72,0x63,
0x65,0x4f,0x6e,0x4c,0x69,0x6e,0x65,0x20,0x3d,0x3d,0x3d,0x3d,0x3d,0x3d,0x3d,0x3d,0x3d,0x3d,0x3e,0x00,
0x1f,0x00,0x0a,0x74,0x72,0x61,0x6e,0x73,0x50,0x61,0x72,0x61,0x6d,0x20,0x61,0x6d,0x74,0x41,0x75,0x74,
0x68,0x20,0x3d,0x3d,0x3d,0x3d,0x3d,0x3d,0x3d,0x3d,0x3d,0x3d,0x3e,0x00,0x21,0x00,0x0a,0x74,0x72,0x61,
0x6e,0x73,0x50,0x61,0x72,0x61,0x6d,0x20,0x3d,0x3d,0x3d,0x3d,0x3d,0x3d,0x3d,0x3d,0x3d,0x3d,0x3d,0x3d,
0x3d,0x3d,0x3d,0x3d,0x3d,0x3d,0x3d,0x3d,0x3e,0x00,0x21,0x00,0x54,0x65,0x6d,0x76,0x53,0x65,0x74,0x54,
0x72,0x61,0x6e,0x73,0x50,0x61,0x72,0x61,0x6d,0x20,0x73,0x74,0x61,0x72,0x74,0x20,0x3d,0x3d,0x3d,0x3d,
0x3d,0x3d,0x3d,0x3d,0x3d,0x00,0x11,0x00,0x54,0x65,0x6d,0x76,0x53,0x65,0x74,0x54,0x72,0x61,0x6e,0x73,
0x50,0x61,0x72,0x61,0x6d,0x00,0x1f,0x00,0x54,0x65,0x6d,0x76,0x53,0x65,0x74,0x54,0x72,0x61,0x6e,0x73,
0x50,0x61,0x72,0x61,0x6d,0x20,0x65,0x6e,0x64,0x20,0x3d,0x3d,0x3d,0x3d,0x3d,0x3d,0x3d,0x3d,0x3d,0x00,
0x24,0x00,0x54,0x65,0x6d,0x76,0x53,0x65,0x74,0x54,0x72,0x61,0x6e,0x73,0x50,0x61,0x72,0x61,0x6d,0x20,
0x46,0x61,0x69,0x6c,0x20,0x34,0x34,0x34,0x34,0x3d,0x3d,0x3d,0x3d,0x3d,0x3d,0x3d,0x3d,0x3d,0x15,0x00,
0x69,0x6e,0x70,0x75,0x74,0x41,0x6d,0x74,0x3d,0x3d,0x3d,0x3d,0x3d,0x3d,0x3d,0x3d,0x3d,0x3d,0x3d,0x3d,
0x3a,0x00,0x09,0x00,0x74,0x72,0x61,0x6e,0x73,0x4e,0x61,0x6d,0x65,0x00,0x20,0x00,0x69,0x6e,0x70,0x75,
0x74,0x41,0x6d,0x74,0x3d,0x3d,0x3d,0x3d,0x3d,0x3d,0x3d,0x3d,0x3d,0x3d,0x3d,0x3d,0x3a,0x20,0x74,0x72,
0x61,0x6e,0x73,0x4e,0x61,0x6d,0x65,0x20,0x10,0x00,0x74,0x69,0x74,0x6c,0x65,0x20,0x2d,0x2d,0x2d,0x2d,
0x2d,0x3e,0x3e,0x3e,0x3e,0x3a,0x0d,0x00,0x47,0x4c,0x4f,0x42,0x41,0x4c,0x5f,0x43,0x4f,0x4e,0x46,0x49,
0x47,0x00,0x08,0x00,0x75,0x73,0x65,0x72,0x49,0x6e,0x66,0x6f,0x08,0x00,0x50,0x72,0x6e,0x43,0x6c,0x6f,
0x73,0x65,0x00,0x00,0x00,0x00,};/*5046*/
