TK_CONST_DATA_ALIGN(const unsigned char script_inputConfig[]) = {
0x80,0x00,0x01,0x01,0x08,0x15,0x00,0x00,0x00,0x00,0x00,0x00,0x69,0x6e,0x70,0x75,0x74,0x43,0x6f,0x6e,
0x66,0x69,0x67,0x00,0x00,0x00,0x00,0x00,0x00,0x00,0x00,0x00,0x00,0x00,0x00,0x00,0x00,0x00,0x00,0x00,
0x00,0x00,0x00,0x00,0x4a,0x52,0x52,0x59,0x46,0x00,0x00,0x00,0x00,0x00,0x00,0x00,0x48,0x0d,0x00,0x00,
0x01,0x00,0x00,0x00,0x18,0x00,0x00,0x00,0x32,0x00,0x01,0x00,0x00,0x30,0x05,0x00,0x90,0x27,0x47,0x00,
0x01,0x07,0x2f,0x3c,0x07,0x00,0x00,0x00,0xc7,0x01,0x00,0x00,0xc7,0x03,0x00,0x00,0x07,0x05,0x00,0x00,
0x47,0x09,0x00,0x00,0x87,0x0a,0x00,0x00,0x07,0x0c,0x00,0x00,0x07,0x00,0x00,0x00,0xc7,0x01,0x00,0x00,
0x87,0x0e,0x00,0x00,0xc7,0x03,0x00,0x00,0x07,0x05,0x00,0x00,0xc7,0x10,0x00,0x00,0x87,0x12,0x00,0x00,
0x47,0x13,0x00,0x00,0x07,0x14,0x00,0x00,0x07,0x15,0x00,0x00,0x47,0x15,0x00,0x00,0x07,0x17,0x00,0x00,
0xc7,0x17,0x00,0x00,0x07,0x19,0x00,0x00,0x87,0x19,0x00,0x00,0x87,0x1a,0x00,0x00,0xc7,0x1b,0x00,0x00,
0x07,0x1f,0x00,0x00,0x07,0x20,0x00,0x00,0x47,0x21,0x00,0x00,0x07,0x22,0x00,0x00,0x87,0x23,0x00,0x00,
0x07,0x24,0x00,0x00,0x47,0x25,0x00,0x00,0x87,0x26,0x00,0x00,0x07,0x28,0x00,0x00,0x47,0x29,0x00,0x00,
0x87,0x2b,0x00,0x00,0x07,0x2d,0x00,0x00,0x87,0x2e,0x00,0x00,0x47,0x30,0x00,0x00,0xc7,0x31,0x00,0x00,
0x07,0x33,0x00,0x00,0xc7,0x34,0x00,0x00,0x87,0x36,0x00,0x00,0x87,0x38,0x00,0x00,0x07,0x3a,0x00,0x00,
0xc7,0x3b,0x00,0x00,0x07,0x3d,0x00,0x00,0x90,0x01,0x00,0x00,0x48,0x04,0x00,0x00,0x98,0x04,0x00,0x00,
0xf8,0x04,0x00,0x00,0x38,0x05,0x00,0x00,0x58,0x06,0x00,0x00,0xa0,0x08,0x00,0x00,0xb0,0x0a,0x00,0x00,
0xf8,0x0a,0x00,0x00,0xa8,0x0b,0x00,0x00,0x08,0x0c,0x00,0x00,0xe0,0x0c,0x00,0x00,0x08,0x0d,0x00,0x00,
0x47,0x01,0x47,0x02,0x47,0x03,0x47,0x04,0x51,0x01,0x51,0x02,0x51,0x03,0x51,0x04,0x2d,0x05,0x07,0xd1,
0x3b,0x08,0xdf,0x01,0x2d,0x05,0x07,0xd1,0x3b,0x09,0xdf,0x02,0x2d,0x05,0x0a,0xd1,0x3b,0x0b,0xdf,0x03,
0x2d,0x05,0x0a,0xd1,0x3b,0x0c,0xdf,0x04,0x2d,0x06,0x0d,0x14,0x14,0x31,0x18,0x0f,0x58,0x11,0x10,0x58,
0x13,0x12,0x58,0x15,0x14,0x32,0x18,0x16,0x58,0x18,0x17,0x35,0x0b,0x18,0x19,0x58,0x1b,0x1a,0x58,0x1d,
0x1c,0x34,0x18,0x1e,0x28,0x18,0x1f,0x34,0x18,0x20,0x18,0x0e,0x14,0x58,0x2f,0x22,0x58,0x30,0x23,0x58,
0x31,0x24,0x58,0x32,0x25,0x58,0x33,0x26,0x58,0x34,0x27,0x58,0x35,0x28,0x58,0x36,0x29,0x58,0x37,0x2a,
0x58,0x38,0x2b,0x18,0x21,0x58,0x39,0x2c,0x58,0x3a,0x2d,0x58,0x3b,0x2e,0xd8,0x56,0x00,0x00,0x00,0x00,
0xb0,0x41,0x47,0x00,0x07,0x15,0x00,0x00,0x57,0x00,0x01,0x00,0x30,0x10,0x08,0x01,0x90,0x27,0x47,0x00,
0x03,0x06,0x59,0x59,0x87,0x3e,0x00,0x00,0xc7,0x3f,0x00,0x00,0x87,0x40,0x00,0x00,0x47,0x41,0x00,0x00,
0x07,0x42,0x00,0x00,0x87,0x44,0x00,0x00,0x87,0x23,0x00,0x00,0x07,0x45,0x00,0x00,0x87,0x45,0x00,0x00,
0x07,0x46,0x00,0x00,0x87,0x46,0x00,0x00,0x07,0x47,0x00,0x00,0x87,0x47,0x00,0x00,0x07,0x48,0x00,0x00,
0x87,0x48,0x00,0x00,0x07,0x49,0x00,0x00,0x87,0x49,0x00,0x00,0x07,0x4a,0x00,0x00,0x87,0x4a,0x00,0x00,
0x07,0x4b,0x00,0x00,0x87,0x4b,0x00,0x00,0x07,0x4c,0x00,0x00,0x87,0x4c,0x00,0x00,0x07,0x4d,0x00,0x00,
0x87,0x4d,0x00,0x00,0x07,0x4e,0x00,0x00,0x87,0x4e,0x00,0x00,0x07,0x4f,0x00,0x00,0x87,0x4f,0x00,0x00,
0x07,0x50,0x00,0x00,0x87,0x50,0x00,0x00,0x07,0x51,0x00,0x00,0x87,0x51,0x00,0x00,0x07,0x52,0x00,0x00,
0x87,0x52,0x00,0x00,0x07,0x53,0x00,0x00,0x87,0x53,0x00,0x00,0x07,0x54,0x00,0x00,0x87,0x54,0x00,0x00,
0x07,0x55,0x00,0x00,0x87,0x55,0x00,0x00,0x07,0x56,0x00,0x00,0x87,0x56,0x00,0x00,0x07,0x57,0x00,0x00,
0x87,0x57,0x00,0x00,0x07,0x58,0x00,0x00,0x87,0x58,0x00,0x00,0x07,0x59,0x00,0x00,0x87,0x59,0x00,0x00,
0x07,0x5a,0x00,0x00,0x87,0x5a,0x00,0x00,0x07,0x5b,0x00,0x00,0x87,0x5b,0x00,0x00,0x07,0x5c,0x00,0x00,
0x87,0x5c,0x00,0x00,0x07,0x5d,0x00,0x00,0x87,0x5d,0x00,0x00,0x07,0x5e,0x00,0x00,0x87,0x5e,0x00,0x00,
0x07,0x5f,0x00,0x00,0x87,0x5f,0x00,0x00,0x07,0x60,0x00,0x00,0x87,0x60,0x00,0x00,0x07,0x61,0x00,0x00,
0x87,0x61,0x00,0x00,0x07,0x62,0x00,0x00,0x87,0x62,0x00,0x00,0x07,0x63,0x00,0x00,0x87,0x63,0x00,0x00,
0x07,0x64,0x00,0x00,0x87,0x64,0x00,0x00,0x07,0x65,0x00,0x00,0x87,0x65,0x00,0x00,0x07,0x66,0x00,0x00,
0x87,0x66,0x00,0x00,0x87,0x68,0x00,0x00,0x87,0x6c,0x00,0x00,0x87,0x26,0x00,0x00,0x07,0x6e,0x00,0x00,
0x20,0x00,0x00,0x00,0x47,0x25,0x00,0x00,0x07,0x20,0x00,0x00,0xc7,0x6e,0x00,0x00,0x07,0x24,0x00,0x00,
0xc7,0x6f,0x00,0x00,0xc7,0x70,0x00,0x00,0x41,0x03,0x06,0x2d,0x07,0x00,0xd9,0x1c,0xeb,0x01,0x2d,0x00,
0x08,0x25,0x2a,0x2c,0x09,0x25,0x37,0x2c,0x0a,0x25,0x42,0x2c,0x0b,0x25,0x4f,0x2c,0x0c,0x25,0x5c,0x2c,
0x0d,0x25,0x69,0x2c,0x0e,0x25,0x76,0x2c,0x0f,0x25,0x83,0x2c,0x10,0x25,0x90,0x2c,0x11,0x77,0x09,0x9c,
0x02,0x00,0xa9,0x1c,0x2f,0x08,0x12,0x13,0x2f,0x14,0x15,0x16,0x2c,0x17,0x20,0x07,0xeb,0x01,0x01,0x97,
0x1c,0x2f,0x09,0x18,0x19,0x2f,0x1a,0x1b,0x1c,0x20,0x06,0xeb,0x01,0x01,0x88,0x1c,0x2f,0x0a,0x1d,0x1e,
0x2f,0x1f,0x20,0x21,0x2c,0x22,0x20,0x07,0xeb,0x01,0x01,0x77,0x1c,0x2f,0x0b,0x23,0x24,0x2f,0x25,0x26,
0x27,0x2c,0x28,0x20,0x07,0xeb,0x01,0x01,0x66,0x1c,0x2f,0x0c,0x29,0x2a,0x2f,0x2b,0x2c,0x2d,0x2c,0x2e,
0x20,0x07,0xeb,0x01,0x01,0x55,0x1c,0x2f,0x0d,0x2f,0x30,0x2f,0x31,0x32,0x33,0x2c,0x34,0x20,0x07,0xeb,
0x01,0x01,0x44,0x1c,0x2f,0x0e,0x35,0x36,0x2f,0x37,0x38,0x39,0x2c,0x3a,0x20,0x07,0xeb,0x01,0x01,0x33,
0x1c,0x2f,0x0f,0x3b,0x3c,0x2f,0x3d,0x3e,0x3f,0x2c,0x40,0x20,0x07,0xeb,0x01,0x01,0x22,0x1c,0x2f,0x10,
0x41,0x42,0x2f,0x43,0x44,0x45,0x2c,0x46,0x20,0x07,0xeb,0x01,0x01,0x11,0x1c,0x2f,0x11,0x47,0x48,0x2f,
0x49,0x4a,0x4b,0x2c,0x4c,0x20,0x07,0xeb,0x01,0x41,0x04,0x4d,0xce,0xeb,0x02,0x41,0x03,0x06,0x2d,0x4e,
0x05,0x40,0x4f,0x2c,0x02,0xd4,0x3d,0x50,0x3c,0x02,0x51,0x3d,0x50,0x9b,0xc7,0x04,0x3c,0x02,0x51,0x3d,
0x50,0x9b,0x7e,0x52,0x21,0x06,0x3d,0x53,0x72,0x00,0x11,0x25,0x3d,0x54,0x40,0x55,0x34,0x36,0x00,0xda,
0xe8,0x54,0x42,0x54,0x2c,0x01,0x3d,0x56,0x3a,0x98,0xdc,0x2e,0x56,0xac,0x3d,0x56,0x3c,0x01,0x57,0x71,
0x11,0x05,0x34,0xe8,0x56,0x01,0x0a,0x42,0x54,0x99,0x00,0xdc,0x34,0xe8,0x56,0x3c,0x02,0x51,0xe8,0x50,
0x42,0x58,0xcd,0x2c,0x00,0xe8,0x53,0x56,0x00,0x00,0x00,0x31,0x93,0x55,0x86,0x02,0x10,0x3b,0x47,0x00,
0x47,0x29,0x00,0x00,0x0a,0x00,0x01,0x00,0x30,0x10,0x05,0x00,0x90,0x27,0x47,0x00,0x00,0x00,0x06,0x06,
0x07,0x20,0x00,0x00,0xc7,0x6f,0x00,0x00,0x00,0x00,0x00,0x00,0x47,0x73,0x00,0x00,0x10,0x00,0x00,0x00,
0xc7,0x70,0x00,0x00,0x3d,0x00,0x3b,0x01,0x81,0x02,0x11,0x13,0x3d,0x00,0x40,0x03,0x34,0x3d,0x00,0x3b,
0x01,0x9c,0x04,0xda,0xe8,0x00,0x42,0x05,0xcd,0x56,0x00,0x54,0x81,0x1e,0x9a,0x02,0x98,0x28,0x47,0x00,
0x87,0x2b,0x00,0x00,0x0c,0x00,0x01,0x00,0x30,0x10,0x03,0x00,0x90,0x27,0x47,0x00,0x00,0x01,0x09,0x09,
0xc7,0x74,0x00,0x00,0x07,0x20,0x00,0x00,0xc7,0x6f,0x00,0x00,0x00,0x00,0x00,0x00,0x07,0x33,0x00,0x00,
0x47,0x76,0x00,0x00,0x47,0x77,0x00,0x00,0x07,0x22,0x00,0x00,0x07,0x79,0x00,0x00,0x3d,0x01,0x3b,0x02,
0x72,0x03,0x11,0x03,0x56,0x42,0x04,0xcd,0x2c,0x00,0x14,0x58,0x06,0x05,0x3d,0x07,0x18,0x07,0x31,0x18,
0x08,0xd0,0x56,0x00,0x00,0x00,0x00,0x5e,0x82,0x0c,0x9c,0x02,0xa8,0x28,0x47,0x00,0x07,0x2d,0x00,0x00,
0x08,0x00,0x01,0x00,0x30,0x10,0x03,0x00,0x90,0x27,0x47,0x00,0x00,0x01,0x05,0x05,0xc7,0x74,0x00,0x00,
0x47,0x76,0x00,0x00,0x47,0x77,0x00,0x00,0x07,0x22,0x00,0x00,0x07,0x79,0x00,0x00,0x2c,0x00,0x14,0x58,
0x02,0x01,0x3d,0x03,0x18,0x03,0x31,0x18,0x04,0xd0,0x56,0x69,0x81,0x05,0x9f,0x02,0xb8,0x28,0x47,0x00,
0x87,0x2e,0x00,0x00,0x24,0x00,0x01,0x00,0x30,0x80,0x06,0x01,0x90,0x27,0x47,0x00,0x02,0x03,0x1a,0x1a,
0x87,0x3e,0x00,0x00,0x47,0x41,0x00,0x00,0x07,0x7b,0x00,0x00,0x47,0x13,0x00,0x00,0x87,0x7c,0x00,0x00,
0x07,0x7e,0x00,0x00,0x87,0x7f,0x00,0x00,0x87,0x80,0x00,0x00,0x47,0x29,0x00,0x00,0x87,0x83,0x00,0x00,
0xc7,0x70,0x00,0x00,0x87,0x44,0x00,0x00,0x87,0x23,0x00,0x00,0x07,0x45,0x00,0x00,0x87,0x45,0x00,0x00,
0x07,0x46,0x00,0x00,0x87,0x46,0x00,0x00,0x07,0x47,0x00,0x00,0x87,0x47,0x00,0x00,0x07,0x48,0x00,0x00,
0x87,0x48,0x00,0x00,0x07,0x20,0x00,0x00,0xc7,0x6f,0x00,0x00,0x07,0x1f,0x00,0x00,0x41,0x02,0x03,0x2d,
0x04,0x00,0x3d,0x05,0xc7,0x03,0x41,0x02,0x03,0x2d,0x04,0x00,0x3d,0x05,0x66,0xc7,0x03,0x41,0x02,0x03,
0x2d,0x06,0x00,0x3d,0x05,0x60,0xc7,0x03,0x41,0x02,0x03,0x2d,0x06,0x00,0x3d,0x05,0x60,0x66,0xc7,0x03,
0x41,0x02,0x03,0x2d,0x07,0x00,0x3d,0x05,0x60,0x60,0xc7,0x03,0x3d,0x05,0x78,0x08,0x11,0x17,0x41,0x02,
0x03,0x2c,0x09,0xd3,0x42,0x0a,0x2c,0x00,0xd3,0x41,0x02,0x03,0x2c,0x0b,0xd3,0x42,0x0c,0xcd,0x56,0x2c,
0x00,0xeb,0x01,0x2d,0x01,0x0d,0x25,0x29,0x2c,0x0e,0x25,0x2c,0x2c,0x0f,0x25,0x28,0x2c,0x10,0x25,0x24,
0x2c,0x11,0x25,0x20,0x2c,0x12,0x25,0x1c,0x2c,0x13,0x25,0x18,0x2c,0x14,0x25,0x14,0x2c,0x15,0x25,0x10,
0x2c,0x16,0x77,0x09,0x0b,0x01,0x1c,0x3d,0x17,0x60,0x11,0x04,0x01,0x15,0x3d,0x17,0x3b,0x18,0x3d,0x19,
0x80,0x11,0x04,0x01,0x0a,0x42,0x17,0x99,0x01,0xdc,0x42,0x0c,0xcd,0x56,0x00,0x00,0x00,0x00,0x00,0x3a,
0x89,0x7b,0xa0,0x02,0x70,0x3e,0x47,0x00,0x47,0x30,0x00,0x00,0x49,0x00,0x01,0x00,0x30,0x10,0x05,0x00,
0x90,0x27,0x47,0x00,0x01,0x03,0x32,0x32,0xc7,0x3f,0x00,0x00,0x87,0x3e,0x00,0x00,0x07,0x14,0x00,0x00,
0x47,0x86,0x00,0x00,0x07,0x1f,0x00,0x00,0x87,0x1a,0x00,0x00,0x47,0x88,0x00,0x00,0xc7,0x01,0x00,0x00,
0x07,0x8f,0x00,0x00,0x07,0x20,0x00,0x00,0x87,0x23,0x00,0x00,0x87,0x44,0x00,0x00,0xc7,0x90,0x00,0x00,
0x47,0x93,0x00,0x00,0x07,0x95,0x00,0x00,0xc7,0x96,0x00,0x00,0x47,0x98,0x00,0x00,0x07,0x9a,0x00,0x00,
0x07,0x9b,0x00,0x00,0x07,0x9d,0x00,0x00,0xc7,0x9e,0x00,0x00,0x07,0xa0,0x00,0x00,0x07,0x15,0x00,0x00,
0x47,0xa1,0x00,0x00,0xc7,0xa2,0x00,0x00,0x47,0xa4,0x00,0x00,0x07,0xa5,0x00,0x00,0xc7,0xa5,0x00,0x00,
0x87,0xa6,0x00,0x00,0x47,0xa7,0x00,0x00,0xc7,0xa8,0x00,0x00,0x47,0xaa,0x00,0x00,0x87,0xab,0x00,0x00,
0xc7,0xac,0x00,0x00,0xc7,0xae,0x00,0x00,0x87,0xb0,0x00,0x00,0xc7,0xb2,0x00,0x00,0x47,0xb4,0x00,0x00,
0xc7,0xb6,0x00,0x00,0x87,0xb8,0x00,0x00,0x47,0xba,0x00,0x00,0x07,0xbc,0x00,0x00,0x47,0x41,0x00,0x00,
0x87,0xbc,0x00,0x00,0x47,0xc1,0x00,0x00,0x07,0xc3,0x00,0x00,0x07,0x4e,0x00,0x00,0xc7,0xc3,0x00,0x00,
0x87,0xc4,0x00,0x00,0x3d,0x03,0x72,0x04,0x11,0x1d,0x35,0x00,0xe8,0x05,0x2c,0x07,0xe8,0x06,0x3c,0x01,
0x08,0x3b,0x09,0x11,0x08,0x2c,0x0b,0xe8,0x0a,0x01,0x06,0x2c,0x0c,0xe8,0x0a,0x01,0x0c,0x2c,0x0d,0x3d,
0x03,0x40,0x0e,0xce,0x98,0xe8,0x06,0x3d,0x03,0x72,0x0f,0x11,0x0c,0x3c,0x01,0x08,0x3b,0x10,0xe8,0x0a,
0x02,0x01,0x27,0x3d,0x03,0x72,0x11,0x11,0x0c,0x3c,0x01,0x08,0x3b,0x12,0xe8,0x0a,0x02,0x01,0x17,0x3d,
0x03,0x72,0x13,0x11,0x0c,0x3c,0x01,0x08,0x3b,0x14,0xe8,0x0a,0x02,0x01,0x07,0x3d,0x03,0x72,0x15,0x11,
0x0e,0x3c,0x01,0x08,0x3b,0x16,0x99,0x17,0xe8,0x0a,0x02,0x00,0xf5,0x3d,0x03,0x72,0x18,0x11,0x0e,0x3c,
0x01,0x08,0x3b,0x18,0x99,0x17,0xe8,0x0a,0x02,0x00,0xe3,0x3d,0x03,0x72,0x19,0x11,0x0e,0x3c,0x01,0x08,
0x3b,0x19,0x99,0x17,0xe8,0x0a,0x02,0x00,0xd1,0x3d,0x03,0x72,0x1a,0x11,0x0c,0x3c,0x01,0x08,0x3b,0x1b,
0xe8,0x0a,0x02,0x00,0xc1,0x3d,0x03,0x72,0x1c,0x11,0x0c,0x3c,0x01,0x08,0x3b,0x1d,0xe8,0x0a,0x02,0x00,
0xb1,0x3d,0x03,0x72,0x1e,0x11,0x0d,0x3c,0x01,0x08,0x3b,0x1f,0x99,0x17,0xe8,0x0a,0x01,0x9f,0x3d,0x03,
0x72,0x20,0x11,0x0d,0x3c,0x01,0x08,0x3b,0x21,0x99,0x17,0xe8,0x0a,0x01,0x8e,0x3d,0x03,0x72,0x22,0x11,
0x0d,0x3c,0x01,0x08,0x3b,0x23,0x99,0x17,0xe8,0x0a,0x01,0x7d,0x3d,0x03,0x72,0x24,0x11,0x0d,0x3c,0x01,
0x08,0x3b,0x25,0x99,0x17,0xe8,0x0a,0x01,0x6c,0x3d,0x03,0x72,0x26,0x11,0x0d,0x3c,0x01,0x08,0x3b,0x27,
0x99,0x17,0xe8,0x0a,0x01,0x5b,0x3d,0x03,0x72,0x28,0x11,0x0b,0x3c,0x01,0x08,0x3b,0x29,0xe8,0x0a,0x01,
0x4c,0x3d,0x03,0x72,0x2a,0x11,0x35,0x41,0x02,0x2b,0x2d,0x2c,0x01,0x3b,0x08,0x3b,0x2d,0x3b,0x2e,0x98,
0xd3,0x3c,0x01,0x08,0x3b,0x2d,0x3b,0x2e,0xeb,0x00,0x37,0x00,0x3a,0x99,0x2f,0x38,0x00,0x00,0x3a,0x98,
0x99,0x2f,0x38,0x00,0x01,0x3a,0x98,0x99,0x2f,0x38,0x00,0x02,0x3a,0x98,0xe8,0x0a,0x01,0x13,0x3d,0x03,
0x72,0x30,0x11,0x0d,0x3c,0x01,0x08,0x3b,0x2d,0x3b,0x31,0x99,0x17,0xe8,0x0a,0x56,0x00,0x00,0x00,0x00,
0x00,0x00,0x00,0x42,0x94,0x4d,0xaa,0x02,0x70,0x45,0x47,0x00,0xc7,0x31,0x00,0x00,0x42,0x00,0x01,0x00,
0x30,0x10,0x05,0x00,0x90,0x27,0x47,0x00,0x01,0x04,0x30,0x30,0xc7,0x3f,0x00,0x00,0xc7,0x03,0x00,0x00,
0x87,0x3e,0x00,0x00,0x07,0x14,0x00,0x00,0x07,0x95,0x00,0x00,0xc7,0x01,0x00,0x00,0xc7,0x96,0x00,0x00,
0x07,0x20,0x00,0x00,0x47,0x98,0x00,0x00,0x07,0x9a,0x00,0x00,0x47,0xc5,0x00,0x00,0x07,0x9b,0x00,0x00,
0x07,0x9d,0x00,0x00,0xc7,0x9e,0x00,0x00,0x07,0xa0,0x00,0x00,0x47,0x86,0x00,0x00,0x07,0xc6,0x00,0x00,
0x87,0x44,0x00,0x00,0x07,0x8f,0x00,0x00,0x47,0xa1,0x00,0x00,0xc7,0xa2,0x00,0x00,0x47,0xa4,0x00,0x00,
0x07,0xa5,0x00,0x00,0xc7,0xa5,0x00,0x00,0x87,0xa6,0x00,0x00,0x47,0xa7,0x00,0x00,0xc7,0xa8,0x00,0x00,
0x47,0xaa,0x00,0x00,0x87,0xab,0x00,0x00,0xc7,0xac,0x00,0x00,0xc7,0xae,0x00,0x00,0x87,0xb0,0x00,0x00,
0xc7,0xb2,0x00,0x00,0x47,0xb4,0x00,0x00,0xc7,0xb6,0x00,0x00,0x87,0xb8,0x00,0x00,0x47,0xba,0x00,0x00,
0x07,0xbc,0x00,0x00,0xc7,0x34,0x00,0x00,0x47,0xc7,0x00,0x00,0x07,0x4e,0x00,0x00,0x47,0x41,0x00,0x00,
0x47,0xc8,0x00,0x00,0x47,0xc1,0x00,0x00,0x07,0xc3,0x00,0x00,0xc7,0xc3,0x00,0x00,0x87,0xc4,0x00,0x00,
0x3d,0x04,0x72,0x05,0x11,0x0c,0x3c,0x01,0x06,0x3d,0x08,0xe5,0x07,0x02,0x01,0x27,0x3d,0x04,0x72,0x09,
0x11,0x10,0x3c,0x01,0x06,0x2d,0x02,0x0b,0x3d,0x08,0xd7,0xe5,0x0a,0x02,0x01,0x13,0x3d,0x04,0x72,0x0c,
0x11,0x0c,0x3c,0x01,0x06,0x3d,0x08,0xe5,0x0d,0x02,0x01,0x03,0x3d,0x04,0x72,0x0e,0x11,0x0c,0x3c,0x01,
0x06,0x3d,0x08,0xe5,0x0f,0x02,0x00,0xf3,0x3d,0x04,0x72,0x10,0x11,0x1c,0x3d,0x08,0x40,0x11,0x2c,0x12,
0xd4,0x11,0x0a,0x3c,0x01,0x06,0x32,0xe5,0x13,0x01,0x08,0x3c,0x01,0x06,0x31,0xe5,0x13,0x02,0x00,0xd3,
0x3d,0x04,0x72,0x14,0x11,0x0c,0x3c,0x01,0x06,0x3d,0x08,0xe5,0x14,0x02,0x00,0xc3,0x3d,0x04,0x72,0x15,
0x11,0x0c,0x3c,0x01,0x06,0x3d,0x08,0xe5,0x15,0x02,0x00,0xb3,0x3d,0x04,0x72,0x16,0x11,0x0c,0x3c,0x01,
0x06,0x3d,0x08,0xe5,0x17,0x02,0x00,0xa3,0x3d,0x04,0x72,0x18,0x11,0x0b,0x3c,0x01,0x06,0x3d,0x08,0xe5,
0x19,0x01,0x93,0x3d,0x04,0x72,0x1a,0x11,0x0b,0x3c,0x01,0x06,0x3d,0x08,0xe5,0x1b,0x01,0x84,0x3d,0x04,
0x72,0x1c,0x11,0x0b,0x3c,0x01,0x06,0x3d,0x08,0xe5,0x1d,0x01,0x75,0x3d,0x04,0x72,0x1e,0x11,0x0b,0x3c,
0x01,0x06,0x3d,0x08,0xe5,0x1f,0x01,0x66,0x3d,0x04,0x72,0x20,0x11,0x0b,0x3c,0x01,0x06,0x3d,0x08,0xe5,
0x21,0x01,0x57,0x3d,0x04,0x72,0x22,0x11,0x0b,0x3c,0x01,0x06,0x3d,0x08,0xe5,0x23,0x01,0x48,0x3d,0x04,
0x72,0x24,0x11,0x0b,0x3c,0x01,0x06,0x3d,0x08,0xe5,0x25,0x01,0x39,0x3d,0x04,0x72,0x26,0x11,0x24,0x42,
0x27,0xce,0x60,0x11,0x03,0x56,0x3d,0x08,0x40,0x28,0x2c,0x29,0xd4,0xeb,0x00,0x41,0x03,0x2a,0x2d,0x2b,
0x00,0xd9,0x3c,0x01,0x06,0x3b,0x2c,0x2c,0x00,0xe5,0x2d,0x01,0x11,0x3d,0x04,0x72,0x2e,0x11,0x0b,0x3c,
0x01,0x06,0x3b,0x2c,0x3d,0x08,0xe5,0x2f,0x56,0x00,0x00,0x29,0x92,0x2b,0xbf,0x02,0x08,0x4c,0x47,0x00,
0x07,0x33,0x00,0x00,0x09,0x00,0x01,0x00,0x30,0x10,0x04,0x00,0x90,0x27,0x47,0x00,0x01,0x01,0x06,0x06,
0x47,0xc9,0x00,0x00,0xc7,0xce,0x00,0x00,0xc7,0xd3,0x00,0x00,0x07,0x20,0x00,0x00,0xc7,0xd8,0x00,0x00,
0x9a,0x01,0x02,0x99,0x02,0x99,0x03,0xeb,0x00,0x3d,0x04,0x40,0x05,0x2c,0x00,0xd4,0x55,0x00,0x00,0x00,
0x00,0x00,0x00,0x32,0x82,0x6f,0xd1,0x02,0x18,0x35,0x47,0x00,0xc7,0x34,0x00,0x00,0x07,0x00,0x01,0x00,
0x20,0x10,0x03,0x00,0x90,0x27,0x47,0x00,0x00,0x02,0x03,0x04,0xc7,0xd9,0x00,0x00,0x87,0xda,0x00,0x00,
0x80,0x3e,0x00,0x00,0x38,0x00,0x00,0x00,0x33,0x4e,0x00,0x2f,0x01,0x03,0x02,0xd6,0x56,0x00,0x00,0x7e,
0x83,0x3e,0xd4,0x02,0xf8,0x40,0x47,0x00,0x87,0x36,0x00,0x00,0x0f,0x00,0x01,0x00,0x30,0x10,0x04,0x00,
0x90,0x27,0x47,0x00,0x00,0x03,0x0b,0x0b,0xc7,0xd9,0x00,0x00,0xc7,0xdb,0x00,0x00,0x47,0xdd,0x00,0x00,
0xc7,0x17,0x00,0x00,0x87,0x19,0x00,0x00,0x00,0x00,0x00,0x00,0x87,0x38,0x00,0x00,0x07,0xa0,0x00,0x00,
0x47,0x15,0x00,0x00,0x07,0x60,0x00,0x00,0xc7,0x70,0x00,0x00,0x2d,0x00,0x03,0xb2,0x3c,0x00,0x04,0x11,
0x04,0x57,0x01,0x3c,0x00,0x03,0x84,0x05,0x11,0x0a,0x41,0x00,0x06,0x2c,0x07,0xd3,0x57,0x01,0x2f,0x00,
0x08,0x00,0x3b,0x03,0x99,0x09,0xdc,0x41,0x00,0x0a,0xcd,0x57,0x02,0x00,0x00,0x00,0x00,0x00,0x00,0x29,
0x83,0x00,0xd5,0x02,0xc8,0x3f,0x47,0x00,0x07,0x15,0x00,0x00,0x0c,0x00,0x01,0x00,0x30,0x10,0x04,0x01,
0x90,0x27,0x47,0x00,0x01,0x03,0x0a,0x0a,0x87,0x3e,0x00,0x00,0xc7,0xde,0x00,0x00,0x47,0x41,0x00,0x00,
0x07,0xe1,0x00,0x00,0x47,0x76,0x00,0x00,0x87,0xe4,0x00,0x00,0x47,0x13,0x00,0x00,0x87,0xe5,0x00,0x00,
0x07,0x79,0x00,0x00,0x41,0x01,0x03,0x9a,0x04,0x00,0xd3,0x2c,0x02,0x14,0x58,0x06,0x05,0x2c,0x00,0x1d,
0x04,0x2c,0x08,0x18,0x07,0x31,0x18,0x09,0xd0,0x56,0x00,0x00,0x00,0x00,0x00,0x7c,0x81,0x54,0xd8,0x02,
0xd0,0x29,0x47,0x00,0x87,0x38,0x00,0x00,0x1b,0x00,0x01,0x00,0x30,0x10,0x08,0x01,0x90,0x27,0x47,0x00,
0x01,0x04,0x17,0x17,0x87,0x3e,0x00,0x00,0x87,0x40,0x00,0x00,0xc7,0x3f,0x00,0x00,0x87,0xe6,0x00,0x00,
0x47,0x41,0x00,0x00,0x47,0xe7,0x00,0x00,0x47,0xea,0x00,0x00,0x07,0xeb,0x00,0x00,0x87,0x6c,0x00,0x00,
0x87,0xef,0x00,0x00,0x07,0x14,0x00,0x00,0x47,0x13,0x00,0x00,0x07,0x22,0x00,0x00,0x87,0xf2,0x00,0x00,
0xc7,0x01,0x00,0x00,0x47,0xc1,0x00,0x00,0x07,0xa0,0x00,0x00,0x07,0x15,0x00,0x00,0x47,0x15,0x00,0x00,
0x07,0x60,0x00,0x00,0xc7,0x31,0x00,0x00,0xc7,0x70,0x00,0x00,0x2c,0x00,0xe8,0x04,0x41,0x01,0x05,0x2d,
0x06,0x00,0x3b,0x07,0x98,0xd3,0x41,0x01,0x05,0x2d,0x08,0x02,0x40,0x09,0x2c,0x00,0xd4,0xd9,0x41,0x01,
0x05,0x2d,0x0a,0x00,0x3b,0x0b,0x3c,0x00,0x0c,0x3c,0x00,0x0d,0xc7,0x04,0x41,0x01,0x05,0x2d,0x0e,0x03,
0x3b,0x0f,0x3b,0x10,0xd9,0x3c,0x00,0x0c,0xe8,0x0c,0x3c,0x00,0x0b,0xe8,0x0b,0x3c,0x00,0x0d,0xe8,0x0d,
0x3c,0x03,0x0f,0x3b,0x11,0x99,0x12,0xe8,0x11,0x3c,0x03,0x0f,0x3b,0x11,0x99,0x14,0xe8,0x13,0x42,0x15,
0xcd,0x42,0x16,0xcd,0x56,0x00,0x00,0x00,0x00,0x00,0x00,0x12,0x85,0x6f,0xda,0x02,0xb0,0x42,0x47,0x00,
0x07,0x3a,0x00,0x00,0x05,0x00,0x01,0x00,0x30,0x10,0x03,0x00,0x90,0x27,0x47,0x00,0x00,0x00,0x01,0x01,
0x87,0x36,0x00,0x00,0x42,0x00,0xcd,0x56,0x00,0x00,0x00,0x00,0x34,0x12,0xe0,0x02,0x78,0x29,0x47,0x00,
0xc7,0x3b,0x00,0x00,0x05,0x00,0x01,0x00,0x30,0x10,0x02,0x00,0x90,0x27,0x47,0x00,0x00,0x00,0x01,0x01,
0x87,0x19,0x00,0x00,0x31,0xe8,0x00,0x56,0x00,0x00,0x00,0x00,0x31,0x59,0xe0,0x02,0xe0,0x29,0x47,0x00,
0x07,0x3d,0x00,0x00,0x0b,0x00,0x53,0x41,0x56,0x45,0x5f,0x43,0x4f,0x4e,0x46,0x49,0x47,0x00,0x0d,0x00,
0x47,0x4c,0x4f,0x42,0x41,0x4c,0x5f,0x43,0x4f,0x4e,0x46,0x49,0x47,0x00,0x07,0x00,0x73,0x70,0x72,0x69,
0x6e,0x74,0x66,0x00,0x1f,0x00,0x47,0x4c,0x4f,0x42,0x41,0x4c,0x5f,0x46,0x4f,0x52,0x4d,0x41,0x54,0x5f,
0x48,0x41,0x52,0x44,0x57,0x41,0x52,0x45,0x5f,0x4b,0x45,0x59,0x42,0x4f,0x41,0x52,0x44,0x00,0x07,0x00,
0x72,0x65,0x71,0x75,0x69,0x72,0x65,0x00,0x09,0x00,0x56,0x69,0x65,0x77,0x4d,0x6f,0x64,0x65,0x6c,0x00,
0x11,0x00,0x6d,0x6f,0x64,0x5f,0x67,0x6c,0x6f,0x62,0x61,0x6c,0x5f,0x63,0x6f,0x6e,0x66,0x69,0x67,0x00,
0x10,0x00,0x6d,0x6f,0x64,0x5f,0x67,0x6c,0x6f,0x62,0x61,0x6c,0x5f,0x66,0x75,0x6e,0x63,0x73,0x0b,0x00,
0x69,0x6e,0x70,0x75,0x74,0x43,0x6f,0x6e,0x66,0x69,0x67,0x00,0x04,0x00,0x64,0x61,0x74,0x61,0x04,0x00,
0x74,0x79,0x70,0x65,0x05,0x00,0x74,0x69,0x74,0x6c,0x65,0x00,0x00,0x00,0x0b,0x00,0x74,0x69,0x6d,0x65,
0x4f,0x75,0x74,0x53,0x68,0x6f,0x77,0x00,0x03,0x00,0x36,0x30,0x73,0x00,0x07,0x00,0x74,0x69,0x6d,0x65,
0x4f,0x75,0x74,0x00,0x02,0x00,0x36,0x30,0x06,0x00,0x69,0x73,0x45,0x78,0x69,0x74,0x08,0x00,0x74,0x69,
0x70,0x5f,0x74,0x65,0x78,0x74,0x17,0x00,0x50,0x6c,0x65,0x61,0x73,0x65,0x20,0x65,0x6e,0x74,0x65,0x72,
0x20,0x74,0x68,0x65,0x20,0x63,0x6f,0x6e,0x66,0x69,0x67,0x00,0x06,0x00,0x6d,0x61,0x78,0x4c,0x65,0x6e,
0x08,0x00,0x76,0x61,0x6c,0x75,0x65,0x53,0x74,0x72,0x03,0x00,0x30,0x30,0x30,0x00,0x0a,0x00,0x70,0x61,
0x67,0x65,0x5f,0x69,0x6e,0x64,0x65,0x78,0x01,0x00,0x31,0x00,0x08,0x00,0x6e,0x75,0x6d,0x49,0x6e,0x64,
0x65,0x78,0x07,0x00,0x6c,0x61,0x73,0x74,0x4e,0x75,0x6d,0x00,0x09,0x00,0x74,0x69,0x6d,0x65,0x53,0x74,
0x61,0x6d,0x70,0x00,0x07,0x00,0x6d,0x65,0x74,0x68,0x6f,0x64,0x73,0x00,0x0f,0x00,0x6e,0x75,0x6d,0x62,
0x65,0x72,0x41,0x6e,0x64,0x4c,0x65,0x74,0x74,0x65,0x72,0x00,0x09,0x00,0x72,0x65,0x64,0x75,0x63,0x65,
0x4e,0x75,0x6d,0x00,0x0a,0x00,0x63,0x6c,0x69,0x63,0x6b,0x45,0x6e,0x74,0x65,0x72,0x0b,0x00,0x63,0x6c,
0x69,0x63,0x6b,0x43,0x61,0x6e,0x63,0x65,0x6c,0x00,0x09,0x00,0x6f,0x6e,0x4b,0x65,0x79,0x44,0x6f,0x77,
0x6e,0x00,0x08,0x00,0x69,0x6e,0x69,0x74,0x44,0x61,0x74,0x61,0x0c,0x00,0x63,0x6f,0x6e,0x66,0x69,0x72,
0x6d,0x49,0x6e,0x70,0x75,0x74,0x0b,0x00,0x63,0x68,0x65,0x63,0x6b,0x46,0x6f,0x72,0x6d,0x61,0x74,0x00,
0x0e,0x00,0x73,0x65,0x74,0x53,0x63,0x72,0x65,0x65,0x6e,0x54,0x69,0x6d,0x65,0x72,0x09,0x00,0x6a,0x75,
0x6d,0x70,0x45,0x72,0x72,0x6f,0x72,0x00,0x0b,0x00,0x6f,0x6e,0x57,0x69,0x6c,0x6c,0x4d,0x6f,0x75,0x6e,
0x74,0x00,0x07,0x00,0x6f,0x6e,0x4d,0x6f,0x75,0x6e,0x74,0x00,0x09,0x00,0x6f,0x6e,0x55,0x6e,0x6d,0x6f,
0x75,0x6e,0x74,0x00,0x07,0x00,0x63,0x6f,0x6e,0x73,0x6f,0x6c,0x65,0x00,0x03,0x00,0x54,0x6f,0x73,0x00,
0x04,0x00,0x4a,0x53,0x4f,0x4e,0x03,0x00,0x6c,0x6f,0x67,0x00,0x12,0x00,0x6b,0x65,0x79,0x20,0x64,0x6f,
0x77,0x6e,0x2d,0x2d,0x2d,0x2d,0x2d,0x3e,0x3e,0x3e,0x3e,0x3a,0x01,0x00,0x30,0x00,0x01,0x00,0x32,0x00,
0x01,0x00,0x33,0x00,0x01,0x00,0x34,0x00,0x01,0x00,0x35,0x00,0x01,0x00,0x36,0x00,0x01,0x00,0x37,0x00,
0x01,0x00,0x38,0x00,0x01,0x00,0x39,0x00,0x01,0x00,0x23,0x00,0x01,0x00,0x40,0x00,0x01,0x00,0x5f,0x00,
0x01,0x00,0x2d,0x00,0x01,0x00,0x3f,0x00,0x01,0x00,0x21,0x00,0x01,0x00,0x51,0x00,0x01,0x00,0x71,0x00,
0x01,0x00,0x5a,0x00,0x01,0x00,0x7a,0x00,0x01,0x00,0x2e,0x00,0x01,0x00,0x41,0x00,0x01,0x00,0x61,0x00,
0x01,0x00,0x42,0x00,0x01,0x00,0x62,0x00,0x01,0x00,0x43,0x00,0x01,0x00,0x63,0x00,0x01,0x00,0x44,0x00,
0x01,0x00,0x64,0x00,0x01,0x00,0x45,0x00,0x01,0x00,0x65,0x00,0x01,0x00,0x46,0x00,0x01,0x00,0x66,0x00,
0x01,0x00,0x47,0x00,0x01,0x00,0x67,0x00,0x01,0x00,0x48,0x00,0x01,0x00,0x68,0x00,0x01,0x00,0x49,0x00,
0x01,0x00,0x69,0x00,0x01,0x00,0x4a,0x00,0x01,0x00,0x6a,0x00,0x01,0x00,0x4b,0x00,0x01,0x00,0x6b,0x00,
0x01,0x00,0x4c,0x00,0x01,0x00,0x6c,0x00,0x01,0x00,0x4d,0x00,0x01,0x00,0x6d,0x00,0x01,0x00,0x4e,0x00,
0x01,0x00,0x6e,0x00,0x01,0x00,0x4f,0x00,0x01,0x00,0x6f,0x00,0x01,0x00,0x50,0x00,0x01,0x00,0x70,0x00,
0x01,0x00,0x52,0x00,0x01,0x00,0x72,0x00,0x01,0x00,0x53,0x00,0x01,0x00,0x73,0x00,0x01,0x00,0x54,0x00,
0x01,0x00,0x74,0x00,0x01,0x00,0x55,0x00,0x01,0x00,0x75,0x00,0x01,0x00,0x56,0x00,0x01,0x00,0x76,0x00,
0x01,0x00,0x57,0x00,0x01,0x00,0x77,0x00,0x01,0x00,0x58,0x00,0x01,0x00,0x78,0x00,0x01,0x00,0x59,0x00,
0x01,0x00,0x79,0x00,0x0d,0x00,0x53,0x79,0x73,0x47,0x65,0x74,0x43,0x75,0x72,0x54,0x69,0x6d,0x65,0x00,
0x1d,0x00,0x53,0x79,0x73,0x47,0x65,0x74,0x43,0x75,0x72,0x54,0x69,0x6d,0x65,0x5f,0x72,0x65,0x73,0x3d,
0x3d,0x3d,0x3d,0x3d,0x3d,0x3d,0x3d,0x3d,0x3d,0x3d,0x3e,0x00,0x09,0x00,0x73,0x74,0x72,0x69,0x6e,0x67,
0x69,0x66,0x79,0x00,0x04,0x00,0x63,0x6f,0x64,0x65,0x05,0x00,0x73,0x6c,0x69,0x63,0x65,0x00,0x06,0x00,
0x6c,0x65,0x6e,0x67,0x74,0x68,0x12,0x00,0x6e,0x6f,0x74,0x69,0x66,0x79,0x50,0x72,0x6f,0x70,0x73,0x43,
0x68,0x61,0x6e,0x67,0x65,0x64,0x09,0x00,0x73,0x75,0x62,0x73,0x74,0x72,0x69,0x6e,0x67,0x00,0x0a,0x00,
0x6e,0x61,0x76,0x69,0x67,0x61,0x74,0x65,0x54,0x6f,0x06,0x00,0x74,0x61,0x72,0x67,0x65,0x74,0x0b,0x00,
0x73,0x75,0x62,0x53,0x65,0x74,0x74,0x69,0x6e,0x67,0x73,0x00,0x0d,0x00,0x63,0x6c,0x6f,0x73,0x65,0x5f,
0x63,0x75,0x72,0x72,0x65,0x6e,0x74,0x00,0x09,0x00,0x6f,0x6e,0x6b,0x65,0x79,0x64,0x6f,0x77,0x6e,0x00,
0x0a,0x00,0x6f,0x6e,0x6b,0x65,0x79,0x64,0x6f,0x77,0x6e,0x32,0x0a,0x00,0x6f,0x6e,0x6b,0x65,0x79,0x64,
0x6f,0x77,0x6e,0x33,0x05,0x00,0x66,0x61,0x6c,0x73,0x65,0x00,0x15,0x00,0x6e,0x75,0x6d,0x62,0x65,0x72,
0x41,0x6e,0x64,0x4c,0x65,0x74,0x74,0x65,0x72,0x20,0x73,0x74,0x61,0x72,0x74,0x00,0x13,0x00,0x6e,0x75,
0x6d,0x62,0x65,0x72,0x41,0x6e,0x64,0x4c,0x65,0x74,0x74,0x65,0x72,0x20,0x65,0x6e,0x64,0x00,0x0d,0x00,
0x45,0x53,0x69,0x67,0x6e,0x20,0x53,0x75,0x70,0x70,0x6f,0x72,0x74,0x00,0x34,0x00,0x49,0x6e,0x70,0x75,
0x74,0x20,0x27,0x31,0x27,0x20,0x6d,0x65,0x61,0x6e,0x73,0x20,0x73,0x75,0x70,0x70,0x6f,0x72,0x74,0x20,
0x45,0x73,0x69,0x67,0x6e,0x2c,0x0a,0x27,0x30,0x27,0x20,0x6d,0x65,0x61,0x6e,0x73,0x20,0x6e,0x6f,0x74,
0x20,0x73,0x75,0x70,0x70,0x6f,0x72,0x74,0x0c,0x00,0x65,0x53,0x69,0x67,0x6e,0x53,0x75,0x70,0x70,0x6f,
0x72,0x74,0x11,0x00,0x50,0x6c,0x65,0x61,0x73,0x65,0x20,0x65,0x6e,0x74,0x65,0x72,0x20,0x74,0x68,0x65,
0x20,0x00,0x0b,0x00,0x74,0x6f,0x4c,0x6f,0x77,0x65,0x72,0x43,0x61,0x73,0x65,0x00,0x0b,0x00,0x4d,0x65,
0x72,0x63,0x68,0x61,0x6e,0x74,0x20,0x49,0x44,0x00,0x0a,0x00,0x6d,0x65,0x72,0x63,0x68,0x61,0x6e,0x74,
0x49,0x64,0x0b,0x00,0x54,0x65,0x72,0x6d,0x69,0x6e,0x61,0x6c,0x20,0x49,0x44,0x00,0x06,0x00,0x74,0x65,
0x72,0x6d,0x49,0x64,0x0d,0x00,0x4d,0x65,0x72,0x63,0x68,0x61,0x6e,0x74,0x20,0x4e,0x61,0x6d,0x65,0x00,
0x0c,0x00,0x6d,0x65,0x72,0x63,0x68,0x61,0x6e,0x74,0x4e,0x61,0x6d,0x65,0x08,0x00,0x54,0x69,0x6d,0x65,
0x20,0x4f,0x75,0x74,0x07,0x00,0x74,0x69,0x6d,0x65,0x6f,0x75,0x74,0x00,0x0a,0x00,0x70,0x72,0x69,0x6e,
0x74,0x43,0x6f,0x75,0x6e,0x74,0x09,0x00,0x70,0x72,0x69,0x6e,0x74,0x47,0x72,0x61,0x79,0x00,0x04,0x00,
0x54,0x50,0x44,0x55,0x04,0x00,0x74,0x70,0x64,0x75,0x04,0x00,0x48,0x45,0x41,0x44,0x04,0x00,0x68,0x65,
0x61,0x64,0x0a,0x00,0x56,0x6f,0x75,0x63,0x68,0x65,0x72,0x20,0x4e,0x4f,0x09,0x00,0x76,0x6f,0x75,0x63,
0x68,0x65,0x72,0x4e,0x6f,0x00,0x08,0x00,0x42,0x61,0x74,0x63,0x68,0x20,0x4e,0x6f,0x07,0x00,0x62,0x61,
0x74,0x63,0x68,0x4e,0x4f,0x00,0x0d,0x00,0x4d,0x61,0x78,0x20,0x54,0x72,0x61,0x6e,0x73,0x20,0x4e,0x75,
0x6d,0x00,0x0b,0x00,0x6d,0x61,0x78,0x54,0x72,0x61,0x6e,0x73,0x4e,0x75,0x6d,0x00,0x10,0x00,0x4d,0x61,
0x78,0x20,0x52,0x65,0x73,0x65,0x6e,0x64,0x20,0x54,0x69,0x6d,0x65,0x73,0x0a,0x00,0x72,0x65,0x73,0x65,
0x6e,0x64,0x54,0x69,0x6d,0x65,0x11,0x00,0x4d,0x61,0x78,0x20,0x52,0x65,0x66,0x75,0x6e,0x64,0x20,0x41,
0x6d,0x6f,0x75,0x6e,0x74,0x00,0x0c,0x00,0x6d,0x61,0x78,0x52,0x65,0x66,0x75,0x6e,0x64,0x41,0x6d,0x74,
0x0c,0x00,0x43,0x6f,0x75,0x6e,0x74,0x72,0x79,0x20,0x43,0x6f,0x64,0x65,0x0b,0x00,0x63,0x6f,0x75,0x6e,
0x74,0x72,0x79,0x43,0x6f,0x64,0x65,0x00,0x02,0x00,0x49,0x50,0x23,0x00,0x54,0x6f,0x73,0x2e,0x47,0x4c,
0x4f,0x42,0x41,0x4c,0x5f,0x43,0x4f,0x4e,0x46,0x49,0x47,0x2e,0x6e,0x65,0x74,0x77,0x6f,0x72,0x6b,0x50,
0x61,0x72,0x61,0x6d,0x2e,0x61,0x64,0x64,0x72,0x00,0x0c,0x00,0x6e,0x65,0x74,0x77,0x6f,0x72,0x6b,0x50,
0x61,0x72,0x61,0x6d,0x04,0x00,0x61,0x64,0x64,0x72,0x04,0x00,0x50,0x4f,0x52,0x54,0x04,0x00,0x70,0x6f,
0x72,0x74,0x04,0x00,0x25,0x30,0x38,0x73,0x08,0x00,0x69,0x6e,0x63,0x6c,0x75,0x64,0x65,0x73,0x05,0x00,
0x73,0x70,0x6c,0x69,0x74,0x00,0x05,0x00,0x61,0x72,0x72,0x3a,0x20,0x00,0x2a,0x00,0x5e,0x28,0x31,0x5c,
0x64,0x7b,0x32,0x7d,0x7c,0x32,0x5b,0x30,0x2d,0x34,0x5d,0x5c,0x64,0x7c,0x32,0x35,0x5b,0x30,0x2d,0x35,
0x5d,0x7c,0x5b,0x31,0x2d,0x39,0x5d,0x5c,0x64,0x7c,0x5b,0x31,0x2d,0x39,0x5d,0x29,0x5c,0x2e,0x26,0x00,
0x28,0x31,0x5c,0x64,0x7b,0x32,0x7d,0x7c,0x32,0x5b,0x30,0x2d,0x34,0x5d,0x5c,0x64,0x7c,0x32,0x35,0x5b,
0x30,0x2d,0x35,0x5d,0x7c,0x5b,0x31,0x2d,0x39,0x5d,0x5c,0x64,0x7c,0x5c,0x64,0x29,0x5c,0x2e,0x25,0x00,
0x28,0x31,0x5c,0x64,0x7b,0x32,0x7d,0x7c,0x32,0x5b,0x30,0x2d,0x34,0x5d,0x5c,0x64,0x7c,0x32,0x35,0x5b,
0x30,0x2d,0x35,0x5d,0x7c,0x5b,0x31,0x2d,0x39,0x5d,0x5c,0x64,0x7c,0x5c,0x64,0x29,0x24,0x00,0x05,0x00,
0x6d,0x61,0x74,0x63,0x68,0x00,0x04,0x00,0x74,0x68,0x61,0x74,0x08,0x00,0x74,0x69,0x6d,0x65,0x72,0x41,
0x64,0x64,0x0a,0x00,0x52,0x45,0x54,0x5f,0x52,0x45,0x4d,0x4f,0x56,0x45,0x0a,0x00,0x52,0x45,0x54,0x5f,
0x52,0x45,0x50,0x45,0x41,0x54,0x0f,0x00,0x6e,0x61,0x76,0x69,0x67,0x61,0x74,0x65,0x52,0x65,0x70,0x6c,
0x61,0x63,0x65,0x00,0x1a,0x00,0x69,0x6e,0x70,0x75,0x74,0x43,0x6f,0x6e,0x66,0x69,0x67,0x20,0x6a,0x75,
0x6d,0x70,0x45,0x72,0x72,0x6f,0x72,0x20,0x74,0x79,0x70,0x65,0x06,0x00,0x72,0x65,0x73,0x75,0x6c,0x74,
0x06,0x00,0x63,0x61,0x6e,0x63,0x65,0x6c,0x03,0x00,0x72,0x65,0x71,0x00,0x16,0x00,0x6c,0x61,0x73,0x74,
0x20,0x70,0x61,0x67,0x65,0x20,0x63,0x6f,0x6d,0x65,0x73,0x20,0x66,0x72,0x6f,0x6d,0x20,0x3a,0x04,0x00,
0x66,0x72,0x6f,0x6d,0x22,0x00,0x69,0x6e,0x70,0x75,0x74,0x43,0x6f,0x6e,0x66,0x69,0x67,0x5f,0x6f,0x6e,
0x57,0x69,0x6c,0x6c,0x4d,0x6f,0x75,0x6e,0x74,0x3d,0x3d,0x3d,0x3d,0x3d,0x3d,0x3d,0x3e,0x3e,0x3e,0x3a,
0x16,0x00,0x69,0x6e,0x70,0x75,0x74,0x43,0x6f,0x6e,0x66,0x69,0x67,0x3d,0x3d,0x3d,0x3d,0x3d,0x3d,0x3d,
0x3e,0x3e,0x3e,0x3a,0x29,0x00,0x54,0x6f,0x73,0x2e,0x47,0x4c,0x4f,0x42,0x41,0x4c,0x5f,0x43,0x4f,0x4e,
0x46,0x49,0x47,0x2e,0x6e,0x65,0x74,0x77,0x6f,0x72,0x6b,0x50,0x61,0x72,0x61,0x6d,0x3d,0x3d,0x3d,0x3d,
0x3d,0x3d,0x3d,0x3e,0x3e,0x3e,0x3a,0x00,0x00,0x00,0x00,0x00,};/*5432*/
