TK_CONST_DATA_ALIGN(const unsigned char script_inputPwd[]) = {
0x80,0x00,0x01,0x01,0xfe,0x07,0x00,0x00,0x00,0x00,0x00,0x00,0x69,0x6e,0x70,0x75,0x74,0x50,0x77,0x64,
0x00,0x00,0x00,0x00,0x00,0x00,0x00,0x00,0x00,0x00,0x00,0x00,0x00,0x00,0x00,0x00,0x00,0x00,0x00,0x00,
0x00,0x00,0x00,0x00,0x4a,0x52,0x52,0x59,0x46,0x00,0x00,0x00,0x00,0x00,0x00,0x00,0xb0,0x04,0x00,0x00,
0x01,0x00,0x00,0x00,0x18,0x00,0x00,0x00,0x1e,0x00,0x01,0x00,0x00,0x30,0x05,0x00,0x90,0x27,0x47,0x00,
0x01,0x04,0x1d,0x23,0x07,0x00,0x00,0x00,0xc7,0x01,0x00,0x00,0x07,0x03,0x00,0x00,0x87,0x04,0x00,0x00,
0x07,0x00,0x00,0x00,0xc7,0x06,0x00,0x00,0x07,0x08,0x00,0x00,0xc7,0x08,0x00,0x00,0x87,0x09,0x00,0x00,
0x87,0x0a,0x00,0x00,0x87,0x0b,0x00,0x00,0xc7,0x0b,0x00,0x00,0xc7,0x0c,0x00,0x00,0x87,0x0d,0x00,0x00,
0xc7,0x0e,0x00,0x00,0xc7,0x0f,0x00,0x00,0x07,0x11,0x00,0x00,0x47,0x12,0x00,0x00,0x87,0x13,0x00,0x00,
0x47,0x15,0x00,0x00,0x07,0x16,0x00,0x00,0x07,0x17,0x00,0x00,0x47,0x18,0x00,0x00,0x47,0x1a,0x00,0x00,
0xc7,0x1b,0x00,0x00,0x47,0x1d,0x00,0x00,0x07,0x1f,0x00,0x00,0x47,0x20,0x00,0x00,0xf0,0x00,0x00,0x00,
0xb0,0x01,0x00,0x00,0xf8,0x01,0x00,0x00,0x98,0x03,0x00,0x00,0x40,0x04,0x00,0x00,0x68,0x04,0x00,0x00,
0x47,0x01,0x51,0x01,0x2d,0x02,0x04,0xd1,0x3b,0x05,0xdf,0x01,0x2d,0x03,0x06,0x14,0x14,0x14,0x18,0x08,
0x14,0x18,0x09,0x58,0x0b,0x0a,0x58,0x0b,0x0c,0x58,0x0b,0x0d,0x34,0x18,0x0e,0x58,0x0b,0x0f,0x58,0x11,
0x10,0x35,0x3b,0x18,0x12,0x58,0x14,0x13,0x32,0x18,0x15,0x18,0x07,0x14,0x58,0x1d,0x17,0x58,0x1e,0x18,
0x58,0x1f,0x19,0x18,0x16,0x58,0x20,0x1a,0x58,0x21,0x1b,0x58,0x22,0x1c,0xd8,0x56,0x00,0x00,0x00,0x00,
0xb8,0x28,0x47,0x00,0x87,0x0b,0x00,0x00,0x07,0x00,0x01,0x00,0x20,0x10,0x03,0x00,0x90,0x27,0x47,0x00,
0x00,0x02,0x03,0x04,0x47,0x22,0x00,0x00,0x07,0x23,0x00,0x00,0x80,0x3e,0x00,0x00,0x38,0x00,0x00,0x00,
0x33,0x4e,0x00,0x2f,0x01,0x03,0x02,0xd6,0x56,0x00,0x00,0x54,0x83,0x53,0x82,0x02,0x28,0x29,0x47,0x00,
0x47,0x18,0x00,0x00,0x11,0x00,0x01,0x00,0x30,0x10,0x05,0x00,0x90,0x27,0x47,0x00,0x00,0x04,0x0d,0x0d,
0x47,0x22,0x00,0x00,0x47,0x24,0x00,0x00,0x87,0x25,0x00,0x00,0x07,0x27,0x00,0x00,0x47,0x12,0x00,0x00,
0x87,0x28,0x00,0x00,0x47,0x29,0x00,0x00,0x07,0x16,0x00,0x00,0x00,0x00,0x00,0x00,0x47,0x1a,0x00,0x00,
0x87,0x13,0x00,0x00,0xc7,0x2b,0x00,0x00,0x47,0x2c,0x00,0x00,0x2d,0x00,0x04,0xb2,0x41,0x01,0x05,0x2d,
0x06,0x00,0x3b,0x04,0xd9,0x3c,0x00,0x07,0x11,0x04,0x57,0x02,0x3c,0x00,0x04,0x84,0x08,0x11,0x0a,0x41,
0x00,0x09,0x2c,0x04,0xd3,0x57,0x02,0x2f,0x00,0x0a,0x00,0x3b,0x04,0x99,0x0b,0xdc,0x41,0x00,0x0c,0xcd,
0x57,0x03,0x00,0x00,0x00,0x00,0x00,0x0f,0x83,0x09,0x83,0x02,0x08,0x29,0x47,0x00,0x87,0x0b,0x00,0x00,
0x09,0x00,0x01,0x00,0x30,0x10,0x03,0x01,0x90,0x27,0x47,0x00,0x01,0x02,0x07,0x07,0xc7,0x2e,0x00,0x00,
0x07,0x31,0x00,0x00,0x07,0x32,0x00,0x00,0x07,0x33,0x00,0x00,0xc7,0x33,0x00,0x00,0xc7,0x34,0x00,0x00,
0x2c,0x01,0x14,0x58,0x03,0x02,0x2c,0x00,0x1d,0x04,0x2c,0x05,0x18,0x04,0x31,0x18,0x06,0xd0,0x56,0x16,
0x81,0x3b,0x86,0x02,0x30,0x29,0x47,0x00,0x47,0x1a,0x00,0x00,0x34,0x00,0x01,0x00,0x30,0x80,0x05,0x01,
0x90,0x27,0x47,0x00,0x02,0x05,0x28,0x28,0x47,0x24,0x00,0x00,0xc7,0x2e,0x00,0x00,0x07,0x00,0x00,0x00,
0x87,0x28,0x00,0x00,0xc7,0x36,0x00,0x00,0x87,0x39,0x00,0x00,0x07,0x3a,0x00,0x00,0x87,0x3a,0x00,0x00,
0x07,0x3b,0x00,0x00,0x87,0x3b,0x00,0x00,0x07,0x3c,0x00,0x00,0x87,0x3c,0x00,0x00,0x07,0x3d,0x00,0x00,
0x87,0x3d,0x00,0x00,0x07,0x3e,0x00,0x00,0xc7,0x33,0x00,0x00,0x87,0x3e,0x00,0x00,0x07,0x40,0x00,0x00,
0xc7,0x0b,0x00,0x00,0x07,0x41,0x00,0x00,0xc7,0x0f,0x00,0x00,0x87,0x0d,0x00,0x00,0xc7,0x0e,0x00,0x00,
0x10,0x00,0x00,0x00,0x60,0x01,0x00,0x00,0x87,0x0b,0x00,0x00,0x07,0x42,0x00,0x00,0x47,0x44,0x00,0x00,
0x07,0x47,0x00,0x00,0x47,0x2c,0x00,0x00,0x07,0x31,0x00,0x00,0x07,0x32,0x00,0x00,0x07,0x33,0x00,0x00,
0x47,0x49,0x00,0x00,0x00,0x00,0x00,0x00,0x07,0x4e,0x00,0x00,0x47,0x1a,0x00,0x00,0x87,0x4f,0x00,0x00,
0x2c,0x00,0xeb,0x01,0x41,0x02,0x05,0x9a,0x06,0x01,0xd3,0x2d,0x01,0x07,0x25,0x35,0x2c,0x08,0x25,0x31,
0x2c,0x09,0x25,0x2d,0x2c,0x0a,0x25,0x29,0x2c,0x0b,0x25,0x25,0x2c,0x0c,0x25,0x21,0x2c,0x0d,0x25,0x1d,
0x2c,0x0e,0x25,0x19,0x2c,0x0f,0x25,0x15,0x2c,0x10,0x25,0x11,0x2c,0x11,0x25,0x52,0x2c,0x12,0x25,0x5a,
0x2c,0x13,0x77,0x09,0x8b,0x01,0xa7,0x3d,0x14,0x3b,0x15,0x3d,0x16,0x3b,0x15,0x86,0x11,0x04,0x01,0x9a,
0x42,0x14,0x99,0x01,0xdc,0x3d,0x14,0x3b,0x15,0xe8,0x17,0x35,0x18,0x3d,0x17,0x9c,0x19,0x9f,0x1a,0x98,
0x99,0x1b,0xe8,0x18,0x41,0x02,0x05,0x2c,0x1c,0x3d,0x14,0x98,0xd3,0x41,0x02,0x05,0x2c,0x1d,0x3d,0x17,
0x98,0xd3,0x41,0x02,0x05,0x2c,0x1e,0x3d,0x18,0x98,0xd3,0x42,0x1f,0xcd,0x01,0x62,0x2c,0x03,0x14,0x58,
0x21,0x20,0x58,0x11,0x22,0xd0,0x01,0x56,0x41,0x02,0x05,0x2c,0x23,0x3d,0x14,0x98,0xd3,0x3d,0x14,0x3b,
0x15,0x81,0x24,0x11,0x26,0x3d,0x14,0x40,0x25,0x34,0x3d,0x14,0x3b,0x15,0x9c,0x19,0xda,0xe8,0x14,0x3d,
0x14,0x3b,0x15,0xe8,0x17,0x35,0x18,0x3d,0x17,0x9c,0x19,0x9f,0x1a,0x98,0x99,0x1b,0xe8,0x18,0x42,0x1f,
0xcd,0x56,0x3d,0x14,0x3b,0x15,0x3d,0x16,0x3b,0x15,0x86,0x11,0x13,0x3d,0x14,0x3d,0x16,0x77,0x11,0x07,
0x2c,0x04,0xca,0x01,0x07,0x42,0x26,0x2c,0x27,0xd3,0x01,0x02,0x56,0x00,0x00,0x6b,0x8c,0x5a,0x87,0x02,
0xd8,0x35,0x47,0x00,0xc7,0x1b,0x00,0x00,0x15,0x00,0x01,0x00,0x30,0x10,0x08,0x01,0x90,0x27,0x47,0x00,
0x01,0x04,0x12,0x12,0x47,0x24,0x00,0x00,0x87,0x51,0x00,0x00,0x47,0x52,0x00,0x00,0x87,0x28,0x00,0x00,
0x07,0x53,0x00,0x00,0xc7,0x08,0x00,0x00,0x07,0x58,0x00,0x00,0x87,0x09,0x00,0x00,0x87,0x0a,0x00,0x00,
0x87,0x5a,0x00,0x00,0xc7,0x0c,0x00,0x00,0x07,0x5c,0x00,0x00,0x87,0x5f,0x00,0x00,0x07,0x62,0x00,0x00,
0x87,0x63,0x00,0x00,0x07,0x66,0x00,0x00,0x47,0x2c,0x00,0x00,0x41,0x01,0x04,0x2c,0x05,0xd3,0x3c,0x02,
0x07,0x3b,0x06,0xe8,0x06,0x3c,0x02,0x07,0x3b,0x08,0xe8,0x08,0x3d,0x08,0x3b,0x0a,0xe8,0x09,0x2c,0x0c,
0xe8,0x0b,0x41,0x01,0x04,0x2d,0x0d,0x03,0x40,0x0e,0x3d,0x06,0xd4,0xd9,0x41,0x01,0x04,0x2d,0x0f,0x03,
0x40,0x0e,0x3d,0x08,0xd4,0xd9,0x41,0x01,0x04,0x2d,0x10,0x03,0x40,0x0e,0x3d,0x09,0xd4,0xd9,0x42,0x11,
0xcd,0x56,0x00,0x72,0x83,0x5e,0x94,0x02,0xf0,0x2f,0x47,0x00,0x47,0x1d,0x00,0x00,0x05,0x00,0x01,0x00,
0x30,0x10,0x03,0x00,0x90,0x27,0x47,0x00,0x00,0x00,0x01,0x01,0x47,0x18,0x00,0x00,0x42,0x00,0xcd,0x56,
0x00,0x00,0x00,0x00,0x2e,0x5e,0x98,0x02,0xa0,0x28,0x47,0x00,0x07,0x1f,0x00,0x00,0x06,0x00,0x01,0x00,
0x30,0x10,0x03,0x00,0x90,0x27,0x47,0x00,0x00,0x01,0x03,0x03,0x87,0x51,0x00,0x00,0x07,0x16,0x00,0x00,
0x87,0x68,0x00,0x00,0x31,0xe8,0x01,0x41,0x00,0x02,0xcd,0x56,0x40,0x20,0x99,0x02,0xa8,0x28,0x47,0x00,
0x47,0x20,0x00,0x00,0x0b,0x00,0x47,0x4c,0x4f,0x42,0x41,0x4c,0x5f,0x4a,0x55,0x4d,0x50,0x00,0x07,0x00,
0x72,0x65,0x71,0x75,0x69,0x72,0x65,0x00,0x09,0x00,0x56,0x69,0x65,0x77,0x4d,0x6f,0x64,0x65,0x6c,0x00,
0x10,0x00,0x6d,0x6f,0x64,0x5f,0x67,0x6c,0x6f,0x62,0x61,0x6c,0x5f,0x74,0x72,0x61,0x6e,0x73,0x08,0x00,
0x69,0x6e,0x70,0x75,0x74,0x50,0x77,0x64,0x04,0x00,0x64,0x61,0x74,0x61,0x04,0x00,0x66,0x6c,0x6f,0x77,
0x05,0x00,0x74,0x72,0x61,0x6e,0x73,0x00,0x05,0x00,0x74,0x69,0x74,0x6c,0x65,0x00,0x00,0x00,0x05,0x00,
0x76,0x61,0x6c,0x75,0x65,0x00,0x04,0x00,0x68,0x69,0x6e,0x74,0x08,0x00,0x76,0x61,0x6c,0x75,0x65,0x4c,
0x65,0x6e,0x05,0x00,0x6c,0x69,0x6e,0x65,0x58,0x00,0x08,0x00,0x70,0x61,0x73,0x73,0x77,0x6f,0x72,0x64,
0x08,0x00,0x31,0x32,0x33,0x34,0x35,0x36,0x37,0x38,0x07,0x00,0x74,0x69,0x6d,0x65,0x4f,0x75,0x74,0x00,
0x0b,0x00,0x74,0x69,0x6d,0x65,0x4f,0x75,0x74,0x53,0x68,0x6f,0x77,0x00,0x03,0x00,0x36,0x30,0x73,0x00,
0x06,0x00,0x69,0x73,0x45,0x78,0x69,0x74,0x07,0x00,0x6d,0x65,0x74,0x68,0x6f,0x64,0x73,0x00,0x0e,0x00,
0x73,0x65,0x74,0x53,0x63,0x72,0x65,0x65,0x6e,0x54,0x69,0x6d,0x65,0x72,0x09,0x00,0x6a,0x75,0x6d,0x70,
0x45,0x72,0x72,0x6f,0x72,0x00,0x09,0x00,0x6f,0x6e,0x4b,0x65,0x79,0x44,0x6f,0x77,0x6e,0x00,0x0b,0x00,
0x6f,0x6e,0x57,0x69,0x6c,0x6c,0x4d,0x6f,0x75,0x6e,0x74,0x00,0x07,0x00,0x6f,0x6e,0x4d,0x6f,0x75,0x6e,
0x74,0x00,0x0d,0x00,0x6f,0x6e,0x57,0x69,0x6c,0x6c,0x55,0x6e,0x6d,0x6f,0x75,0x6e,0x74,0x00,0x04,0x00,
0x74,0x68,0x61,0x74,0x08,0x00,0x74,0x69,0x6d,0x65,0x72,0x41,0x64,0x64,0x07,0x00,0x63,0x6f,0x6e,0x73,
0x6f,0x6c,0x65,0x00,0x0a,0x00,0x52,0x45,0x54,0x5f,0x52,0x45,0x4d,0x4f,0x56,0x45,0x0a,0x00,0x52,0x45,
0x54,0x5f,0x52,0x45,0x50,0x45,0x41,0x54,0x03,0x00,0x6c,0x6f,0x67,0x00,0x11,0x00,0x74,0x69,0x6d,0x65,
0x20,0x3d,0x3d,0x3d,0x3d,0x3d,0x3d,0x3d,0x3d,0x3d,0x3d,0x3d,0x3e,0x00,0x01,0x00,0x73,0x00,0x12,0x00,
0x6e,0x6f,0x74,0x69,0x66,0x79,0x50,0x72,0x6f,0x70,0x73,0x43,0x68,0x61,0x6e,0x67,0x65,0x64,0x0f,0x00,
0x6e,0x61,0x76,0x69,0x67,0x61,0x74,0x65,0x52,0x65,0x70,0x6c,0x61,0x63,0x65,0x00,0x06,0x00,0x74,0x61,
0x72,0x67,0x65,0x74,0x06,0x00,0x72,0x65,0x73,0x75,0x6c,0x74,0x04,0x00,0x74,0x79,0x70,0x65,0x06,0x00,
0x63,0x61,0x6e,0x63,0x65,0x6c,0x0d,0x00,0x63,0x6c,0x6f,0x73,0x65,0x5f,0x63,0x75,0x72,0x72,0x65,0x6e,
0x74,0x00,0x14,0x00,0x4b,0x65,0x79,0x43,0x6f,0x64,0x65,0x20,0x3d,0x3d,0x3d,0x3d,0x3d,0x3d,0x3d,0x3d,
0x3d,0x3d,0x3d,0x3e,0x01,0x00,0x30,0x00,0x01,0x00,0x31,0x00,0x01,0x00,0x32,0x00,0x01,0x00,0x33,0x00,
0x01,0x00,0x34,0x00,0x01,0x00,0x35,0x00,0x01,0x00,0x36,0x00,0x01,0x00,0x37,0x00,0x01,0x00,0x38,0x00,
0x01,0x00,0x39,0x00,0x09,0x00,0x62,0x61,0x63,0x6b,0x73,0x70,0x61,0x63,0x65,0x00,0x06,0x00,0x72,0x65,
0x74,0x75,0x72,0x6e,0x06,0x00,0x6c,0x65,0x6e,0x67,0x74,0x68,0x10,0x00,0x76,0x61,0x6c,0x75,0x65,0x20,
0x3d,0x3d,0x3d,0x3d,0x3d,0x3d,0x3d,0x3d,0x3e,0x20,0x13,0x00,0x76,0x61,0x6c,0x75,0x65,0x4c,0x65,0x6e,
0x20,0x3d,0x3d,0x3d,0x3d,0x3d,0x3d,0x3d,0x3d,0x3e,0x20,0x00,0x10,0x00,0x6c,0x69,0x6e,0x65,0x58,0x20,
0x3d,0x3d,0x3d,0x3d,0x3d,0x3d,0x3d,0x3d,0x3e,0x20,0x24,0x00,0x64,0x65,0x6c,0x65,0x74,0x65,0x20,0x76,
0x61,0x6c,0x75,0x65,0x20,0x3d,0x3d,0x3d,0x3d,0x3d,0x3d,0x3d,0x3d,0x3d,0x3d,0x3d,0x3d,0x3d,0x3d,0x3d,
0x3d,0x3d,0x3d,0x3d,0x3d,0x3d,0x3d,0x3e,0x09,0x00,0x73,0x75,0x62,0x73,0x74,0x72,0x69,0x6e,0x67,0x00,
0x0e,0x00,0x50,0x61,0x73,0x73,0x77,0x6f,0x72,0x64,0x20,0x45,0x72,0x72,0x6f,0x72,0x03,0x00,0x54,0x6f,
0x73,0x00,0x04,0x00,0x4a,0x53,0x4f,0x4e,0x26,0x00,0x69,0x6e,0x70,0x75,0x74,0x50,0x77,0x64,0x20,0x6f,
0x6e,0x57,0x69,0x6c,0x6c,0x4d,0x6f,0x75,0x6e,0x74,0x20,0x3d,0x3d,0x3d,0x3d,0x3d,0x3d,0x3d,0x3d,0x3d,
0x3d,0x3d,0x3d,0x3d,0x3d,0x3d,0x3d,0x3e,0x12,0x00,0x47,0x4c,0x4f,0x42,0x41,0x4c,0x5f,0x54,0x52,0x41,
0x4e,0x53,0x41,0x43,0x54,0x49,0x4f,0x4e,0x09,0x00,0x74,0x72,0x61,0x6e,0x73,0x4e,0x61,0x6d,0x65,0x00,
0x1a,0x00,0x50,0x6c,0x65,0x61,0x73,0x65,0x20,0x69,0x6e,0x70,0x75,0x74,0x20,0x75,0x73,0x65,0x72,0x20,
0x70,0x61,0x73,0x73,0x77,0x6f,0x72,0x64,0x11,0x00,0x66,0x6c,0x6f,0x77,0x20,0x3d,0x3d,0x3d,0x3d,0x3d,
0x3d,0x3d,0x3d,0x3d,0x3d,0x3d,0x3d,0x00,0x09,0x00,0x73,0x74,0x72,0x69,0x6e,0x67,0x69,0x66,0x79,0x00,
0x11,0x00,0x74,0x72,0x61,0x6e,0x73,0x20,0x3d,0x3d,0x3d,0x3d,0x3d,0x3d,0x3d,0x3d,0x3d,0x3d,0x3d,0x00,
0x11,0x00,0x74,0x69,0x74,0x6c,0x65,0x20,0x3d,0x3d,0x3d,0x3d,0x3d,0x3d,0x3d,0x3d,0x3d,0x3d,0x3d,0x00,
0x08,0x00,0x50,0x72,0x6e,0x43,0x6c,0x6f,0x73,0x65,0x00,0x00,0x00,0x00,};/*2094*/
