TK_CONST_DATA_ALIGN(const unsigned char script_login[]) = {
0x07,0x00,0x01,0x01,0xc0,0x19,0x00,0x00,0x00,0x00,0x00,0x00,0x6c,0x6f,0x67,0x69,0x6e,0x00,0x00,0x00,
0x00,0x00,0x00,0x00,0x00,0x00,0x00,0x00,0x00,0x00,0x00,0x00,0x00,0x00,0x00,0x00,0x00,0x00,0x00,0x00,
0x00,0x00,0x00,0x00,0x4a,0x52,0x52,0x59,0x46,0x00,0x00,0x00,0x00,0x00,0x00,0x00,0x88,0x0f,0x00,0x00,
0x01,0x00,0x00,0x00,0x18,0x00,0x00,0x00,0x4e,0x00,0x01,0x00,0x00,0x30,0x05,0x00,0xe0,0x27,0x47,0x00,
0x01,0x06,0x4a,0x61,0x07,0x00,0x00,0x00,0xc7,0x01,0x00,0x00,0x87,0x03,0x00,0x00,0x07,0x05,0x00,0x00,
0x47,0x06,0x00,0x00,0xc7,0x07,0x00,0x00,0x07,0x00,0x00,0x00,0x07,0x0a,0x00,0x00,0xc7,0x01,0x00,0x00,
0x87,0x0c,0x00,0x00,0x87,0x03,0x00,0x00,0x87,0x0e,0x00,0x00,0x87,0x0f,0x00,0x00,0x47,0x10,0x00,0x00,
0x87,0x11,0x00,0x00,0xc7,0x11,0x00,0x00,0x87,0x13,0x00,0x00,0x47,0x14,0x00,0x00,0x87,0x15,0x00,0x00,
0xc7,0x16,0x00,0x00,0x47,0x18,0x00,0x00,0x87,0x19,0x00,0x00,0xc7,0x1a,0x00,0x00,0xc7,0x1c,0x00,0x00,
0x47,0x1e,0x00,0x00,0x47,0x1f,0x00,0x00,0x87,0x20,0x00,0x00,0x47,0x21,0x00,0x00,0x07,0x23,0x00,0x00,
0x47,0x25,0x00,0x00,0xc7,0x26,0x00,0x00,0x47,0x28,0x00,0x00,0x47,0x2b,0x00,0x00,0x07,0x2d,0x00,0x00,
0x47,0x2e,0x00,0x00,0x87,0x2f,0x00,0x00,0x87,0x30,0x00,0x00,0x47,0x32,0x00,0x00,0x87,0x33,0x00,0x00,
0xc7,0x34,0x00,0x00,0xc7,0x35,0x00,0x00,0x87,0x37,0x00,0x00,0x47,0x3a,0x00,0x00,0x87,0x3b,0x00,0x00,
0xc7,0x3c,0x00,0x00,0x47,0x3e,0x00,0x00,0xc7,0x3f,0x00,0x00,0x87,0x41,0x00,0x00,0x87,0x42,0x00,0x00,
0xc7,0x43,0x00,0x00,0x07,0x45,0x00,0x00,0x87,0x46,0x00,0x00,0xc7,0x48,0x00,0x00,0x47,0x4a,0x00,0x00,
0x87,0x4b,0x00,0x00,0x47,0x4d,0x00,0x00,0x87,0x4e,0x00,0x00,0x07,0x50,0x00,0x00,0x87,0x51,0x00,0x00,
0x47,0x53,0x00,0x00,0x47,0x54,0x00,0x00,0x47,0x56,0x00,0x00,0x47,0x58,0x00,0x00,0x47,0x5a,0x00,0x00,
0x07,0x5c,0x00,0x00,0x87,0x5e,0x00,0x00,0x47,0x60,0x00,0x00,0xc7,0x61,0x00,0x00,0xc7,0x63,0x00,0x00,
0x07,0x65,0x00,0x00,0x87,0x66,0x00,0x00,0x47,0x68,0x00,0x00,0x87,0x69,0x00,0x00,0x70,0x02,0x00,0x00,
0xb0,0x02,0x00,0x00,0x68,0x05,0x00,0x00,0x10,0x06,0x00,0x00,0xc8,0x06,0x00,0x00,0x70,0x08,0x00,0x00,
0xa8,0x08,0x00,0x00,0xf8,0x08,0x00,0x00,0x58,0x09,0x00,0x00,0x98,0x09,0x00,0x00,0xd8,0x09,0x00,0x00,
0xa8,0x0a,0x00,0x00,0x58,0x0b,0x00,0x00,0xd0,0x0c,0x00,0x00,0x38,0x0d,0x00,0x00,0xc8,0x0d,0x00,0x00,
0xf8,0x0d,0x00,0x00,0x28,0x0e,0x00,0x00,0x50,0x0e,0x00,0x00,0x90,0x0e,0x00,0x00,0xb8,0x0e,0x00,0x00,
0x20,0x0f,0x00,0x00,0x50,0x0f,0x00,0x00,0x47,0x01,0x47,0x02,0x47,0x03,0x51,0x01,0x51,0x02,0x51,0x03,
0x2d,0x04,0x06,0xd1,0x3b,0x07,0xdf,0x01,0x2d,0x04,0x08,0xd1,0x3b,0x09,0xdf,0x02,0x2d,0x04,0x0a,0xd1,
0x3b,0x0b,0xdf,0x03,0x2d,0x05,0x0c,0x14,0x14,0x58,0x0f,0x0e,0x58,0x11,0x10,0x31,0x18,0x12,0x58,0x14,
0x13,0x35,0x1d,0x18,0x15,0x28,0x18,0x16,0x1c,0x18,0x17,0x1c,0x18,0x18,0x28,0x18,0x19,0x32,0x18,0x1a,
0x28,0x18,0x1b,0x34,0x18,0x1c,0x32,0x18,0x1d,0x32,0x18,0x1e,0x58,0x20,0x1f,0x32,0x18,0x21,0x58,0x0f,
0x22,0x58,0x14,0x23,0x58,0x0f,0x24,0x14,0x58,0x0f,0x26,0x58,0x0f,0x27,0x58,0x29,0x28,0x18,0x25,0x14,
0x58,0x0f,0x2b,0x58,0x0f,0x2c,0x58,0x0f,0x2d,0x58,0x0f,0x2e,0x58,0x0f,0x2f,0x18,0x2a,0x58,0x0f,0x30,
0x32,0x18,0x31,0x18,0x0d,0x14,0x58,0x4a,0x33,0x58,0x4b,0x34,0x58,0x4c,0x35,0x58,0x4d,0x36,0x58,0x4e,
0x37,0x58,0x4f,0x38,0x58,0x50,0x39,0x58,0x51,0x3a,0x58,0x52,0x3b,0x58,0x53,0x3c,0x58,0x54,0x3d,0x58,
0x55,0x3e,0x58,0x56,0x3f,0x58,0x57,0x40,0x58,0x58,0x41,0x58,0x59,0x42,0x58,0x5a,0x43,0x58,0x5b,0x44,
0x58,0x5c,0x45,0x58,0x5d,0x46,0x18,0x32,0x58,0x5e,0x47,0x58,0x5f,0x48,0x58,0x60,0x49,0xd8,0x56,0x00,
0x00,0x00,0x00,0x00,0x40,0x2c,0x47,0x00,0x87,0x11,0x00,0x00,0x08,0x00,0x01,0x00,0x30,0x10,0x04,0x00,
0xe0,0x27,0x47,0x00,0x00,0x02,0x05,0x05,0x87,0x6b,0x00,0x00,0xc7,0x6c,0x00,0x00,0x87,0x6d,0x00,0x00,
0x47,0x6e,0x00,0x00,0xc7,0x73,0x00,0x00,0x41,0x00,0x02,0x2c,0x03,0xd3,0x41,0x01,0x04,0xcd,0x56,0x00,
0x00,0x00,0x00,0x06,0x81,0x63,0x88,0x02,0x28,0x2c,0x47,0x00,0x07,0x45,0x00,0x00,0x57,0x00,0x01,0x00,
0x30,0x10,0x08,0x01,0xe0,0x27,0x47,0x00,0x03,0x06,0x59,0x59,0x87,0x6b,0x00,0x00,0xc7,0x6c,0x00,0x00,
0x47,0x76,0x00,0x00,0x87,0x6d,0x00,0x00,0x07,0x77,0x00,0x00,0x87,0x79,0x00,0x00,0x07,0x7a,0x00,0x00,
0x87,0x7a,0x00,0x00,0x07,0x7b,0x00,0x00,0x87,0x7b,0x00,0x00,0x07,0x7c,0x00,0x00,0x87,0x7c,0x00,0x00,
0x07,0x7d,0x00,0x00,0x87,0x7d,0x00,0x00,0x07,0x7e,0x00,0x00,0x87,0x7e,0x00,0x00,0x07,0x7f,0x00,0x00,
0x87,0x7f,0x00,0x00,0x07,0x80,0x00,0x00,0x87,0x80,0x00,0x00,0x07,0x81,0x00,0x00,0x87,0x81,0x00,0x00,
0x07,0x82,0x00,0x00,0x87,0x82,0x00,0x00,0x07,0x83,0x00,0x00,0x87,0x83,0x00,0x00,0x07,0x84,0x00,0x00,
0x87,0x84,0x00,0x00,0x07,0x85,0x00,0x00,0x87,0x85,0x00,0x00,0x07,0x86,0x00,0x00,0x87,0x86,0x00,0x00,
0x07,0x87,0x00,0x00,0x87,0x87,0x00,0x00,0x07,0x88,0x00,0x00,0x87,0x88,0x00,0x00,0x07,0x89,0x00,0x00,
0x87,0x89,0x00,0x00,0x07,0x8a,0x00,0x00,0x87,0x8a,0x00,0x00,0x07,0x8b,0x00,0x00,0x87,0x8b,0x00,0x00,
0x07,0x8c,0x00,0x00,0x87,0x8c,0x00,0x00,0x07,0x8d,0x00,0x00,0x87,0x8d,0x00,0x00,0x07,0x8e,0x00,0x00,
0x87,0x8e,0x00,0x00,0x07,0x8f,0x00,0x00,0x87,0x8f,0x00,0x00,0x07,0x90,0x00,0x00,0x87,0x90,0x00,0x00,
0x07,0x91,0x00,0x00,0x87,0x91,0x00,0x00,0x07,0x92,0x00,0x00,0x87,0x92,0x00,0x00,0x07,0x93,0x00,0x00,
0x87,0x93,0x00,0x00,0x07,0x94,0x00,0x00,0x87,0x94,0x00,0x00,0x07,0x95,0x00,0x00,0x87,0x95,0x00,0x00,
0x07,0x96,0x00,0x00,0x87,0x96,0x00,0x00,0x07,0x97,0x00,0x00,0x87,0x97,0x00,0x00,0x07,0x98,0x00,0x00,
0x87,0x98,0x00,0x00,0x07,0x99,0x00,0x00,0x87,0x99,0x00,0x00,0x07,0x9a,0x00,0x00,0x87,0x9a,0x00,0x00,
0x07,0x9b,0x00,0x00,0x87,0x9b,0x00,0x00,0x07,0x9c,0x00,0x00,0x07,0x9e,0x00,0x00,0x07,0xa2,0x00,0x00,
0x87,0xa3,0x00,0x00,0x07,0xa5,0x00,0x00,0x20,0x00,0x00,0x00,0xc7,0xa5,0x00,0x00,0x07,0xa7,0x00,0x00,
0x47,0xa8,0x00,0x00,0x47,0xa9,0x00,0x00,0x87,0xaa,0x00,0x00,0x87,0xab,0x00,0x00,0x41,0x03,0x06,0x2d,
0x07,0x00,0xd9,0x1c,0xeb,0x01,0x2d,0x00,0x08,0x25,0x2a,0x2c,0x09,0x25,0x37,0x2c,0x0a,0x25,0x42,0x2c,
0x0b,0x25,0x4f,0x2c,0x0c,0x25,0x5c,0x2c,0x0d,0x25,0x69,0x2c,0x0e,0x25,0x76,0x2c,0x0f,0x25,0x83,0x2c,
0x10,0x25,0x90,0x2c,0x11,0x77,0x09,0x9c,0x02,0x00,0xa9,0x1c,0x2f,0x08,0x12,0x13,0x2f,0x14,0x15,0x16,
0x2c,0x17,0x20,0x07,0xeb,0x01,0x01,0x97,0x1c,0x2f,0x09,0x18,0x19,0x2f,0x1a,0x1b,0x1c,0x20,0x06,0xeb,
0x01,0x01,0x88,0x1c,0x2f,0x0a,0x1d,0x1e,0x2f,0x1f,0x20,0x21,0x2c,0x22,0x20,0x07,0xeb,0x01,0x01,0x77,
0x1c,0x2f,0x0b,0x23,0x24,0x2f,0x25,0x26,0x27,0x2c,0x28,0x20,0x07,0xeb,0x01,0x01,0x66,0x1c,0x2f,0x0c,
0x29,0x2a,0x2f,0x2b,0x2c,0x2d,0x2c,0x2e,0x20,0x07,0xeb,0x01,0x01,0x55,0x1c,0x2f,0x0d,0x2f,0x30,0x2f,
0x31,0x32,0x33,0x2c,0x34,0x20,0x07,0xeb,0x01,0x01,0x44,0x1c,0x2f,0x0e,0x35,0x36,0x2f,0x37,0x38,0x39,
0x2c,0x3a,0x20,0x07,0xeb,0x01,0x01,0x33,0x1c,0x2f,0x0f,0x3b,0x3c,0x2f,0x3d,0x3e,0x3f,0x2c,0x40,0x20,
0x07,0xeb,0x01,0x01,0x22,0x1c,0x2f,0x10,0x41,0x42,0x2f,0x43,0x44,0x45,0x2c,0x46,0x20,0x07,0xeb,0x01,
0x01,0x11,0x1c,0x2f,0x11,0x47,0x48,0x2f,0x49,0x4a,0x4b,0x2c,0x4c,0x20,0x07,0xeb,0x01,0x41,0x04,0x4d,
0xce,0xeb,0x02,0x41,0x03,0x06,0x2d,0x4e,0x05,0x40,0x4f,0x2c,0x02,0xd4,0x3d,0x50,0x3c,0x02,0x51,0x3d,
0x50,0x9b,0xc7,0x04,0x3c,0x02,0x51,0x3d,0x50,0x9b,0x7e,0x52,0x21,0x06,0x3d,0x53,0x72,0x00,0x11,0x25,
0x3d,0x54,0x40,0x55,0x34,0x36,0x00,0xda,0xe8,0x54,0x42,0x54,0x2c,0x01,0x3d,0x56,0x3a,0x98,0xdc,0x2e,
0x56,0xac,0x3d,0x56,0x3c,0x01,0x57,0x71,0x11,0x05,0x34,0xe8,0x56,0x01,0x0a,0x42,0x54,0x99,0x00,0xdc,
0x34,0xe8,0x56,0x3c,0x02,0x51,0xe8,0x50,0x42,0x58,0xcd,0x2c,0x00,0xe8,0x53,0x56,0x00,0x00,0x00,0x30,
0x93,0x06,0x8a,0x02,0xe8,0xc1,0x47,0x00,0x87,0x46,0x00,0x00,0x15,0x00,0x01,0x00,0x30,0x10,0x05,0x01,
0xe0,0x27,0x47,0x00,0x02,0x03,0x10,0x10,0x87,0x6b,0x00,0x00,0x87,0x6d,0x00,0x00,0x07,0x77,0x00,0x00,
0x07,0xae,0x00,0x00,0x07,0xaf,0x00,0x00,0x87,0x42,0x00,0x00,0x87,0xab,0x00,0x00,0x47,0x2b,0x00,0x00,
0x47,0x60,0x00,0x00,0x47,0x25,0x00,0x00,0x87,0x5e,0x00,0x00,0x47,0x4d,0x00,0x00,0xc7,0x61,0x00,0x00,
0x87,0x4b,0x00,0x00,0x41,0x02,0x03,0x2d,0x04,0x00,0xd9,0x2c,0x00,0xeb,0x01,0x2d,0x01,0x05,0x25,0x09,
0x2c,0x06,0x77,0x09,0x24,0x01,0x37,0x3d,0x07,0x11,0x09,0x32,0xe8,0x07,0x42,0x08,0xcd,0x56,0x3d,0x09,
0x11,0x06,0x42,0x0a,0xcd,0x56,0x3d,0x0b,0x11,0x06,0x42,0x0c,0xcd,0x56,0x42,0x0d,0xcd,0x01,0x17,0x3d,
0x09,0x11,0x06,0x42,0x0a,0xcd,0x56,0x3d,0x0b,0x11,0x06,0x42,0x0e,0xcd,0x56,0x42,0x0f,0xcd,0x01,0x02,
0x56,0x00,0x00,0x00,0x00,0x00,0x00,0x1a,0x89,0x4e,0x9d,0x02,0xc8,0xb8,0x47,0x00,0xc7,0x48,0x00,0x00,
0x08,0x00,0x01,0x00,0x20,0x10,0x03,0x00,0xe0,0x27,0x47,0x00,0x00,0x03,0x04,0x05,0x07,0xb0,0x00,0x00,
0xc7,0xb0,0x00,0x00,0x87,0xb1,0x00,0x00,0x80,0x3e,0x00,0x00,0x40,0x00,0x00,0x00,0x33,0x4e,0x00,0x34,
0x4e,0x01,0x2f,0x02,0x04,0x03,0xd6,0x56,0x00,0x00,0x00,0x45,0x84,0x7f,0xa6,0x02,0x30,0x31,0x47,0x00,
0x47,0x4a,0x00,0x00,0x0f,0x00,0x01,0x00,0x30,0x10,0x05,0x00,0xe0,0x27,0x47,0x00,0x00,0x05,0x0c,0x0c,
0x87,0x6b,0x00,0x00,0xc7,0xb0,0x00,0x00,0x07,0xb0,0x00,0x00,0xc7,0xb2,0x00,0x00,0x47,0xb4,0x00,0x00,
0x87,0x6d,0x00,0x00,0xc7,0xb5,0x00,0x00,0x07,0xba,0x00,0x00,0x47,0x18,0x00,0x00,0x87,0xbb,0x00,0x00,
0xc7,0xbc,0x00,0x00,0x87,0xab,0x00,0x00,0x41,0x00,0x05,0x2d,0x06,0x01,0xd9,0x3c,0x02,0x07,0x60,0x11,
0x04,0x57,0x03,0xaf,0x01,0x2d,0x01,0x02,0x3b,0x08,0x86,0x11,0x12,0x2d,0x02,0x07,0x31,0xdc,0x2f,0x02,
0x09,0x0a,0xdc,0x41,0x02,0x0b,0xcd,0x57,0x03,0x57,0x04,0x55,0x83,0x5c,0xa7,0x02,0xb8,0x31,0x47,0x00,
0x87,0x11,0x00,0x00,0x19,0x00,0x01,0x00,0x20,0x10,0x07,0x00,0xe0,0x27,0x47,0x00,0x03,0x05,0x15,0x17,
0x07,0xb0,0x00,0x00,0xc7,0x6c,0x00,0x00,0x07,0xbf,0x00,0x00,0x07,0xa5,0x00,0x00,0x00,0x00,0x00,0x00,
0x87,0x41,0x00,0x00,0x87,0xc0,0x00,0x00,0x87,0x42,0x00,0x00,0x87,0x37,0x00,0x00,0xc7,0x3f,0x00,0x00,
0x47,0xc2,0x00,0x00,0x47,0x3e,0x00,0x00,0x87,0x0f,0x00,0x00,0x47,0x1f,0x00,0x00,0x87,0xab,0x00,0x00,
0x87,0x03,0x00,0x00,0x07,0xc5,0x00,0x00,0x47,0xc6,0x00,0x00,0xc8,0x00,0x00,0x00,0x38,0x01,0x00,0x00,
0x4b,0x03,0x53,0x15,0x01,0x53,0x16,0x02,0x33,0xec,0x03,0x41,0x04,0x05,0xce,0xeb,0x00,0x3c,0x00,0x06,
0x7e,0x07,0x11,0x0d,0x2f,0x03,0x08,0x09,0xdc,0x2d,0x03,0x0a,0x31,0xdc,0x56,0x3d,0x0b,0x3b,0x0c,0x60,
0x11,0x0d,0x2f,0x03,0x08,0x0d,0xdc,0x2d,0x03,0x0a,0x31,0xdc,0x56,0x3c,0x03,0x0b,0x3c,0x00,0x0f,0xe5,
0x0e,0x2d,0x03,0x10,0x31,0xdc,0x41,0x03,0x11,0xcd,0x3c,0x04,0x12,0x40,0x13,0x3c,0x04,0x12,0x3b,0x14,
0x3d,0x0b,0x2d,0x01,0x02,0xc7,0x04,0x56,0x00,0x00,0x00,0x50,0x8a,0x60,0xab,0x02,0x68,0x32,0x47,0x00,
0x87,0x4b,0x00,0x00,0x0e,0x00,0x01,0x00,0x30,0x10,0x08,0x01,0xe0,0x27,0x47,0x00,0x01,0x06,0x0d,0x0d,
0x87,0x6b,0x00,0x00,0x47,0x76,0x00,0x00,0xc7,0x01,0x00,0x00,0x07,0xb0,0x00,0x00,0x07,0x65,0x00,0x00,
0x87,0x6d,0x00,0x00,0x47,0xc8,0x00,0x00,0x07,0xa2,0x00,0x00,0x47,0x1f,0x00,0x00,0x87,0xcb,0x00,0x00,
0x87,0xcc,0x00,0x00,0x07,0xce,0x00,0x00,0x41,0x01,0x06,0x2d,0x07,0x02,0x40,0x08,0x2c,0x00,0xd4,0xd9,
0x2d,0x03,0x00,0xd0,0x2d,0x04,0x09,0x32,0xdc,0x2c,0x05,0x14,0x58,0x0b,0x0a,0x31,0x18,0x0c,0xd0,0x56,
0x00,0x00,0x00,0x49,0x82,0x49,0xb0,0x02,0x60,0x28,0x47,0x00,0x07,0xd0,0x00,0x00,0x0e,0x00,0x01,0x00,
0x30,0x10,0x08,0x01,0xe0,0x27,0x47,0x00,0x01,0x04,0x0c,0x0c,0x07,0xb0,0x00,0x00,0x87,0x6b,0x00,0x00,
0x47,0x76,0x00,0x00,0x87,0x41,0x00,0x00,0x87,0xd1,0x00,0x00,0x87,0x6d,0x00,0x00,0xc7,0xd3,0x00,0x00,
0x07,0xa2,0x00,0x00,0x47,0x1f,0x00,0x00,0x87,0x42,0x00,0x00,0x87,0xab,0x00,0x00,0x2f,0x01,0x04,0x00,
0x3b,0x05,0xdc,0x41,0x02,0x06,0x2d,0x07,0x03,0x40,0x08,0x2c,0x00,0xd4,0x2c,0x00,0xc7,0x03,0x2d,0x01,
0x09,0x32,0xdc,0x2d,0x01,0x0a,0x31,0xdc,0x41,0x01,0x0b,0xcd,0x56,0x00,0x00,0x16,0x82,0x20,0xb3,0x02,
0x70,0x28,0x47,0x00,0xc7,0xd3,0x00,0x00,0x07,0x00,0x01,0x00,0x30,0x10,0x03,0x00,0xe0,0x27,0x47,0x00,
0x00,0x00,0x03,0x03,0x47,0x25,0x00,0x00,0x87,0x42,0x00,0x00,0x87,0xab,0x00,0x00,0x31,0xe8,0x00,0x32,
0xe8,0x01,0x42,0x02,0xcd,0x56,0x00,0x00,0x00,0x00,0x00,0x07,0x81,0x47,0xb6,0x02,0x40,0x28,0x47,0x00,
0x47,0x4d,0x00,0x00,0x0a,0x00,0x01,0x00,0x30,0x10,0x05,0x00,0xe0,0x27,0x47,0x00,0x00,0x00,0x06,0x06,
0x07,0xa7,0x00,0x00,0x87,0xaa,0x00,0x00,0x00,0x00,0x00,0x00,0x07,0xd5,0x00,0x00,0x10,0x00,0x00,0x00,
0x87,0xab,0x00,0x00,0x3d,0x00,0x3b,0x01,0x81,0x02,0x11,0x13,0x3d,0x00,0x40,0x03,0x34,0x3d,0x00,0x3b,
0x01,0x9c,0x04,0xda,0xe8,0x00,0x42,0x05,0xcd,0x56,0x00,0x54,0x81,0x66,0xb7,0x02,0x50,0x28,0x47,0x00,
0x87,0x4e,0x00,0x00,0x0c,0x00,0x01,0x00,0x30,0x10,0x03,0x00,0xe0,0x27,0x47,0x00,0x00,0x01,0x09,0x09,
0x07,0x65,0x00,0x00,0x07,0xa7,0x00,0x00,0x87,0xaa,0x00,0x00,0x00,0x00,0x00,0x00,0x87,0xd6,0x00,0x00,
0x87,0xcb,0x00,0x00,0x47,0xd8,0x00,0x00,0x07,0xda,0x00,0x00,0x07,0xce,0x00,0x00,0x3d,0x01,0x3b,0x02,
0x72,0x03,0x11,0x03,0x56,0x42,0x04,0xcd,0x2c,0x00,0x14,0x58,0x06,0x05,0x3d,0x07,0x18,0x07,0x31,0x18,
0x08,0xd0,0x56,0x00,0x00,0x00,0x00,0x5e,0x82,0x54,0xb9,0x02,0xe0,0x2d,0x47,0x00,0x07,0x50,0x00,0x00,
0x08,0x00,0x01,0x00,0x30,0x10,0x03,0x00,0xe0,0x27,0x47,0x00,0x00,0x01,0x05,0x05,0x07,0x65,0x00,0x00,
0x87,0xcb,0x00,0x00,0x47,0xd8,0x00,0x00,0x07,0xda,0x00,0x00,0x07,0xce,0x00,0x00,0x2c,0x00,0x14,0x58,
0x02,0x01,0x3d,0x03,0x18,0x03,0x31,0x18,0x04,0xd0,0x56,0x69,0x81,0x4d,0xbc,0x02,0x88,0x28,0x47,0x00,
0x87,0x51,0x00,0x00,0x08,0x00,0x01,0x00,0x30,0x10,0x03,0x00,0xe0,0x27,0x47,0x00,0x00,0x01,0x05,0x05,
0x07,0x65,0x00,0x00,0x87,0xdb,0x00,0x00,0x87,0xcb,0x00,0x00,0xc7,0xdc,0x00,0x00,0x07,0xce,0x00,0x00,
0x35,0x01,0xe8,0x01,0x2c,0x00,0x14,0x58,0x03,0x02,0x31,0x18,0x04,0xd0,0x56,0x35,0x83,0x4b,0xbe,0x02,
0xd8,0x31,0x47,0x00,0x47,0x53,0x00,0x00,0x07,0x00,0x01,0x00,0x20,0x10,0x03,0x00,0xe0,0x27,0x47,0x00,
0x00,0x02,0x02,0x03,0x07,0xb0,0x00,0x00,0x87,0xb1,0x00,0x00,0x38,0x00,0x00,0x00,0x33,0x4e,0x00,0x2c,
0x01,0x38,0x02,0x31,0xd6,0x56,0x00,0x00,0x00,0x00,0x00,0x14,0x85,0x1e,0xc2,0x02,0x18,0x30,0x47,0x00,
0x47,0x54,0x00,0x00,0x13,0x00,0x01,0x00,0x30,0x10,0x07,0x00,0xe0,0x27,0x47,0x00,0x01,0x07,0x0f,0x0f,
0xc7,0x6c,0x00,0x00,0x87,0x6b,0x00,0x00,0x47,0x76,0x00,0x00,0x07,0xb0,0x00,0x00,0xc7,0xb2,0x00,0x00,
0x47,0xb4,0x00,0x00,0x07,0xde,0x00,0x00,0x87,0x6d,0x00,0x00,0x07,0xa2,0x00,0x00,0x47,0xe0,0x00,0x00,
0x07,0xa5,0x00,0x00,0x00,0x00,0x00,0x00,0x47,0x56,0x00,0x00,0x47,0x5a,0x00,0x00,0x41,0x01,0x07,0xce,
0xeb,0x00,0x41,0x02,0x08,0x41,0x03,0x09,0x2c,0x00,0xd4,0xd3,0x41,0x02,0x08,0x2d,0x0a,0x00,0x3b,0x0b,
0xd9,0x3c,0x00,0x0b,0x81,0x0c,0x11,0x0a,0x41,0x04,0x0d,0xcd,0x57,0x05,0x01,0x17,0x3c,0x00,0x0b,0x78,
0x0c,0x11,0x0a,0x41,0x04,0x0d,0xcd,0x57,0x06,0x01,0x08,0x41,0x04,0x0e,0xcd,0x57,0x05,0x56,0x00,0x00,
0x00,0x00,0x00,0x41,0x84,0x60,0xc2,0x02,0x28,0x4d,0x47,0x00,0x87,0x11,0x00,0x00,0x16,0x00,0x01,0x00,
0x30,0x10,0x08,0x00,0xe0,0x27,0x47,0x00,0x02,0x05,0x11,0x11,0xc7,0x6c,0x00,0x00,0x87,0x6b,0x00,0x00,
0x47,0x76,0x00,0x00,0x47,0xe4,0x00,0x00,0x87,0x6d,0x00,0x00,0x47,0xe6,0x00,0x00,0x07,0xa5,0x00,0x00,
0x47,0xea,0x00,0x00,0x07,0xa2,0x00,0x00,0x87,0x0f,0x00,0x00,0x47,0xee,0x00,0x00,0xc7,0xf2,0x00,0x00,
0xc7,0xf4,0x00,0x00,0x00,0x00,0x00,0x00,0x47,0x5a,0x00,0x00,0x33,0xeb,0x00,0x41,0x02,0x05,0xce,0xeb,
0x01,0x41,0x03,0x06,0x2d,0x07,0x01,0x3b,0x08,0xd9,0x41,0x03,0x06,0x2d,0x09,0x04,0x40,0x0a,0x3c,0x01,
0x0b,0xd4,0xd9,0x41,0x03,0x06,0x2d,0x0c,0x01,0x3b,0x0b,0x3b,0x0d,0xd9,0x41,0x03,0x06,0x2c,0x0e,0xd3,
0x3c,0x01,0x08,0x87,0x0f,0x11,0x1c,0x41,0x03,0x06,0x2d,0x09,0x04,0x40,0x0a,0x3c,0x01,0x0b,0xd4,0xd9,
0x41,0x03,0x06,0x2d,0x0c,0x01,0x3b,0x0b,0x3b,0x0d,0xd9,0x01,0x06,0x41,0x00,0x10,0xcd,0x56,0x00,0x47,
0xc8,0x4e,0xc7,0x02,0xc0,0xbe,0x47,0x00,0x47,0x56,0x00,0x00,0x2f,0x00,0x01,0x00,0x30,0x10,0x07,0x03,
0xe0,0x27,0x47,0x00,0x07,0x0e,0x2a,0x2a,0x47,0xfd,0x00,0x00,0x87,0x6b,0x00,0x00,0x47,0x76,0x00,0x00,
0xc7,0xfe,0x00,0x00,0x07,0x01,0x01,0x00,0xc7,0x6c,0x00,0x00,0x87,0x05,0x01,0x00,0x00,0x00,0x00,0x00,
0x47,0x5a,0x00,0x00,0x87,0x6d,0x00,0x00,0x87,0x07,0x01,0x00,0x87,0xaa,0x00,0x00,0x47,0x0c,0x01,0x00,
0x07,0x0e,0x01,0x00,0xc7,0x1a,0x00,0x00,0x07,0x12,0x01,0x00,0xc7,0x12,0x01,0x00,0x87,0x17,0x01,0x00,
0x07,0x5c,0x00,0x00,0x47,0x19,0x01,0x00,0x07,0x1c,0x01,0x00,0x87,0x1f,0x01,0x00,0x07,0xa2,0x00,0x00,
0xc7,0x21,0x01,0x00,0x47,0x22,0x01,0x00,0xc7,0x24,0x01,0x00,0x87,0x25,0x01,0x00,0x47,0x26,0x01,0x00,
0xc7,0x2a,0x01,0x00,0xc7,0x2c,0x01,0x00,0x47,0x2e,0x01,0x00,0x07,0xa5,0x00,0x00,0xc7,0x31,0x01,0x00,
0x87,0xdb,0x00,0x00,0x47,0x54,0x00,0x00,0x33,0xeb,0x03,0x2c,0x01,0x21,0x06,0x2d,0x07,0x01,0x45,0x1d,
0x03,0x1c,0xeb,0x04,0x7f,0x00,0x0e,0x11,0x10,0x41,0x03,0x0f,0xcd,0x41,0x08,0x10,0x2c,0x11,0xd3,0x56,
0x02,0x00,0xab,0x3c,0x04,0x12,0x11,0xa5,0x42,0x13,0x3c,0x04,0x12,0x98,0xdc,0x41,0x08,0x10,0x2d,0x14,
0x04,0x3b,0x12,0xd9,0x3d,0x15,0x40,0x16,0x2c,0x04,0xd3,0x41,0x08,0x10,0x2d,0x17,0x02,0x3b,0x18,0xd9,
0x41,0x03,0x19,0xcd,0x3c,0x02,0x18,0x78,0x0e,0x11,0x76,0x3d,0x13,0x3c,0x02,0x1a,0x7d,0x11,0x07,0x41,
0x03,0x0f,0xcd,0x56,0x41,0x08,0x10,0x2c,0x1b,0xd3,0x41,0x03,0x1c,0xce,0xeb,0x05,0x41,0x09,0x1d,0x2c,
0x05,0xd4,0x78,0x1e,0x11,0x07,0x41,0x03,0x0f,0xcd,0x56,0x41,0x03,0x1f,0x3c,0x05,0x20,0x3c,0x05,0x21,
0xda,0xeb,0x06,0x41,0x08,0x10,0x2d,0x22,0x06,0xd9,0x7c,0x06,0x0a,0x11,0x09,0x41,0x03,0x23,0x2c,0x0b,
0xd3,0x56,0x41,0x0c,0x24,0x37,0x0d,0x3c,0x05,0x20,0x3c,0x05,0x21,0xc8,0x04,0xeb,0x06,0x41,0x08,0x10,
0x2d,0x25,0x06,0x3b,0x26,0xd9,0x3c,0x06,0x26,0x7b,0x0e,0x11,0x07,0x41,0x03,0x0f,0xcd,0x56,0x34,0xe8,
0x27,0x35,0x00,0xe8,0x28,0x01,0x06,0x41,0x03,0x29,0xcd,0x56,0x00,0x00,0x7e,0x93,0x31,0x90,0x81,0x02,
0x28,0x37,0x47,0x00,0x47,0x58,0x00,0x00,0x0d,0x00,0x01,0x00,0x30,0x10,0x03,0x00,0xe0,0x27,0x47,0x00,
0x01,0x01,0x0a,0x0a,0xc7,0x1a,0x00,0x00,0x07,0xba,0x00,0x00,0x87,0xbb,0x00,0x00,0x07,0x33,0x01,0x00,
0x47,0x0c,0x01,0x00,0xc7,0x31,0x01,0x00,0x87,0xdb,0x00,0x00,0x87,0xab,0x00,0x00,0xc7,0x34,0x01,0x00,
0x33,0xeb,0x00,0x1c,0xe8,0x01,0x32,0xe8,0x02,0x2c,0x04,0xe8,0x03,0x34,0xe8,0x05,0x34,0xe8,0x06,0x35,
0x01,0xe8,0x07,0x42,0x08,0xcd,0x41,0x00,0x09,0xcd,0x56,0x00,0x00,0x00,0x00,0x00,0x00,0x00,0x63,0x82,
0x49,0xa4,0x81,0x02,0xf8,0x29,0x47,0x00,0x47,0x5a,0x00,0x00,0x12,0x00,0x01,0x00,0x30,0x10,0x05,0x00,
0xe0,0x27,0x47,0x00,0x05,0x06,0x0d,0x0d,0x87,0x6b,0x00,0x00,0xc7,0x1a,0x00,0x00,0x87,0xaa,0x00,0x00,
0x07,0x12,0x01,0x00,0x87,0x6d,0x00,0x00,0x47,0x37,0x01,0x00,0x07,0x3b,0x01,0x00,0x87,0x3b,0x01,0x00,
0x33,0xeb,0x00,0x3d,0x06,0x3b,0x07,0x60,0x11,0x03,0x56,0x1c,0xeb,0x01,0x34,0xeb,0x02,0x01,0x22,0x3d,
0x06,0x3b,0x02,0x3b,0x07,0xeb,0x03,0x34,0xeb,0x04,0x01,0x0e,0x41,0x01,0x08,0x3d,0x06,0x3b,0x02,0x3b,
0x04,0xd3,0xaf,0x04,0x7f,0x04,0x03,0x0d,0x0f,0xaf,0x02,0x2c,0x02,0x3d,0x06,0x3b,0x07,0x7d,0x0d,0x27,
0x41,0x05,0x09,0x2d,0x0a,0x01,0x3b,0x07,0x98,0x99,0x0b,0xd3,0x41,0x00,0x0c,0x2c,0x01,0xd3,0x1c,0xe8,
0x06,0x56,0x63,0x84,0x4d,0xa7,0x81,0x02,0xa8,0x27,0x47,0x00,0x07,0x5c,0x00,0x00,0x06,0x00,0x01,0x00,
0x30,0x10,0x03,0x00,0xe0,0x27,0x47,0x00,0x00,0x00,0x02,0x02,0x47,0x25,0x00,0x00,0x87,0xab,0x00,0x00,
0x32,0xe8,0x00,0x42,0x01,0xcd,0x56,0x00,0x00,0x00,0x00,0x65,0x4b,0xac,0x81,0x02,0x90,0x27,0x47,0x00,
0x87,0x5e,0x00,0x00,0x06,0x00,0x01,0x00,0x30,0x10,0x03,0x00,0xe0,0x27,0x47,0x00,0x00,0x00,0x02,0x02,
0x47,0x2b,0x00,0x00,0x87,0xab,0x00,0x00,0x32,0xe8,0x00,0x42,0x01,0xcd,0x56,0x00,0x00,0x00,0x00,0x67,
0x48,0xad,0x81,0x02,0xd0,0x27,0x47,0x00,0x47,0x60,0x00,0x00,0x05,0x00,0x01,0x00,0x30,0x10,0x03,0x00,
0xe0,0x27,0x47,0x00,0x00,0x00,0x01,0x01,0xc7,0x63,0x00,0x00,0x42,0x00,0xcd,0x56,0x00,0x00,0x00,0x35,
0x4b,0xae,0x81,0x02,0xa0,0x27,0x47,0x00,0xc7,0x61,0x00,0x00,0x08,0x00,0x01,0x00,0x30,0x10,0x03,0x00,
0xe0,0x27,0x47,0x00,0x00,0x01,0x04,0x04,0xc7,0x3d,0x01,0x00,0x07,0xce,0x00,0x00,0x87,0xcb,0x00,0x00,
0x07,0x40,0x01,0x00,0x2c,0x00,0x14,0x31,0x18,0x01,0x58,0x03,0x02,0xd0,0x56,0x00,0x00,0x00,0x00,0x00,
0x00,0x00,0x10,0x81,0x15,0xaf,0x81,0x02,0x90,0x28,0x47,0x00,0xc7,0x63,0x00,0x00,0x05,0x00,0x01,0x00,
0x30,0x10,0x01,0x01,0xe0,0x27,0x47,0x00,0x01,0x02,0x02,0x02,0x07,0x00,0x00,0x00,0x2c,0x01,0xca,0x56,
0x00,0x00,0x00,0x38,0x3e,0xb0,0x81,0x02,0x10,0x29,0x47,0x00,0x07,0x65,0x00,0x00,0x0d,0x00,0x01,0x00,
0x30,0x10,0x03,0x00,0xe0,0x27,0x47,0x00,0x00,0x02,0x09,0x09,0xc7,0x6c,0x00,0x00,0x07,0x65,0x00,0x00,
0xc7,0x40,0x01,0x00,0xc7,0x42,0x01,0x00,0x07,0x44,0x01,0x00,0xc7,0x45,0x01,0x00,0x87,0xcb,0x00,0x00,
0x87,0xcc,0x00,0x00,0x07,0xce,0x00,0x00,0x3c,0x00,0x02,0x28,0x74,0x11,0x20,0x3c,0x00,0x02,0x3b,0x03,
0x28,0x74,0x11,0x17,0x3c,0x00,0x02,0x3b,0x03,0x3b,0x04,0x78,0x05,0x11,0x0c,0x2c,0x01,0x14,0x58,0x07,
0x06,0x31,0x18,0x08,0xd0,0x56,0x2a,0x83,0x15,0xb1,0x81,0x02,0x18,0x29,0x47,0x00,0x87,0x66,0x00,0x00,
0x06,0x00,0x01,0x00,0x30,0x10,0x03,0x00,0xe0,0x27,0x47,0x00,0x00,0x01,0x02,0x02,0x87,0x03,0x00,0x00,
0x47,0x46,0x01,0x00,0x2c,0x00,0x44,0x40,0x01,0xcd,0x56,0x00,0x00,0x00,0x00,0x35,0x50,0xb4,0x81,0x02,
0x08,0x29,0x47,0x00,0x47,0x68,0x00,0x00,0x04,0x00,0x01,0x00,0x30,0x10,0x00,0x00,0xe0,0x27,0x47,0x00,
0x00,0x00,0x00,0x00,0x56,0x00,0x00,0x15,0x1c,0xb5,0x81,0x02,0xb0,0x29,0x47,0x00,0x87,0x69,0x00,0x00,
0x0b,0x00,0x47,0x4c,0x4f,0x42,0x41,0x4c,0x5f,0x4a,0x55,0x4d,0x50,0x00,0x0c,0x00,0x73,0x61,0x76,0x65,
0x55,0x73,0x65,0x72,0x49,0x6e,0x66,0x6f,0x0a,0x00,0x47,0x4c,0x4f,0x42,0x41,0x4c,0x5f,0x41,0x50,0x49,
0x07,0x00,0x72,0x65,0x71,0x75,0x69,0x72,0x65,0x00,0x09,0x00,0x56,0x69,0x65,0x77,0x4d,0x6f,0x64,0x65,
0x6c,0x00,0x10,0x00,0x6d,0x6f,0x64,0x5f,0x67,0x6c,0x6f,0x62,0x61,0x6c,0x5f,0x74,0x72,0x61,0x6e,0x73,
0x11,0x00,0x6d,0x6f,0x64,0x5f,0x67,0x6c,0x6f,0x62,0x61,0x6c,0x5f,0x63,0x6f,0x6e,0x66,0x69,0x67,0x00,
0x0e,0x00,0x6d,0x6f,0x64,0x5f,0x67,0x6c,0x6f,0x62,0x61,0x6c,0x5f,0x61,0x70,0x69,0x05,0x00,0x6c,0x6f,
0x67,0x69,0x6e,0x00,0x04,0x00,0x64,0x61,0x74,0x61,0x08,0x00,0x64,0x65,0x76,0x69,0x63,0x65,0x53,0x4e,
0x00,0x00,0x0b,0x00,0x64,0x65,0x76,0x69,0x63,0x65,0x4d,0x6f,0x64,0x65,0x6c,0x00,0x03,0x00,0x4d,0x33,
0x50,0x00,0x07,0x00,0x69,0x73,0x45,0x6d,0x70,0x74,0x79,0x00,0x08,0x00,0x54,0x69,0x70,0x73,0x54,0x65,
0x78,0x74,0x0a,0x00,0x4c,0x6f,0x61,0x64,0x69,0x6e,0x67,0x2e,0x2e,0x2e,0x07,0x00,0x74,0x69,0x6d,0x65,
0x6f,0x75,0x74,0x00,0x07,0x00,0x70,0x72,0x6f,0x6d,0x69,0x73,0x65,0x00,0x0e,0x00,0x64,0x6f,0x77,0x6e,
0x6c,0x6f,0x61,0x64,0x42,0x75,0x66,0x66,0x65,0x72,0x0a,0x00,0x73,0x61,0x76,0x65,0x42,0x75,0x66,0x66,
0x65,0x72,0x06,0x00,0x68,0x74,0x74,0x70,0x43,0x42,0x07,0x00,0x6c,0x6f,0x61,0x64,0x69,0x6e,0x67,0x00,
0x04,0x00,0x75,0x73,0x65,0x72,0x0c,0x00,0x63,0x75,0x72,0x72,0x65,0x6e,0x74,0x49,0x6e,0x64,0x65,0x78,
0x0f,0x00,0x69,0x73,0x53,0x68,0x6f,0x77,0x53,0x63,0x72,0x6f,0x6c,0x6c,0x62,0x61,0x72,0x00,0x0a,0x00,
0x69,0x73,0x53,0x68,0x6f,0x77,0x45,0x78,0x69,0x74,0x0a,0x00,0x6e,0x6f,0x74,0x69,0x63,0x65,0x54,0x65,
0x78,0x74,0x15,0x00,0x45,0x78,0x69,0x74,0x20,0x54,0x68,0x65,0x20,0x41,0x70,0x70,0x6c,0x69,0x63,0x61,
0x74,0x69,0x6f,0x6e,0x3f,0x00,0x0b,0x00,0x69,0x73,0x53,0x68,0x6f,0x77,0x54,0x6f,0x61,0x73,0x74,0x00,
0x08,0x00,0x74,0x6f,0x61,0x73,0x74,0x54,0x69,0x70,0x07,0x00,0x73,0x68,0x6f,0x77,0x54,0x69,0x70,0x00,
0x05,0x00,0x74,0x69,0x74,0x6c,0x65,0x00,0x0c,0x00,0x6c,0x6f,0x67,0x69,0x6e,0x52,0x65,0x71,0x75,0x65,
0x73,0x74,0x08,0x00,0x75,0x73,0x65,0x72,0x6e,0x61,0x6d,0x65,0x08,0x00,0x70,0x61,0x73,0x73,0x77,0x6f,
0x72,0x64,0x06,0x00,0x73,0x6f,0x75,0x72,0x63,0x65,0x0c,0x00,0x50,0x4f,0x53,0x5f,0x54,0x45,0x52,0x4d,
0x49,0x4e,0x41,0x4c,0x14,0x00,0x74,0x65,0x72,0x6d,0x69,0x6e,0x61,0x6c,0x4c,0x6f,0x67,0x69,0x6e,0x52,
0x65,0x71,0x75,0x65,0x73,0x74,0x08,0x00,0x64,0x65,0x76,0x69,0x63,0x65,0x49,0x64,0x08,0x00,0x6c,0x61,
0x74,0x69,0x74,0x75,0x64,0x65,0x09,0x00,0x6c,0x6f,0x6e,0x67,0x69,0x74,0x75,0x64,0x65,0x00,0x09,0x00,
0x75,0x73,0x65,0x72,0x45,0x6d,0x61,0x69,0x6c,0x00,0x0c,0x00,0x75,0x73,0x65,0x72,0x50,0x61,0x73,0x73,
0x77,0x6f,0x72,0x64,0x05,0x00,0x65,0x72,0x72,0x6f,0x72,0x00,0x07,0x00,0x69,0x73,0x45,0x72,0x72,0x6f,
0x72,0x00,0x07,0x00,0x6d,0x65,0x74,0x68,0x6f,0x64,0x73,0x00,0x0a,0x00,0x69,0x6e,0x69,0x74,0x48,0x54,
0x54,0x50,0x43,0x42,0x0f,0x00,0x6e,0x75,0x6d,0x62,0x65,0x72,0x41,0x6e,0x64,0x4c,0x65,0x74,0x74,0x65,
0x72,0x00,0x09,0x00,0x6f,0x6e,0x4b,0x65,0x79,0x44,0x6f,0x77,0x6e,0x00,0x08,0x00,0x73,0x65,0x74,0x54,
0x69,0x6d,0x65,0x72,0x0b,0x00,0x6c,0x6f,0x67,0x69,0x6e,0x41,0x63,0x74,0x69,0x6f,0x6e,0x00,0x08,0x00,
0x73,0x68,0x6f,0x77,0x45,0x78,0x69,0x74,0x09,0x00,0x72,0x65,0x64,0x75,0x63,0x65,0x4e,0x75,0x6d,0x00,
0x0a,0x00,0x63,0x6c,0x69,0x63,0x6b,0x45,0x6e,0x74,0x65,0x72,0x0b,0x00,0x63,0x6c,0x69,0x63,0x6b,0x43,
0x61,0x6e,0x63,0x65,0x6c,0x00,0x06,0x00,0x67,0x6f,0x42,0x61,0x63,0x6b,0x0d,0x00,0x6f,0x6e,0x43,0x68,
0x65,0x63,0x6b,0x53,0x74,0x61,0x74,0x75,0x73,0x00,0x0d,0x00,0x6f,0x6e,0x52,0x65,0x63,0x65,0x69,0x76,
0x65,0x44,0x61,0x74,0x61,0x00,0x0d,0x00,0x68,0x61,0x6e,0x64,0x6c,0x65,0x52,0x65,0x63,0x65,0x69,0x76,
0x65,0x00,0x0b,0x00,0x68,0x61,0x6e,0x64,0x6c,0x65,0x45,0x72,0x72,0x6f,0x72,0x00,0x12,0x00,0x68,0x61,
0x6e,0x64,0x6c,0x65,0x46,0x6f,0x72,0x6d,0x61,0x74,0x42,0x75,0x66,0x66,0x65,0x72,0x0c,0x00,0x68,0x61,
0x6e,0x64,0x6c,0x65,0x43,0x61,0x6e,0x63,0x65,0x6c,0x09,0x00,0x68,0x69,0x64,0x65,0x54,0x6f,0x61,0x73,
0x74,0x00,0x0d,0x00,0x68,0x61,0x6e,0x64,0x6c,0x65,0x43,0x6f,0x6e,0x66,0x69,0x72,0x6d,0x00,0x07,0x00,
0x65,0x78,0x69,0x74,0x41,0x70,0x70,0x00,0x0a,0x00,0x6e,0x61,0x76,0x69,0x67,0x61,0x74,0x65,0x54,0x6f,
0x0b,0x00,0x6f,0x6e,0x57,0x69,0x6c,0x6c,0x4d,0x6f,0x75,0x6e,0x74,0x00,0x07,0x00,0x6f,0x6e,0x4d,0x6f,
0x75,0x6e,0x74,0x00,0x0d,0x00,0x6f,0x6e,0x57,0x69,0x6c,0x6c,0x55,0x6e,0x6d,0x6f,0x75,0x6e,0x74,0x00,
0x07,0x00,0x63,0x6f,0x6e,0x73,0x6f,0x6c,0x65,0x00,0x03,0x00,0x54,0x6f,0x73,0x00,0x03,0x00,0x6c,0x6f,
0x67,0x00,0x2a,0x00,0x48,0x74,0x74,0x70,0x63,0x6c,0x69,0x65,0x6e,0x74,0x43,0x62,0x45,0x76,0x65,0x6e,
0x74,0x20,0x73,0x74,0x61,0x72,0x74,0x20,0x30,0x30,0x30,0x30,0x30,0x30,0x30,0x3d,0x3d,0x3d,0x3d,0x3d,
0x3d,0x3d,0x3d,0x3d,0x3d,0x3d,0x11,0x00,0x48,0x74,0x74,0x70,0x63,0x6c,0x69,0x65,0x6e,0x74,0x43,0x62,
0x45,0x76,0x65,0x6e,0x74,0x00,0x04,0x00,0x4a,0x53,0x4f,0x4e,0x12,0x00,0x6b,0x65,0x79,0x20,0x64,0x6f,
0x77,0x6e,0x2d,0x2d,0x2d,0x2d,0x2d,0x3e,0x3e,0x3e,0x3e,0x3a,0x01,0x00,0x30,0x00,0x01,0x00,0x31,0x00,
0x01,0x00,0x32,0x00,0x01,0x00,0x33,0x00,0x01,0x00,0x34,0x00,0x01,0x00,0x35,0x00,0x01,0x00,0x36,0x00,
0x01,0x00,0x37,0x00,0x01,0x00,0x38,0x00,0x01,0x00,0x39,0x00,0x01,0x00,0x23,0x00,0x01,0x00,0x40,0x00,
0x01,0x00,0x5f,0x00,0x01,0x00,0x2d,0x00,0x01,0x00,0x3f,0x00,0x01,0x00,0x21,0x00,0x01,0x00,0x51,0x00,
0x01,0x00,0x71,0x00,0x01,0x00,0x5a,0x00,0x01,0x00,0x7a,0x00,0x01,0x00,0x2e,0x00,0x01,0x00,0x41,0x00,
0x01,0x00,0x61,0x00,0x01,0x00,0x42,0x00,0x01,0x00,0x62,0x00,0x01,0x00,0x43,0x00,0x01,0x00,0x63,0x00,
0x01,0x00,0x44,0x00,0x01,0x00,0x64,0x00,0x01,0x00,0x45,0x00,0x01,0x00,0x65,0x00,0x01,0x00,0x46,0x00,
0x01,0x00,0x66,0x00,0x01,0x00,0x47,0x00,0x01,0x00,0x67,0x00,0x01,0x00,0x48,0x00,0x01,0x00,0x68,0x00,
0x01,0x00,0x49,0x00,0x01,0x00,0x69,0x00,0x01,0x00,0x4a,0x00,0x01,0x00,0x6a,0x00,0x01,0x00,0x4b,0x00,
0x01,0x00,0x6b,0x00,0x01,0x00,0x4c,0x00,0x01,0x00,0x6c,0x00,0x01,0x00,0x4d,0x00,0x01,0x00,0x6d,0x00,
0x01,0x00,0x4e,0x00,0x01,0x00,0x6e,0x00,0x01,0x00,0x4f,0x00,0x01,0x00,0x6f,0x00,0x01,0x00,0x50,0x00,
0x01,0x00,0x70,0x00,0x01,0x00,0x52,0x00,0x01,0x00,0x72,0x00,0x01,0x00,0x53,0x00,0x01,0x00,0x73,0x00,
0x01,0x00,0x54,0x00,0x01,0x00,0x74,0x00,0x01,0x00,0x55,0x00,0x01,0x00,0x75,0x00,0x01,0x00,0x56,0x00,
0x01,0x00,0x76,0x00,0x01,0x00,0x57,0x00,0x01,0x00,0x77,0x00,0x01,0x00,0x58,0x00,0x01,0x00,0x78,0x00,
0x01,0x00,0x59,0x00,0x01,0x00,0x79,0x00,0x0d,0x00,0x53,0x79,0x73,0x47,0x65,0x74,0x43,0x75,0x72,0x54,
0x69,0x6d,0x65,0x00,0x1d,0x00,0x53,0x79,0x73,0x47,0x65,0x74,0x43,0x75,0x72,0x54,0x69,0x6d,0x65,0x5f,
0x72,0x65,0x73,0x3d,0x3d,0x3d,0x3d,0x3d,0x3d,0x3d,0x3d,0x3d,0x3d,0x3d,0x3e,0x00,0x09,0x00,0x73,0x74,
0x72,0x69,0x6e,0x67,0x69,0x66,0x79,0x00,0x09,0x00,0x74,0x69,0x6d,0x65,0x53,0x74,0x61,0x6d,0x70,0x00,
0x04,0x00,0x63,0x6f,0x64,0x65,0x07,0x00,0x6c,0x61,0x73,0x74,0x4e,0x75,0x6d,0x00,0x08,0x00,0x76,0x61,
0x6c,0x75,0x65,0x53,0x74,0x72,0x05,0x00,0x73,0x6c,0x69,0x63,0x65,0x00,0x08,0x00,0x6e,0x75,0x6d,0x49,
0x6e,0x64,0x65,0x78,0x06,0x00,0x6c,0x65,0x6e,0x67,0x74,0x68,0x12,0x00,0x6e,0x6f,0x74,0x69,0x66,0x79,
0x50,0x72,0x6f,0x70,0x73,0x43,0x68,0x61,0x6e,0x67,0x65,0x64,0x06,0x00,0x63,0x61,0x6e,0x63,0x65,0x6c,
0x06,0x00,0x72,0x65,0x74,0x75,0x72,0x6e,0x04,0x00,0x74,0x68,0x61,0x74,0x04,0x00,0x74,0x69,0x6d,0x65,
0x08,0x00,0x74,0x69,0x6d,0x65,0x72,0x41,0x64,0x64,0x0a,0x00,0x52,0x45,0x54,0x5f,0x52,0x45,0x4d,0x4f,
0x56,0x45,0x0a,0x00,0x52,0x45,0x54,0x5f,0x52,0x45,0x50,0x45,0x41,0x54,0x1f,0x00,0x73,0x79,0x73,0x74,
0x65,0x6d,0x20,0x75,0x70,0x67,0x72,0x61,0x64,0x65,0x20,0x74,0x69,0x6d,0x65,0x72,0x20,0x3d,0x3d,0x3d,
0x3d,0x3d,0x3d,0x3d,0x3d,0x3d,0x3e,0x00,0x09,0x00,0x69,0x73,0x4c,0x6f,0x61,0x64,0x69,0x6e,0x67,0x00,
0x08,0x00,0x74,0x69,0x70,0x73,0x54,0x65,0x78,0x74,0x0f,0x00,0x4e,0x65,0x74,0x77,0x6f,0x72,0x6b,0x20,
0x74,0x69,0x6d,0x65,0x6f,0x75,0x74,0x00,0x0a,0x00,0x53,0x79,0x73,0x47,0x65,0x74,0x54,0x75,0x73,0x6e,
0x0c,0x00,0x43,0x61,0x6e,0x27,0x74,0x20,0x67,0x65,0x74,0x20,0x53,0x4e,0x14,0x00,0x50,0x61,0x73,0x73,
0x77,0x6f,0x72,0x64,0x20,0x69,0x73,0x20,0x72,0x65,0x71,0x75,0x69,0x72,0x65,0x64,0x07,0x00,0x63,0x61,
0x6c,0x6c,0x41,0x70,0x69,0x00,0x0e,0x00,0x54,0x45,0x52,0x4d,0x49,0x4e,0x41,0x4c,0x5f,0x4c,0x4f,0x47,
0x49,0x4e,0x17,0x00,0x63,0x61,0x6c,0x6c,0x62,0x61,0x63,0x6b,0x20,0x3d,0x3d,0x3d,0x3d,0x3d,0x3d,0x3d,
0x3d,0x3d,0x3e,0x3e,0x3e,0x3e,0x3e,0x00,0x06,0x00,0x74,0x61,0x72,0x67,0x65,0x74,0x0a,0x00,0x67,0x65,
0x74,0x53,0x74,0x61,0x72,0x74,0x65,0x64,0x0d,0x00,0x63,0x6c,0x6f,0x73,0x65,0x5f,0x63,0x75,0x72,0x72,
0x65,0x6e,0x74,0x00,0x09,0x00,0x6f,0x6e,0x53,0x75,0x63,0x63,0x65,0x73,0x73,0x00,0x0f,0x00,0x72,0x65,
0x73,0x70,0x6f,0x6e,0x73,0x65,0x4d,0x65,0x73,0x73,0x61,0x67,0x65,0x00,0x07,0x00,0x6f,0x6e,0x45,0x72,
0x72,0x6f,0x72,0x00,0x09,0x00,0x73,0x75,0x62,0x73,0x74,0x72,0x69,0x6e,0x67,0x00,0x0c,0x00,0x63,0x6f,
0x6e,0x66,0x69,0x72,0x6d,0x49,0x6e,0x70,0x75,0x74,0x0b,0x00,0x73,0x75,0x62,0x53,0x65,0x74,0x74,0x69,
0x6e,0x67,0x73,0x00,0x0a,0x00,0x70,0x61,0x67,0x65,0x5f,0x69,0x6e,0x64,0x65,0x78,0x08,0x00,0x69,0x73,
0x52,0x65,0x62,0x6f,0x6f,0x74,0x08,0x00,0x73,0x65,0x74,0x74,0x69,0x6e,0x67,0x73,0x10,0x00,0x48,0x74,
0x74,0x70,0x63,0x6c,0x69,0x65,0x6e,0x74,0x53,0x74,0x61,0x74,0x75,0x73,0x1d,0x00,0x6f,0x6e,0x43,0x68,
0x65,0x63,0x6b,0x53,0x74,0x61,0x74,0x75,0x73,0x20,0x3d,0x3d,0x3d,0x3d,0x3d,0x3d,0x3d,0x3d,0x3d,0x3d,
0x3d,0x3d,0x3d,0x3d,0x3e,0x00,0x0e,0x00,0x48,0x74,0x74,0x70,0x63,0x6c,0x69,0x65,0x6e,0x74,0x52,0x65,
0x63,0x76,0x1d,0x00,0x6f,0x6e,0x52,0x65,0x63,0x65,0x69,0x76,0x65,0x44,0x61,0x74,0x61,0x20,0x3d,0x3d,
0x3d,0x3d,0x3d,0x3d,0x3d,0x3d,0x3d,0x3d,0x3d,0x3d,0x3d,0x3d,0x3e,0x00,0x1d,0x00,0x68,0x74,0x74,0x70,
0x5f,0x72,0x65,0x74,0x2e,0x64,0x61,0x74,0x61,0x20,0x3d,0x3d,0x3d,0x3d,0x3d,0x3d,0x3d,0x3d,0x3d,0x3d,
0x3d,0x3d,0x3d,0x3d,0x3e,0x00,0x22,0x00,0x68,0x74,0x74,0x70,0x5f,0x72,0x65,0x74,0x2e,0x64,0x61,0x74,
0x61,0x2e,0x63,0x6f,0x64,0x65,0x20,0x3d,0x3d,0x3d,0x3d,0x3d,0x3d,0x3d,0x3d,0x3d,0x3d,0x3d,0x3d,0x3d,
0x3d,0x3e,0x0d,0x00,0x72,0x65,0x73,0x70,0x6f,0x6e,0x73,0x65,0x5f,0x63,0x6f,0x64,0x65,0x00,0x41,0x00,
0x2d,0x2d,0x2d,0x2d,0x2d,0x2d,0x2d,0x2d,0x2d,0x2d,0x2d,0x2d,0x2d,0x2d,0x2d,0x2d,0x2d,0x2d,0x2d,0x2d,
0x2d,0x2d,0x2d,0x2d,0x2d,0x2d,0x2d,0x2d,0x2d,0x2d,0x2d,0x2d,0x2d,0x2d,0x2d,0x2d,0x2d,0x2d,0x2d,0x2d,
0x2d,0x2d,0x2d,0x2d,0x2d,0x2d,0x2d,0x2d,0x2d,0x2d,0x2d,0x2d,0x2d,0x2d,0x2d,0x2d,0x2d,0x2d,0x2d,0x2d,
0x2d,0x2d,0x2d,0x2d,0x2d,0x00,0x0a,0x00,0x55,0x69,0x6e,0x74,0x38,0x41,0x72,0x72,0x61,0x79,0x10,0x00,
0x54,0x4d,0x53,0x5f,0x43,0x4f,0x44,0x45,0x5f,0x53,0x55,0x43,0x43,0x45,0x53,0x53,0x21,0x00,0x53,0x59,
0x53,0x54,0x45,0x4d,0x5f,0x55,0x50,0x47,0x52,0x41,0x44,0x45,0x5f,0x46,0x41,0x49,0x4c,0x5f,0x57,0x52,
0x4f,0x4e,0x47,0x5f,0x56,0x45,0x52,0x53,0x49,0x4f,0x4e,0x00,0x0d,0x00,0x5f,0x44,0x4c,0x5f,0x46,0x49,
0x4c,0x45,0x5f,0x50,0x41,0x54,0x48,0x00,0x23,0x00,0x64,0x6f,0x77,0x6e,0x6c,0x61,0x6f,0x64,0x20,0x75,
0x72,0x6c,0x20,0x65,0x72,0x72,0x6f,0x72,0x20,0x3d,0x3d,0x3d,0x3d,0x3d,0x3d,0x3d,0x3d,0x3d,0x3d,0x3d,
0x3d,0x3d,0x3d,0x3d,0x3e,0x00,0x0c,0x00,0x75,0x38,0x61,0x72,0x72,0x52,0x65,0x63,0x76,0x4c,0x65,0x6e,
0x1e,0x00,0x68,0x61,0x6e,0x64,0x6c,0x65,0x52,0x65,0x63,0x65,0x69,0x76,0x65,0x20,0x3d,0x3d,0x3d,0x3d,
0x3d,0x3d,0x3d,0x3d,0x3d,0x3d,0x3d,0x3d,0x3d,0x3d,0x3d,0x3e,0x04,0x00,0x70,0x75,0x73,0x68,0x24,0x00,
0x68,0x65,0x61,0x64,0x65,0x72,0x2e,0x72,0x65,0x74,0x72,0x69,0x65,0x76,0x65,0x5f,0x6c,0x65,0x6e,0x20,
0x3d,0x3d,0x3d,0x3d,0x3d,0x3d,0x3d,0x3d,0x3d,0x3d,0x3d,0x3d,0x3d,0x3d,0x3d,0x3e,0x0c,0x00,0x72,0x65,
0x74,0x72,0x69,0x65,0x76,0x65,0x5f,0x6c,0x65,0x6e,0x14,0x00,0x72,0x65,0x73,0x70,0x6f,0x6e,0x73,0x65,
0x5f,0x63,0x6f,0x6e,0x74,0x65,0x6e,0x74,0x5f,0x6c,0x65,0x6e,0x19,0x00,0x64,0x6f,0x77,0x6e,0x6c,0x6f,
0x61,0x64,0x20,0x53,0x75,0x63,0x63,0x65,0x73,0x73,0x20,0x3d,0x3d,0x3d,0x3d,0x3d,0x3d,0x3d,0x3e,0x00,
0x0f,0x00,0x67,0x69,0x76,0x65,0x42,0x69,0x6e,0x54,0x79,0x70,0x65,0x53,0x69,0x7a,0x65,0x00,0x02,0x00,
0x7b,0x7d,0x11,0x00,0x63,0x6f,0x6d,0x70,0x61,0x72,0x65,0x42,0x69,0x6e,0x56,0x65,0x72,0x73,0x69,0x6f,
0x6e,0x00,0x04,0x00,0x73,0x69,0x7a,0x65,0x04,0x00,0x74,0x79,0x70,0x65,0x21,0x00,0x54,0x6f,0x73,0x2e,
0x54,0x6d,0x73,0x43,0x6d,0x70,0x42,0x69,0x6e,0x56,0x65,0x72,0x73,0x69,0x6f,0x6e,0x20,0x72,0x65,0x73,
0x20,0x3d,0x3d,0x3d,0x3d,0x3d,0x3d,0x3d,0x3e,0x00,0x0e,0x00,0x6f,0x6e,0x55,0x70,0x6c,0x6f,0x61,0x64,
0x52,0x65,0x73,0x75,0x6c,0x74,0x09,0x00,0x53,0x79,0x73,0x55,0x70,0x64,0x61,0x74,0x65,0x00,0x1a,0x00,
0x54,0x6f,0x73,0x2e,0x53,0x79,0x73,0x55,0x70,0x64,0x61,0x74,0x65,0x20,0x72,0x65,0x73,0x20,0x3d,0x3d,
0x3d,0x3d,0x3d,0x3d,0x3d,0x3e,0x08,0x00,0x69,0x73,0x55,0x70,0x64,0x61,0x74,0x65,0x0c,0x00,0x4e,0x6f,
0x74,0x68,0x69,0x6e,0x67,0x20,0x68,0x65,0x72,0x65,0x12,0x00,0x72,0x65,0x6d,0x6f,0x76,0x65,0x44,0x6f,
0x77,0x6e,0x6c,0x6f,0x61,0x64,0x46,0x69,0x6c,0x65,0x1b,0x00,0x69,0x73,0x46,0x69,0x6c,0x65,0x57,0x72,
0x69,0x74,0x69,0x6e,0x67,0x20,0x3d,0x3d,0x3d,0x3d,0x3d,0x3d,0x3d,0x3d,0x3d,0x3d,0x3d,0x3d,0x3e,0x00,
0x02,0x00,0x0d,0x0a,0x10,0x00,0x73,0x61,0x76,0x65,0x44,0x6f,0x77,0x6e,0x6c,0x6f,0x61,0x64,0x46,0x69,
0x6c,0x65,0x0f,0x00,0x6e,0x61,0x76,0x69,0x67,0x61,0x74,0x65,0x52,0x65,0x70,0x6c,0x61,0x63,0x65,0x00,
0x04,0x00,0x68,0x6f,0x6d,0x65,0x0d,0x00,0x47,0x4c,0x4f,0x42,0x41,0x4c,0x5f,0x43,0x4f,0x4e,0x46,0x49,
0x47,0x00,0x08,0x00,0x75,0x73,0x65,0x72,0x49,0x6e,0x66,0x6f,0x0c,0x00,0x72,0x65,0x73,0x70,0x6f,0x6e,
0x73,0x65,0x43,0x6f,0x64,0x65,0x02,0x00,0x30,0x30,0x04,0x00,0x69,0x6e,0x69,0x74,0x00,0x00,0x00,0x00,};/*6640*/
