TK_CONST_DATA_ALIGN(const unsigned char script_makeTransfer[]) = {
0x80,0x00,0x01,0x01,0xf6,0x1d,0x00,0x00,0x00,0x00,0x00,0x00,0x6d,0x61,0x6b,0x65,0x54,0x72,0x61,0x6e,
0x73,0x66,0x65,0x72,0x00,0x00,0x00,0x00,0x00,0x00,0x00,0x00,0x00,0x00,0x00,0x00,0x00,0x00,0x00,0x00,
0x00,0x00,0x00,0x00,0x4a,0x52,0x52,0x59,0x46,0x00,0x00,0x00,0x01,0x00,0x00,0x00,0xc8,0x12,0x00,0x00,
0x01,0x00,0x00,0x00,0x18,0x00,0x00,0x00,0x6a,0x00,0x01,0x00,0x00,0x34,0x06,0x00,0x90,0x27,0x47,0x00,
0x01,0x08,0x68,0x83,0x07,0x00,0x00,0x00,0xc7,0x01,0x00,0x00,0xc7,0x03,0x00,0x00,0x87,0x05,0x00,0x00,
0xc7,0x07,0x00,0x00,0xc7,0x09,0x00,0x00,0x07,0x0b,0x00,0x00,0x87,0x0c,0x00,0x00,0x07,0x00,0x00,0x00,
0xc7,0x0e,0x00,0x00,0xc7,0x15,0x00,0x00,0x47,0x1c,0x00,0x00,0x87,0x05,0x00,0x00,0x87,0x1e,0x00,0x00,
0x47,0x21,0x00,0x00,0xc7,0x22,0x00,0x00,0x87,0x24,0x00,0x00,0x47,0x25,0x00,0x00,0xc7,0x26,0x00,0x00,
0x07,0x28,0x00,0x00,0x47,0x28,0x00,0x00,0x07,0x2a,0x00,0x00,0x87,0x2c,0x00,0x00,0x47,0x2f,0x00,0x00,
0x87,0x31,0x00,0x00,0x47,0x34,0x00,0x00,0xc7,0x36,0x00,0x00,0xc7,0x38,0x00,0x00,0x47,0x3a,0x00,0x00,
0x07,0x3b,0x00,0x00,0x87,0x3c,0x00,0x00,0xc7,0x3e,0x00,0x00,0x07,0x40,0x00,0x00,0x07,0x41,0x00,0x00,
0xc7,0x43,0x00,0x00,0xc7,0x44,0x00,0x00,0x07,0x46,0x00,0x00,0x47,0x47,0x00,0x00,0xc7,0x49,0x00,0x00,
0x87,0x4c,0x00,0x00,0xc7,0x4e,0x00,0x00,0x47,0x51,0x00,0x00,0xc7,0x52,0x00,0x00,0x47,0x54,0x00,0x00,
0xc7,0x55,0x00,0x00,0x47,0x57,0x00,0x00,0x07,0x59,0x00,0x00,0xc7,0x59,0x00,0x00,0x07,0x5b,0x00,0x00,
0x47,0x5d,0x00,0x00,0xc7,0x5f,0x00,0x00,0xc7,0x61,0x00,0x00,0x87,0x63,0x00,0x00,0x47,0x64,0x00,0x00,
0x07,0x66,0x00,0x00,0xc7,0x67,0x00,0x00,0x47,0x6a,0x00,0x00,0x87,0x6c,0x00,0x00,0x87,0x6e,0x00,0x00,
0x47,0x71,0x00,0x00,0xc7,0x73,0x00,0x00,0x07,0x75,0x00,0x00,0x07,0x76,0x00,0x00,0x07,0x77,0x00,0x00,
0x87,0x78,0x00,0x00,0x47,0x79,0x00,0x00,0x47,0x7a,0x00,0x00,0x87,0x7b,0x00,0x00,0xc7,0x7e,0x00,0x00,
0x87,0x80,0x00,0x00,0xc7,0x81,0x00,0x00,0x07,0x85,0x00,0x00,0x47,0x86,0x00,0x00,0x47,0x87,0x00,0x00,
0x87,0x88,0x00,0x00,0x87,0x89,0x00,0x00,0xc7,0x8a,0x00,0x00,0x47,0x8c,0x00,0x00,0xc7,0x8d,0x00,0x00,
0x87,0x8f,0x00,0x00,0x87,0x91,0x00,0x00,0x07,0x93,0x00,0x00,0xc7,0x94,0x00,0x00,0x47,0x96,0x00,0x00,
0x87,0x97,0x00,0x00,0x47,0x9b,0x00,0x00,0x07,0x9d,0x00,0x00,0x87,0x9f,0x00,0x00,0x07,0xa1,0x00,0x00,
0x07,0xa2,0x00,0x00,0x07,0xa5,0x00,0x00,0xc7,0xa6,0x00,0x00,0x47,0xa8,0x00,0x00,0x07,0xaa,0x00,0x00,
0x07,0xab,0x00,0x00,0x87,0xac,0x00,0x00,0x47,0xae,0x00,0x00,0xc7,0xaf,0x00,0x00,0x87,0xb1,0x00,0x00,
0x07,0xb3,0x00,0x00,0x87,0xb4,0x00,0x00,0x47,0xb6,0x00,0x00,0x87,0xb7,0x00,0x00,0x50,0x03,0x00,0x00,
0x88,0x03,0x00,0x00,0x28,0x04,0x00,0x00,0xa8,0x04,0x00,0x00,0x18,0x05,0x00,0x00,0x48,0x05,0x00,0x00,
0x08,0x06,0x00,0x00,0x48,0x06,0x00,0x00,0x80,0x06,0x00,0x00,0xd8,0x06,0x00,0x00,0x40,0x08,0x00,0x00,
0x20,0x09,0x00,0x00,0x60,0x09,0x00,0x00,0xa0,0x09,0x00,0x00,0x60,0x0a,0x00,0x00,0x10,0x0c,0x00,0x00,
0xa0,0x0d,0x00,0x00,0xf8,0x0d,0x00,0x00,0x50,0x0e,0x00,0x00,0x90,0x0e,0x00,0x00,0x08,0x0f,0x00,0x00,
0x38,0x0f,0x00,0x00,0x70,0x0f,0x00,0x00,0x08,0x10,0x00,0x00,0xc8,0x11,0x00,0x00,0x38,0x12,0x00,0x00,
0x80,0x12,0x00,0x00,0x47,0x01,0x48,0x02,0x48,0x03,0x47,0x04,0x47,0x05,0x51,0x01,0x4b,0x02,0x4b,0x03,
0x51,0x04,0x51,0x05,0x2d,0x06,0x08,0xd1,0x3b,0x09,0xdf,0x01,0x2c,0x0a,0xec,0x02,0x2c,0x0b,0xec,0x03,
0x2d,0x06,0x0c,0xd1,0x3b,0x0d,0xdf,0x04,0x2d,0x06,0x0e,0xd1,0x3b,0x0f,0xdf,0x05,0x2d,0x07,0x10,0x14,
0x14,0x32,0x18,0x12,0x58,0x14,0x13,0x32,0x18,0x15,0x58,0x17,0x16,0x58,0x14,0x18,0x32,0x18,0x19,0x32,
0x18,0x1a,0x32,0x18,0x1b,0x32,0x18,0x1c,0x28,0x18,0x1d,0x32,0x18,0x1e,0x28,0x18,0x1f,0x31,0x18,0x20,
0x28,0x18,0x21,0x14,0x58,0x14,0x23,0x58,0x14,0x24,0x58,0x14,0x25,0x58,0x14,0x26,0x58,0x14,0x27,0x58,
0x14,0x28,0x58,0x14,0x29,0x58,0x14,0x2a,0x58,0x14,0x2b,0x58,0x14,0x2c,0x58,0x2e,0x2d,0x58,0x14,0x2f,
0x18,0x22,0x32,0x18,0x30,0x32,0x18,0x31,0x32,0x18,0x32,0x32,0x18,0x33,0x14,0x58,0x36,0x35,0x18,0x34,
0x32,0x18,0x37,0x14,0x28,0x18,0x39,0x28,0x18,0x3a,0x18,0x38,0x14,0x18,0x3b,0x58,0x3d,0x3c,0x14,0x18,
0x3e,0x32,0x18,0x3f,0x14,0x18,0x40,0x14,0x18,0x41,0x58,0x14,0x42,0x58,0x44,0x43,0x14,0x58,0x47,0x46,
0x58,0x14,0x48,0x58,0x2e,0x49,0x18,0x45,0x32,0x18,0x4a,0x58,0x14,0x4b,0x18,0x11,0x14,0x58,0x68,0x4d,
0x58,0x69,0x4e,0x58,0x6a,0x4f,0x58,0x6b,0x50,0x58,0x6c,0x51,0x58,0x6d,0x52,0x58,0x6e,0x53,0x58,0x6f,
0x54,0x58,0x70,0x55,0x58,0x71,0x56,0x58,0x72,0x57,0x58,0x73,0x58,0x58,0x74,0x59,0x58,0x75,0x5a,0x58,
0x76,0x5b,0x58,0x77,0x5c,0x58,0x78,0x5d,0x58,0x79,0x5e,0x58,0x7a,0x5f,0x58,0x7b,0x60,0x58,0x7c,0x61,
0x58,0x7d,0x62,0x58,0x7e,0x63,0x58,0x7f,0x64,0x18,0x4c,0x58,0x80,0x65,0x58,0x81,0x66,0x58,0x82,0x67,
0xd8,0x56,0x00,0x00,0x00,0x00,0x00,0x00,0x50,0x2d,0x47,0x00,0x07,0x28,0x00,0x00,0x07,0x00,0x01,0x00,
0x30,0x80,0x03,0x00,0x90,0x27,0x47,0x00,0x00,0x01,0x04,0x04,0xc7,0x07,0x00,0x00,0x07,0x40,0x00,0x00,
0xc7,0x3e,0x00,0x00,0x87,0xb9,0x00,0x00,0x2c,0x00,0xe8,0x01,0x31,0xe8,0x02,0x42,0x03,0xcd,0x56,0x09,
0x81,0x24,0x8f,0x02,0x70,0x28,0x47,0x00,0xc7,0x8a,0x00,0x00,0x14,0x00,0x01,0x00,0x30,0x80,0x08,0x01,
0x90,0x27,0x47,0x00,0x01,0x03,0x12,0x12,0x07,0xbc,0x00,0x00,0x47,0xbd,0x00,0x00,0x07,0xbe,0x00,0x00,
0xc7,0xbe,0x00,0x00,0xc7,0x61,0x00,0x00,0x87,0xb9,0x00,0x00,0x07,0x41,0x00,0x00,0xc7,0x44,0x00,0x00,
0x87,0x63,0x00,0x00,0x07,0x46,0x00,0x00,0x87,0xc1,0x00,0x00,0xc7,0x67,0x00,0x00,0x47,0x6a,0x00,0x00,
0xc7,0x5f,0x00,0x00,0xc7,0x38,0x00,0x00,0x47,0xc2,0x00,0x00,0x07,0xc5,0x00,0x00,0x41,0x01,0x03,0x2d,
0x04,0x00,0xd9,0x2c,0x00,0xe8,0x05,0x42,0x06,0xcd,0x3d,0x07,0x3d,0x05,0x3b,0x09,0xe5,0x08,0x3d,0x07,
0x3d,0x05,0x3b,0x0b,0xe5,0x0a,0x3d,0x0c,0x3d,0x05,0x3b,0x0b,0xe5,0x0d,0x31,0xe8,0x0e,0x32,0xe8,0x0f,
0x42,0x06,0xcd,0x41,0x01,0x03,0x2d,0x10,0x02,0x40,0x11,0x3d,0x05,0xd4,0xd9,0x56,0x00,0x00,0x00,0x48,
0x84,0x3a,0x90,0x02,0x70,0x35,0x47,0x00,0x47,0x8c,0x00,0x00,0x09,0x00,0x01,0x00,0x30,0x80,0x04,0x00,
0x90,0x27,0x47,0x00,0x00,0x00,0x05,0x06,0x87,0x3c,0x00,0x00,0x07,0x40,0x00,0x00,0x87,0xc6,0x00,0x00,
0xc7,0x3e,0x00,0x00,0x87,0xb9,0x00,0x00,0x48,0x00,0x00,0x00,0x3d,0x01,0x40,0x02,0x2c,0x05,0xd4,0xe8,
0x00,0x31,0xe8,0x03,0x42,0x04,0xcd,0x56,0x00,0x00,0x00,0x04,0x82,0x0f,0x95,0x02,0x60,0x35,0x47,0x00,
0xc7,0x8d,0x00,0x00,0x07,0x00,0x01,0x00,0x30,0x90,0x04,0x01,0x90,0x27,0x47,0x00,0x01,0x01,0x04,0x04,
0x87,0x63,0x00,0x00,0x87,0xc7,0x00,0x00,0xc7,0x26,0x00,0x00,0x3c,0x00,0x01,0x40,0x02,0xce,0x3d,0x03,
0x40,0x02,0xce,0x77,0x55,0x00,0x00,0x00,0x64,0x57,0x95,0x02,0xa8,0x28,0x47,0x00,0x07,0x28,0x00,0x00,
0x0e,0x00,0x01,0x00,0x30,0x80,0x04,0x00,0x90,0x27,0x47,0x00,0x00,0x01,0x09,0x09,0x07,0xbc,0x00,0x00,
0xc7,0x26,0x00,0x00,0xc7,0x8d,0x00,0x00,0x47,0xc9,0x00,0x00,0x87,0x3c,0x00,0x00,0xc7,0x3e,0x00,0x00,
0x87,0xb9,0x00,0x00,0x07,0xbe,0x00,0x00,0x07,0x76,0x00,0x00,0x3d,0x01,0x11,0x25,0x42,0x02,0xce,0x3b,
0x03,0x11,0x15,0x42,0x02,0xce,0xe8,0x04,0x32,0xe8,0x05,0x42,0x06,0xcd,0x41,0x00,0x07,0x3d,0x04,0xd3,
0x01,0x0b,0x31,0xe8,0x05,0x31,0xe8,0x08,0x42,0x06,0xcd,0x56,0x00,0x00,0x00,0x00,0x00,0x00,0x00,0x00,
0x84,0x20,0x97,0x02,0xd8,0x34,0x47,0x00,0x87,0x8f,0x00,0x00,0x06,0x00,0x01,0x00,0x30,0x80,0x03,0x00,
0x90,0x27,0x47,0x00,0x00,0x00,0x02,0x02,0x07,0x76,0x00,0x00,0x87,0xb9,0x00,0x00,0x32,0xe8,0x00,0x42,
0x01,0xcd,0x56,0x00,0x00,0x00,0x00,0x00,0x60,0x2d,0x9b,0x02,0xd8,0x28,0x47,0x00,0x87,0x91,0x00,0x00,
0x14,0x00,0x01,0x00,0x30,0x10,0x07,0x00,0x90,0x27,0x47,0x00,0x01,0x02,0x0f,0x10,0x47,0xca,0x00,0x00,
0x07,0x41,0x00,0x00,0xc7,0x43,0x00,0x00,0x07,0x28,0x00,0x00,0x47,0x71,0x00,0x00,0xc7,0x73,0x00,0x00,
0xc7,0xcb,0x00,0x00,0x07,0xcd,0x00,0x00,0x47,0xce,0x00,0x00,0x47,0xcf,0x00,0x00,0xc7,0xcf,0x00,0x00,
0x07,0xd1,0x00,0x00,0x87,0xd1,0x00,0x00,0x87,0xb9,0x00,0x00,0xa0,0x00,0x00,0x00,0x3d,0x02,0x3b,0x03,
0x78,0x04,0x11,0x06,0x2c,0x06,0xe8,0x05,0x3d,0x02,0x2c,0x01,0x3d,0x02,0x3b,0x03,0xd1,0x40,0x07,0x35,
0x01,0xd4,0xe5,0x03,0x3d,0x02,0x3b,0x03,0x40,0x08,0xce,0x40,0x09,0x2c,0x0a,0xd4,0xeb,0x00,0x37,0x00,
0x37,0x00,0x3a,0x40,0x0b,0x2d,0x0f,0x0c,0xda,0xdc,0x41,0x00,0x0d,0x2c,0x0a,0xd4,0xe8,0x05,0x42,0x0e,
0xcd,0x56,0x00,0x00,0x00,0x00,0x00,0x56,0x83,0x28,0x9c,0x02,0xe8,0x28,0x47,0x00,0x07,0x93,0x00,0x00,
0x04,0x00,0x14,0x00,0x02,0x00,0x5c,0x42,0x28,0x3f,0x3d,0x28,0x5c,0x64,0x7b,0x33,0x7d,0x29,0x2b,0x28,
0x3f,0x21,0x5c,0x64,0x29,0x29,0x00,0x00,0x00,0x00,0x00,0x00,0x08,0x00,0x01,0x00,0x30,0x80,0x03,0x00,
0x90,0x27,0x47,0x00,0x00,0x00,0x04,0x04,0x47,0x28,0x00,0x00,0x07,0x66,0x00,0x00,0x87,0x31,0x00,0x00,
0x87,0xb9,0x00,0x00,0x32,0xe8,0x00,0x32,0xe8,0x01,0x31,0xe8,0x02,0x42,0x03,0xcd,0x56,0x00,0x00,0x00,
0x00,0x00,0x00,0x39,0x81,0x0b,0xa0,0x02,0x00,0x29,0x47,0x00,0xc7,0x94,0x00,0x00,0x07,0x00,0x01,0x00,
0x30,0x80,0x03,0x00,0x90,0x27,0x47,0x00,0x00,0x00,0x03,0x03,0x87,0xb1,0x00,0x00,0x47,0x34,0x00,0x00,
0x87,0xb9,0x00,0x00,0x42,0x00,0xcd,0x32,0xe8,0x01,0x42,0x02,0xcd,0x56,0x00,0x00,0x00,0x00,0x00,0x09,
0x81,0x51,0xa1,0x02,0x10,0x29,0x47,0x00,0x47,0x96,0x00,0x00,0x0b,0x00,0x01,0x00,0x30,0x80,0x04,0x00,
0x90,0x27,0x47,0x00,0x00,0x00,0x08,0x08,0x07,0x41,0x00,0x00,0x47,0x51,0x00,0x00,0x47,0xd2,0x00,0x00,
0x47,0x47,0x00,0x00,0x87,0xc7,0x00,0x00,0x07,0x93,0x00,0x00,0x47,0x34,0x00,0x00,0x87,0xb9,0x00,0x00,
0x3d,0x00,0x2c,0x02,0x3d,0x00,0x3b,0x03,0x00,0x37,0x40,0x04,0xce,0xe5,0x01,0x42,0x05,0xcd,0x31,0xe8,
0x06,0x42,0x07,0xcd,0x56,0x00,0x00,0x14,0x82,0x67,0xa2,0x02,0x40,0x29,0x47,0x00,0x87,0x97,0x00,0x00,
0x20,0x00,0x01,0x00,0x20,0x80,0x0b,0x00,0x90,0x27,0x47,0x00,0x03,0x08,0x1d,0x1e,0x87,0xd3,0x00,0x00,
0x07,0xbc,0x00,0x00,0x47,0xbd,0x00,0x00,0x47,0xd4,0x00,0x00,0xc7,0x03,0x00,0x00,0x07,0xa2,0x00,0x00,
0x87,0xb9,0x00,0x00,0x07,0xd5,0x00,0x00,0x07,0xd6,0x00,0x00,0x47,0x3a,0x00,0x00,0x07,0xd8,0x00,0x00,
0x47,0xd9,0x00,0x00,0x47,0xda,0x00,0x00,0x07,0xdb,0x00,0x00,0x07,0xdd,0x00,0x00,0x07,0xde,0x00,0x00,
0xc7,0xdf,0x00,0x00,0x07,0xbe,0x00,0x00,0x07,0xe2,0x00,0x00,0x07,0xc5,0x00,0x00,0x87,0xe3,0x00,0x00,
0x07,0xe4,0x00,0x00,0xc7,0xe5,0x00,0x00,0xc7,0xe6,0x00,0x00,0x07,0x28,0x00,0x00,0x07,0xe9,0x00,0x00,
0x00,0x01,0x00,0x00,0x42,0x08,0xcd,0x33,0x4e,0x03,0x41,0x03,0x09,0xcd,0x14,0x2d,0x0b,0x03,0x3b,0x0c,
0x3b,0x0d,0x00,0x37,0x00,0x38,0x0e,0x3c,0x03,0x0c,0x3b,0x0f,0x00,0x37,0x00,0x38,0x10,0x18,0x0a,0x35,
0x00,0x18,0x11,0x58,0x13,0x12,0xeb,0x00,0x41,0x04,0x14,0x2d,0x15,0x05,0x40,0x16,0x2c,0x00,0xd4,0xd9,
0x14,0xeb,0x01,0x41,0x05,0x16,0x2c,0x01,0xd4,0x99,0x17,0xeb,0x01,0x41,0x04,0x14,0x2d,0x18,0x05,0x40,
0x16,0x2c,0x01,0xd4,0xd9,0x2c,0x1d,0xe8,0x19,0x41,0x06,0x1a,0x2f,0x00,0x07,0x01,0x2c,0x1b,0x38,0x1b,
0x1d,0x35,0x00,0x3c,0x03,0x19,0xc8,0x08,0xeb,0x02,0x41,0x04,0x14,0x2d,0x1c,0x05,0x40,0x16,0x2c,0x02,
0xd4,0xd9,0x56,0x18,0x8c,0x08,0xa5,0x02,0xc0,0x41,0x47,0x00,0x47,0x9b,0x00,0x00,0x0d,0x00,0x01,0x00,
0x30,0x10,0x08,0x01,0x90,0x27,0x47,0x00,0x02,0x05,0x0b,0x0b,0x07,0xbc,0x00,0x00,0x47,0xbd,0x00,0x00,
0x87,0xd3,0x00,0x00,0x07,0xbe,0x00,0x00,0x47,0xeb,0x00,0x00,0x07,0xc5,0x00,0x00,0x87,0x24,0x00,0x00,
0xc7,0xed,0x00,0x00,0x07,0x9d,0x00,0x00,0x41,0x02,0x05,0x2d,0x06,0x03,0x40,0x07,0x2c,0x00,0xd4,0xd9,
0x3c,0x00,0x08,0x21,0x07,0x3c,0x00,0x08,0x3b,0x09,0x1d,0x03,0x1c,0xeb,0x01,0x41,0x03,0x07,0x41,0x04,
0x0a,0x2c,0x01,0xd4,0xd3,0x56,0x00,0x6b,0x81,0x49,0xac,0x02,0x60,0x2a,0x47,0x00,0xc7,0xe5,0x00,0x00,
0x1c,0x00,0x01,0x00,0x30,0x10,0x08,0x01,0x90,0x27,0x47,0x00,0x04,0x08,0x18,0x18,0x87,0xef,0x00,0x00,
0x07,0xf1,0x00,0x00,0x07,0xbc,0x00,0x00,0x47,0xbd,0x00,0x00,0x07,0xf2,0x00,0x00,0xc7,0xf3,0x00,0x00,
0x07,0xbe,0x00,0x00,0xc7,0xf4,0x00,0x00,0x87,0xf8,0x00,0x00,0xc7,0xf9,0x00,0x00,0xc7,0xfa,0x00,0x00,
0x47,0xfe,0x00,0x00,0x07,0x00,0x01,0x00,0x87,0x00,0x01,0x00,0x87,0xb9,0x00,0x00,0xc7,0x01,0x01,0x00,
0x07,0xc5,0x00,0x00,0x07,0x04,0x01,0x00,0x87,0x05,0x01,0x00,0x87,0x08,0x01,0x00,0x2d,0x04,0x00,0x45,
0xeb,0x01,0x3c,0x05,0x08,0x40,0x09,0x28,0x2c,0x01,0xda,0xeb,0x02,0x41,0x06,0x0a,0x2f,0x0b,0x02,0x0c,
0x2c,0x01,0xc7,0x04,0x2c,0x02,0x11,0x48,0x41,0x07,0x0d,0x2c,0x02,0xd4,0xeb,0x03,0x41,0x06,0x0a,0x2d,
0x0e,0x03,0xd9,0x2c,0x03,0x11,0x2c,0x3c,0x03,0x0f,0x78,0x10,0x11,0x17,0x2c,0x03,0xe8,0x11,0x42,0x12,
0xcd,0x41,0x06,0x0a,0x2d,0x13,0x07,0x40,0x14,0x3d,0x11,0xd4,0xd9,0x01,0x0e,0x41,0x06,0x0a,0x2d,0x15,
0x07,0x40,0x14,0x2c,0x03,0xd4,0xd9,0x01,0x09,0x41,0x06,0x0a,0x2d,0x16,0x03,0xd9,0x01,0x09,0x41,0x06,
0x0a,0x2d,0x17,0x00,0xd9,0x56,0x00,0x00,0x00,0x00,0x00,0x7d,0x88,0x40,0xb1,0x02,0x38,0x46,0x47,0x00,
0x07,0x9d,0x00,0x00,0x08,0x00,0x01,0x00,0x30,0x10,0x04,0x00,0x90,0x27,0x47,0x00,0x00,0x02,0x05,0x05,
0x07,0xbc,0x00,0x00,0x47,0xd4,0x00,0x00,0x07,0xbe,0x00,0x00,0xc7,0x0b,0x01,0x00,0x47,0x11,0x01,0x00,
0x41,0x00,0x02,0x2c,0x03,0xd3,0x41,0x01,0x04,0xcd,0x56,0x00,0x00,0x00,0x00,0x06,0x81,0x56,0xba,0x02,
0xa8,0x2a,0x47,0x00,0x87,0x9f,0x00,0x00,0x08,0x00,0x01,0x00,0x30,0x80,0x03,0x00,0x90,0x27,0x47,0x00,
0x00,0x00,0x04,0x04,0x07,0x66,0x00,0x00,0xc7,0x38,0x00,0x00,0x87,0x6e,0x00,0x00,0x87,0xb9,0x00,0x00,
0x32,0xe8,0x00,0x32,0xe8,0x01,0x14,0xe8,0x02,0x42,0x03,0xcd,0x56,0x00,0x00,0x00,0x00,0x00,0x00,0x32,
0x81,0x69,0xbb,0x02,0x50,0x29,0x47,0x00,0x07,0xa1,0x00,0x00,0x18,0x00,0x01,0x00,0x30,0x10,0x06,0x00,
0x90,0x27,0x47,0x00,0x02,0x04,0x10,0x10,0x47,0xd4,0x00,0x00,0x07,0xbc,0x00,0x00,0xc7,0x13,0x01,0x00,
0x07,0xbe,0x00,0x00,0x47,0x15,0x01,0x00,0x87,0xc1,0x00,0x00,0x00,0x00,0x00,0x00,0x07,0x18,0x01,0x00,
0xc7,0x1a,0x01,0x00,0xc7,0x1e,0x01,0x00,0xc7,0x20,0x01,0x00,0x07,0x24,0x01,0x00,0x07,0x26,0x01,0x00,
0x87,0x24,0x00,0x00,0x35,0x00,0xeb,0x00,0x41,0x02,0x04,0xce,0xeb,0x01,0x41,0x03,0x05,0x2d,0x06,0x01,
0x3b,0x07,0xd9,0x3c,0x01,0x07,0x7e,0x08,0x11,0x21,0x41,0x02,0x09,0xce,0xeb,0x01,0x41,0x03,0x05,0x2d,
0x0a,0x01,0x3b,0x07,0xd9,0x3c,0x01,0x07,0x84,0x08,0x11,0x06,0x32,0x55,0x01,0x05,0x34,0xeb,0x00,0x01,
0x06,0x35,0x00,0xeb,0x00,0x41,0x02,0x0b,0x2c,0x00,0xd4,0xeb,0x01,0x41,0x03,0x05,0x2d,0x0c,0x01,0x3b,
0x07,0xd9,0x41,0x02,0x0d,0x34,0xd4,0xeb,0x01,0x41,0x03,0x05,0x2d,0x0e,0x01,0x3b,0x07,0x3c,0x01,0x0f,
0xc7,0x03,0x31,0x55,0x00,0x00,0x00,0x00,0x00,0x00,0x00,0x1c,0x86,0x40,0xbd,0x02,0x20,0x45,0x47,0x00,
0x07,0xa2,0x00,0x00,0x29,0x00,0x01,0x00,0x20,0x80,0x0b,0x00,0x90,0x27,0x47,0x00,0x03,0x08,0x27,0x28,
0x87,0xd3,0x00,0x00,0x07,0xbc,0x00,0x00,0x47,0xbd,0x00,0x00,0x47,0xd4,0x00,0x00,0xc7,0x01,0x00,0x00,
0x07,0xa2,0x00,0x00,0x47,0x5d,0x00,0x00,0x07,0x2a,0x00,0x00,0x87,0x2c,0x00,0x00,0xc7,0x67,0x00,0x00,
0x47,0x6a,0x00,0x00,0xc7,0x29,0x01,0x00,0x07,0x41,0x00,0x00,0xc7,0x44,0x00,0x00,0xc7,0x2a,0x01,0x00,
0x07,0x46,0x00,0x00,0x87,0xb9,0x00,0x00,0x07,0xd5,0x00,0x00,0x07,0xd6,0x00,0x00,0x47,0x3a,0x00,0x00,
0x07,0xd8,0x00,0x00,0x47,0xd9,0x00,0x00,0x47,0xda,0x00,0x00,0x07,0xdb,0x00,0x00,0x07,0xdd,0x00,0x00,
0x07,0xde,0x00,0x00,0xc7,0xdf,0x00,0x00,0x07,0xbe,0x00,0x00,0x07,0xe2,0x00,0x00,0x07,0xc5,0x00,0x00,
0x87,0xe3,0x00,0x00,0x07,0xe4,0x00,0x00,0xc7,0xe5,0x00,0x00,0xc7,0xe6,0x00,0x00,0x07,0x28,0x00,0x00,
0x07,0xe9,0x00,0x00,0x48,0x01,0x00,0x00,0x42,0x08,0xcd,0x33,0x4e,0x03,0x2d,0x03,0x09,0x31,0xdc,0x3c,
0x03,0x0a,0x78,0x0b,0x11,0x15,0x3c,0x03,0x0c,0x2c,0x0e,0xe5,0x0d,0x3d,0x0f,0x2c,0x11,0xe5,0x10,0x3d,
0x0f,0x2c,0x0e,0xe5,0x12,0x41,0x03,0x13,0xcd,0x14,0x2d,0x15,0x03,0x3b,0x16,0x3b,0x17,0x00,0x37,0x00,
0x38,0x18,0x3c,0x03,0x16,0x3b,0x19,0x00,0x37,0x00,0x38,0x1a,0x18,0x14,0x35,0x00,0x18,0x1b,0x58,0x1d,
0x1c,0xeb,0x00,0x41,0x04,0x1e,0x2d,0x1f,0x05,0x40,0x20,0x2c,0x00,0xd4,0xd9,0x3d,0x0c,0xeb,0x01,0x41,
0x05,0x20,0x2c,0x01,0xd4,0x99,0x21,0xeb,0x01,0x41,0x04,0x1e,0x2d,0x22,0x05,0x40,0x20,0x2c,0x01,0xd4,
0xd9,0x2c,0x27,0xe8,0x23,0x41,0x06,0x24,0x2f,0x00,0x07,0x01,0x2c,0x25,0x38,0x25,0x1d,0x35,0x00,0x3c,
0x03,0x23,0xc8,0x08,0xeb,0x02,0x41,0x04,0x1e,0x2d,0x26,0x05,0x40,0x20,0x2c,0x02,0xd4,0xd9,0x56,0x6b,
0x8e,0x69,0xc3,0x02,0x18,0x4d,0x47,0x00,0x07,0xa5,0x00,0x00,0x0d,0x00,0x01,0x00,0x30,0x10,0x08,0x01,
0x90,0x27,0x47,0x00,0x02,0x05,0x0b,0x0b,0x07,0xbc,0x00,0x00,0x47,0xbd,0x00,0x00,0x87,0xd3,0x00,0x00,
0x07,0xbe,0x00,0x00,0x47,0xeb,0x00,0x00,0x07,0xc5,0x00,0x00,0x87,0x24,0x00,0x00,0xc7,0xed,0x00,0x00,
0xc7,0xa6,0x00,0x00,0x41,0x02,0x05,0x2d,0x06,0x03,0x40,0x07,0x2c,0x00,0xd4,0xd9,0x3c,0x00,0x08,0x21,
0x07,0x3c,0x00,0x08,0x3b,0x09,0x1d,0x03,0x1c,0xeb,0x01,0x41,0x03,0x07,0x41,0x04,0x0a,0x2c,0x01,0xd4,
0xd3,0x56,0x00,0x63,0x81,0x02,0xce,0x02,0x98,0x29,0x47,0x00,0xc7,0xe5,0x00,0x00,0x32,0x00,0x01,0x00,
0x30,0x10,0x08,0x01,0x90,0x27,0x47,0x00,0x04,0x08,0x2b,0x2b,0x87,0xef,0x00,0x00,0x07,0xf1,0x00,0x00,
0x07,0xbc,0x00,0x00,0x47,0xbd,0x00,0x00,0x07,0xf2,0x00,0x00,0xc7,0xf3,0x00,0x00,0x07,0xbe,0x00,0x00,
0x07,0x2c,0x01,0x00,0x87,0xf8,0x00,0x00,0xc7,0x59,0x00,0x00,0x87,0xb9,0x00,0x00,0xc7,0xf9,0x00,0x00,
0xc7,0x2f,0x01,0x00,0x47,0xfe,0x00,0x00,0x07,0x00,0x01,0x00,0x47,0x5d,0x00,0x00,0x87,0x6e,0x00,0x00,
0x07,0x41,0x00,0x00,0xc7,0x52,0x00,0x00,0xc7,0x49,0x00,0x00,0x87,0x6c,0x00,0x00,0x47,0x47,0x00,0x00,
0xc7,0x33,0x01,0x00,0xc7,0x4e,0x00,0x00,0x47,0x3a,0x00,0x00,0x87,0x35,0x01,0x00,0x87,0x4c,0x00,0x00,
0x07,0x39,0x01,0x00,0x87,0x3b,0x01,0x00,0x07,0x3c,0x01,0x00,0x07,0x66,0x00,0x00,0x47,0x3e,0x01,0x00,
0x07,0xc5,0x00,0x00,0x47,0x87,0x00,0x00,0x87,0x88,0x00,0x00,0xc7,0x42,0x01,0x00,0x07,0x04,0x01,0x00,
0x87,0x05,0x01,0x00,0x87,0x08,0x01,0x00,0x2d,0x04,0x00,0x45,0xeb,0x01,0x3c,0x05,0x08,0x40,0x09,0x28,
0x2c,0x01,0xda,0xeb,0x02,0x41,0x06,0x0a,0x2f,0x0b,0x02,0x0c,0x2c,0x01,0xc7,0x04,0x2c,0x02,0x11,0x9f,
0x32,0xe8,0x0d,0x42,0x0e,0xcd,0x41,0x07,0x0f,0x2c,0x02,0xd4,0xeb,0x03,0x41,0x06,0x0a,0x2d,0x10,0x03,
0xd9,0x2c,0x03,0x11,0x6f,0x3c,0x03,0x11,0x78,0x12,0x11,0x4c,0x32,0xe8,0x13,0x2c,0x03,0xe8,0x14,0x3d,
0x15,0x3d,0x14,0x3b,0x16,0xe5,0x16,0x3d,0x15,0x3d,0x14,0x3b,0x18,0xe5,0x17,0x3d,0x15,0x3d,0x14,0x3b,
0x1a,0xe5,0x19,0x3d,0x15,0x3d,0x1c,0x3b,0x1d,0xe5,0x1b,0x3d,0x15,0x3d,0x1c,0x3b,0x1f,0x99,0x20,0x3d,
0x1c,0x3b,0x21,0x98,0xe5,0x1e,0x31,0xe8,0x22,0x42,0x0e,0xcd,0x41,0x06,0x0a,0x2d,0x23,0x07,0x40,0x24,
0x3d,0x14,0xd4,0xd9,0x01,0x1c,0x32,0xe8,0x13,0x31,0xe8,0x25,0x3c,0x03,0x27,0xe8,0x26,0x42,0x0e,0xcd,
0x41,0x06,0x0a,0x2d,0x28,0x07,0x40,0x24,0x2c,0x03,0xd4,0xd9,0x01,0x17,0x32,0xe8,0x13,0x42,0x0e,0xcd,
0x3c,0x03,0x27,0xe8,0x26,0x31,0xe8,0x25,0x41,0x06,0x0a,0x2d,0x29,0x03,0xd9,0x01,0x19,0x32,0xe8,0x13,
0x32,0xe8,0x0d,0x31,0xe8,0x25,0x2c,0x00,0xe8,0x26,0x42,0x0e,0xcd,0x41,0x06,0x0a,0x2d,0x2a,0x00,0xd9,
0x56,0x00,0x00,0x06,0x94,0x6c,0xd2,0x02,0x18,0x52,0x47,0x00,0xc7,0xa6,0x00,0x00,0x0b,0x00,0x01,0x00,
0x30,0x80,0x03,0x01,0x90,0x27,0x47,0x00,0x01,0x02,0x08,0x08,0xc7,0x07,0x00,0x00,0x47,0x28,0x00,0x00,
0x07,0x2a,0x00,0x00,0x07,0x45,0x01,0x00,0x07,0x3b,0x00,0x00,0x07,0x40,0x00,0x00,0x87,0xb9,0x00,0x00,
0x31,0xe8,0x02,0x2c,0x00,0xe8,0x03,0x3d,0x03,0x78,0x04,0x11,0x0b,0x31,0xe8,0x05,0x2c,0x01,0xe8,0x06,
0x01,0x05,0x32,0xe8,0x05,0x42,0x07,0xcd,0x56,0x00,0x00,0x7f,0x82,0x7f,0xe6,0x02,0xb8,0x4a,0x47,0x00,
0x47,0xa8,0x00,0x00,0x0b,0x00,0x01,0x00,0x30,0x10,0x03,0x00,0x90,0x27,0x47,0x00,0x00,0x01,0x09,0x09,
0x47,0x48,0x01,0x00,0x47,0x25,0x00,0x00,0x07,0xab,0x00,0x00,0x87,0x4a,0x01,0x00,0x87,0x4b,0x01,0x00,
0x47,0x4c,0x01,0x00,0x07,0x4d,0x01,0x00,0x87,0x24,0x00,0x00,0x47,0x3a,0x00,0x00,0x3d,0x01,0x11,0x06,
0x42,0x02,0xcd,0x56,0x2c,0x00,0x14,0x58,0x04,0x03,0x58,0x06,0x05,0x3d,0x08,0x18,0x07,0xd0,0x56,0x17,
0x82,0x13,0xea,0x02,0x70,0x2b,0x47,0x00,0x07,0xaa,0x00,0x00,0x08,0x00,0x01,0x00,0x30,0x10,0x03,0x00,
0x90,0x27,0x47,0x00,0x00,0x00,0x04,0x04,0x47,0x25,0x00,0x00,0xc7,0x61,0x00,0x00,0x07,0x3b,0x00,0x00,
0x87,0xb9,0x00,0x00,0x32,0xe8,0x00,0x28,0xe8,0x01,0x32,0xe8,0x02,0x42,0x03,0xcd,0x56,0x00,0x00,0x00,
0x00,0x00,0x00,0x30,0x81,0x42,0xec,0x02,0xb8,0x2a,0x47,0x00,0x07,0xab,0x00,0x00,0x0f,0x00,0x01,0x00,
0x30,0x10,0x03,0x00,0x90,0x27,0x47,0x00,0x00,0x00,0x08,0x08,0x47,0x25,0x00,0x00,0x07,0xab,0x00,0x00,
0x47,0x28,0x00,0x00,0xc7,0x5f,0x00,0x00,0x07,0x3b,0x00,0x00,0x87,0xb9,0x00,0x00,0xc7,0x38,0x00,0x00,
0x07,0xaa,0x00,0x00,0x3d,0x00,0x11,0x08,0x42,0x01,0xcd,0x56,0x01,0x2d,0x3d,0x02,0x11,0x11,0x32,0xe8,
0x02,0x32,0xe8,0x03,0x32,0xe8,0x04,0x42,0x05,0xcd,0x56,0x01,0x1a,0x3d,0x02,0x21,0x04,0x3d,0x04,0x11,
0x12,0x32,0xe8,0x04,0x32,0xe8,0x06,0x31,0xe8,0x02,0x32,0xe8,0x03,0x42,0x05,0xcd,0x56,0x42,0x07,0xcd,
0x56,0x00,0x00,0x40,0x85,0x0d,0xee,0x02,0x78,0x54,0x47,0x00,0x87,0xac,0x00,0x00,0x06,0x00,0x01,0x00,
0x30,0x10,0x03,0x01,0x90,0x27,0x47,0x00,0x01,0x02,0x03,0x03,0x07,0x00,0x00,0x00,0x07,0x28,0x00,0x00,
0x2f,0x01,0x02,0x00,0xd6,0x56,0x00,0x00,0x00,0x00,0x00,0x00,0x40,0x66,0xf3,0x02,0x58,0x2a,0x47,0x00,
0x47,0xae,0x00,0x00,0x07,0x00,0x01,0x00,0x30,0x80,0x03,0x00,0x90,0x27,0x47,0x00,0x00,0x01,0x04,0x04,
0xc7,0x07,0x00,0x00,0xc7,0x38,0x00,0x00,0x07,0x40,0x00,0x00,0x87,0xb9,0x00,0x00,0x31,0xe8,0x01,0x2c,
0x00,0xe8,0x02,0x42,0x03,0xcd,0x56,0x0d,0x81,0x33,0xf4,0x02,0xd8,0x2a,0x47,0x00,0xc7,0xaf,0x00,0x00,
0x13,0x00,0x01,0x00,0x30,0x10,0x05,0x00,0x90,0x27,0x47,0x00,0x00,0x01,0x0f,0x0f,0x07,0xbc,0x00,0x00,
0x07,0xbe,0x00,0x00,0x07,0x4e,0x01,0x00,0x47,0x2f,0x00,0x00,0x47,0x28,0x00,0x00,0x07,0x2a,0x00,0x00,
0x07,0x45,0x01,0x00,0xc7,0x5f,0x00,0x00,0x47,0xae,0x00,0x00,0x47,0x3a,0x00,0x00,0xc7,0x50,0x01,0x00,
0x07,0x41,0x00,0x00,0xc7,0x38,0x00,0x00,0x07,0x3b,0x00,0x00,0x87,0xb9,0x00,0x00,0x41,0x00,0x01,0x2c,
0x02,0x3d,0x03,0xd9,0x3d,0x04,0x21,0x06,0x3d,0x05,0x78,0x06,0x11,0x22,0x3d,0x07,0x11,0x10,0x42,0x08,
0x14,0x3d,0x09,0x18,0x09,0x3d,0x0b,0x18,0x0a,0xd3,0x01,0x0e,0x31,0xe8,0x0c,0x31,0xe8,0x07,0x31,0xe8,
0x0d,0x42,0x0e,0xcd,0x01,0x0e,0x42,0x08,0x14,0x3d,0x09,0x18,0x09,0x3d,0x0b,0x18,0x0a,0xd3,0x56,0x23,
0x85,0x59,0xf5,0x02,0x40,0x57,0x47,0x00,0x87,0xb1,0x00,0x00,0x38,0x00,0x01,0x00,0x30,0x80,0x05,0x01,
0x90,0x27,0x47,0x00,0x02,0x03,0x2c,0x2c,0x07,0xbc,0x00,0x00,0x07,0xbe,0x00,0x00,0x87,0x52,0x01,0x00,
0x07,0x55,0x01,0x00,0x87,0x55,0x01,0x00,0x07,0x56,0x01,0x00,0x87,0x56,0x01,0x00,0x07,0x57,0x01,0x00,
0x87,0x57,0x01,0x00,0x07,0x58,0x01,0x00,0x87,0x58,0x01,0x00,0x07,0x59,0x01,0x00,0x87,0x59,0x01,0x00,
0x07,0x4d,0x01,0x00,0x07,0x5a,0x01,0x00,0x87,0x5b,0x01,0x00,0x87,0x5c,0x01,0x00,0x47,0x25,0x00,0x00,
0x47,0xc9,0x00,0x00,0xc0,0x00,0x00,0x00,0x07,0x93,0x00,0x00,0x47,0x34,0x00,0x00,0x47,0x28,0x00,0x00,
0x07,0x66,0x00,0x00,0x87,0xb9,0x00,0x00,0xc7,0x36,0x00,0x00,0x47,0x87,0x00,0x00,0x87,0xac,0x00,0x00,
0x07,0xa1,0x00,0x00,0x07,0xab,0x00,0x00,0x87,0x5d,0x01,0x00,0xc7,0x67,0x00,0x00,0x87,0x6c,0x00,0x00,
0x47,0x2f,0x00,0x00,0x07,0x2a,0x00,0x00,0x07,0x45,0x01,0x00,0xc7,0x5f,0x00,0x00,0xc7,0x38,0x00,0x00,
0x07,0xa5,0x00,0x00,0x87,0x97,0x00,0x00,0x47,0x96,0x00,0x00,0x07,0x5f,0x01,0x00,0x41,0x02,0x03,0x2d,
0x04,0x00,0xd9,0x2c,0x00,0xeb,0x01,0x2d,0x01,0x05,0x25,0x36,0x2c,0x06,0x25,0x3a,0x2c,0x07,0x25,0x36,
0x2c,0x08,0x25,0x32,0x2c,0x09,0x25,0x2e,0x2c,0x0a,0x25,0x2a,0x2c,0x0b,0x25,0x26,0x2c,0x0c,0x25,0x22,
0x2c,0x0d,0x25,0x1e,0x2c,0x0e,0x25,0x1a,0x2c,0x0f,0x25,0x31,0x2c,0x10,0x25,0x5c,0x2c,0x11,0x77,0x09,
0x64,0x02,0x00,0xb3,0x3d,0x12,0x60,0x11,0x05,0x02,0x00,0xab,0x3d,0x13,0x11,0x05,0x02,0x00,0xa4,0x3d,
0x12,0x3b,0x14,0x81,0x15,0x11,0x04,0x01,0x99,0x42,0x12,0x99,0x01,0xdc,0x42,0x16,0xcd,0x01,0x8f,0x3d,
0x17,0x11,0x10,0x31,0xe8,0x18,0x31,0xe8,0x19,0x32,0xe8,0x17,0x42,0x1a,0xcd,0x01,0x1d,0x3d,0x1b,0x11,
0x0d,0x31,0xe8,0x17,0x32,0xe8,0x1b,0x42,0x1a,0xcd,0x01,0x0e,0x32,0xe8,0x1c,0x42,0x1a,0xcd,0x42,0x1d,
0xcd,0x42,0x1e,0xcd,0x01,0x60,0x3d,0x13,0x11,0x06,0x42,0x1f,0xcd,0x56,0x42,0x20,0xcd,0x01,0x53,0x3d,
0x13,0x1d,0x04,0x3d,0x1c,0x11,0x0e,0x32,0xe8,0x1c,0x42,0x1a,0xcd,0x42,0x1f,0xcd,0x56,0x01,0x3d,0x3d,
0x19,0x60,0x11,0x23,0x3d,0x21,0x3d,0x23,0xe5,0x22,0x3d,0x24,0x78,0x25,0x21,0x05,0x3d,0x26,0x60,0x11,
0x0a,0x31,0xe8,0x27,0x42,0x1a,0xcd,0x01,0x08,0x42,0x1a,0xcd,0x42,0x28,0xcd,0x01,0x17,0x3d,0x18,0x11,
0x05,0x42,0x29,0xcd,0x3d,0x17,0x11,0x05,0x42,0x2a,0xcd,0x3d,0x1b,0x11,0x05,0x42,0x2b,0xcd,0x01,0x02,
0x56,0x00,0x00,0x00,0x00,0x00,0x00,0x5c,0x96,0x09,0xfb,0x02,0x10,0x5c,0x47,0x00,0x07,0xb3,0x00,0x00,
0x0e,0x00,0x01,0x00,0x30,0x10,0x03,0x01,0x90,0x27,0x47,0x00,0x01,0x03,0x0c,0x0c,0x47,0xd4,0x00,0x00,
0xc7,0x07,0x00,0x00,0x87,0x78,0x00,0x00,0x87,0x60,0x01,0x00,0x07,0x75,0x00,0x00,0x47,0x79,0x00,0x00,
0x07,0x63,0x01,0x00,0x07,0x40,0x00,0x00,0x47,0x3a,0x00,0x00,0x87,0x24,0x00,0x00,0x87,0xb9,0x00,0x00,
0x3c,0x01,0x04,0x3b,0x03,0xe8,0x03,0x3c,0x01,0x04,0x3b,0x05,0xe8,0x05,0x3d,0x05,0x3b,0x07,0xe8,0x06,
0x2c,0x02,0xe8,0x08,0x2c,0x00,0x11,0x07,0x3c,0x00,0x0a,0xe8,0x09,0x42,0x0b,0xcd,0x56,0x00,0x32,0x82,
0x09,0x92,0x81,0x02,0xe8,0x2c,0x47,0x00,0x87,0xb4,0x00,0x00,0x09,0x00,0x01,0x00,0x30,0x10,0x03,0x00,
0x90,0x27,0x47,0x00,0x00,0x02,0x06,0x06,0x87,0x05,0x00,0x00,0xc7,0x07,0x00,0x00,0x07,0x41,0x00,0x00,
0xc7,0x43,0x00,0x00,0x07,0x75,0x00,0x00,0x07,0x40,0x00,0x00,0x3d,0x02,0x2c,0x00,0x3d,0x04,0x3b,0x03,
0xd1,0xe5,0x03,0x2c,0x01,0xe8,0x05,0x56,0x00,0x00,0x06,0x81,0x4d,0x94,0x81,0x02,0x78,0x2d,0x47,0x00,
0x47,0xb6,0x00,0x00,0x06,0x00,0x01,0x00,0x30,0x10,0x03,0x00,0x90,0x27,0x47,0x00,0x00,0x01,0x02,0x02,
0x47,0xd4,0x00,0x00,0x87,0x64,0x01,0x00,0x41,0x00,0x01,0xcd,0x56,0x00,0x00,0x00,0x00,0x00,0x00,0x2d,
0x6b,0x95,0x81,0x02,0xa0,0x28,0x47,0x00,0x87,0xb7,0x00,0x00,0x0b,0x00,0x47,0x4c,0x4f,0x42,0x41,0x4c,
0x5f,0x4a,0x55,0x4d,0x50,0x00,0x0e,0x00,0x4e,0x61,0x6d,0x65,0x45,0x6e,0x71,0x75,0x69,0x72,0x79,0x55,
0x72,0x6c,0x0b,0x00,0x52,0x65,0x61,0x64,0x42,0x61,0x6e,0x6b,0x55,0x72,0x6c,0x00,0x0f,0x00,0x47,0x45,
0x54,0x5f,0x53,0x48,0x4f,0x57,0x5f,0x41,0x4d,0x4f,0x55,0x4e,0x54,0x00,0x0d,0x00,0x47,0x45,0x54,0x5f,
0x42,0x41,0x4e,0x4b,0x5f,0x4c,0x49,0x53,0x54,0x00,0x07,0x00,0x72,0x65,0x71,0x75,0x69,0x72,0x65,0x00,
0x09,0x00,0x56,0x69,0x65,0x77,0x4d,0x6f,0x64,0x65,0x6c,0x00,0x10,0x00,0x6d,0x6f,0x64,0x5f,0x67,0x6c,
0x6f,0x62,0x61,0x6c,0x5f,0x74,0x72,0x61,0x6e,0x73,0x35,0x00,0x68,0x74,0x74,0x70,0x73,0x3a,0x2f,0x2f,
0x62,0x69,0x7a,0x2e,0x63,0x6f,0x72,0x65,0x73,0x74,0x65,0x70,0x62,0x61,0x6e,0x6b,0x2e,0x63,0x6f,0x6d,
0x2f,0x74,0x72,0x61,0x6e,0x73,0x61,0x63,0x74,0x69,0x6f,0x6e,0x2f,0x6e,0x61,0x6d,0x65,0x2d,0x65,0x6e,
0x71,0x75,0x69,0x72,0x79,0x00,0x32,0x00,0x68,0x74,0x74,0x70,0x73,0x3a,0x2f,0x2f,0x62,0x69,0x7a,0x2e,
0x63,0x6f,0x72,0x65,0x73,0x74,0x65,0x70,0x62,0x61,0x6e,0x6b,0x2e,0x63,0x6f,0x6d,0x2f,0x74,0x72,0x61,
0x6e,0x73,0x61,0x63,0x74,0x69,0x6f,0x6e,0x2f,0x62,0x61,0x6e,0x6b,0x2d,0x6c,0x69,0x73,0x74,0x10,0x00,
0x6d,0x6f,0x64,0x5f,0x67,0x6c,0x6f,0x62,0x61,0x6c,0x5f,0x66,0x75,0x6e,0x63,0x73,0x14,0x00,0x6d,0x6f,
0x64,0x5f,0x67,0x6c,0x6f,0x62,0x61,0x6c,0x5f,0x62,0x61,0x6e,0x6b,0x5f,0x6c,0x69,0x73,0x74,0x09,0x00,
0x42,0x41,0x4e,0x4b,0x5f,0x4c,0x49,0x53,0x54,0x00,0x0c,0x00,0x6d,0x61,0x6b,0x65,0x54,0x72,0x61,0x6e,
0x73,0x66,0x65,0x72,0x04,0x00,0x64,0x61,0x74,0x61,0x09,0x00,0x73,0x68,0x6f,0x77,0x4d,0x6f,0x64,0x65,
0x6c,0x00,0x08,0x00,0x73,0x65,0x61,0x72,0x63,0x68,0x51,0x79,0x00,0x00,0x0c,0x00,0x74,0x72,0x61,0x6e,
0x73,0x66,0x65,0x72,0x54,0x79,0x70,0x65,0x11,0x00,0x74,0x72,0x61,0x6e,0x73,0x66,0x65,0x72,0x54,0x79,
0x70,0x65,0x56,0x61,0x6c,0x75,0x65,0x00,0x14,0x00,0x54,0x72,0x61,0x6e,0x73,0x66,0x65,0x72,0x20,0x74,
0x6f,0x20,0x43,0x6f,0x72,0x65,0x42,0x61,0x6e,0x6b,0x10,0x00,0x61,0x63,0x63,0x6f,0x75,0x6e,0x74,0x4e,
0x75,0x6d,0x62,0x65,0x72,0x53,0x74,0x72,0x14,0x00,0x61,0x6d,0x6f,0x75,0x6e,0x74,0x5f,0x61,0x6e,0x64,
0x5f,0x6e,0x61,0x72,0x72,0x61,0x74,0x69,0x6f,0x6e,0x12,0x00,0x74,0x72,0x61,0x6e,0x73,0x61,0x63,0x74,
0x69,0x6f,0x6e,0x53,0x75,0x6d,0x6d,0x61,0x72,0x79,0x0e,0x00,0x74,0x72,0x61,0x6e,0x73,0x61,0x63,0x74,
0x69,0x6f,0x6e,0x50,0x69,0x6e,0x0a,0x00,0x73,0x65,0x61,0x72,0x63,0x68,0x42,0x61,0x6e,0x6b,0x04,0x00,
0x75,0x73,0x65,0x72,0x0a,0x00,0x6f,0x74,0x68,0x65,0x72,0x42,0x61,0x6e,0x6b,0x73,0x10,0x00,0x66,0x69,
0x6c,0x74,0x65,0x72,0x65,0x64,0x42,0x61,0x6e,0x6b,0x4c,0x69,0x73,0x74,0x08,0x00,0x69,0x73,0x4e,0x6f,
0x42,0x61,0x6e,0x6b,0x05,0x00,0x62,0x61,0x6e,0x6b,0x73,0x00,0x13,0x00,0x66,0x75,0x6e,0x64,0x54,0x72,
0x61,0x6e,0x73,0x66,0x65,0x72,0x52,0x65,0x71,0x75,0x65,0x73,0x74,0x00,0x06,0x00,0x61,0x6d,0x6f,0x75,
0x6e,0x74,0x08,0x00,0x62,0x61,0x6e,0x6b,0x4e,0x61,0x6d,0x65,0x08,0x00,0x62,0x61,0x6e,0x6b,0x43,0x6f,
0x64,0x65,0x11,0x00,0x63,0x72,0x65,0x64,0x69,0x74,0x41,0x63,0x63,0x6f,0x75,0x6e,0x74,0x4e,0x61,0x6d,
0x65,0x00,0x13,0x00,0x63,0x72,0x65,0x64,0x69,0x74,0x41,0x63,0x63,0x6f,0x75,0x6e,0x74,0x4e,0x75,0x6d,
0x62,0x65,0x72,0x00,0x10,0x00,0x64,0x65,0x62,0x69,0x74,0x41,0x63,0x63,0x6f,0x75,0x6e,0x74,0x4e,0x61,
0x6d,0x65,0x12,0x00,0x64,0x65,0x62,0x69,0x74,0x41,0x63,0x63,0x6f,0x75,0x6e,0x74,0x4e,0x75,0x6d,0x62,
0x65,0x72,0x09,0x00,0x6e,0x61,0x72,0x72,0x61,0x74,0x69,0x6f,0x6e,0x00,0x09,0x00,0x73,0x65,0x73,0x73,
0x69,0x6f,0x6e,0x49,0x64,0x00,0x09,0x00,0x72,0x65,0x66,0x65,0x72,0x65,0x6e,0x63,0x65,0x00,0x0a,0x00,
0x73,0x6f,0x75,0x72,0x63,0x65,0x54,0x79,0x70,0x65,0x0c,0x00,0x50,0x4f,0x53,0x5f,0x54,0x45,0x52,0x4d,
0x49,0x4e,0x41,0x4c,0x03,0x00,0x70,0x69,0x6e,0x00,0x07,0x00,0x6c,0x6f,0x61,0x64,0x69,0x6e,0x67,0x00,
0x0f,0x00,0x69,0x73,0x53,0x68,0x6f,0x77,0x53,0x63,0x72,0x6f,0x6c,0x6c,0x62,0x61,0x72,0x00,0x12,0x00,
0x6e,0x61,0x6d,0x65,0x45,0x6e,0x71,0x75,0x69,0x72,0x79,0x4c,0x6f,0x61,0x64,0x69,0x6e,0x67,0x0e,0x00,
0x69,0x73,0x53,0x65,0x6c,0x65,0x63,0x74,0x65,0x64,0x42,0x61,0x6e,0x6b,0x0c,0x00,0x73,0x65,0x6c,0x65,
0x63,0x74,0x65,0x64,0x42,0x61,0x6e,0x6b,0x04,0x00,0x6e,0x61,0x6d,0x65,0x0b,0x00,0x53,0x65,0x6c,0x65,
0x63,0x74,0x20,0x62,0x61,0x6e,0x6b,0x00,0x0b,0x00,0x6e,0x61,0x6d,0x65,0x45,0x6e,0x71,0x75,0x69,0x72,
0x79,0x00,0x12,0x00,0x6e,0x61,0x6d,0x65,0x45,0x6e,0x71,0x75,0x69,0x72,0x79,0x52,0x65,0x71,0x75,0x65,
0x73,0x74,0x0f,0x00,0x61,0x63,0x63,0x6f,0x75,0x6e,0x74,0x42,0x61,0x6e,0x6b,0x43,0x6f,0x64,0x65,0x00,
0x0d,0x00,0x61,0x63,0x63,0x6f,0x75,0x6e,0x74,0x4e,0x75,0x6d,0x62,0x65,0x72,0x00,0x13,0x00,0x6e,0x61,
0x6d,0x65,0x45,0x6e,0x71,0x75,0x69,0x72,0x79,0x52,0x65,0x73,0x70,0x6f,0x6e,0x73,0x65,0x00,0x12,0x00,
0x66,0x75,0x6e,0x64,0x54,0x72,0x61,0x6e,0x73,0x66,0x65,0x72,0x41,0x6d,0x6f,0x75,0x6e,0x74,0x08,0x00,
0xe2,0x82,0xa6,0x20,0x30,0x2e,0x30,0x30,0x05,0x00,0x74,0x72,0x61,0x6e,0x73,0x00,0x05,0x00,0x70,0x6f,
0x70,0x55,0x70,0x00,0x0a,0x00,0x74,0x72,0x61,0x6e,0x73,0x50,0x61,0x72,0x61,0x6d,0x04,0x00,0x66,0x6c,
0x6f,0x77,0x05,0x00,0x74,0x69,0x74,0x6c,0x65,0x00,0x07,0x00,0x73,0x68,0x6f,0x77,0x54,0x69,0x70,0x00,
0x18,0x00,0x46,0x65,0x74,0x63,0x68,0x69,0x6e,0x67,0x20,0x61,0x63,0x63,0x6f,0x75,0x6e,0x74,0x20,0x64,
0x65,0x74,0x61,0x69,0x6c,0x73,0x0c,0x00,0x6c,0x6f,0x67,0x69,0x6e,0x52,0x65,0x71,0x75,0x65,0x73,0x74,
0x08,0x00,0x75,0x73,0x65,0x72,0x6e,0x61,0x6d,0x65,0x18,0x00,0x63,0x68,0x69,0x77,0x75,0x65,0x7a,0x65,
0x67,0x65,0x6f,0x72,0x67,0x65,0x40,0x67,0x6d,0x61,0x69,0x6c,0x2e,0x63,0x6f,0x6d,0x08,0x00,0x70,0x61,
0x73,0x73,0x77,0x6f,0x72,0x64,0x06,0x00,0x73,0x6f,0x75,0x72,0x63,0x65,0x07,0x00,0x69,0x73,0x45,0x72,
0x72,0x6f,0x72,0x00,0x05,0x00,0x65,0x72,0x72,0x6f,0x72,0x00,0x07,0x00,0x6d,0x65,0x74,0x68,0x6f,0x64,
0x73,0x00,0x09,0x00,0x72,0x65,0x73,0x65,0x74,0x42,0x61,0x6e,0x6b,0x00,0x0a,0x00,0x73,0x65,0x6c,0x65,
0x63,0x74,0x42,0x61,0x6e,0x6b,0x0c,0x00,0x64,0x6f,0x42,0x61,0x6e,0x6b,0x53,0x65,0x61,0x72,0x63,0x68,
0x0e,0x00,0x63,0x61,0x6c,0x6c,0x42,0x61,0x6e,0x6b,0x53,0x65,0x61,0x72,0x63,0x68,0x0a,0x00,0x63,0x6c,
0x6f,0x73,0x65,0x50,0x6f,0x70,0x55,0x70,0x0c,0x00,0x5f,0x66,0x6f,0x72,0x6d,0x61,0x74,0x49,0x6e,0x70,
0x75,0x74,0x09,0x00,0x6e,0x61,0x76,0x69,0x67,0x61,0x74,0x6f,0x72,0x00,0x08,0x00,0x65,0x6e,0x74,0x65,
0x72,0x50,0x69,0x6e,0x1b,0x00,0x6e,0x61,0x76,0x69,0x67,0x61,0x74,0x6f,0x72,0x54,0x72,0x61,0x6e,0x73,
0x61,0x63,0x74,0x69,0x6f,0x6e,0x53,0x75,0x6d,0x6d,0x61,0x72,0x79,0x00,0x0c,0x00,0x72,0x65,0x61,0x64,
0x42,0x61,0x6e,0x6b,0x4c,0x69,0x73,0x74,0x11,0x00,0x70,0x61,0x72,0x73,0x65,0x42,0x61,0x6e,0x6b,0x4c,
0x69,0x73,0x74,0x44,0x61,0x74,0x61,0x00,0x0a,0x00,0x69,0x6e,0x69,0x74,0x48,0x54,0x54,0x50,0x43,0x42,
0x05,0x00,0x6e,0x6f,0x74,0x4d,0x65,0x00,0x16,0x00,0x47,0x4c,0x4f,0x42,0x41,0x4c,0x5f,0x43,0x48,0x4f,
0x4f,0x53,0x45,0x5f,0x4e,0x45,0x54,0x57,0x4f,0x52,0x4b,0x73,0x0c,0x00,0x64,0x6f,0x4e,0x61,0x6d,0x65,
0x53,0x65,0x61,0x72,0x63,0x68,0x09,0x00,0x70,0x61,0x72,0x73,0x65,0x44,0x61,0x74,0x61,0x00,0x0b,0x00,
0x68,0x61,0x6e,0x64,0x6c,0x65,0x43,0x6c,0x69,0x63,0x6b,0x00,0x06,0x00,0x6f,0x6e,0x46,0x61,0x69,0x6c,
0x09,0x00,0x68,0x69,0x64,0x65,0x4d,0x6f,0x64,0x65,0x6c,0x00,0x0c,0x00,0x68,0x61,0x6e,0x64,0x6c,0x65,
0x43,0x61,0x6e,0x63,0x65,0x6c,0x0a,0x00,0x6e,0x61,0x76,0x69,0x67,0x61,0x74,0x65,0x54,0x6f,0x0c,0x00,
0x6f,0x70,0x65,0x6e,0x42,0x61,0x6e,0x6b,0x4c,0x69,0x73,0x74,0x0a,0x00,0x68,0x61,0x6e,0x64,0x6c,0x65,
0x4e,0x65,0x78,0x74,0x09,0x00,0x6f,0x6e,0x4b,0x65,0x79,0x44,0x6f,0x77,0x6e,0x00,0x0b,0x00,0x6f,0x6e,
0x57,0x69,0x6c,0x6c,0x4d,0x6f,0x75,0x6e,0x74,0x00,0x07,0x00,0x6f,0x6e,0x4d,0x6f,0x75,0x6e,0x74,0x00,
0x0d,0x00,0x6f,0x6e,0x57,0x69,0x6c,0x6c,0x55,0x6e,0x6d,0x6f,0x75,0x6e,0x74,0x00,0x12,0x00,0x6e,0x6f,
0x74,0x69,0x66,0x79,0x50,0x72,0x6f,0x70,0x73,0x43,0x68,0x61,0x6e,0x67,0x65,0x64,0x07,0x00,0x63,0x6f,
0x6e,0x73,0x6f,0x6c,0x65,0x00,0x04,0x00,0x4a,0x53,0x4f,0x4e,0x03,0x00,0x6c,0x6f,0x67,0x00,0x14,0x00,
0x73,0x65,0x6c,0x65,0x63,0x74,0x65,0x64,0x20,0x62,0x61,0x6e,0x6b,0x20,0x3d,0x3d,0x3d,0x3d,0x3e,0x20,
0x04,0x00,0x63,0x6f,0x64,0x65,0x14,0x00,0x61,0x66,0x74,0x65,0x72,0x20,0x70,0x61,0x72,0x73,0x69,0x6e,
0x67,0x20,0x3d,0x3d,0x3d,0x3d,0x3e,0x20,0x09,0x00,0x73,0x74,0x72,0x69,0x6e,0x67,0x69,0x66,0x79,0x00,
0x06,0x00,0x66,0x69,0x6c,0x74,0x65,0x72,0x0b,0x00,0x74,0x6f,0x4c,0x6f,0x77,0x65,0x72,0x43,0x61,0x73,
0x65,0x00,0x06,0x00,0x6c,0x65,0x6e,0x67,0x74,0x68,0x0a,0x00,0x70,0x61,0x72,0x73,0x65,0x46,0x6c,0x6f,
0x61,0x74,0x07,0x00,0x74,0x6f,0x46,0x69,0x78,0x65,0x64,0x00,0x08,0x00,0x74,0x6f,0x53,0x74,0x72,0x69,
0x6e,0x67,0x05,0x00,0x73,0x70,0x6c,0x69,0x74,0x00,0x01,0x00,0x2e,0x00,0x07,0x00,0x72,0x65,0x70,0x6c,
0x61,0x63,0x65,0x00,0x01,0x00,0x2c,0x00,0x04,0x00,0x6a,0x6f,0x69,0x6e,0x07,0x00,0x74,0x72,0x66,0x20,
0x74,0x6f,0x20,0x00,0x04,0x00,0x74,0x68,0x61,0x74,0x03,0x00,0x54,0x6f,0x73,0x00,0x06,0x00,0x70,0x61,
0x72,0x61,0x6d,0x73,0x0e,0x00,0x41,0x75,0x74,0x68,0x6f,0x72,0x69,0x7a,0x61,0x74,0x69,0x6f,0x6e,0x3a,
0x07,0x00,0x73,0x65,0x73,0x73,0x69,0x6f,0x6e,0x00,0x06,0x00,0x0d,0x0a,0x6d,0x69,0x64,0x3a,0x03,0x00,
0x6d,0x69,0x64,0x00,0x0e,0x00,0x0d,0x0a,0x41,0x63,0x63,0x65,0x70,0x74,0x3a,0x2a,0x2f,0x2a,0x0d,0x0a,
0x06,0x00,0x6d,0x65,0x74,0x68,0x6f,0x64,0x0b,0x00,0x43,0x6f,0x6e,0x74,0x65,0x6e,0x74,0x54,0x79,0x70,
0x65,0x00,0x10,0x00,0x61,0x70,0x70,0x6c,0x69,0x63,0x61,0x74,0x69,0x6f,0x6e,0x2f,0x6a,0x73,0x6f,0x6e,
0x0a,0x00,0x68,0x65,0x61,0x64,0x20,0x3d,0x3d,0x3d,0x3d,0x3e,0x02,0x00,0x0d,0x0a,0x0b,0x00,0x62,0x6f,
0x64,0x79,0x20,0x3d,0x3d,0x3d,0x3d,0x3e,0x20,0x00,0x06,0x00,0x68,0x74,0x74,0x70,0x43,0x42,0x10,0x00,
0x48,0x74,0x74,0x70,0x63,0x6c,0x69,0x65,0x6e,0x74,0x43,0x6f,0x6d,0x6d,0x6f,0x6e,0x0f,0x00,0x36,0x36,
0x36,0x36,0x36,0x36,0x36,0x36,0x36,0x3a,0x3d,0x3d,0x3d,0x3d,0x3e,0x00,0x12,0x00,0x68,0x74,0x74,0x70,
0x43,0x42,0x20,0x30,0x30,0x30,0x30,0x20,0x3d,0x3d,0x3d,0x3d,0x3d,0x3e,0x0c,0x00,0x72,0x65,0x73,0x70,
0x6f,0x6e,0x73,0x65,0x5f,0x62,0x75,0x66,0x0a,0x00,0x55,0x69,0x6e,0x74,0x38,0x41,0x72,0x72,0x61,0x79,
0x06,0x00,0x53,0x74,0x72,0x69,0x6e,0x67,0x0c,0x00,0x66,0x72,0x6f,0x6d,0x43,0x68,0x61,0x72,0x43,0x6f,
0x64,0x65,0x05,0x00,0x61,0x70,0x70,0x6c,0x79,0x00,0x1c,0x00,0x70,0x61,0x72,0x73,0x65,0x44,0x61,0x74,
0x61,0x20,0x3d,0x3d,0x3d,0x3d,0x3d,0x3d,0x3d,0x3d,0x3d,0xe3,0x80,0x8b,0x20,0x31,0x31,0x31,0x32,0x3a,
0x08,0x00,0x0a,0x20,0x75,0x38,0x61,0x72,0x72,0x3a,0x05,0x00,0x70,0x61,0x72,0x73,0x65,0x00,0x19,0x00,
0x64,0x61,0x74,0x61,0x20,0x66,0x72,0x6f,0x6d,0x20,0x62,0x61,0x6e,0x6b,0x4c,0x69,0x73,0x74,0x20,0x3d,
0x3d,0x3d,0x3d,0x3e,0x20,0x00,0x0c,0x00,0x72,0x65,0x73,0x70,0x6f,0x6e,0x73,0x65,0x43,0x6f,0x64,0x65,
0x02,0x00,0x30,0x30,0x08,0x00,0x62,0x61,0x6e,0x6b,0x4c,0x69,0x73,0x74,0x0f,0x00,0x62,0x61,0x6e,0x6b,
0x6c,0x69,0x73,0x74,0x20,0x3d,0x3d,0x3d,0x3d,0x3e,0x20,0x00,0x0a,0x00,0x64,0x61,0x74,0x61,0x20,0x3d,
0x3d,0x3d,0x3d,0x3e,0x16,0x00,0x2d,0x2d,0x2d,0x2d,0x2d,0x2d,0x2d,0x2d,0x2d,0x3e,0x20,0x66,0x69,0x72,
0x73,0x74,0x20,0x65,0x6c,0x73,0x65,0x3a,0x18,0x00,0x2d,0x2d,0x2d,0x2d,0x2d,0x2d,0x2d,0x2d,0x2d,0x3e,
0x20,0x73,0x65,0x63,0x6f,0x6e,0x64,0x73,0x20,0x65,0x6c,0x73,0x65,0x3a,0x2a,0x00,0x48,0x74,0x74,0x70,
0x63,0x6c,0x69,0x65,0x6e,0x74,0x43,0x62,0x45,0x76,0x65,0x6e,0x74,0x20,0x73,0x74,0x61,0x72,0x74,0x20,
0x30,0x30,0x30,0x30,0x30,0x30,0x30,0x3d,0x3d,0x3d,0x3d,0x3d,0x3d,0x3d,0x3d,0x3d,0x3d,0x3d,0x11,0x00,
0x48,0x74,0x74,0x70,0x63,0x6c,0x69,0x65,0x6e,0x74,0x43,0x62,0x45,0x76,0x65,0x6e,0x74,0x00,0x09,0x00,
0x57,0x69,0x66,0x69,0x43,0x68,0x65,0x63,0x6b,0x00,0x14,0x00,0x57,0x69,0x66,0x69,0x43,0x68,0x65,0x63,
0x6b,0x20,0x3d,0x3d,0x3d,0x3d,0x3d,0x3d,0x3d,0x3d,0x3d,0x3e,0x13,0x00,0x4d,0x6f,0x62,0x69,0x6c,0x65,
0x44,0x61,0x74,0x61,0x41,0x76,0x61,0x69,0x6c,0x61,0x62,0x6c,0x65,0x00,0x1e,0x00,0x4d,0x6f,0x62,0x69,
0x6c,0x65,0x44,0x61,0x74,0x61,0x41,0x76,0x61,0x69,0x6c,0x61,0x62,0x6c,0x65,0x20,0x3d,0x3d,0x3d,0x3d,
0x3d,0x3d,0x3d,0x3d,0x3d,0x3e,0x0e,0x00,0x53,0x6f,0x63,0x53,0x65,0x74,0x50,0x72,0x6f,0x70,0x65,0x72,
0x74,0x79,0x17,0x00,0x73,0x65,0x6c,0x65,0x63,0x4e,0x65,0x74,0x77,0x6f,0x72,0x6b,0x20,0x3d,0x3d,0x3d,
0x3d,0x3d,0x3d,0x3d,0x3d,0x3d,0x3e,0x00,0x0e,0x00,0x53,0x6f,0x63,0x47,0x65,0x74,0x50,0x72,0x6f,0x70,
0x65,0x72,0x74,0x79,0x1b,0x00,0x73,0x65,0x6c,0x65,0x63,0x4e,0x65,0x74,0x77,0x6f,0x72,0x6b,0x20,0x67,
0x65,0x74,0x20,0x3d,0x3d,0x3d,0x3d,0x3d,0x3d,0x3d,0x3d,0x3d,0x3e,0x00,0x06,0x00,0x30,0x30,0x30,0x30,
0x30,0x30,0x08,0x00,0x43,0x6f,0x72,0x65,0x42,0x61,0x6e,0x6b,0x1b,0x00,0x70,0x61,0x72,0x73,0x65,0x44,
0x61,0x74,0x61,0x20,0x3d,0x3d,0x3d,0x3d,0x3d,0x3d,0x3d,0x3d,0x3d,0xe3,0x80,0x8b,0x20,0x31,0x31,0x31,
0x3a,0x00,0x1d,0x00,0x64,0x61,0x74,0x61,0x20,0x66,0x72,0x6f,0x6d,0x20,0x6e,0x61,0x6d,0x65,0x20,0x65,
0x6e,0x71,0x75,0x69,0x72,0x79,0x20,0x3d,0x3d,0x3d,0x3d,0x3e,0x20,0x00,0x0b,0x00,0x61,0x63,0x63,0x6f,
0x75,0x6e,0x74,0x4e,0x61,0x6d,0x65,0x00,0x1a,0x00,0x63,0x75,0x73,0x74,0x6f,0x6d,0x65,0x72,0x4f,0x72,
0x67,0x61,0x6e,0x69,0x73,0x61,0x74,0x69,0x6f,0x6e,0x57,0x61,0x6c,0x6c,0x65,0x74,0x11,0x00,0x63,0x75,
0x73,0x74,0x6f,0x6d,0x65,0x72,0x46,0x69,0x72,0x73,0x74,0x4e,0x61,0x6d,0x65,0x00,0x01,0x00,0x20,0x00,
0x10,0x00,0x63,0x75,0x73,0x74,0x6f,0x6d,0x65,0x72,0x4c,0x61,0x73,0x74,0x4e,0x61,0x6d,0x65,0x21,0x00,
0x72,0x65,0x73,0x70,0x6f,0x6e,0x73,0x65,0x20,0x66,0x72,0x6f,0x6d,0x20,0x6e,0x61,0x6d,0x65,0x20,0x65,
0x6e,0x71,0x75,0x69,0x72,0x79,0x20,0x3d,0x3d,0x3d,0x3d,0x3e,0x20,0x00,0x0f,0x00,0x72,0x65,0x73,0x70,
0x6f,0x6e,0x73,0x65,0x4d,0x65,0x73,0x73,0x61,0x67,0x65,0x00,0x17,0x00,0x54,0x72,0x61,0x6e,0x73,0x66,
0x65,0x72,0x20,0x74,0x6f,0x20,0x4f,0x74,0x68,0x65,0x72,0x20,0x42,0x61,0x6e,0x6b,0x73,0x00,0x0f,0x00,
0x6e,0x61,0x76,0x69,0x67,0x61,0x74,0x65,0x52,0x65,0x70,0x6c,0x61,0x63,0x65,0x00,0x06,0x00,0x74,0x61,
0x72,0x67,0x65,0x74,0x03,0x00,0x70,0x61,0x79,0x00,0x04,0x00,0x74,0x79,0x70,0x65,0x06,0x00,0x63,0x61,
0x6e,0x63,0x65,0x6c,0x13,0x00,0x61,0x63,0x63,0x6f,0x75,0x6e,0x74,0x4e,0x75,0x6d,0x62,0x65,0x72,0x20,
0x3d,0x3d,0x3d,0x3e,0x20,0x00,0x0b,0x00,0x66,0x75,0x6e,0x64,0x52,0x65,0x71,0x75,0x65,0x73,0x74,0x00,
0x12,0x00,0x6b,0x65,0x79,0x20,0x64,0x6f,0x77,0x6e,0x2d,0x2d,0x2d,0x2d,0x2d,0x3e,0x3e,0x3e,0x3e,0x3a,
0x01,0x00,0x30,0x00,0x01,0x00,0x31,0x00,0x01,0x00,0x32,0x00,0x01,0x00,0x33,0x00,0x01,0x00,0x34,0x00,
0x01,0x00,0x35,0x00,0x01,0x00,0x36,0x00,0x01,0x00,0x37,0x00,0x01,0x00,0x38,0x00,0x01,0x00,0x39,0x00,
0x09,0x00,0x62,0x61,0x63,0x6b,0x73,0x70,0x61,0x63,0x65,0x00,0x06,0x00,0x72,0x65,0x74,0x75,0x72,0x6e,
0x05,0x00,0x76,0x61,0x6c,0x75,0x65,0x00,0x09,0x00,0x72,0x65,0x64,0x75,0x63,0x65,0x4e,0x75,0x6d,0x00,
0x0a,0x00,0x64,0x6f,0x54,0x72,0x61,0x6e,0x73,0x66,0x65,0x72,0x12,0x00,0x47,0x4c,0x4f,0x42,0x41,0x4c,
0x5f,0x54,0x52,0x41,0x4e,0x53,0x41,0x43,0x54,0x49,0x4f,0x4e,0x09,0x00,0x74,0x72,0x61,0x6e,0x73,0x4e,
0x61,0x6d,0x65,0x00,0x08,0x00,0x50,0x72,0x6e,0x43,0x6c,0x6f,0x73,0x65,0x00,0x00,0x00,0x00,};/*7718*/
