TK_CONST_DATA_ALIGN(const unsigned char script_mod_global_reversal[]) = {
0x07,0x00,0x01,0x01,0xe2,0x05,0x00,0x00,0x00,0x00,0x00,0x00,0x6d,0x6f,0x64,0x5f,0x67,0x6c,0x6f,0x62,
0x61,0x6c,0x5f,0x72,0x65,0x76,0x65,0x72,0x73,0x61,0x6c,0x00,0x00,0x00,0x00,0x00,0x00,0x00,0x00,0x00,
0x00,0x00,0x00,0x00,0x4a,0x52,0x52,0x59,0x46,0x00,0x00,0x00,0x00,0x00,0x00,0x00,0xe0,0x03,0x00,0x00,
0x01,0x00,0x00,0x00,0x18,0x00,0x00,0x00,0x07,0x00,0x01,0x00,0x10,0x30,0x03,0x00,0xc8,0x27,0x47,0x00,
0x01,0x01,0x04,0x05,0x07,0x00,0x00,0x00,0x47,0x01,0x00,0x00,0x07,0x04,0x00,0x00,0x38,0x00,0x00,0x00,
0x3d,0x01,0x14,0xe7,0x02,0x00,0x10,0x04,0x03,0x3d,0x01,0x3b,0x02,0x33,0xd8,0x56,0x30,0x29,0x47,0x00,
0x47,0x3c,0x00,0x00,0x1e,0x00,0x01,0x00,0x20,0x10,0x03,0x02,0xc8,0x27,0x47,0x00,0x05,0x0d,0x1b,0x1f,
0x07,0x05,0x00,0x00,0x87,0x07,0x00,0x00,0x87,0x0a,0x00,0x00,0xc7,0x0c,0x00,0x00,0xc7,0x0f,0x00,0x00,
0xc7,0x12,0x00,0x00,0x07,0x15,0x00,0x00,0xc7,0x16,0x00,0x00,0x07,0x18,0x00,0x00,0x07,0x05,0x00,0x00,
0x87,0x1a,0x00,0x00,0x87,0x07,0x00,0x00,0x87,0x0a,0x00,0x00,0xc7,0x1c,0x00,0x00,0xc7,0x0c,0x00,0x00,
0x47,0x1f,0x00,0x00,0xc7,0x0f,0x00,0x00,0xc7,0x12,0x00,0x00,0x47,0x22,0x00,0x00,0xc7,0x23,0x00,0x00,
0x87,0x25,0x00,0x00,0x07,0x15,0x00,0x00,0xf0,0x00,0x00,0x00,0x48,0x02,0x00,0x00,0xb8,0x02,0x00,0x00,
0x50,0x03,0x00,0x00,0x4b,0x05,0x4b,0x06,0x49,0x07,0x49,0x08,0x49,0x09,0x49,0x0a,0x53,0x1b,0x02,0x50,
0x1c,0x0b,0x53,0x1d,0x03,0x53,0x1e,0x04,0x2d,0x0c,0x0d,0xd1,0x00,0x83,0x00,0x7e,0x0e,0xec,0x05,0x00,
0x86,0x04,0x2d,0x0c,0x0f,0xd1,0x00,0x83,0x00,0x7e,0x10,0xec,0x06,0x00,0x86,0x04,0x2d,0x0c,0x0d,0xd1,
0x3b,0x11,0xdf,0x07,0x2d,0x0c,0x12,0xd1,0x3b,0x13,0xdf,0x08,0x2d,0x0c,0x14,0xd1,0x3b,0x15,0xdf,0x09,
0x2d,0x0c,0x14,0xd1,0x3b,0x16,0xdf,0x0a,0x2f,0x00,0x17,0x02,0xdc,0x2f,0x00,0x18,0x03,0xdc,0x2f,0x00,
0x19,0x04,0xdc,0x2f,0x00,0x1a,0x0b,0xdc,0x56,0x00,0x00,0x00,0x30,0x8f,0x2b,0x02,0xd8,0x2a,0x47,0x00,
0x07,0x04,0x00,0x00,0x12,0x00,0x01,0x00,0x20,0x10,0x05,0x02,0xc8,0x27,0x47,0x00,0x07,0x0b,0x10,0x14,
0x47,0x27,0x00,0x00,0x07,0x15,0x00,0x00,0xc7,0x0c,0x00,0x00,0x87,0x0a,0x00,0x00,0xc7,0x27,0x00,0x00,
0x07,0x29,0x00,0x00,0x07,0x2a,0x00,0x00,0x87,0x2b,0x00,0x00,0xc7,0x2c,0x00,0x00,0x90,0x00,0x00,0x00,
0xd8,0x00,0x00,0x00,0x08,0x01,0x00,0x00,0x28,0x01,0x00,0x00,0x50,0x01,0x07,0x2c,0x08,0xcb,0xeb,0x02,
0x61,0x02,0x11,0x07,0x41,0x07,0x0b,0xcd,0x56,0x35,0x02,0xeb,0x03,0x14,0x58,0x10,0x0b,0x58,0x11,0x0c,
0x58,0x12,0x0d,0x58,0x13,0x0e,0xeb,0x04,0x2f,0x09,0x00,0x04,0x2d,0x0a,0x02,0xd1,0xc5,0x03,0xeb,0x05,
0x2c,0x05,0x44,0xeb,0x06,0x41,0x06,0x0f,0xcd,0x56,0x00,0x00,0x00,0x00,0x00,0x4a,0x85,0x0a,0x84,0x02,
0x28,0x2b,0x47,0x00,0x47,0x22,0x00,0x00,0x09,0x00,0x01,0x00,0x30,0x10,0x05,0x01,0xc8,0x27,0x47,0x00,
0x01,0x04,0x06,0x06,0x07,0x05,0x00,0x00,0x87,0x07,0x00,0x00,0x47,0x27,0x00,0x00,0x47,0x2e,0x00,0x00,
0xc7,0x27,0x00,0x00,0x2f,0x01,0x02,0x00,0xd1,0x40,0x04,0x35,0x03,0xd4,0xd0,0x41,0x03,0x05,0xcd,0x56,
0x00,0x00,0x00,0x00,0x00,0x00,0x00,0x00,0x81,0x5a,0x85,0x02,0x20,0x28,0x47,0x00,0xc7,0x27,0x00,0x00,
0x06,0x00,0x01,0x00,0x30,0x10,0x03,0x00,0xc8,0x27,0x47,0x00,0x00,0x01,0x02,0x02,0x47,0x27,0x00,0x00,
0xc7,0x27,0x00,0x00,0x41,0x00,0x01,0xcd,0x56,0x00,0x00,0x00,0x00,0x00,0x00,0x00,0x33,0x6b,0x86,0x02,
0x18,0x28,0x47,0x00,0x07,0x29,0x00,0x00,0x04,0x00,0x01,0x00,0x30,0x10,0x00,0x00,0xc8,0x27,0x47,0x00,
0x00,0x00,0x00,0x00,0x56,0x00,0x00,0x00,0x1a,0x34,0x87,0x02,0x28,0x28,0x47,0x00,0x07,0x2a,0x00,0x00,
0x06,0x00,0x01,0x00,0x30,0x10,0x04,0x01,0xc8,0x27,0x47,0x00,0x01,0x02,0x03,0x03,0x47,0x27,0x00,0x00,
0x87,0x2b,0x00,0x00,0x41,0x01,0x02,0x2c,0x00,0xd3,0x56,0x00,0x00,0x00,0x00,0x00,0x3c,0x63,0x87,0x02,
0x38,0x28,0x47,0x00,0x87,0x2b,0x00,0x00,0x0e,0x00,0x01,0x00,0x30,0x10,0x05,0x00,0xc8,0x27,0x47,0x00,
0x02,0x06,0x0c,0x0c,0xc7,0x12,0x00,0x00,0xc7,0x2f,0x00,0x00,0x87,0x30,0x00,0x00,0x87,0x31,0x00,0x00,
0x47,0x32,0x00,0x00,0x87,0x33,0x00,0x00,0xc7,0x34,0x00,0x00,0x07,0x36,0x00,0x00,0xc7,0x37,0x00,0x00,
0xc7,0x38,0x00,0x00,0x2d,0x02,0x03,0x3b,0x06,0x3b,0x07,0x3b,0x08,0xd1,0xeb,0x00,0x61,0x00,0x11,0x04,
0x28,0x55,0x3c,0x04,0x09,0x40,0x0a,0x28,0x2c,0x00,0xda,0xeb,0x01,0x2c,0x01,0x11,0x09,0x41,0x05,0x0b,
0x2c,0x01,0xd4,0x55,0x56,0x00,0x00,0x0b,0x82,0x3d,0x8c,0x02,0xa0,0x2c,0x47,0x00,0x07,0x15,0x00,0x00,
0x0e,0x00,0x01,0x00,0x30,0x10,0x04,0x01,0xc8,0x27,0x47,0x00,0x03,0x06,0x0d,0x0e,0x87,0x31,0x00,0x00,
0xc7,0x0f,0x00,0x00,0xc7,0x2f,0x00,0x00,0xc7,0x39,0x00,0x00,0x47,0x3b,0x00,0x00,0x47,0x3c,0x00,0x00,
0x87,0x3c,0x00,0x00,0x47,0x32,0x00,0x00,0x87,0x33,0x00,0x00,0xc7,0x34,0x00,0x00,0x70,0x00,0x00,0x00,
0x61,0x00,0x11,0x03,0x56,0x41,0x03,0x06,0x2c,0x00,0xd4,0x40,0x07,0x2c,0x08,0xd4,0xeb,0x01,0x41,0x01,
0x09,0x2c,0x0d,0xd4,0xeb,0x02,0x2f,0x04,0x02,0x05,0x3b,0x0a,0x3b,0x0b,0x3b,0x0c,0xd6,0x56,0x00,0x14,
0x82,0x56,0x89,0x02,0x88,0x2c,0x47,0x00,0xc7,0x23,0x00,0x00,0x05,0x00,0x01,0x00,0x30,0x10,0x03,0x01,
0xc8,0x27,0x47,0x00,0x01,0x01,0x02,0x02,0x47,0x3d,0x00,0x00,0x41,0x00,0x01,0xce,0x55,0x00,0x00,0x00,
0x34,0x71,0x8a,0x02,0x80,0x2c,0x47,0x00,0x47,0x3c,0x00,0x00,0x08,0x00,0x01,0x00,0x30,0x10,0x04,0x00,
0xc8,0x27,0x47,0x00,0x00,0x01,0x05,0x05,0xc7,0x2f,0x00,0x00,0xc7,0x3e,0x00,0x00,0x47,0x32,0x00,0x00,
0x87,0x33,0x00,0x00,0xc7,0x34,0x00,0x00,0x41,0x00,0x01,0x3c,0x00,0x02,0x3b,0x03,0x3b,0x04,0xd3,0x56,
0x00,0x00,0x00,0x00,0x4f,0x6c,0x8b,0x02,0x30,0x28,0x47,0x00,0x87,0x25,0x00,0x00,0x07,0x00,0x6d,0x6f,
0x64,0x75,0x6c,0x65,0x73,0x00,0x13,0x00,0x6d,0x6f,0x64,0x5f,0x67,0x6c,0x6f,0x62,0x61,0x6c,0x5f,0x72,
0x65,0x76,0x65,0x72,0x73,0x61,0x6c,0x00,0x06,0x00,0x6d,0x6f,0x64,0x75,0x6c,0x65,0x12,0x00,0x47,0x4c,
0x4f,0x42,0x41,0x4c,0x5f,0x55,0x4e,0x50,0x41,0x43,0x4b,0x5f,0x38,0x35,0x38,0x33,0x16,0x00,0x47,0x4c,
0x4f,0x42,0x41,0x4c,0x5f,0x48,0x45,0x58,0x41,0x52,0x52,0x5f,0x32,0x5f,0x53,0x54,0x52,0x49,0x4e,0x47,
0x10,0x00,0x47,0x4c,0x4f,0x42,0x41,0x4c,0x5f,0x50,0x41,0x43,0x4b,0x5f,0x38,0x35,0x38,0x33,0x15,0x00,
0x47,0x4c,0x4f,0x42,0x41,0x4c,0x5f,0x4e,0x45,0x54,0x57,0x4f,0x52,0x4b,0x5f,0x53,0x4f,0x43,0x4b,0x45,
0x54,0x00,0x16,0x00,0x47,0x4c,0x4f,0x42,0x41,0x4c,0x5f,0x46,0x49,0x4c,0x45,0x5f,0x53,0x41,0x56,0x45,
0x5f,0x43,0x4f,0x56,0x45,0x52,0x0f,0x00,0x47,0x4c,0x4f,0x42,0x41,0x4c,0x5f,0x47,0x45,0x54,0x5f,0x46,
0x49,0x4c,0x45,0x00,0x0b,0x00,0x67,0x65,0x74,0x52,0x65,0x76,0x65,0x72,0x73,0x61,0x6c,0x00,0x07,0x00,
0x72,0x65,0x71,0x75,0x69,0x72,0x65,0x00,0x12,0x00,0x6d,0x6f,0x64,0x5f,0x67,0x6c,0x6f,0x62,0x61,0x6c,
0x5f,0x69,0x73,0x6f,0x38,0x35,0x38,0x33,0x10,0x00,0x6d,0x6f,0x64,0x5f,0x67,0x6c,0x6f,0x62,0x61,0x6c,
0x5f,0x66,0x75,0x6e,0x63,0x73,0x12,0x00,0x6d,0x6f,0x64,0x5f,0x67,0x6c,0x6f,0x62,0x61,0x6c,0x5f,0x6e,
0x65,0x74,0x77,0x6f,0x72,0x6b,0x15,0x00,0x6d,0x6f,0x64,0x5f,0x67,0x6c,0x6f,0x62,0x61,0x6c,0x5f,0x61,
0x70,0x70,0x5f,0x6d,0x61,0x6e,0x61,0x67,0x65,0x00,0x0a,0x00,0x64,0x6f,0x52,0x65,0x76,0x65,0x72,0x73,
0x61,0x6c,0x0c,0x00,0x73,0x61,0x76,0x65,0x52,0x65,0x76,0x65,0x72,0x73,0x61,0x6c,0x0b,0x00,0x64,0x65,
0x6c,0x52,0x65,0x76,0x65,0x72,0x73,0x61,0x6c,0x00,0x02,0x00,0x63,0x62,0x07,0x00,0x73,0x75,0x63,0x63,
0x65,0x73,0x73,0x00,0x05,0x00,0x65,0x72,0x72,0x6f,0x72,0x00,0x0a,0x00,0x73,0x68,0x6f,0x77,0x50,0x72,
0x6f,0x6d,0x70,0x74,0x08,0x00,0x74,0x69,0x6d,0x65,0x54,0x69,0x63,0x6b,0x09,0x00,0x43,0x72,0x65,0x61,
0x74,0x65,0x4e,0x65,0x77,0x00,0x09,0x00,0x73,0x75,0x62,0x73,0x74,0x72,0x69,0x6e,0x67,0x00,0x03,0x00,
0x54,0x6f,0x73,0x00,0x06,0x00,0x53,0x74,0x72,0x69,0x6e,0x67,0x04,0x00,0x4a,0x53,0x4f,0x4e,0x08,0x00,
0x43,0x4f,0x4e,0x53,0x54,0x41,0x4e,0x54,0x08,0x00,0x66,0x69,0x6c,0x65,0x50,0x61,0x74,0x68,0x07,0x00,
0x72,0x65,0x76,0x65,0x72,0x73,0x65,0x00,0x0c,0x00,0x66,0x72,0x6f,0x6d,0x43,0x68,0x61,0x72,0x43,0x6f,
0x64,0x65,0x05,0x00,0x61,0x70,0x70,0x6c,0x79,0x00,0x05,0x00,0x70,0x61,0x72,0x73,0x65,0x00,0x09,0x00,
0x73,0x74,0x72,0x69,0x6e,0x67,0x69,0x66,0x79,0x00,0x05,0x00,0x73,0x70,0x6c,0x69,0x74,0x00,0x00,0x00,
0x03,0x00,0x6d,0x61,0x70,0x00,0x0a,0x00,0x63,0x68,0x61,0x72,0x43,0x6f,0x64,0x65,0x41,0x74,0x0a,0x00,
0x46,0x69,0x6c,0x65,0x52,0x65,0x6d,0x6f,0x76,0x65,0x00,0x00,0x00,0x00,};/*1554*/
