TK_CONST_DATA_ALIGN(const unsigned char script_mod_global_report[]) = {
0x80,0x00,0x01,0x01,0xf6,0x09,0x00,0x00,0x00,0x00,0x00,0x00,0x6d,0x6f,0x64,0x5f,0x67,0x6c,0x6f,0x62,
0x61,0x6c,0x5f,0x72,0x65,0x70,0x6f,0x72,0x74,0x00,0x00,0x00,0x00,0x00,0x00,0x00,0x00,0x00,0x00,0x00,
0x00,0x00,0x00,0x00,0x4a,0x52,0x52,0x59,0x46,0x00,0x00,0x00,0x00,0x00,0x00,0x00,0x30,0x06,0x00,0x00,
0x01,0x00,0x00,0x00,0x18,0x00,0x00,0x00,0x07,0x00,0x01,0x00,0x10,0x30,0x03,0x00,0x90,0x27,0x47,0x00,
0x01,0x01,0x04,0x05,0x07,0x00,0x00,0x00,0x47,0x01,0x00,0x00,0xc7,0x03,0x00,0x00,0x38,0x00,0x00,0x00,
0x3d,0x01,0x14,0xe7,0x02,0x00,0x10,0x04,0x03,0x3d,0x01,0x3b,0x02,0x33,0xd8,0x56,0x80,0x28,0x47,0x00,
0x07,0x26,0x00,0x00,0x10,0x00,0x01,0x00,0x20,0x10,0x03,0x02,0x90,0x27,0x47,0x00,0x03,0x08,0x0e,0x0f,
0xc7,0x04,0x00,0x00,0x07,0x07,0x00,0x00,0x87,0x09,0x00,0x00,0x07,0x0c,0x00,0x00,0x07,0x0f,0x00,0x00,
0x47,0x10,0x00,0x00,0xc7,0x04,0x00,0x00,0x07,0x07,0x00,0x00,0x87,0x09,0x00,0x00,0x07,0x0c,0x00,0x00,
0x47,0x13,0x00,0x00,0x80,0x00,0x00,0x00,0x49,0x03,0x49,0x04,0x49,0x05,0x49,0x06,0x53,0x0e,0x02,0x2d,
0x07,0x08,0xd1,0x3b,0x09,0xdf,0x03,0x2d,0x07,0x08,0xd1,0x3b,0x0a,0xdf,0x04,0x2d,0x07,0x08,0xd1,0x3b,
0x0b,0xdf,0x05,0x2d,0x07,0x08,0xd1,0x3b,0x0c,0xdf,0x06,0x2f,0x00,0x0d,0x02,0x44,0xdc,0x56,0x00,0x00,
0x4f,0xa9,0x29,0x02,0xa8,0x28,0x47,0x00,0xc7,0x03,0x00,0x00,0x10,0x00,0x01,0x00,0x30,0x10,0x02,0x00,
0x90,0x27,0x47,0x00,0x00,0x00,0x08,0x0f,0x07,0x15,0x00,0x00,0x87,0x16,0x00,0x00,0xc7,0x17,0x00,0x00,
0x07,0x19,0x00,0x00,0x07,0x1b,0x00,0x00,0xc7,0x1c,0x00,0x00,0x47,0x1e,0x00,0x00,0xc7,0x1f,0x00,0x00,
0x80,0x00,0x00,0x00,0xc0,0x00,0x00,0x00,0x68,0x01,0x00,0x00,0xf0,0x01,0x00,0x00,0x80,0x02,0x00,0x00,
0x48,0x03,0x00,0x00,0x00,0x05,0x00,0x00,0x28,0xe8,0x00,0x2c,0x08,0xe8,0x01,0x2c,0x09,0xe8,0x02,0x2c,
0x0a,0xe8,0x03,0x2c,0x0b,0xe8,0x04,0x2c,0x0c,0xe8,0x05,0x2c,0x0d,0xe8,0x06,0x2c,0x0e,0xe8,0x07,0x56,
0x00,0x00,0x00,0x00,0x00,0x00,0x00,0x2f,0xa6,0x10,0x83,0x02,0x50,0x33,0x47,0x00,0x47,0x13,0x00,0x00,
0x08,0x00,0x01,0x00,0x30,0x10,0x02,0x00,0x90,0x27,0x47,0x00,0x00,0x00,0x05,0x05,0x07,0x22,0x00,0x00,
0x87,0x22,0x00,0x00,0x87,0x23,0x00,0x00,0x07,0x25,0x00,0x00,0x07,0x26,0x00,0x00,0x14,0x34,0x18,0x00,
0x34,0x18,0x01,0x34,0x18,0x02,0x58,0x04,0x03,0x55,0x00,0x10,0x81,0x5c,0x83,0x02,0xe0,0x28,0x47,0x00,
0x87,0x16,0x00,0x00,0x15,0x00,0x01,0x00,0x30,0x10,0x05,0x00,0x90,0x27,0x47,0x00,0x02,0x07,0x12,0x12,
0x47,0x26,0x00,0x00,0xc7,0x04,0x00,0x00,0x87,0x27,0x00,0x00,0x47,0x28,0x00,0x00,0x47,0x29,0x00,0x00,
0x07,0x2a,0x00,0x00,0xc7,0x2a,0x00,0x00,0x07,0x15,0x00,0x00,0xc7,0x2e,0x00,0x00,0x07,0x30,0x00,0x00,
0x47,0x31,0x00,0x00,0xc7,0x32,0x00,0x00,0x87,0x34,0x00,0x00,0x87,0x35,0x00,0x00,0xc7,0x39,0x00,0x00,
0x07,0x3e,0x00,0x00,0x41,0x02,0x07,0x2c,0x08,0xd3,0x3d,0x09,0x11,0x05,0x3d,0x09,0x55,0x2d,0x03,0x04,
0x3b,0x0a,0x3b,0x0b,0x3b,0x0c,0xd1,0xeb,0x00,0x2c,0x00,0x11,0x29,0x3c,0x05,0x0d,0x40,0x0e,0x28,0x2c,
0x00,0xda,0xeb,0x01,0x41,0x02,0x07,0x2d,0x0f,0x01,0xd9,0x2c,0x01,0x11,0x13,0x41,0x02,0x07,0x2c,0x10,
0xd3,0x41,0x06,0x11,0x2c,0x01,0xd4,0xe8,0x09,0x3d,0x09,0x55,0x56,0x00,0x00,0x00,0x00,0x00,0x00,0x06,
0x85,0x02,0x85,0x02,0xd0,0x30,0x47,0x00,0xc7,0x17,0x00,0x00,0x11,0x00,0x01,0x00,0x30,0x10,0x06,0x01,
0x90,0x27,0x47,0x00,0x04,0x06,0x0c,0x0c,0x07,0x3f,0x00,0x00,0x07,0x07,0x00,0x00,0xc7,0x17,0x00,0x00,
0x87,0x23,0x00,0x00,0x87,0x22,0x00,0x00,0xc7,0x1f,0x00,0x00,0x87,0x40,0x00,0x00,0x47,0x41,0x00,0x00,
0x42,0x06,0xce,0xeb,0x01,0x30,0xeb,0x02,0x34,0xeb,0x03,0x01,0x12,0x3c,0x01,0x03,0x3b,0x07,0x78,0x00,
0x11,0x07,0xe2,0x03,0x02,0x01,0x0c,0xaf,0x03,0x2d,0x03,0x01,0x3b,0x08,0x7d,0x0d,0x16,0x79,0x02,0x04,
0x1d,0x06,0x2c,0x02,0x28,0x77,0x11,0x04,0x28,0x55,0x2c,0x05,0x42,0x09,0x2c,0x02,0xd4,0x3b,0x0a,0x42,
0x09,0x2c,0x02,0xd4,0x3b,0x0b,0x3c,0x01,0x02,0x3b,0x08,0xc5,0x03,0x55,0x00,0x4e,0x83,0x27,0x8a,0x02,
0xd8,0x2a,0x47,0x00,0x07,0x19,0x00,0x00,0x12,0x00,0x01,0x00,0x30,0x10,0x06,0x01,0x90,0x27,0x47,0x00,
0x04,0x06,0x0c,0x0c,0x07,0x3f,0x00,0x00,0x07,0x07,0x00,0x00,0xc7,0x17,0x00,0x00,0x07,0x25,0x00,0x00,
0x87,0x22,0x00,0x00,0xc7,0x1f,0x00,0x00,0x87,0x40,0x00,0x00,0x47,0x41,0x00,0x00,0x42,0x06,0xce,0xeb,
0x01,0x61,0x01,0x11,0x04,0x28,0x55,0x30,0xeb,0x02,0x34,0xeb,0x03,0x01,0x12,0x3c,0x01,0x03,0x3b,0x07,
0x78,0x00,0x11,0x07,0xe2,0x03,0x02,0x01,0x0c,0xaf,0x03,0x2d,0x03,0x01,0x3b,0x08,0x7d,0x0d,0x16,0x79,
0x02,0x04,0x1d,0x06,0x2c,0x02,0x28,0x77,0x11,0x04,0x28,0x55,0x2c,0x05,0x42,0x09,0x2c,0x02,0xd4,0x3b,
0x0a,0x42,0x09,0x2c,0x02,0xd4,0x3b,0x0b,0x3c,0x01,0x02,0x3b,0x08,0xc5,0x03,0x55,0x00,0x00,0x00,0x21,
0x84,0x0e,0x8e,0x02,0x78,0x2a,0x47,0x00,0x07,0x1b,0x00,0x00,0x19,0x00,0x01,0x00,0x30,0x10,0x08,0x01,
0x90,0x27,0x47,0x00,0x03,0x07,0x14,0x14,0x47,0x26,0x00,0x00,0x07,0x3f,0x00,0x00,0x47,0x29,0x00,0x00,
0x07,0x07,0x00,0x00,0x07,0x2a,0x00,0x00,0x47,0x42,0x00,0x00,0x00,0x00,0x00,0x00,0x47,0x46,0x00,0x00,
0xc7,0x17,0x00,0x00,0x87,0x4a,0x00,0x00,0x07,0x50,0x00,0x00,0x87,0x22,0x00,0x00,0xc7,0x1f,0x00,0x00,
0xc7,0x55,0x00,0x00,0x47,0x5a,0x00,0x00,0x87,0x40,0x00,0x00,0x47,0x41,0x00,0x00,0x41,0x03,0x07,0x2d,
0x08,0x00,0xd9,0x2c,0x00,0x28,0x77,0x1d,0x05,0x79,0x00,0x04,0x11,0x03,0x56,0x7f,0x00,0x09,0x11,0x0a,
0x41,0x03,0x07,0x2c,0x0a,0xd3,0x28,0x55,0x42,0x0b,0xce,0xeb,0x01,0x61,0x01,0x11,0x0a,0x41,0x03,0x07,
0x2c,0x0c,0xd3,0x28,0x55,0x41,0x03,0x07,0x2d,0x0d,0x01,0x3b,0x0e,0xd9,0x2d,0x00,0x01,0x3b,0x0e,0x86,
0x11,0x04,0x28,0x55,0x42,0x0f,0x2c,0x00,0xd4,0xeb,0x02,0x41,0x03,0x07,0x2d,0x10,0x05,0x40,0x11,0x2c,
0x02,0xd4,0xd9,0x2d,0x06,0x02,0x3b,0x12,0x3c,0x02,0x13,0x3c,0x01,0x00,0x3b,0x0e,0xc5,0x03,0x55,0x4b,
0x86,0x47,0x92,0x02,0x98,0x35,0x47,0x00,0xc7,0x1c,0x00,0x00,0x32,0x00,0x01,0x00,0x30,0x10,0x08,0x01,
0x90,0x27,0x47,0x00,0x09,0x0f,0x2b,0x2c,0x47,0x26,0x00,0x00,0xc7,0x5b,0x00,0x00,0x47,0x29,0x00,0x00,
0x87,0x09,0x00,0x00,0x07,0x0c,0x00,0x00,0x87,0x27,0x00,0x00,0x07,0x2a,0x00,0x00,0xc7,0x5c,0x00,0x00,
0xc7,0x2a,0x00,0x00,0xc7,0x17,0x00,0x00,0x07,0x15,0x00,0x00,0x87,0x22,0x00,0x00,0xc7,0x60,0x00,0x00,
0x47,0x5a,0x00,0x00,0xc7,0x62,0x00,0x00,0xc7,0x1c,0x00,0x00,0x07,0x22,0x00,0x00,0x07,0x67,0x00,0x00,
0x87,0x16,0x00,0x00,0x87,0x23,0x00,0x00,0x07,0x25,0x00,0x00,0xc7,0x6b,0x00,0x00,0x87,0x6c,0x00,0x00,
0xc7,0x1f,0x00,0x00,0x87,0x6e,0x00,0x00,0x87,0x40,0x00,0x00,0x47,0x41,0x00,0x00,0x87,0x70,0x00,0x00,
0x47,0x72,0x00,0x00,0x07,0x26,0x00,0x00,0x47,0x73,0x00,0x00,0xc7,0x2e,0x00,0x00,0x07,0x30,0x00,0x00,
0x47,0x31,0x00,0x00,0x90,0x01,0x00,0x00,0x41,0x09,0x0f,0x2c,0x10,0xd3,0x61,0x00,0x11,0x03,0x56,0x41,
0x09,0x0f,0x2c,0x11,0xd3,0x42,0x12,0xce,0xeb,0x01,0x61,0x01,0x11,0x0b,0x2c,0x0a,0x44,0xeb,0x01,0x2c,
0x01,0xe8,0x13,0x3c,0x01,0x14,0xeb,0x02,0x41,0x09,0x0f,0x2d,0x15,0x0b,0x40,0x16,0x2c,0x01,0xd4,0x98,
0xd3,0x41,0x09,0x0f,0x9a,0x17,0x02,0xd3,0x42,0x18,0x3c,0x00,0x19,0xd4,0xeb,0x03,0x61,0x03,0x11,0x2d,
0x41,0x09,0x0f,0x2c,0x1a,0xd3,0x2f,0x00,0x19,0x02,0xdc,0x42,0x1b,0xce,0xeb,0x08,0x2f,0x08,0x19,0x00,
0x3b,0x19,0xdc,0x2f,0x08,0x1c,0x00,0x3b,0x1c,0xdc,0x2f,0x08,0x1d,0x00,0x3b,0x1d,0xdc,0x41,0x01,0x1e,
0x2c,0x08,0xd3,0x41,0x09,0x0f,0x2d,0x1f,0x00,0x3b,0x19,0x98,0xd3,0x42,0x20,0x3c,0x00,0x19,0xd4,0xeb,
0x04,0x41,0x09,0x0f,0x2d,0x21,0x0b,0x40,0x16,0x2c,0x04,0xd4,0x98,0xd3,0x2f,0x0c,0x00,0x04,0x3b,0x22,
0x3c,0x04,0x23,0xc5,0x03,0xeb,0x05,0x41,0x09,0x0f,0x9a,0x24,0x05,0xd3,0x61,0x05,0x11,0x03,0x56,0x2d,
0x01,0x00,0x3b,0x19,0x3a,0x2c,0x05,0xe5,0x14,0x41,0x09,0x0f,0x2d,0x15,0x0b,0x40,0x16,0x2c,0x01,0xd4,
0x98,0xd3,0x41,0x0b,0x16,0x2c,0x01,0xd4,0x40,0x25,0x2c,0x26,0xd4,0xeb,0x06,0x41,0x06,0x27,0x2c,0x2b,
0xd4,0xeb,0x07,0x2f,0x0d,0x07,0x0e,0x3b,0x28,0x3b,0x29,0x3b,0x2a,0xd6,0x56,0x00,0x00,0x00,0x00,0x39,
0x8e,0x2a,0x99,0x02,0xe0,0x3b,0x47,0x00,0x47,0x1e,0x00,0x00,0x05,0x00,0x01,0x00,0x30,0x10,0x03,0x01,
0x90,0x27,0x47,0x00,0x01,0x01,0x02,0x02,0x07,0x74,0x00,0x00,0x41,0x00,0x01,0xce,0x55,0x00,0x00,0x00,
0x3c,0x54,0xa6,0x02,0x60,0x2a,0x47,0x00,0x07,0x26,0x00,0x00,0x0c,0x00,0x01,0x00,0x30,0x10,0x03,0x01,
0x90,0x27,0x47,0x00,0x01,0x02,0x0a,0x0a,0x87,0x27,0x00,0x00,0x87,0x40,0x00,0x00,0xc7,0x2e,0x00,0x00,
0x07,0x30,0x00,0x00,0x87,0x75,0x00,0x00,0x40,0x06,0x00,0x00,0x00,0x00,0x00,0x00,0x47,0x41,0x00,0x00,
0x87,0x76,0x00,0x00,0x14,0x3c,0x01,0x03,0x3b,0x04,0x3b,0x05,0xa3,0x00,0x06,0x69,0x07,0x98,0x18,0x02,
0xa6,0x00,0x06,0x3c,0x01,0x03,0x3b,0x09,0x9e,0x18,0x08,0x55,0x00,0x00,0x00,0x34,0x81,0x02,0xa8,0x02,
0x08,0x2b,0x47,0x00,0xc7,0x1f,0x00,0x00,0x07,0x00,0x6d,0x6f,0x64,0x75,0x6c,0x65,0x73,0x00,0x11,0x00,
0x6d,0x6f,0x64,0x5f,0x67,0x6c,0x6f,0x62,0x61,0x6c,0x5f,0x72,0x65,0x70,0x6f,0x72,0x74,0x00,0x06,0x00,
0x6d,0x6f,0x64,0x75,0x6c,0x65,0x0f,0x00,0x47,0x4c,0x4f,0x42,0x41,0x4c,0x5f,0x47,0x45,0x54,0x5f,0x46,
0x49,0x4c,0x45,0x00,0x11,0x00,0x47,0x4c,0x4f,0x42,0x41,0x4c,0x5f,0x47,0x45,0x54,0x5f,0x52,0x45,0x43,
0x4f,0x52,0x44,0x00,0x12,0x00,0x47,0x4c,0x4f,0x42,0x41,0x4c,0x5f,0x53,0x41,0x56,0x45,0x5f,0x52,0x45,
0x43,0x4f,0x52,0x44,0x16,0x00,0x47,0x4c,0x4f,0x42,0x41,0x4c,0x5f,0x46,0x49,0x4c,0x45,0x5f,0x53,0x41,
0x56,0x45,0x5f,0x43,0x4f,0x56,0x45,0x52,0x07,0x00,0x72,0x65,0x71,0x75,0x69,0x72,0x65,0x00,0x15,0x00,
0x6d,0x6f,0x64,0x5f,0x67,0x6c,0x6f,0x62,0x61,0x6c,0x5f,0x61,0x70,0x70,0x5f,0x6d,0x61,0x6e,0x61,0x67,
0x65,0x00,0x0c,0x00,0x54,0x52,0x41,0x4e,0x53,0x5f,0x52,0x45,0x50,0x4f,0x52,0x54,0x0a,0x00,0x6d,0x49,
0x6e,0x64,0x65,0x78,0x4c,0x69,0x73,0x74,0x08,0x00,0x69,0x6e,0x64,0x65,0x78,0x49,0x6e,0x73,0x08,0x00,
0x67,0x65,0x74,0x49,0x6e,0x64,0x65,0x78,0x0e,0x00,0x71,0x75,0x65,0x72,0x79,0x42,0x79,0x56,0x6f,0x75,
0x63,0x68,0x65,0x72,0x0c,0x00,0x71,0x75,0x65,0x72,0x79,0x42,0x79,0x52,0x65,0x66,0x4e,0x6f,0x09,0x00,
0x71,0x75,0x65,0x72,0x79,0x42,0x79,0x49,0x44,0x00,0x09,0x00,0x73,0x61,0x76,0x65,0x54,0x72,0x61,0x6e,
0x73,0x00,0x10,0x00,0x67,0x65,0x74,0x49,0x6e,0x64,0x65,0x78,0x46,0x69,0x6c,0x65,0x49,0x6e,0x66,0x6f,
0x02,0x00,0x69,0x64,0x06,0x00,0x6c,0x65,0x6e,0x67,0x74,0x68,0x09,0x00,0x76,0x6f,0x75,0x63,0x68,0x65,
0x72,0x4e,0x6f,0x00,0x05,0x00,0x72,0x65,0x66,0x4e,0x6f,0x00,0x00,0x00,0x07,0x00,0x63,0x6f,0x6e,0x73,
0x6f,0x6c,0x65,0x00,0x03,0x00,0x54,0x6f,0x73,0x00,0x06,0x00,0x53,0x74,0x72,0x69,0x6e,0x67,0x04,0x00,
0x4a,0x53,0x4f,0x4e,0x03,0x00,0x6c,0x6f,0x67,0x00,0x1e,0x00,0x73,0x61,0x76,0x65,0x54,0x72,0x61,0x6e,
0x73,0x20,0x3d,0x3d,0x3d,0x3d,0x3d,0x3d,0x3d,0x3d,0x3d,0x3d,0x3d,0x3d,0x3d,0x3d,0x3e,0x20,0x31,0x31,
0x31,0x31,0x08,0x00,0x43,0x4f,0x4e,0x53,0x54,0x41,0x4e,0x54,0x08,0x00,0x66,0x69,0x6c,0x65,0x50,0x61,
0x74,0x68,0x09,0x00,0x74,0x72,0x61,0x6e,0x69,0x6e,0x64,0x65,0x78,0x00,0x0c,0x00,0x66,0x72,0x6f,0x6d,
0x43,0x68,0x61,0x72,0x43,0x6f,0x64,0x65,0x05,0x00,0x61,0x70,0x70,0x6c,0x79,0x00,0x20,0x00,0x73,0x61,
0x76,0x65,0x54,0x72,0x61,0x6e,0x73,0x20,0x3d,0x3d,0x3d,0x3d,0x3d,0x3d,0x3d,0x3d,0x3d,0x3d,0x3d,0x3d,
0x3d,0x3d,0x3e,0x20,0x33,0x33,0x33,0x33,0x20,0x20,0x20,0x00,0x73,0x61,0x76,0x65,0x54,0x72,0x61,0x6e,
0x73,0x20,0x3d,0x3d,0x3d,0x3d,0x3d,0x3d,0x3d,0x3d,0x3d,0x3d,0x3d,0x3d,0x3d,0x3d,0x3e,0x20,0x34,0x34,
0x34,0x34,0x20,0x20,0x05,0x00,0x70,0x61,0x72,0x73,0x65,0x00,0x09,0x00,0x75,0x6e,0x64,0x65,0x66,0x69,
0x6e,0x65,0x64,0x00,0x04,0x00,0x66,0x69,0x6c,0x65,0x05,0x00,0x69,0x6e,0x64,0x65,0x78,0x00,0x1d,0x00,
0x71,0x75,0x65,0x72,0x79,0x42,0x79,0x49,0x44,0x20,0x3d,0x3d,0x3d,0x3d,0x3d,0x3d,0x3d,0x3d,0x3d,0x3d,
0x3d,0x3d,0x3d,0x3d,0x3e,0x20,0x69,0x64,0x20,0x00,0x20,0x00,0x71,0x75,0x65,0x72,0x79,0x42,0x79,0x49,
0x44,0x20,0x3d,0x3d,0x3d,0x3d,0x3d,0x3d,0x3d,0x3d,0x3d,0x3d,0x3d,0x3d,0x3d,0x3d,0x3e,0x20,0x69,0x64,
0x20,0x3c,0x30,0x20,0x29,0x00,0x71,0x75,0x65,0x72,0x79,0x42,0x79,0x49,0x44,0x20,0x3d,0x3d,0x3d,0x3d,
0x3d,0x3d,0x3d,0x3d,0x3d,0x3d,0x3d,0x3d,0x3d,0x3d,0x3e,0x20,0x69,0x6e,0x64,0x65,0x78,0x4c,0x69,0x73,
0x74,0x20,0x6e,0x75,0x6c,0x6c,0x20,0x00,0x2b,0x00,0x71,0x75,0x65,0x72,0x79,0x42,0x79,0x49,0x44,0x20,
0x3d,0x3d,0x3d,0x3d,0x3d,0x3d,0x3d,0x3d,0x3d,0x3d,0x3d,0x3d,0x3d,0x3d,0x3e,0x20,0x69,0x6e,0x64,0x65,
0x78,0x4c,0x69,0x73,0x74,0x2e,0x6c,0x65,0x6e,0x67,0x74,0x68,0x20,0x00,0x22,0x00,0x71,0x75,0x65,0x72,
0x79,0x42,0x79,0x49,0x44,0x20,0x3d,0x3d,0x3d,0x3d,0x3d,0x3d,0x3d,0x3d,0x3d,0x3d,0x3d,0x3d,0x3d,0x3d,
0x3e,0x20,0x66,0x69,0x6c,0x65,0x49,0x6e,0x66,0x6f,0x09,0x00,0x73,0x74,0x72,0x69,0x6e,0x67,0x69,0x66,
0x79,0x00,0x05,0x00,0x41,0x72,0x72,0x61,0x79,0x00,0x1e,0x00,0x73,0x61,0x76,0x65,0x54,0x72,0x61,0x6e,
0x73,0x20,0x3d,0x3d,0x3d,0x3d,0x3d,0x3d,0x3d,0x3d,0x3d,0x3d,0x3d,0x3d,0x3d,0x3d,0x3e,0x20,0x30,0x30,
0x30,0x30,0x0e,0x00,0x69,0x6e,0x64,0x65,0x78,0x4c,0x69,0x73,0x74,0x20,0x3d,0x3d,0x3d,0x20,0x1f,0x00,
0x69,0x6e,0x64,0x65,0x78,0x4c,0x65,0x6e,0x20,0x20,0x3d,0x3d,0x3d,0x3d,0x3d,0x3d,0x3d,0x3d,0x3d,0x3d,
0x3d,0x3d,0x3d,0x3d,0x3e,0x20,0x31,0x31,0x31,0x31,0x20,0x00,0x24,0x00,0x74,0x72,0x61,0x6e,0x73,0x49,
0x6e,0x44,0x62,0x20,0x6e,0x75,0x6c,0x6c,0x20,0x20,0x3d,0x3d,0x3d,0x3d,0x3d,0x3d,0x3d,0x3d,0x3d,0x3d,
0x3d,0x3d,0x3d,0x3d,0x3e,0x20,0x31,0x31,0x31,0x31,0x04,0x00,0x70,0x75,0x73,0x68,0x0d,0x00,0x71,0x75,
0x65,0x72,0x79,0x20,0x69,0x64,0x20,0x3d,0x3d,0x3d,0x20,0x00,0x0d,0x00,0x66,0x69,0x6c,0x65,0x49,0x6e,
0x66,0x6f,0x20,0x3d,0x3d,0x3d,0x20,0x00,0x0c,0x00,0x73,0x61,0x76,0x65,0x4c,0x65,0x6e,0x20,0x3d,0x3d,
0x3d,0x20,0x05,0x00,0x73,0x70,0x6c,0x69,0x74,0x00,0x03,0x00,0x6d,0x61,0x70,0x00,0x0a,0x00,0x63,0x68,
0x61,0x72,0x43,0x6f,0x64,0x65,0x41,0x74,0x06,0x00,0x72,0x65,0x63,0x6f,0x72,0x64,0x10,0x00,0x54,0x52,
0x41,0x4e,0x53,0x5f,0x52,0x45,0x43,0x4f,0x52,0x44,0x5f,0x4c,0x45,0x4e,0x00,0x00,0x00,0x00,};/*2598*/
