TK_CONST_DATA_ALIGN(const unsigned char script_mod_global_config[]) = {
0x07,0x00,0x01,0x01,0x8e,0x11,0x00,0x00,0x00,0x00,0x00,0x00,0x6d,0x6f,0x64,0x5f,0x67,0x6c,0x6f,0x62,
0x61,0x6c,0x5f,0x63,0x6f,0x6e,0x66,0x69,0x67,0x00,0x00,0x00,0x00,0x00,0x00,0x00,0x00,0x00,0x00,0x00,
0x00,0x00,0x00,0x00,0x4a,0x52,0x52,0x59,0x46,0x00,0x00,0x00,0x00,0x00,0x00,0x00,0x78,0x08,0x00,0x00,
0x01,0x00,0x00,0x00,0x18,0x00,0x00,0x00,0x07,0x00,0x01,0x00,0x10,0x30,0x03,0x00,0xc8,0x27,0x47,0x00,
0x01,0x01,0x04,0x05,0x07,0x00,0x00,0x00,0x47,0x01,0x00,0x00,0xc7,0x03,0x00,0x00,0x38,0x00,0x00,0x00,
0x3d,0x01,0x14,0xe7,0x02,0x00,0x10,0x04,0x03,0x3d,0x01,0x3b,0x02,0x33,0xd8,0x56,0xa0,0x27,0x47,0x00,
0xc7,0x4d,0x00,0x00,0x1b,0x00,0x01,0x00,0x20,0x10,0x03,0x02,0xc8,0x27,0x47,0x00,0x0a,0x0e,0x19,0x22,
0xc7,0x04,0x00,0x00,0xc7,0x07,0x00,0x00,0x87,0x09,0x00,0x00,0x87,0x0c,0x00,0x00,0xc7,0x0d,0x00,0x00,
0xc7,0x04,0x00,0x00,0xc7,0x10,0x00,0x00,0x07,0x13,0x00,0x00,0xc7,0x07,0x00,0x00,0x07,0x15,0x00,0x00,
0x87,0x16,0x00,0x00,0xc7,0x18,0x00,0x00,0x87,0x1a,0x00,0x00,0x87,0x1c,0x00,0x00,0x07,0x1e,0x00,0x00,
0xd8,0x00,0x00,0x00,0xc0,0x04,0x00,0x00,0x58,0x05,0x00,0x00,0xa8,0x05,0x00,0x00,0x00,0x06,0x00,0x00,
0x58,0x06,0x00,0x00,0x90,0x06,0x00,0x00,0x18,0x07,0x00,0x00,0xf0,0x07,0x00,0x00,0x49,0x0a,0x53,0x19,
0x03,0x50,0x1a,0x0b,0x53,0x1b,0x04,0x53,0x1c,0x05,0x53,0x1d,0x06,0x53,0x1e,0x07,0x50,0x1f,0x0c,0x53,
0x20,0x08,0x53,0x21,0x09,0x2d,0x0d,0x0e,0xd1,0x3b,0x0f,0xdf,0x0a,0x2d,0x0d,0x0e,0xd1,0x3b,0x10,0xeb,
0x02,0x2f,0x00,0x11,0x03,0xdc,0x2f,0x00,0x12,0x0b,0xdc,0x2f,0x00,0x13,0x04,0xdc,0x2f,0x00,0x14,0x05,
0xdc,0x2f,0x00,0x15,0x06,0xdc,0x2f,0x00,0x16,0x09,0xdc,0x2f,0x00,0x17,0x08,0xdc,0x2f,0x00,0x18,0x07,
0xdc,0x56,0x00,0x00,0x00,0x00,0x00,0x00,0x1b,0xb3,0x29,0x02,0xb0,0x2c,0x47,0x00,0xc7,0x03,0x00,0x00,
0x67,0x00,0x01,0x00,0x30,0x10,0x07,0x00,0xc8,0x27,0x47,0x00,0x00,0x00,0x74,0x75,0x47,0x20,0x00,0x00,
0x47,0x21,0x00,0x00,0x47,0x22,0x00,0x00,0x87,0x23,0x00,0x00,0x07,0x25,0x00,0x00,0xc7,0x26,0x00,0x00,
0x87,0x28,0x00,0x00,0xc7,0x29,0x00,0x00,0x87,0x2a,0x00,0x00,0x07,0x2c,0x00,0x00,0xc7,0x2c,0x00,0x00,
0x87,0x2e,0x00,0x00,0xc7,0x2f,0x00,0x00,0xc7,0x30,0x00,0x00,0x07,0x32,0x00,0x00,0x87,0x33,0x00,0x00,
0x07,0x35,0x00,0x00,0x47,0x36,0x00,0x00,0x40,0x1f,0x00,0x00,0x07,0x38,0x00,0x00,0x00,0x08,0xaf,0x2f,
0xc7,0x39,0x00,0x00,0x87,0x3b,0x00,0x00,0xc7,0x3c,0x00,0x00,0x87,0x3e,0x00,0x00,0x87,0x3f,0x00,0x00,
0x07,0x41,0x00,0x00,0x87,0x42,0x00,0x00,0x47,0x44,0x00,0x00,0x07,0x46,0x00,0x00,0xc7,0x47,0x00,0x00,
0x87,0x49,0x00,0x00,0x47,0x4a,0x00,0x00,0x07,0x4c,0x00,0x00,0xc7,0x4d,0x00,0x00,0x07,0x4e,0x00,0x00,
0x07,0x4f,0x00,0x00,0x87,0x50,0x00,0x00,0x07,0x52,0x00,0x00,0x47,0x53,0x00,0x00,0x47,0x55,0x00,0x00,
0xc7,0x56,0x00,0x00,0x47,0x58,0x00,0x00,0x87,0x59,0x00,0x00,0xc7,0x5a,0x00,0x00,0xc7,0x5b,0x00,0x00,
0x47,0x5d,0x00,0x00,0x87,0x5e,0x00,0x00,0x87,0x60,0x00,0x00,0xc7,0x62,0x00,0x00,0xc7,0x64,0x00,0x00,
0x87,0x67,0x00,0x00,0x87,0x69,0x00,0x00,0x47,0x6b,0x00,0x00,0xc7,0x6c,0x00,0x00,0x47,0x6e,0x00,0x00,
0xc7,0x6f,0x00,0x00,0xc7,0x71,0x00,0x00,0xc7,0x73,0x00,0x00,0x47,0x75,0x00,0x00,0x47,0x76,0x00,0x00,
0x07,0x78,0x00,0x00,0x47,0x7a,0x00,0x00,0x87,0x7b,0x00,0x00,0x07,0x7d,0x00,0x00,0xc7,0x7f,0x00,0x00,
0xc7,0x82,0x00,0x00,0xc7,0x85,0x00,0x00,0x87,0x89,0x00,0x00,0x87,0x8c,0x00,0x00,0x47,0x8f,0x00,0x00,
0x07,0x92,0x00,0x00,0xc7,0x93,0x00,0x00,0x87,0x97,0x00,0x00,0xc7,0x9a,0x00,0x00,0x87,0x9c,0x00,0x00,
0x87,0x9e,0x00,0x00,0x07,0xa1,0x00,0x00,0x87,0xa3,0x00,0x00,0x47,0xa4,0x00,0x00,0x07,0xa6,0x00,0x00,
0x07,0xa9,0x00,0x00,0x87,0xac,0x00,0x00,0xc7,0xae,0x00,0x00,0xc7,0xb2,0x00,0x00,0x87,0xb6,0x00,0x00,
0x07,0xb9,0x00,0x00,0x87,0xbb,0x00,0x00,0xc7,0xbd,0x00,0x00,0x87,0xc0,0x00,0x00,0xc7,0xc3,0x00,0x00,
0x47,0xc6,0x00,0x00,0x87,0xc9,0x00,0x00,0x87,0xcc,0x00,0x00,0x07,0xcf,0x00,0x00,0x87,0xd1,0x00,0x00,
0x87,0xd4,0x00,0x00,0x87,0xd7,0x00,0x00,0x87,0xd8,0x00,0x00,0xc7,0xd9,0x00,0x00,0x47,0xdb,0x00,0x00,
0x07,0xdd,0x00,0x00,0x47,0xde,0x00,0x00,0xc7,0xdf,0x00,0x00,0x47,0xe1,0x00,0x00,0x47,0xe2,0x00,0x00,
0x87,0xe3,0x00,0x00,0x47,0xe4,0x00,0x00,0x87,0xe5,0x00,0x00,0x47,0xe7,0x00,0x00,0x87,0xe8,0x00,0x00,
0x90,0x2b,0x02,0x00,0x47,0xe9,0x00,0x00,0x07,0xea,0x00,0x00,0x47,0xeb,0x00,0x00,0x07,0xed,0x00,0x00,
0x38,0x03,0x00,0x00,0x14,0x58,0x02,0x01,0x58,0x04,0x03,0x58,0x06,0x05,0x58,0x08,0x07,0x58,0x0a,0x09,
0x58,0x0c,0x0b,0x35,0x3b,0x18,0x0d,0x35,0x02,0x18,0x0e,0x35,0x00,0x18,0x0f,0x35,0x00,0x18,0x10,0x58,
0x12,0x11,0x58,0x14,0x13,0x58,0x16,0x15,0x58,0x18,0x17,0x35,0x01,0x18,0x19,0x35,0x03,0x18,0x1a,0x31,
0x18,0x1b,0x35,0x02,0x18,0x1c,0x34,0x18,0x1d,0x58,0x1f,0x1e,0x14,0x58,0x22,0x21,0x58,0x22,0x23,0x58,
0x22,0x24,0x58,0x22,0x25,0x58,0x22,0x26,0x58,0x22,0x27,0x58,0x22,0x28,0x58,0x22,0x29,0x58,0x22,0x2a,
0x18,0x20,0x14,0x58,0x22,0x2c,0x58,0x22,0x2d,0x58,0x22,0x2e,0x58,0x22,0x2f,0x58,0x22,0x30,0x58,0x22,
0x31,0x58,0x22,0x32,0x58,0x22,0x33,0x58,0x22,0x34,0x58,0x22,0x35,0x58,0x22,0x36,0x58,0x22,0x37,0x58,
0x22,0x38,0x58,0x22,0x39,0x1c,0x18,0x3a,0x58,0x22,0x3b,0x58,0x22,0x3c,0x58,0x22,0x3d,0x14,0x58,0x22,
0x3f,0x58,0x22,0x40,0x58,0x22,0x41,0x58,0x22,0x42,0x58,0x22,0x43,0x58,0x22,0x44,0x58,0x22,0x45,0x58,
0x22,0x46,0x58,0x22,0x47,0x58,0x22,0x48,0x58,0x22,0x49,0x58,0x22,0x4a,0x58,0x22,0x4b,0x58,0x22,0x4c,
0x58,0x22,0x4d,0x58,0x22,0x4e,0x18,0x3e,0x14,0x58,0x22,0x31,0x58,0x22,0x50,0x58,0x22,0x51,0x58,0x22,
0x30,0x58,0x22,0x52,0x58,0x22,0x53,0x58,0x22,0x54,0x58,0x22,0x55,0x58,0x22,0x56,0x58,0x22,0x57,0x58,
0x22,0x58,0x58,0x22,0x32,0x58,0x22,0x59,0x58,0x22,0x5a,0x58,0x22,0x5b,0x58,0x22,0x5c,0x58,0x22,0x5d,
0x58,0x22,0x5e,0x58,0x22,0x5f,0x58,0x22,0x60,0x18,0x4f,0x18,0x2b,0x14,0x58,0x63,0x62,0x58,0x65,0x64,
0x58,0x67,0x66,0x58,0x69,0x68,0x58,0x6b,0x6a,0x18,0x61,0x14,0x35,0x03,0x18,0x6d,0x58,0x6f,0x6e,0x1c,
0x35,0xca,0x35,0x7b,0x35,0x0e,0x35,0xf7,0x20,0x04,0x18,0x70,0x34,0x18,0x71,0x18,0x6c,0x28,0x18,0x72,
0xe8,0x00,0x2c,0x74,0xe8,0x73,0x56,0x00,0x00,0x00,0x00,0x55,0x9d,0x70,0x81,0x02,0x90,0x27,0x47,0x00,
0x07,0x13,0x00,0x00,0x11,0x00,0x01,0x00,0x30,0x10,0x04,0x00,0xc8,0x27,0x47,0x00,0x03,0x06,0x0e,0x0f,
0xc7,0xed,0x00,0x00,0x87,0xee,0x00,0x00,0xc7,0x04,0x00,0x00,0x07,0x13,0x00,0x00,0x47,0x20,0x00,0x00,
0x47,0xef,0x00,0x00,0xc7,0xf0,0x00,0x00,0xc7,0x4d,0x00,0x00,0xc7,0xf1,0x00,0x00,0x87,0xf2,0x00,0x00,
0xc7,0xf3,0x00,0x00,0x88,0x00,0x00,0x00,0x3c,0x03,0x06,0x60,0x11,0x07,0x2d,0x03,0x06,0x14,0xdc,0x3d,
0x07,0xeb,0x00,0x41,0x04,0x08,0x3d,0x07,0xd4,0x40,0x09,0x2c,0x0a,0xd4,0xeb,0x01,0x41,0x01,0x0b,0x2c,
0x0e,0xd4,0xeb,0x02,0x2f,0x05,0x02,0x03,0x3b,0x0c,0x3b,0x0d,0x3b,0x07,0xd6,0x2f,0x03,0x06,0x00,0xdc,
0x56,0x00,0x00,0x00,0x00,0x00,0x00,0x63,0x82,0x5e,0x9c,0x02,0xb0,0x27,0x47,0x00,0x07,0xed,0x00,0x00,
0x05,0x00,0x01,0x00,0x30,0x10,0x03,0x01,0xc8,0x27,0x47,0x00,0x01,0x01,0x02,0x02,0x07,0xf5,0x00,0x00,
0x41,0x00,0x01,0xce,0x55,0x00,0x00,0x00,0x32,0x2a,0x9e,0x02,0xa8,0x27,0x47,0x00,0xc7,0x4d,0x00,0x00,
0x0e,0x00,0x01,0x00,0x30,0x10,0x04,0x00,0xc8,0x27,0x47,0x00,0x02,0x05,0x0d,0x0e,0x87,0xee,0x00,0x00,
0xc7,0xed,0x00,0x00,0xc7,0x04,0x00,0x00,0x47,0xef,0x00,0x00,0x07,0x13,0x00,0x00,0xc7,0xf0,0x00,0x00,
0xc7,0x4d,0x00,0x00,0xc7,0xf1,0x00,0x00,0x87,0xf2,0x00,0x00,0xc7,0xf3,0x00,0x00,0x47,0x20,0x00,0x00,
0x70,0x00,0x00,0x00,0x41,0x02,0x05,0x3c,0x03,0x06,0xd4,0x40,0x07,0x2c,0x08,0xd4,0xeb,0x00,0x41,0x00,
0x09,0x2c,0x0d,0xd4,0xeb,0x01,0x2f,0x04,0x01,0x03,0x3b,0x0a,0x3b,0x0b,0x3b,0x0c,0xd6,0x56,0x00,0x6f,
0x81,0x49,0x9f,0x02,0x98,0x28,0x47,0x00,0xc7,0x07,0x00,0x00,0x05,0x00,0x01,0x00,0x30,0x10,0x03,0x01,
0xc8,0x27,0x47,0x00,0x01,0x01,0x02,0x02,0x07,0xf5,0x00,0x00,0x41,0x00,0x01,0xce,0x55,0x00,0x00,0x00,
0x34,0x40,0xa0,0x02,0x90,0x28,0x47,0x00,0xc7,0x4d,0x00,0x00,0x0a,0x00,0x01,0x00,0x30,0x10,0x03,0x00,
0xc8,0x27,0x47,0x00,0x01,0x03,0x06,0x06,0xc7,0xed,0x00,0x00,0xc7,0x07,0x00,0x00,0x07,0x13,0x00,0x00,
0x87,0x33,0x00,0x00,0xf0,0x23,0xf4,0x00,0x3c,0x01,0x03,0x2c,0x04,0xb9,0xeb,0x00,0x82,0x00,0x05,0x11,
0x09,0x3c,0x01,0x03,0x35,0x00,0xe5,0x04,0x2c,0x02,0xca,0x56,0x00,0x00,0x00,0x00,0x00,0x00,0x00,0x2a,
0x81,0x3c,0xa1,0x02,0xa8,0x28,0x47,0x00,0x07,0x15,0x00,0x00,0x0b,0x00,0x01,0x00,0x30,0x10,0x08,0x01,
0xc8,0x27,0x47,0x00,0x01,0x05,0x0a,0x0a,0xc7,0xed,0x00,0x00,0x87,0xf6,0x00,0x00,0x87,0xee,0x00,0x00,
0xc7,0x07,0x00,0x00,0x07,0x13,0x00,0x00,0x47,0x4a,0x00,0x00,0xc7,0xf7,0x00,0x00,0x87,0xf8,0x00,0x00,
0x47,0xef,0x00,0x00,0x3c,0x01,0x05,0x2c,0x00,0xe5,0x06,0x41,0x02,0x07,0x2d,0x08,0x03,0x40,0x09,0x2c,
0x00,0xd4,0xd9,0x2c,0x04,0xca,0x56,0x1d,0x81,0x6e,0xa2,0x02,0xc8,0x28,0x47,0x00,0x87,0x16,0x00,0x00,
0x0b,0x00,0x01,0x00,0x30,0x10,0x08,0x01,0xc8,0x27,0x47,0x00,0x01,0x05,0x0a,0x0a,0xc7,0xed,0x00,0x00,
0x87,0xf6,0x00,0x00,0x87,0xee,0x00,0x00,0xc7,0x07,0x00,0x00,0x07,0x13,0x00,0x00,0x87,0x59,0x00,0x00,
0xc7,0xf7,0x00,0x00,0x07,0xfb,0x00,0x00,0x47,0xef,0x00,0x00,0x3c,0x01,0x05,0x2c,0x00,0xe5,0x06,0x41,
0x02,0x07,0x2d,0x08,0x03,0x40,0x09,0x2c,0x00,0xd4,0xd9,0x2c,0x04,0xca,0x56,0x14,0x81,0x0f,0xa4,0x02,
0xc0,0x29,0x47,0x00,0xc7,0x18,0x00,0x00,0x07,0x00,0x01,0x00,0x30,0x10,0x02,0x01,0xc8,0x27,0x47,0x00,
0x01,0x03,0x05,0x05,0xc7,0xed,0x00,0x00,0xc7,0x07,0x00,0x00,0x07,0x13,0x00,0x00,0x47,0xeb,0x00,0x00,
0x3c,0x01,0x03,0x2c,0x00,0xe5,0x04,0x2c,0x02,0xca,0x56,0x00,0x62,0x27,0xa5,0x02,0xa0,0x2c,0x47,0x00,
0x07,0x1e,0x00,0x00,0x11,0x00,0x01,0x00,0x30,0x10,0x06,0x01,0xc8,0x27,0x47,0x00,0x06,0x07,0x0e,0x0e,
0x47,0xfd,0x00,0x00,0x87,0xfe,0x00,0x00,0x20,0x00,0x00,0x00,0x00,0x00,0x00,0x00,0x87,0xff,0x00,0x00,
0x07,0x00,0x01,0x00,0x87,0x00,0x01,0x00,0x87,0x01,0x01,0x00,0x61,0x00,0x11,0x04,0x28,0x55,0x3c,0x00,
0x07,0xa5,0x08,0x7b,0x09,0x11,0x07,0x9a,0x0a,0x00,0xeb,0x00,0x34,0xeb,0x01,0x3c,0x00,0x07,0xeb,0x02,
0x3e,0x02,0xa2,0x08,0xdc,0x1c,0xeb,0x03,0x34,0xeb,0x04,0x01,0x1d,0x2d,0x0b,0x00,0x40,0x0c,0x38,0x01,
0x01,0xda,0x98,0xeb,0x05,0x41,0x03,0x0d,0x2d,0x06,0x05,0xd1,0xd3,0x3e,0x01,0x99,0x08,0xdc,0xaf,0x04,
0x7f,0x04,0x02,0x0d,0x1e,0x57,0x03,0x1f,0x83,0x0f,0xa6,0x02,0x88,0x29,0x47,0x00,0x87,0x09,0x00,0x00,
0x1b,0x00,0x01,0x00,0x30,0x10,0x05,0x00,0xc8,0x27,0x47,0x00,0x05,0x0b,0x1a,0x1a,0x87,0x09,0x00,0x00,
0x47,0x02,0x01,0x00,0x07,0x05,0x01,0x00,0xc7,0xed,0x00,0x00,0xc7,0x06,0x01,0x00,0x87,0xf6,0x00,0x00,
0x87,0x08,0x01,0x00,0xc7,0x0c,0x01,0x00,0xc7,0x0e,0x01,0x00,0x07,0x10,0x01,0x00,0x47,0x11,0x01,0x00,
0x87,0x12,0x01,0x00,0xc7,0x13,0x01,0x00,0x47,0x15,0x01,0x00,0x87,0xfe,0x00,0x00,0x87,0x16,0x01,0x00,
0x87,0x18,0x01,0x00,0x47,0x1a,0x01,0x00,0xc7,0xf7,0x00,0x00,0x87,0x1e,0x01,0x00,0x07,0x22,0x01,0x00,
0x2d,0x05,0x0b,0xd1,0xeb,0x00,0x14,0x58,0x06,0x0c,0x58,0x07,0x0d,0x36,0x00,0x18,0x0e,0x58,0x07,0x0f,
0x35,0x00,0x18,0x10,0x58,0x00,0x11,0x3c,0x00,0x13,0x18,0x12,0x58,0x06,0x14,0xeb,0x01,0x41,0x08,0x15,
0x2c,0x01,0x28,0xda,0xeb,0x02,0x2d,0x05,0x16,0xd1,0xeb,0x03,0x14,0x58,0x06,0x0c,0x58,0x07,0x0d,0x35,
0x00,0x18,0x0e,0x58,0x09,0x0f,0x35,0x00,0x18,0x10,0x58,0x03,0x11,0x3c,0x03,0x13,0x18,0x12,0x58,0x06,
0x14,0xeb,0x04,0x41,0x08,0x15,0x2c,0x04,0x28,0xda,0xeb,0x02,0x41,0x0a,0x17,0x2d,0x18,0x02,0x3b,0x19,
0xd9,0x56,0x00,0x7c,0x86,0x32,0xa9,0x02,0x40,0x2d,0x47,0x00,0x87,0x1c,0x00,0x00,0x07,0x00,0x01,0x00,
0x30,0x10,0x02,0x00,0xc8,0x27,0x47,0x00,0x00,0x02,0x04,0x04,0xc7,0xed,0x00,0x00,0xc7,0x07,0x00,0x00,
0x07,0x13,0x00,0x00,0x87,0x59,0x00,0x00,0x3c,0x00,0x02,0x14,0xe5,0x03,0x2c,0x01,0xca,0x56,0x00,0x00,
0x55,0x32,0xb0,0x02,0x70,0x29,0x47,0x00,0x87,0x1a,0x00,0x00,0x07,0x00,0x6d,0x6f,0x64,0x75,0x6c,0x65,
0x73,0x00,0x11,0x00,0x6d,0x6f,0x64,0x5f,0x67,0x6c,0x6f,0x62,0x61,0x6c,0x5f,0x63,0x6f,0x6e,0x66,0x69,
0x67,0x00,0x06,0x00,0x6d,0x6f,0x64,0x75,0x6c,0x65,0x16,0x00,0x47,0x4c,0x4f,0x42,0x41,0x4c,0x5f,0x46,
0x49,0x4c,0x45,0x5f,0x53,0x41,0x56,0x45,0x5f,0x43,0x4f,0x56,0x45,0x52,0x0b,0x00,0x53,0x41,0x56,0x45,
0x5f,0x43,0x4f,0x4e,0x46,0x49,0x47,0x00,0x16,0x00,0x47,0x4c,0x4f,0x42,0x41,0x4c,0x5f,0x53,0x54,0x52,
0x49,0x4e,0x47,0x5f,0x32,0x5f,0x48,0x45,0x58,0x41,0x52,0x52,0x07,0x00,0x72,0x65,0x71,0x75,0x69,0x72,
0x65,0x00,0x15,0x00,0x6d,0x6f,0x64,0x5f,0x67,0x6c,0x6f,0x62,0x61,0x6c,0x5f,0x61,0x70,0x70,0x5f,0x6d,
0x61,0x6e,0x61,0x67,0x65,0x00,0x0f,0x00,0x47,0x4c,0x4f,0x42,0x41,0x4c,0x5f,0x47,0x45,0x54,0x5f,0x46,
0x49,0x4c,0x45,0x00,0x0d,0x00,0x47,0x4c,0x4f,0x42,0x41,0x4c,0x5f,0x43,0x4f,0x4e,0x46,0x49,0x47,0x00,
0x0a,0x00,0x69,0x6e,0x63,0x56,0x6f,0x75,0x63,0x68,0x4e,0x6f,0x0f,0x00,0x73,0x61,0x76,0x65,0x53,0x74,
0x75,0x64,0x65,0x6e,0x74,0x49,0x6e,0x66,0x6f,0x00,0x0c,0x00,0x73,0x61,0x76,0x65,0x55,0x73,0x65,0x72,
0x49,0x6e,0x66,0x6f,0x0d,0x00,0x63,0x6c,0x65,0x61,0x72,0x55,0x73,0x65,0x72,0x49,0x6e,0x66,0x6f,0x00,
0x0a,0x00,0x69,0x6e,0x6a,0x65,0x63,0x74,0x4b,0x65,0x79,0x73,0x10,0x00,0x73,0x61,0x76,0x65,0x54,0x72,
0x61,0x6e,0x73,0x61,0x63,0x74,0x69,0x6f,0x6e,0x73,0x06,0x00,0x63,0x6f,0x6e,0x66,0x69,0x67,0x06,0x00,
0x74,0x65,0x72,0x6d,0x49,0x64,0x08,0x00,0x30,0x30,0x30,0x30,0x30,0x32,0x31,0x39,0x0a,0x00,0x6d,0x65,
0x72,0x63,0x68,0x61,0x6e,0x74,0x49,0x64,0x0c,0x00,0x6c,0x69,0x6e,0x6a,0x69,0x61,0x6e,0x7a,0x68,0x61,
0x6e,0x67,0x0c,0x00,0x6d,0x65,0x72,0x63,0x68,0x61,0x6e,0x74,0x4e,0x61,0x6d,0x65,0x07,0x00,0x54,0x6f,
0x70,0x77,0x69,0x73,0x65,0x00,0x04,0x00,0x74,0x70,0x64,0x75,0x0a,0x00,0x36,0x30,0x30,0x30,0x33,0x38,
0x30,0x30,0x30,0x30,0x04,0x00,0x68,0x65,0x61,0x64,0x0c,0x00,0x36,0x30,0x33,0x32,0x30,0x30,0x33,0x32,
0x32,0x30,0x31,0x32,0x07,0x00,0x70,0x61,0x72,0x74,0x6e,0x65,0x72,0x00,0x06,0x00,0x50,0x69,0x78,0x50,
0x61,0x79,0x07,0x00,0x74,0x69,0x6d,0x65,0x6f,0x75,0x74,0x00,0x0a,0x00,0x72,0x65,0x73,0x65,0x6e,0x64,
0x54,0x69,0x6d,0x65,0x09,0x00,0x76,0x6f,0x75,0x63,0x68,0x65,0x72,0x4e,0x6f,0x00,0x07,0x00,0x62,0x61,
0x74,0x63,0x68,0x4e,0x4f,0x00,0x0b,0x00,0x6d,0x61,0x78,0x54,0x72,0x61,0x6e,0x73,0x4e,0x75,0x6d,0x00,
0x0c,0x00,0x6d,0x61,0x78,0x52,0x65,0x66,0x75,0x6e,0x64,0x41,0x6d,0x74,0x0b,0x00,0x73,0x65,0x63,0x75,
0x72,0x69,0x74,0x79,0x50,0x77,0x64,0x00,0x08,0x00,0x38,0x38,0x38,0x38,0x38,0x38,0x38,0x38,0x0b,0x00,
0x6f,0x70,0x65,0x72,0x61,0x74,0x6f,0x72,0x50,0x77,0x64,0x00,0x06,0x00,0x38,0x38,0x38,0x38,0x38,0x38,
0x0a,0x00,0x70,0x72,0x69,0x6e,0x74,0x43,0x6f,0x75,0x6e,0x74,0x09,0x00,0x70,0x72,0x69,0x6e,0x74,0x47,
0x72,0x61,0x79,0x00,0x0c,0x00,0x65,0x53,0x69,0x67,0x6e,0x53,0x75,0x70,0x70,0x6f,0x72,0x74,0x0c,0x00,
0x72,0x65,0x76,0x65,0x72,0x73,0x65,0x6c,0x54,0x69,0x6d,0x65,0x0c,0x00,0x72,0x65,0x76,0x65,0x72,0x73,
0x65,0x6c,0x54,0x79,0x70,0x65,0x0b,0x00,0x63,0x6f,0x75,0x6e,0x74,0x72,0x79,0x43,0x6f,0x64,0x65,0x00,
0x03,0x00,0x31,0x35,0x36,0x00,0x0b,0x00,0x73,0x74,0x75,0x64,0x65,0x6e,0x74,0x49,0x6e,0x66,0x6f,0x00,
0x0b,0x00,0x41,0x64,0x6d,0x69,0x73,0x73,0x69,0x6f,0x6e,0x4e,0x6f,0x00,0x00,0x00,0x05,0x00,0x43,0x6c,
0x61,0x73,0x73,0x00,0x09,0x00,0x46,0x69,0x72,0x73,0x74,0x4e,0x61,0x6d,0x65,0x00,0x0a,0x00,0x4d,0x69,
0x64,0x64,0x6c,0x65,0x4e,0x61,0x6d,0x65,0x08,0x00,0x53,0x63,0x68,0x6f,0x6f,0x6c,0x49,0x64,0x0e,0x00,
0x53,0x63,0x68,0x6f,0x6f,0x6c,0x4c,0x6f,0x63,0x61,0x74,0x69,0x6f,0x6e,0x0a,0x00,0x53,0x63,0x68,0x6f,
0x6f,0x6c,0x4c,0x6f,0x67,0x6f,0x0a,0x00,0x53,0x63,0x68,0x6f,0x6f,0x6c,0x4e,0x61,0x6d,0x65,0x07,0x00,
0x53,0x75,0x72,0x6e,0x61,0x6d,0x65,0x00,0x08,0x00,0x75,0x73,0x65,0x72,0x49,0x6e,0x66,0x6f,0x06,0x00,
0x75,0x73,0x65,0x72,0x49,0x64,0x0a,0x00,0x75,0x73,0x65,0x72,0x52,0x6f,0x6c,0x65,0x49,0x64,0x08,0x00,
0x75,0x73,0x65,0x72,0x54,0x79,0x70,0x65,0x0d,0x00,0x75,0x73,0x65,0x72,0x46,0x69,0x72,0x73,0x74,0x4e,
0x61,0x6d,0x65,0x00,0x10,0x00,0x6f,0x72,0x67,0x61,0x6e,0x69,0x73,0x61,0x74,0x69,0x6f,0x6e,0x4e,0x61,
0x6d,0x65,0x0e,0x00,0x6f,0x72,0x67,0x61,0x6e,0x69,0x73,0x61,0x74,0x69,0x6f,0x6e,0x49,0x64,0x13,0x00,
0x6f,0x72,0x67,0x61,0x6e,0x69,0x73,0x61,0x74,0x69,0x6f,0x6e,0x41,0x64,0x64,0x72,0x65,0x73,0x73,0x00,
0x0e,0x00,0x75,0x73,0x65,0x72,0x4d,0x69,0x64,0x64,0x6c,0x65,0x4e,0x61,0x6d,0x65,0x0c,0x00,0x75,0x73,
0x65,0x72,0x4c,0x61,0x73,0x74,0x4e,0x61,0x6d,0x65,0x09,0x00,0x75,0x73,0x65,0x72,0x50,0x68,0x6f,0x6e,
0x65,0x00,0x09,0x00,0x75,0x73,0x65,0x72,0x45,0x6d,0x61,0x69,0x6c,0x00,0x0a,0x00,0x75,0x73,0x65,0x72,
0x53,0x74,0x61,0x74,0x75,0x73,0x0d,0x00,0x75,0x73,0x65,0x72,0x43,0x72,0x65,0x61,0x74,0x65,0x64,0x41,
0x74,0x00,0x0d,0x00,0x75,0x73,0x65,0x72,0x55,0x70,0x64,0x61,0x74,0x65,0x64,0x41,0x74,0x00,0x0a,0x00,
0x70,0x72,0x69,0x76,0x69,0x6c,0x65,0x67,0x65,0x73,0x05,0x00,0x74,0x6f,0x6b,0x65,0x6e,0x00,0x0c,0x00,
0x72,0x65,0x73,0x70,0x6f,0x6e,0x73,0x65,0x43,0x6f,0x64,0x65,0x0f,0x00,0x72,0x65,0x73,0x70,0x6f,0x6e,
0x73,0x65,0x4d,0x65,0x73,0x73,0x61,0x67,0x65,0x00,0x08,0x00,0x74,0x65,0x72,0x6d,0x69,0x6e,0x61,0x6c,
0x0a,0x00,0x74,0x65,0x72,0x6d,0x69,0x6e,0x61,0x6c,0x49,0x64,0x14,0x00,0x74,0x65,0x72,0x6d,0x69,0x6e,
0x61,0x6c,0x53,0x65,0x72,0x69,0x61,0x6c,0x4e,0x75,0x6d,0x62,0x65,0x72,0x16,0x00,0x74,0x65,0x72,0x6d,
0x69,0x6e,0x61,0x6c,0x4f,0x72,0x67,0x61,0x6e,0x69,0x73,0x61,0x74,0x69,0x6f,0x6e,0x49,0x64,0x15,0x00,
0x74,0x65,0x72,0x6d,0x69,0x6e,0x61,0x6c,0x41,0x63,0x63,0x6f,0x75,0x6e,0x74,0x4e,0x75,0x6d,0x62,0x65,
0x72,0x00,0x1b,0x00,0x74,0x65,0x72,0x6d,0x69,0x6e,0x61,0x6c,0x43,0x61,0x6c,0x6c,0x48,0x6f,0x6d,0x65,
0x54,0x69,0x6d,0x65,0x49,0x6e,0x48,0x6f,0x75,0x72,0x73,0x00,0x16,0x00,0x74,0x65,0x72,0x6d,0x69,0x6e,
0x61,0x6c,0x43,0x61,0x72,0x64,0x41,0x63,0x63,0x65,0x70,0x74,0x6f,0x72,0x49,0x64,0x13,0x00,0x74,0x65,
0x72,0x6d,0x69,0x6e,0x61,0x6c,0x43,0x6f,0x75,0x6e,0x74,0x72,0x79,0x43,0x6f,0x64,0x65,0x00,0x14,0x00,
0x74,0x65,0x72,0x6d,0x69,0x6e,0x61,0x6c,0x43,0x75,0x72,0x72,0x65,0x6e,0x63,0x79,0x43,0x6f,0x64,0x65,
0x0b,0x00,0x74,0x65,0x72,0x6d,0x69,0x6e,0x61,0x6c,0x4d,0x63,0x63,0x00,0x1c,0x00,0x74,0x65,0x72,0x6d,
0x69,0x6e,0x61,0x6c,0x4d,0x65,0x72,0x63,0x68,0x61,0x6e,0x74,0x4e,0x61,0x6d,0x65,0x4c,0x6f,0x63,0x61,
0x74,0x69,0x6f,0x6e,0x18,0x00,0x74,0x65,0x72,0x6d,0x69,0x6e,0x61,0x6c,0x54,0x69,0x6d,0x65,0x4f,0x75,
0x74,0x49,0x6e,0x53,0x65,0x63,0x6f,0x6e,0x64,0x73,0x0b,0x00,0x74,0x65,0x72,0x6d,0x69,0x6e,0x61,0x6c,
0x50,0x69,0x6e,0x00,0x0e,0x00,0x74,0x65,0x72,0x6d,0x69,0x6e,0x61,0x6c,0x53,0x74,0x61,0x74,0x75,0x73,
0x11,0x00,0x74,0x65,0x72,0x6d,0x69,0x6e,0x61,0x6c,0x43,0x72,0x65,0x61,0x74,0x65,0x64,0x41,0x74,0x00,
0x11,0x00,0x74,0x65,0x72,0x6d,0x69,0x6e,0x61,0x6c,0x55,0x70,0x64,0x61,0x74,0x65,0x64,0x41,0x74,0x00,
0x03,0x00,0x74,0x69,0x64,0x00,0x0c,0x00,0x6f,0x72,0x67,0x61,0x6e,0x69,0x73,0x61,0x74,0x69,0x6f,0x6e,
0x16,0x00,0x6f,0x72,0x67,0x61,0x6e,0x69,0x73,0x61,0x74,0x69,0x6f,0x6e,0x43,0x75,0x73,0x74,0x6f,0x6d,
0x65,0x72,0x49,0x64,0x19,0x00,0x6f,0x72,0x67,0x61,0x6e,0x69,0x73,0x61,0x74,0x69,0x6f,0x6e,0x41,0x63,
0x63,0x6f,0x75,0x6e,0x74,0x4e,0x75,0x6d,0x62,0x65,0x72,0x00,0x10,0x00,0x6f,0x72,0x67,0x61,0x6e,0x69,
0x73,0x61,0x74,0x69,0x6f,0x6e,0x4c,0x6f,0x67,0x6f,0x1e,0x00,0x6f,0x72,0x67,0x61,0x6e,0x69,0x73,0x61,
0x74,0x69,0x6f,0x6e,0x52,0x65,0x67,0x69,0x73,0x74,0x72,0x61,0x74,0x69,0x6f,0x6e,0x4e,0x75,0x6d,0x62,
0x65,0x72,0x1c,0x00,0x6f,0x72,0x67,0x61,0x6e,0x69,0x73,0x61,0x74,0x69,0x6f,0x6e,0x52,0x65,0x67,0x69,
0x73,0x74,0x72,0x61,0x74,0x69,0x6f,0x6e,0x44,0x61,0x74,0x65,0x11,0x00,0x6f,0x72,0x67,0x61,0x6e,0x69,
0x73,0x61,0x74,0x69,0x6f,0x6e,0x50,0x68,0x6f,0x6e,0x65,0x00,0x11,0x00,0x6f,0x72,0x67,0x61,0x6e,0x69,
0x73,0x61,0x74,0x69,0x6f,0x6e,0x45,0x6d,0x61,0x69,0x6c,0x00,0x10,0x00,0x6f,0x72,0x67,0x61,0x6e,0x69,
0x73,0x61,0x74,0x69,0x6f,0x6e,0x54,0x79,0x70,0x65,0x13,0x00,0x6f,0x72,0x67,0x61,0x6e,0x69,0x73,0x61,
0x74,0x69,0x6f,0x6e,0x57,0x65,0x62,0x73,0x69,0x74,0x65,0x00,0x18,0x00,0x6f,0x72,0x67,0x61,0x6e,0x69,
0x73,0x61,0x74,0x69,0x6f,0x6e,0x49,0x6e,0x64,0x75,0x73,0x74,0x72,0x79,0x54,0x79,0x70,0x65,0x11,0x00,
0x6f,0x72,0x67,0x61,0x6e,0x69,0x73,0x61,0x74,0x69,0x6f,0x6e,0x53,0x74,0x61,0x67,0x65,0x00,0x18,0x00,
0x6f,0x72,0x67,0x61,0x6e,0x69,0x73,0x61,0x74,0x69,0x6f,0x6e,0x52,0x65,0x66,0x65,0x72,0x72,0x61,0x6c,
0x43,0x6f,0x64,0x65,0x16,0x00,0x6f,0x72,0x67,0x61,0x6e,0x69,0x73,0x61,0x74,0x69,0x6f,0x6e,0x49,0x6e,
0x76,0x69,0x74,0x65,0x43,0x6f,0x64,0x65,0x12,0x00,0x6f,0x72,0x67,0x61,0x6e,0x69,0x73,0x61,0x74,0x69,
0x6f,0x6e,0x52,0x6f,0x6c,0x65,0x49,0x64,0x12,0x00,0x6f,0x72,0x67,0x61,0x6e,0x69,0x73,0x61,0x74,0x69,
0x6f,0x6e,0x53,0x74,0x61,0x74,0x75,0x73,0x15,0x00,0x6f,0x72,0x67,0x61,0x6e,0x69,0x73,0x61,0x74,0x69,
0x6f,0x6e,0x43,0x72,0x65,0x61,0x74,0x65,0x64,0x41,0x74,0x00,0x15,0x00,0x6f,0x72,0x67,0x61,0x6e,0x69,
0x73,0x61,0x74,0x69,0x6f,0x6e,0x55,0x70,0x64,0x61,0x74,0x65,0x64,0x41,0x74,0x00,0x05,0x00,0x74,0x68,
0x65,0x6d,0x65,0x00,0x07,0x00,0x70,0x72,0x69,0x6d,0x61,0x72,0x79,0x00,0x09,0x00,0x23,0x64,0x32,0x64,
0x32,0x64,0x33,0x62,0x39,0x00,0x0c,0x00,0x70,0x72,0x69,0x6d,0x61,0x72,0x79,0x5f,0x62,0x6f,0x6c,0x64,
0x07,0x00,0x23,0x33,0x46,0x33,0x46,0x33,0x46,0x00,0x09,0x00,0x73,0x65,0x63,0x6f,0x6e,0x64,0x61,0x72,
0x79,0x00,0x09,0x00,0x23,0x46,0x46,0x39,0x39,0x30,0x30,0x46,0x46,0x00,0x05,0x00,0x6c,0x69,0x67,0x68,
0x74,0x00,0x07,0x00,0x23,0x46,0x46,0x46,0x46,0x46,0x46,0x00,0x04,0x00,0x64,0x61,0x72,0x6b,0x07,0x00,
0x23,0x30,0x30,0x30,0x30,0x30,0x30,0x00,0x0c,0x00,0x6e,0x65,0x74,0x77,0x6f,0x72,0x6b,0x50,0x61,0x72,
0x61,0x6d,0x08,0x00,0x61,0x64,0x64,0x72,0x5f,0x6c,0x65,0x6e,0x04,0x00,0x70,0x6f,0x72,0x74,0x04,0x00,
0x61,0x64,0x64,0x72,0x08,0x00,0x73,0x6f,0x63,0x5f,0x74,0x79,0x70,0x65,0x0c,0x00,0x74,0x72,0x61,0x6e,
0x73,0x61,0x63,0x74,0x69,0x6f,0x6e,0x73,0x04,0x00,0x69,0x6e,0x69,0x74,0x03,0x00,0x54,0x6f,0x73,0x00,
0x04,0x00,0x4a,0x53,0x4f,0x4e,0x09,0x00,0x73,0x74,0x72,0x69,0x6e,0x67,0x69,0x66,0x79,0x00,0x05,0x00,
0x73,0x70,0x6c,0x69,0x74,0x00,0x03,0x00,0x6d,0x61,0x70,0x00,0x08,0x00,0x43,0x4f,0x4e,0x53,0x54,0x41,
0x4e,0x54,0x08,0x00,0x66,0x69,0x6c,0x65,0x50,0x61,0x74,0x68,0x0a,0x00,0x63,0x68,0x61,0x72,0x43,0x6f,
0x64,0x65,0x41,0x74,0x07,0x00,0x63,0x6f,0x6e,0x73,0x6f,0x6c,0x65,0x00,0x03,0x00,0x6c,0x6f,0x67,0x00,
0x12,0x00,0x73,0x74,0x75,0x64,0x65,0x6e,0x74,0x49,0x6e,0x66,0x6f,0x20,0x3d,0x3d,0x3d,0x3e,0x2c,0x20,
0x0f,0x00,0x75,0x73,0x65,0x72,0x49,0x6e,0x66,0x6f,0x20,0x3d,0x3d,0x3d,0x3e,0x2c,0x20,0x00,0x08,0x00,
0x70,0x61,0x72,0x73,0x65,0x49,0x6e,0x74,0x06,0x00,0x6c,0x65,0x6e,0x67,0x74,0x68,0x01,0x00,0x30,0x00,
0x02,0x00,0x30,0x78,0x06,0x00,0x73,0x75,0x62,0x73,0x74,0x72,0x04,0x00,0x70,0x75,0x73,0x68,0x13,0x00,
0x53,0x59,0x4d,0x4d,0x45,0x54,0x52,0x49,0x43,0x5f,0x43,0x52,0x59,0x50,0x54,0x5f,0x44,0x45,0x53,0x00,
0x0b,0x00,0x4b,0x45,0x59,0x54,0x59,0x50,0x45,0x5f,0x54,0x4d,0x4b,0x00,0x0b,0x00,0x4b,0x45,0x59,0x54,
0x59,0x50,0x45,0x5f,0x50,0x45,0x4b,0x00,0x20,0x00,0x33,0x31,0x33,0x31,0x33,0x31,0x33,0x31,0x33,0x31,
0x33,0x31,0x33,0x31,0x33,0x31,0x33,0x31,0x33,0x31,0x33,0x31,0x33,0x31,0x33,0x31,0x33,0x31,0x33,0x31,
0x33,0x31,0x0d,0x00,0x73,0x72,0x63,0x5f,0x61,0x6c,0x67,0x6f,0x5f,0x74,0x79,0x70,0x65,0x00,0x08,0x00,
0x73,0x72,0x63,0x5f,0x74,0x79,0x70,0x65,0x07,0x00,0x73,0x72,0x63,0x5f,0x69,0x64,0x78,0x00,0x08,0x00,
0x64,0x73,0x74,0x5f,0x74,0x79,0x70,0x65,0x07,0x00,0x64,0x73,0x74,0x5f,0x69,0x64,0x78,0x00,0x09,0x00,
0x64,0x73,0x74,0x5f,0x76,0x61,0x6c,0x75,0x65,0x00,0x07,0x00,0x64,0x73,0x74,0x5f,0x6c,0x65,0x6e,0x00,
0x0d,0x00,0x64,0x73,0x74,0x5f,0x61,0x6c,0x67,0x6f,0x5f,0x74,0x79,0x70,0x65,0x00,0x0b,0x00,0x50,0x65,
0x64,0x57,0x72,0x69,0x74,0x65,0x4b,0x65,0x79,0x00,0x20,0x00,0x30,0x30,0x30,0x30,0x30,0x30,0x30,0x30,
0x30,0x30,0x30,0x30,0x30,0x30,0x30,0x30,0x30,0x30,0x30,0x30,0x30,0x30,0x30,0x30,0x30,0x30,0x30,0x30,
0x30,0x30,0x30,0x30,0x19,0x00,0x69,0x6e,0x6a,0x65,0x63,0x74,0x20,0x70,0x69,0x6e,0x6b,0x65,0x79,0x20,
0x6b,0x65,0x79,0x20,0x72,0x65,0x73,0x75,0x6c,0x74,0x20,0x00,0x04,0x00,0x63,0x6f,0x64,0x65,0x00,0x00,
0x00,0x00,};/*4542*/
