TK_CONST_DATA_ALIGN(const unsigned char script_mod_global_constant[]) = {
0x07,0x00,0x01,0x01,0x8a,0x09,0x00,0x00,0x00,0x00,0x00,0x00,0x6d,0x6f,0x64,0x5f,0x67,0x6c,0x6f,0x62,
0x61,0x6c,0x5f,0x63,0x6f,0x6e,0x73,0x74,0x61,0x6e,0x74,0x00,0x00,0x00,0x00,0x00,0x00,0x00,0x00,0x00,
0x00,0x00,0x00,0x00,0x4a,0x52,0x52,0x59,0x46,0x00,0x00,0x00,0x00,0x00,0x00,0x00,0xd0,0x03,0x00,0x00,
0x01,0x00,0x00,0x00,0x18,0x00,0x00,0x00,0x07,0x00,0x01,0x00,0x10,0x30,0x03,0x00,0xc8,0x27,0x47,0x00,
0x01,0x01,0x04,0x05,0x07,0x00,0x00,0x00,0x47,0x01,0x00,0x00,0x07,0x04,0x00,0x00,0x38,0x00,0x00,0x00,
0x3d,0x01,0x14,0xe7,0x02,0x00,0x10,0x04,0x03,0x3d,0x01,0x3b,0x02,0x33,0xd8,0x56,0x18,0x28,0x47,0x00,
0x07,0xb7,0x00,0x00,0x06,0x00,0x01,0x00,0x30,0x10,0x03,0x02,0xc8,0x27,0x47,0x00,0x03,0x03,0x04,0x05,
0x07,0x05,0x00,0x00,0x30,0x00,0x00,0x00,0x53,0x04,0x02,0x2f,0x00,0x03,0x02,0xdc,0x56,0x00,0x00,0x00,
0x07,0x94,0x2b,0x02,0x38,0x28,0x47,0x00,0x07,0x04,0x00,0x00,0x63,0x00,0x01,0x00,0x30,0x10,0x02,0x00,
0xc8,0x27,0x47,0x00,0x00,0x00,0x78,0x79,0x47,0x07,0x00,0x00,0x80,0x70,0x00,0x00,0x87,0x09,0x00,0x00,
0x07,0x0b,0x00,0x00,0xc7,0x0b,0x00,0x00,0x47,0x0d,0x00,0x00,0x47,0x0e,0x00,0x00,0x87,0x0f,0x00,0x00,
0x87,0x11,0x00,0x00,0xc7,0x12,0x00,0x00,0xc7,0x14,0x00,0x00,0x07,0x16,0x00,0x00,0x47,0x17,0x00,0x00,
0x47,0x19,0x00,0x00,0x07,0x1b,0x00,0x00,0x87,0x1c,0x00,0x00,0x87,0x1d,0x00,0x00,0x47,0x1e,0x00,0x00,
0x47,0x1f,0x00,0x00,0xc7,0x1f,0x00,0x00,0x47,0x20,0x00,0x00,0x87,0x21,0x00,0x00,0xc7,0x22,0x00,0x00,
0x07,0x24,0x00,0x00,0x87,0x24,0x00,0x00,0xc7,0x25,0x00,0x00,0x47,0x27,0x00,0x00,0x87,0x28,0x00,0x00,
0x87,0x29,0x00,0x00,0x07,0x2a,0x00,0x00,0x47,0x2b,0x00,0x00,0x47,0x2c,0x00,0x00,0x87,0x2d,0x00,0x00,
0x07,0x2f,0x00,0x00,0x87,0x2f,0x00,0x00,0x87,0x30,0x00,0x00,0x47,0x31,0x00,0x00,0x87,0x32,0x00,0x00,
0x47,0x33,0x00,0x00,0x07,0x36,0x00,0x00,0xc7,0x36,0x00,0x00,0x87,0x37,0x00,0x00,0x87,0x3a,0x00,0x00,
0x47,0x3b,0x00,0x00,0x07,0x3d,0x00,0x00,0xc7,0x3d,0x00,0x00,0xc7,0x3f,0x00,0x00,0x87,0x40,0x00,0x00,
0x87,0x42,0x00,0x00,0x47,0x43,0x00,0x00,0x07,0x46,0x00,0x00,0xc7,0x46,0x00,0x00,0xc7,0x48,0x00,0x00,
0x87,0x49,0x00,0x00,0x47,0x4b,0x00,0x00,0x07,0x4c,0x00,0x00,0x87,0x4e,0x00,0x00,0x47,0x4f,0x00,0x00,
0x47,0x51,0x00,0x00,0x07,0x52,0x00,0x00,0xc7,0x53,0x00,0x00,0x87,0x54,0x00,0x00,0x47,0x57,0x00,0x00,
0x07,0x58,0x00,0x00,0x47,0x5b,0x00,0x00,0x07,0x5c,0x00,0x00,0x47,0x5f,0x00,0x00,0x07,0x60,0x00,0x00,
0x87,0x62,0x00,0x00,0x47,0x63,0x00,0x00,0xc7,0x65,0x00,0x00,0x87,0x66,0x00,0x00,0x07,0x69,0x00,0x00,
0xc7,0x69,0x00,0x00,0x47,0x6b,0x00,0x00,0x07,0x6c,0x00,0x00,0xc7,0x6e,0x00,0x00,0x87,0x6f,0x00,0x00,
0x07,0x72,0x00,0x00,0xc7,0x72,0x00,0x00,0x87,0x75,0x00,0x00,0x47,0x76,0x00,0x00,0xc7,0x78,0x00,0x00,
0x87,0x79,0x00,0x00,0x47,0x7b,0x00,0x00,0x07,0x7c,0x00,0x00,0x87,0x7e,0x00,0x00,0x47,0x7f,0x00,0x00,
0x87,0x84,0x00,0x00,0x47,0x85,0x00,0x00,0x47,0x8a,0x00,0x00,0x07,0x8b,0x00,0x00,0x47,0x8d,0x00,0x00,
0x07,0x8e,0x00,0x00,0x07,0x90,0x00,0x00,0xc7,0x90,0x00,0x00,0x07,0x93,0x00,0x00,0xc7,0x93,0x00,0x00,
0x87,0x94,0x00,0x00,0x47,0x96,0x00,0x00,0x07,0x97,0x00,0x00,0x87,0x99,0x00,0x00,0x47,0x9a,0x00,0x00,
0x07,0x9e,0x00,0x00,0xc7,0x9e,0x00,0x00,0xc7,0xa0,0x00,0x00,0x87,0xa1,0x00,0x00,0xc7,0xa3,0x00,0x00,
0x87,0xa4,0x00,0x00,0x07,0xa7,0x00,0x00,0xc7,0xa7,0x00,0x00,0x47,0xaa,0x00,0x00,0x07,0xab,0x00,0x00,
0x87,0xac,0x00,0x00,0x87,0xad,0x00,0x00,0x47,0xaf,0x00,0x00,0x87,0xb0,0x00,0x00,0xc7,0xb1,0x00,0x00,
0xc7,0xb2,0x00,0x00,0x47,0xb4,0x00,0x00,0x18,0x03,0x00,0x00,0x2c,0x01,0xe8,0x00,0x14,0x34,0x18,0x03,
0x35,0x00,0x18,0x04,0x35,0x01,0x18,0x05,0x35,0x02,0x18,0x06,0x35,0x03,0x18,0x07,0x35,0x04,0x18,0x08,
0x35,0x05,0x18,0x09,0x35,0x06,0x18,0x0a,0x35,0x07,0x18,0x0b,0x35,0x08,0x18,0x0c,0x35,0x09,0x18,0x0d,
0xe8,0x02,0x14,0x35,0x00,0x18,0x0f,0x35,0x01,0x18,0x10,0x35,0x02,0x18,0x11,0x35,0x05,0x18,0x12,0x35,
0x08,0x18,0x13,0xe8,0x0e,0x14,0x58,0x15,0x15,0x9a,0x15,0x17,0x99,0x16,0x18,0x16,0x9a,0x15,0x17,0x99,
0x18,0x18,0x18,0x9a,0x15,0x17,0x99,0x16,0x99,0x17,0x99,0x1a,0x18,0x19,0x9a,0x15,0x17,0x99,0x16,0x99,
0x17,0x99,0x1c,0x18,0x1b,0x9a,0x15,0x17,0x99,0x1d,0x18,0x1d,0x9a,0x15,0x17,0x99,0x1f,0x18,0x1e,0x9a,
0x15,0x17,0x99,0x18,0x99,0x17,0x99,0x21,0x18,0x20,0xe8,0x14,0x14,0x58,0x24,0x23,0x58,0x26,0x25,0x58,
0x26,0x27,0x58,0x29,0x28,0x58,0x2b,0x2a,0x58,0x2d,0x2c,0x58,0x2f,0x2e,0x58,0x31,0x30,0x58,0x33,0x32,
0x58,0x35,0x34,0x58,0x37,0x36,0x58,0x39,0x38,0x58,0x3b,0x3a,0x58,0x3d,0x3c,0x58,0x3f,0x3e,0x58,0x41,
0x40,0x58,0x43,0x42,0x58,0x45,0x44,0x58,0x47,0x46,0x58,0x49,0x48,0x58,0x4b,0x4a,0x58,0x4d,0x4c,0x58,
0x4f,0x4e,0x58,0x51,0x50,0x58,0x53,0x52,0x58,0x55,0x54,0x58,0x57,0x56,0x58,0x59,0x58,0x58,0x5b,0x5a,
0x58,0x5d,0x5c,0x58,0x5f,0x5e,0x58,0x43,0x60,0x58,0x62,0x61,0x58,0x64,0x63,0x58,0x66,0x65,0x58,0x68,
0x67,0x58,0x6a,0x69,0x58,0x6c,0x6b,0x58,0x6e,0x6d,0x58,0x70,0x6f,0x58,0x72,0x71,0x58,0x74,0x73,0x58,
0x76,0x75,0xe8,0x22,0x2c,0x78,0xe8,0x77,0x56,0x00,0x00,0x00,0x27,0x93,0x4e,0x02,0x88,0x2c,0x47,0x00,
0x07,0x05,0x00,0x00,0x07,0x00,0x01,0x00,0x30,0x10,0x03,0x00,0xc8,0x27,0x47,0x00,0x00,0x01,0x02,0x02,
0x07,0xb5,0x00,0x00,0xc7,0xb5,0x00,0x00,0x3c,0x00,0x01,0x60,0x11,0x07,0x2d,0x00,0x01,0x14,0xdc,0x2d,
0x00,0x01,0x33,0xdc,0x56,0x00,0x00,0x00,0x69,0x06,0x93,0x02,0x28,0x28,0x47,0x00,0x47,0xb4,0x00,0x00,
0x07,0x00,0x6d,0x6f,0x64,0x75,0x6c,0x65,0x73,0x00,0x13,0x00,0x6d,0x6f,0x64,0x5f,0x67,0x6c,0x6f,0x62,
0x61,0x6c,0x5f,0x63,0x6f,0x6e,0x73,0x74,0x61,0x6e,0x74,0x00,0x06,0x00,0x6d,0x6f,0x64,0x75,0x6c,0x65,
0x0f,0x00,0x47,0x4c,0x4f,0x42,0x41,0x4c,0x5f,0x43,0x4f,0x4e,0x53,0x54,0x41,0x4e,0x54,0x00,0x10,0x00,
0x54,0x52,0x41,0x4e,0x53,0x5f,0x52,0x45,0x43,0x4f,0x52,0x44,0x5f,0x4c,0x45,0x4e,0x0a,0x00,0x54,0x52,
0x41,0x4e,0x53,0x5f,0x54,0x59,0x50,0x45,0x04,0x00,0x53,0x41,0x4c,0x45,0x09,0x00,0x53,0x41,0x4c,0x45,
0x5f,0x56,0x4f,0x49,0x44,0x00,0x06,0x00,0x52,0x45,0x46,0x55,0x4e,0x44,0x08,0x00,0x50,0x52,0x45,0x5f,
0x41,0x55,0x54,0x48,0x0d,0x00,0x50,0x52,0x45,0x5f,0x41,0x55,0x54,0x48,0x5f,0x56,0x4f,0x49,0x44,0x00,
0x08,0x00,0x41,0x55,0x54,0x48,0x5f,0x43,0x4d,0x50,0x0d,0x00,0x41,0x55,0x54,0x48,0x5f,0x43,0x4d,0x50,
0x5f,0x56,0x4f,0x49,0x44,0x00,0x07,0x00,0x42,0x41,0x4c,0x41,0x4e,0x43,0x45,0x00,0x07,0x00,0x51,0x52,
0x5f,0x53,0x41,0x4c,0x45,0x00,0x0d,0x00,0x51,0x52,0x5f,0x4c,0x41,0x53,0x54,0x5f,0x51,0x55,0x45,0x52,
0x59,0x00,0x0c,0x00,0x51,0x52,0x5f,0x53,0x41,0x4c,0x45,0x5f,0x56,0x4f,0x49,0x44,0x0a,0x00,0x45,0x4e,
0x54,0x52,0x59,0x5f,0x4d,0x4f,0x44,0x45,0x06,0x00,0x4d,0x41,0x4e,0x55,0x41,0x4c,0x03,0x00,0x4d,0x41,
0x47,0x00,0x06,0x00,0x49,0x4e,0x53,0x45,0x52,0x54,0x02,0x00,0x52,0x46,0x02,0x00,0x51,0x52,0x08,0x00,
0x66,0x69,0x6c,0x65,0x50,0x61,0x74,0x68,0x07,0x00,0x70,0x61,0x79,0x52,0x6f,0x6f,0x74,0x00,0x08,0x00,
0x72,0x65,0x63,0x6f,0x72,0x44,0x69,0x72,0x01,0x00,0x2f,0x00,0x08,0x00,0x65,0x53,0x69,0x67,0x6e,0x44,
0x69,0x72,0x09,0x00,0x74,0x72,0x61,0x6e,0x69,0x6e,0x64,0x65,0x78,0x00,0x08,0x00,0x74,0x72,0x61,0x6e,
0x69,0x6e,0x64,0x78,0x06,0x00,0x72,0x65,0x63,0x6f,0x72,0x64,0x02,0x00,0x72,0x64,0x07,0x00,0x72,0x65,
0x76,0x65,0x72,0x73,0x65,0x00,0x06,0x00,0x63,0x6f,0x6e,0x66,0x69,0x67,0x07,0x00,0x50,0x61,0x79,0x63,
0x6f,0x6e,0x66,0x00,0x09,0x00,0x65,0x73,0x69,0x67,0x6e,0x46,0x69,0x6c,0x65,0x00,0x02,0x00,0x73,0x67,
0x05,0x00,0x45,0x52,0x52,0x4f,0x52,0x00,0x03,0x00,0x45,0x30,0x30,0x00,0x08,0x00,0x41,0x50,0x50,0x52,
0x4f,0x56,0x45,0x44,0x03,0x00,0x45,0x30,0x31,0x00,0x14,0x00,0x44,0x45,0x43,0x4c,0x49,0x4e,0x45,0x2c,
0x20,0x43,0x41,0x4c,0x4c,0x20,0x49,0x53,0x53,0x55,0x45,0x52,0x03,0x00,0x45,0x30,0x32,0x00,0x03,0x00,
0x45,0x30,0x33,0x00,0x16,0x00,0x49,0x4e,0x56,0x41,0x4c,0x49,0x44,0x20,0x4d,0x49,0x44,0x2c,0x20,0x43,
0x41,0x4c,0x4c,0x20,0x48,0x45,0x4c,0x50,0x03,0x00,0x45,0x30,0x34,0x00,0x0b,0x00,0x50,0x49,0x43,0x4b,
0x55,0x50,0x20,0x43,0x41,0x52,0x44,0x00,0x03,0x00,0x45,0x30,0x35,0x00,0x0d,0x00,0x44,0x4f,0x20,0x4e,
0x4f,0x54,0x20,0x48,0x4f,0x4e,0x4f,0x55,0x52,0x00,0x03,0x00,0x45,0x30,0x36,0x00,0x0d,0x00,0x43,0x41,
0x4c,0x4c,0x20,0x48,0x45,0x4c,0x50,0x2c,0x20,0x30,0x36,0x00,0x03,0x00,0x45,0x31,0x32,0x00,0x13,0x00,
0x49,0x4e,0x56,0x41,0x4c,0x49,0x44,0x20,0x54,0x52,0x41,0x4e,0x53,0x41,0x43,0x54,0x49,0x4f,0x4e,0x00,
0x03,0x00,0x45,0x31,0x33,0x00,0x0e,0x00,0x49,0x4e,0x56,0x41,0x4c,0x49,0x44,0x20,0x41,0x4d,0x4f,0x55,
0x4e,0x54,0x03,0x00,0x45,0x31,0x34,0x00,0x0c,0x00,0x49,0x4e,0x56,0x41,0x4c,0x49,0x44,0x20,0x43,0x41,
0x52,0x44,0x03,0x00,0x45,0x31,0x35,0x00,0x12,0x00,0x42,0x41,0x4e,0x4b,0x20,0x4e,0x4f,0x54,0x20,0x53,
0x55,0x50,0x50,0x4f,0x52,0x54,0x45,0x44,0x03,0x00,0x45,0x32,0x35,0x00,0x0e,0x00,0x54,0x52,0x58,0x4e,
0x20,0x4e,0x4f,0x54,0x20,0x46,0x4f,0x55,0x4e,0x44,0x03,0x00,0x45,0x33,0x30,0x00,0x0c,0x00,0x46,0x4f,
0x52,0x4d,0x41,0x54,0x20,0x45,0x52,0x52,0x4f,0x52,0x03,0x00,0x45,0x33,0x33,0x00,0x14,0x00,0x45,0x58,
0x50,0x49,0x52,0x45,0x44,0x20,0x43,0x41,0x52,0x44,0x2c,0x20,0x50,0x49,0x43,0x4b,0x55,0x50,0x03,0x00,
0x45,0x33,0x34,0x00,0x17,0x00,0x53,0x55,0x53,0x50,0x45,0x43,0x54,0x45,0x44,0x20,0x46,0x52,0x41,0x55,
0x44,0x2c,0x20,0x50,0x49,0x43,0x4b,0x55,0x50,0x00,0x03,0x00,0x45,0x33,0x36,0x00,0x17,0x00,0x52,0x45,
0x53,0x54,0x52,0x49,0x43,0x54,0x45,0x44,0x20,0x43,0x41,0x52,0x44,0x2c,0x20,0x50,0x49,0x43,0x4b,0x55,
0x50,0x00,0x03,0x00,0x45,0x33,0x38,0x00,0x12,0x00,0x50,0x49,0x4e,0x20,0x54,0x52,0x49,0x45,0x53,0x20,
0x45,0x58,0x43,0x45,0x45,0x44,0x45,0x44,0x03,0x00,0x45,0x33,0x39,0x00,0x11,0x00,0x4e,0x4f,0x20,0x43,
0x52,0x45,0x44,0x49,0x54,0x20,0x41,0x43,0x43,0x4f,0x55,0x4e,0x54,0x00,0x03,0x00,0x45,0x34,0x31,0x00,
0x11,0x00,0x4c,0x4f,0x53,0x54,0x20,0x43,0x41,0x52,0x44,0x2c,0x20,0x50,0x49,0x43,0x4b,0x55,0x50,0x00,
0x03,0x00,0x45,0x34,0x32,0x00,0x0a,0x00,0x4e,0x4f,0x20,0x41,0x43,0x43,0x4f,0x55,0x4e,0x54,0x03,0x00,
0x45,0x34,0x33,0x00,0x13,0x00,0x53,0x54,0x4f,0x4c,0x45,0x4e,0x20,0x43,0x41,0x52,0x44,0x2c,0x20,0x50,
0x49,0x43,0x4b,0x55,0x50,0x00,0x03,0x00,0x45,0x35,0x31,0x00,0x12,0x00,0x49,0x4e,0x53,0x55,0x46,0x46,
0x49,0x43,0x49,0x45,0x4e,0x54,0x20,0x46,0x55,0x4e,0x44,0x53,0x03,0x00,0x45,0x35,0x32,0x00,0x13,0x00,
0x4e,0x4f,0x20,0x43,0x48,0x45,0x43,0x4b,0x49,0x4e,0x47,0x20,0x41,0x43,0x43,0x4f,0x55,0x4e,0x54,0x00,
0x03,0x00,0x45,0x35,0x33,0x00,0x12,0x00,0x4e,0x4f,0x20,0x53,0x41,0x56,0x49,0x4e,0x47,0x53,0x20,0x41,
0x43,0x43,0x4f,0x55,0x4e,0x54,0x03,0x00,0x45,0x35,0x34,0x00,0x0c,0x00,0x45,0x58,0x50,0x49,0x52,0x45,
0x44,0x20,0x43,0x41,0x52,0x44,0x03,0x00,0x45,0x35,0x35,0x00,0x11,0x00,0x50,0x49,0x4e,0x20,0x49,0x4e,
0x43,0x4f,0x52,0x52,0x45,0x43,0x54,0x20,0x50,0x49,0x4e,0x00,0x03,0x00,0x45,0x35,0x37,0x00,0x27,0x00,
0x54,0x52,0x41,0x4e,0x53,0x41,0x43,0x54,0x49,0x4f,0x4e,0x20,0x4e,0x4f,0x54,0x20,0x50,0x45,0x52,0x4d,
0x49,0x54,0x54,0x45,0x44,0x20,0x54,0x4f,0x20,0x43,0x41,0x52,0x44,0x48,0x4f,0x4c,0x44,0x45,0x52,0x00,
0x03,0x00,0x45,0x35,0x38,0x00,0x25,0x00,0x54,0x52,0x41,0x4e,0x53,0x41,0x43,0x54,0x49,0x4f,0x4e,0x20,
0x4e,0x4f,0x54,0x20,0x50,0x45,0x52,0x4d,0x49,0x54,0x54,0x45,0x44,0x20,0x4f,0x4e,0x20,0x54,0x45,0x52,
0x4d,0x49,0x4e,0x41,0x4c,0x00,0x03,0x00,0x45,0x35,0x39,0x00,0x0f,0x00,0x53,0x55,0x53,0x50,0x45,0x43,
0x54,0x45,0x44,0x20,0x46,0x52,0x41,0x55,0x44,0x00,0x03,0x00,0x45,0x36,0x31,0x00,0x0d,0x00,0x45,0x58,
0x43,0x45,0x45,0x44,0x53,0x20,0x4c,0x49,0x4d,0x49,0x54,0x00,0x03,0x00,0x45,0x36,0x32,0x00,0x0f,0x00,
0x52,0x45,0x53,0x54,0x52,0x49,0x43,0x54,0x45,0x44,0x20,0x43,0x41,0x52,0x44,0x00,0x03,0x00,0x45,0x37,
0x35,0x00,0x03,0x00,0x45,0x38,0x31,0x00,0x0c,0x00,0x43,0x52,0x59,0x50,0x54,0x4f,0x20,0x45,0x52,0x52,
0x4f,0x52,0x03,0x00,0x45,0x38,0x39,0x00,0x12,0x00,0x49,0x4e,0x56,0x41,0x4c,0x49,0x44,0x20,0x4d,0x49,
0x44,0x20,0x6f,0x72,0x20,0x54,0x49,0x44,0x03,0x00,0x45,0x39,0x31,0x00,0x1b,0x00,0x49,0x53,0x53,0x55,
0x45,0x52,0x20,0x2f,0x20,0x53,0x57,0x49,0x54,0x43,0x48,0x20,0x49,0x4e,0x4f,0x50,0x45,0x52,0x41,0x54,
0x49,0x56,0x45,0x00,0x03,0x00,0x45,0x39,0x32,0x00,0x0d,0x00,0x52,0x4f,0x55,0x54,0x49,0x4e,0x47,0x20,
0x45,0x52,0x52,0x4f,0x52,0x00,0x03,0x00,0x45,0x39,0x35,0x00,0x0f,0x00,0x52,0x45,0x43,0x4f,0x4e,0x43,
0x49,0x4c,0x45,0x20,0x45,0x52,0x52,0x4f,0x52,0x00,0x03,0x00,0x45,0x39,0x36,0x00,0x12,0x00,0x53,0x59,
0x53,0x54,0x45,0x4d,0x20,0x4d,0x41,0x4c,0x46,0x55,0x4e,0x43,0x54,0x49,0x4f,0x4e,0x03,0x00,0x45,0x39,
0x38,0x00,0x12,0x00,0x45,0x58,0x43,0x45,0x45,0x44,0x53,0x20,0x43,0x41,0x53,0x48,0x20,0x4c,0x49,0x4d,
0x49,0x54,0x03,0x00,0x45,0x41,0x30,0x00,0x09,0x00,0x4d,0x41,0x43,0x20,0x45,0x52,0x52,0x4f,0x52,0x00,
0x06,0x00,0x43,0x41,0x4e,0x43,0x45,0x4c,0x0b,0x00,0x55,0x73,0x65,0x72,0x20,0x43,0x61,0x6e,0x63,0x65,
0x6c,0x00,0x07,0x00,0x54,0x49,0x4d,0x45,0x4f,0x55,0x54,0x00,0x07,0x00,0x54,0x69,0x6d,0x65,0x4f,0x75,
0x74,0x00,0x06,0x00,0x45,0x4d,0x56,0x45,0x52,0x52,0x09,0x00,0x45,0x6d,0x76,0x20,0x45,0x72,0x72,0x6f,
0x72,0x00,0x04,0x00,0x69,0x6e,0x69,0x74,0x03,0x00,0x54,0x6f,0x73,0x00,0x08,0x00,0x43,0x4f,0x4e,0x53,
0x54,0x41,0x4e,0x54,0x00,0x00,0x00,0x00,0x00,0x00,};/*2490*/
