TK_CONST_DATA_ALIGN(const unsigned char script_mod_tool_tlv[]) = {
0x80,0x00,0x01,0x01,0x5a,0x0d,0x00,0x00,0x00,0x00,0x00,0x00,0x6d,0x6f,0x64,0x5f,0x74,0x6f,0x6f,0x6c,
0x5f,0x74,0x6c,0x76,0x00,0x00,0x00,0x00,0x00,0x00,0x00,0x00,0x00,0x00,0x00,0x00,0x00,0x00,0x00,0x00,
0x00,0x00,0x00,0x00,0x4a,0x52,0x52,0x59,0x46,0x00,0x00,0x00,0x00,0x00,0x00,0x00,0x70,0x0a,0x00,0x00,
0x01,0x00,0x00,0x00,0x18,0x00,0x00,0x00,0x07,0x00,0x01,0x00,0x10,0x30,0x03,0x00,0x90,0x27,0x47,0x00,
0x01,0x01,0x04,0x05,0x07,0x00,0x00,0x00,0x47,0x01,0x00,0x00,0x07,0x03,0x00,0x00,0x38,0x00,0x00,0x00,
0x3d,0x01,0x14,0xe7,0x02,0x00,0x10,0x04,0x03,0x3d,0x01,0x3b,0x02,0x33,0xd8,0x56,0xf8,0x28,0x47,0x00,
0x07,0x3f,0x00,0x00,0x28,0x00,0x01,0x00,0x20,0x10,0x03,0x02,0x90,0x27,0x47,0x00,0x04,0x09,0x1a,0x2b,
0x07,0x04,0x00,0x00,0x07,0x06,0x00,0x00,0xc7,0x07,0x00,0x00,0x47,0x0a,0x00,0x00,0x07,0x0c,0x00,0x00,
0x47,0x0d,0x00,0x00,0x07,0x0e,0x00,0x00,0x87,0x0f,0x00,0x00,0x87,0x11,0x00,0x00,0x87,0x13,0x00,0x00,
0x47,0x15,0x00,0x00,0x47,0x16,0x00,0x00,0x07,0x18,0x00,0x00,0xc7,0x19,0x00,0x00,0x87,0x1b,0x00,0x00,
0xc7,0x1c,0x00,0x00,0xc7,0x1d,0x00,0x00,0x47,0x1f,0x00,0x00,0x07,0x0c,0x00,0x00,0x07,0x06,0x00,0x00,
0x07,0x04,0x00,0x00,0xc7,0x07,0x00,0x00,0x40,0x01,0x00,0x00,0x90,0x01,0x00,0x00,0xe0,0x01,0x00,0x00,
0x50,0x02,0x00,0x00,0xa0,0x02,0x00,0x00,0x28,0x03,0x00,0x00,0x88,0x03,0x00,0x00,0x18,0x04,0x00,0x00,
0xc0,0x04,0x00,0x00,0x18,0x05,0x00,0x00,0x68,0x05,0x00,0x00,0xc0,0x05,0x00,0x00,0xd8,0x06,0x00,0x00,
0x68,0x07,0x00,0x00,0x00,0x08,0x00,0x00,0x38,0x08,0x00,0x00,0xd0,0x08,0x00,0x00,0x50,0x1a,0x04,0x50,
0x1b,0x05,0x50,0x1c,0x06,0x50,0x1d,0x07,0x50,0x1e,0x08,0x53,0x1f,0x02,0x53,0x20,0x03,0x2f,0x00,0x09,
0x21,0xdc,0x3c,0x00,0x09,0x3b,0x0a,0x2c,0x22,0xe5,0x0b,0x3c,0x00,0x09,0x3b,0x0a,0x2c,0x23,0xe5,0x0c,
0x3c,0x00,0x09,0x3b,0x0a,0x2c,0x24,0xe5,0x0d,0x3c,0x00,0x09,0x3b,0x0a,0x2c,0x25,0xe5,0x0e,0x3c,0x00,
0x09,0x3b,0x0a,0x2c,0x26,0xe5,0x0f,0x3c,0x00,0x09,0x3b,0x0a,0x2c,0x27,0xe5,0x10,0x3c,0x00,0x09,0x3b,
0x0a,0x2c,0x28,0xe5,0x11,0x2f,0x00,0x12,0x29,0xdc,0x2f,0x00,0x13,0x2a,0xdc,0x2f,0x00,0x14,0x03,0xdc,
0x2f,0x00,0x15,0x02,0xdc,0x2f,0x00,0x16,0x08,0xdc,0x2f,0x00,0x17,0x05,0xdc,0x2f,0x00,0x18,0x04,0xdc,
0x2f,0x00,0x19,0x06,0xdc,0x56,0x00,0x00,0x00,0x00,0x00,0x00,0x62,0xdf,0x24,0x02,0x00,0x2c,0x47,0x00,
0x07,0x03,0x00,0x00,0x0a,0x00,0x01,0x00,0x30,0x10,0x03,0x02,0x90,0x27,0x47,0x00,0x04,0x04,0x06,0x06,
0x07,0x21,0x00,0x00,0x87,0x22,0x00,0x00,0x34,0xeb,0x02,0x2c,0x01,0x11,0x1d,0x34,0xeb,0x03,0x01,0x0e,
0x2f,0x02,0x00,0x03,0x3a,0x3b,0x04,0x98,0xeb,0x02,0xaf,0x03,0x2d,0x03,0x00,0x3b,0x05,0x7d,0x0d,0x12,
0x01,0x07,0x3c,0x00,0x05,0xeb,0x02,0x57,0x02,0x00,0x00,0x09,0x82,0x64,0xc6,0x02,0x40,0x2c,0x47,0x00,
0x07,0x04,0x00,0x00,0x0a,0x00,0x01,0x00,0x30,0x10,0x02,0x01,0x90,0x27,0x47,0x00,0x03,0x03,0x07,0x07,
0x10,0x00,0x00,0x00,0x80,0x00,0x00,0x00,0xf0,0x0f,0x00,0x00,0x00,0x00,0x00,0x00,0x35,0x03,0xeb,0x01,
0x01,0x17,0x2c,0x00,0x9d,0x01,0x03,0x9f,0x04,0x95,0xeb,0x02,0x70,0x02,0x05,0x75,0x06,0x11,0x04,0x01,
0x09,0xb5,0x01,0x82,0x01,0x03,0x0d,0x18,0x57,0x01,0x00,0x5e,0x81,0x3e,0xc3,0x02,0xa8,0x2b,0x47,0x00,
0x07,0x06,0x00,0x00,0x0e,0x00,0x01,0x00,0x30,0x10,0x01,0x02,0x90,0x27,0x47,0x00,0x03,0x03,0x07,0x07,
0xf0,0xff,0xff,0x0f,0xf0,0xff,0x0f,0x00,0xf0,0x0f,0x00,0x00,0xf0,0x07,0x00,0x00,0x2c,0x01,0x11,0x08,
0x35,0x02,0xeb,0x02,0x01,0x32,0x82,0x00,0x03,0x11,0x08,0x35,0x04,0xeb,0x02,0x01,0x27,0x82,0x00,0x04,
0x11,0x08,0x35,0x03,0xeb,0x02,0x01,0x1c,0x82,0x00,0x05,0x11,0x08,0x35,0x02,0xeb,0x02,0x01,0x11,0x82,
0x00,0x06,0x11,0x08,0x35,0x01,0xeb,0x02,0x01,0x06,0x35,0x00,0xeb,0x02,0x57,0x02,0x00,0x00,0x00,0x00,
0x00,0x00,0x00,0x1d,0x83,0x7f,0xca,0x02,0x58,0x2c,0x47,0x00,0xc7,0x07,0x00,0x00,0x0a,0x00,0x01,0x00,
0x30,0x10,0x03,0x03,0x90,0x27,0x47,0x00,0x05,0x05,0x09,0x09,0x10,0x00,0x00,0x00,0x80,0x00,0x00,0x00,
0xf0,0x0f,0x00,0x00,0x00,0x00,0x00,0x00,0x34,0xeb,0x03,0x01,0x16,0x2c,0x01,0x9d,0x02,0x05,0x9f,0x06,
0x95,0xeb,0x04,0x2c,0x00,0xbc,0x03,0x70,0x04,0x07,0xdc,0xb5,0x02,0x82,0x02,0x08,0x0d,0x17,0x56,0x00,
0x00,0x00,0x00,0x39,0x81,0x56,0xcf,0x02,0x80,0x2c,0x47,0x00,0x47,0x0a,0x00,0x00,0x11,0x00,0x01,0x00,
0x30,0x10,0x03,0x01,0x90,0x27,0x47,0x00,0x04,0x05,0x0e,0x0e,0x87,0x23,0x00,0x00,0x00,0x02,0x00,0x00,
0xf0,0x01,0x00,0x00,0x80,0x00,0x00,0x00,0x00,0x08,0x00,0x00,0x40,0x00,0x00,0x00,0x07,0x25,0x00,0x00,
0x47,0x2e,0x00,0x00,0x87,0x22,0x00,0x00,0x07,0x2f,0x00,0x00,0x34,0xeb,0x01,0x2c,0x00,0xbc,0x01,0x3a,
0xeb,0x02,0x70,0x02,0x05,0x72,0x05,0xeb,0x03,0x70,0x02,0x06,0x72,0x06,0x11,0x21,0x91,0x02,0x07,0xeb,
0x02,0x2d,0x02,0x00,0xbc,0x01,0x3a,0x68,0xeb,0x02,0x70,0x02,0x08,0x72,0x08,0x0d,0x13,0x82,0x01,0x09,
0x11,0x07,0x2d,0x04,0x0a,0x45,0x0c,0x14,0x58,0x02,0x0b,0x58,0x01,0x0c,0x58,0x03,0x0d,0x55,0x00,0x48,
0x83,0x7e,0xd2,0x02,0xf8,0x37,0x47,0x00,0x07,0x0c,0x00,0x00,0x0c,0x00,0x01,0x00,0x30,0x10,0x04,0x01,
0x90,0x27,0x47,0x00,0x03,0x04,0x09,0x09,0x07,0x0c,0x00,0x00,0xc7,0x30,0x00,0x00,0x87,0x22,0x00,0x00,
0xc7,0x31,0x00,0x00,0x47,0x2e,0x00,0x00,0x00,0x00,0x00,0x00,0x1c,0xeb,0x01,0x01,0x18,0x2d,0x03,0x00,
0xd1,0xeb,0x02,0x41,0x00,0x04,0x3c,0x02,0x05,0xd4,0xeb,0x00,0x41,0x01,0x06,0x3c,0x02,0x07,0xd3,0x3c,
0x00,0x05,0x81,0x08,0x0d,0x1b,0x57,0x01,0x00,0x00,0x00,0x00,0x00,0x00,0x00,0x5d,0x81,0x04,0xd8,0x02,
0xd8,0x2c,0x47,0x00,0x47,0x1f,0x00,0x00,0x12,0x00,0x01,0x00,0x30,0x10,0x04,0x01,0x90,0x27,0x47,0x00,
0x07,0x0a,0x0d,0x0d,0x07,0x06,0x00,0x00,0x87,0x32,0x00,0x00,0x47,0x0a,0x00,0x00,0xc7,0x31,0x00,0x00,
0x87,0x22,0x00,0x00,0xc7,0x30,0x00,0x00,0x34,0xeb,0x01,0x1c,0xeb,0x02,0x34,0xeb,0x03,0x01,0x17,0x2f,
0x07,0x00,0x03,0x3a,0xd1,0xeb,0x04,0x41,0x02,0x0a,0x2c,0x04,0xd3,0x3e,0x01,0x99,0x04,0xdc,0xaf,0x03,
0x2d,0x03,0x00,0x3b,0x0b,0x7d,0x0d,0x1b,0x2d,0x08,0x01,0x45,0xeb,0x05,0x2c,0x05,0xeb,0x06,0x34,0xeb,
0x03,0x01,0x18,0x2f,0x09,0x06,0x00,0x3b,0x03,0x3c,0x02,0x03,0xc4,0x03,0x41,0x06,0x0c,0x3c,0x02,0x03,
0xd4,0xeb,0x06,0xaf,0x03,0x2d,0x03,0x00,0x3b,0x0b,0x7d,0x0d,0x1c,0x57,0x05,0x00,0x00,0x00,0x00,0x4f,
0x83,0x4e,0xda,0x02,0x00,0x36,0x47,0x00,0xc7,0x1d,0x00,0x00,0x15,0x00,0x01,0x00,0x30,0x10,0x07,0x04,
0x90,0x27,0x47,0x00,0x04,0x07,0x10,0x10,0x87,0x33,0x00,0x00,0x87,0x34,0x00,0x00,0x87,0x35,0x00,0x00,
0x07,0x37,0x00,0x00,0x47,0x2e,0x00,0x00,0x07,0x39,0x00,0x00,0x07,0x2f,0x00,0x00,0x07,0x3a,0x00,0x00,
0x47,0x3c,0x00,0x00,0x07,0x21,0x00,0x00,0x47,0x3e,0x00,0x00,0x87,0x0f,0x00,0x00,0x41,0x04,0x07,0x2e,
0x08,0x14,0x58,0x00,0x09,0xc7,0x03,0x41,0x04,0x07,0x2e,0x09,0x14,0x58,0x01,0x09,0xc7,0x03,0x41,0x04,
0x07,0x2e,0x0a,0x14,0x8e,0x01,0x05,0x18,0x09,0xc7,0x03,0x41,0x04,0x07,0x2e,0x0b,0x14,0x79,0x02,0x06,
0x11,0x05,0x32,0x01,0x04,0x2c,0x02,0x18,0x09,0xc7,0x03,0x7c,0x03,0x06,0x11,0x0d,0x41,0x04,0x07,0x2e,
0x0c,0x14,0x58,0x03,0x09,0xc7,0x03,0x41,0x04,0x07,0x2e,0x0d,0x14,0x3d,0x0f,0x18,0x0e,0xc7,0x03,0x56,
0x00,0x00,0x00,0x00,0x00,0x00,0x00,0x45,0x84,0x2b,0x8b,0x02,0x38,0x29,0x47,0x00,0x07,0x3f,0x00,0x00,
0x0b,0x00,0x01,0x00,0x30,0x10,0x04,0x00,0x90,0x27,0x47,0x00,0x01,0x04,0x08,0x08,0x07,0x04,0x00,0x00,
0x07,0x06,0x00,0x00,0xc7,0x07,0x00,0x00,0x07,0x39,0x00,0x00,0x07,0x2f,0x00,0x00,0x47,0x2e,0x00,0x00,
0x07,0x3a,0x00,0x00,0x2c,0x01,0x3d,0x04,0x3d,0x05,0xd7,0xeb,0x00,0x2c,0x02,0x3d,0x06,0xd1,0x2d,0x03,
0x00,0x3d,0x07,0xd7,0x98,0x99,0x00,0x55,0x00,0x00,0x00,0x00,0x00,0x00,0x00,0x31,0x81,0x4d,0x91,0x02,
0x30,0x29,0x47,0x00,0x87,0x0f,0x00,0x00,0x0a,0x00,0x01,0x00,0x30,0x10,0x02,0x01,0x90,0x27,0x47,0x00,
0x02,0x02,0x05,0x05,0x07,0x39,0x00,0x00,0x47,0x2e,0x00,0x00,0x87,0x22,0x00,0x00,0x34,0xeb,0x01,0x01,
0x13,0x3d,0x02,0x3b,0x01,0x3b,0x03,0x72,0x00,0x11,0x07,0x3d,0x02,0x3b,0x01,0x55,0xaf,0x01,0x2c,0x01,
0x3d,0x02,0x3b,0x04,0x7d,0x0d,0x18,0x28,0x55,0x00,0x00,0x00,0x00,0x00,0x00,0x33,0x81,0x64,0x94,0x02,
0xf8,0x2f,0x47,0x00,0x87,0x11,0x00,0x00,0x0b,0x00,0x01,0x00,0x30,0x10,0x04,0x01,0x90,0x27,0x47,0x00,
0x03,0x03,0x07,0x07,0x07,0x39,0x00,0x00,0x47,0x2e,0x00,0x00,0xc7,0x31,0x00,0x00,0x87,0x22,0x00,0x00,
0x1c,0xeb,0x01,0x34,0xeb,0x02,0x01,0x16,0x3d,0x03,0x3b,0x02,0x3b,0x04,0x72,0x00,0x11,0x0a,0x41,0x01,
0x05,0x3d,0x03,0x3b,0x02,0xd3,0xaf,0x02,0x2c,0x02,0x3d,0x03,0x3b,0x06,0x7d,0x0d,0x1b,0x57,0x01,0x00,
0x00,0x00,0x00,0x4f,0x81,0x0e,0x98,0x02,0xb8,0x29,0x47,0x00,0x87,0x13,0x00,0x00,0x23,0x00,0x01,0x00,
0x30,0x10,0x07,0x01,0x90,0x27,0x47,0x00,0x06,0x0c,0x16,0x16,0x07,0x06,0x00,0x00,0x07,0x04,0x00,0x00,
0xc7,0x07,0x00,0x00,0x87,0x35,0x00,0x00,0x87,0x32,0x00,0x00,0x47,0x0a,0x00,0x00,0x47,0x2e,0x00,0x00,
0x07,0x39,0x00,0x00,0x07,0x2f,0x00,0x00,0x07,0x3a,0x00,0x00,0x10,0x00,0x00,0x00,0xc7,0x30,0x00,0x00,
0x47,0x15,0x00,0x00,0x07,0x21,0x00,0x00,0x87,0x22,0x00,0x00,0x47,0x3f,0x00,0x00,0x2c,0x06,0x3d,0x0c,
0xd1,0xeb,0x01,0x2c,0x07,0x3d,0x0d,0x3d,0x0e,0xd7,0xeb,0x02,0x2d,0x08,0x02,0x3d,0x0f,0xd7,0xeb,0x03,
0x79,0x00,0x09,0x11,0x0c,0x2f,0x0a,0x01,0x02,0x98,0x99,0x03,0x45,0xeb,0x00,0x34,0xeb,0x04,0x2d,0x0b,
0x00,0x3d,0x0c,0x2c,0x01,0xc4,0x03,0x3e,0x04,0x99,0x01,0xdc,0x3d,0x0f,0x11,0x0b,0x2c,0x00,0xbc,0x04,
0x35,0x7f,0xdc,0x01,0x2d,0x73,0x03,0x10,0x11,0x0b,0x2c,0x00,0xbc,0x04,0x2c,0x02,0xdc,0x01,0x1f,0xb5,
0x03,0x2c,0x00,0xbc,0x04,0x35,0x7f,0x69,0x03,0xdc,0x2d,0x0b,0x00,0x40,0x11,0x2c,0x04,0xd4,0x2d,0x02,
0x03,0xc4,0x03,0x3e,0x04,0x99,0x03,0xdc,0x3d,0x0e,0x11,0x3c,0x34,0xeb,0x05,0x01,0x1c,0x3d,0x0d,0x3b,
0x05,0x40,0x12,0x41,0x00,0x11,0x2c,0x04,0xd4,0xd3,0x2c,0x04,0x3d,0x0d,0x3b,0x05,0x3b,0x13,0x98,0xeb,
0x04,0xaf,0x05,0x2c,0x05,0x3d,0x0d,0x3b,0x14,0x7d,0x0d,0x21,0x3d,0x0f,0x11,0x0e,0x2c,0x00,0xbc,0x04,
0x34,0xdc,0x2c,0x00,0xbc,0x04,0x34,0xdc,0x01,0x0a,0x3d,0x0d,0x40,0x15,0x2d,0x00,0x04,0xd9,0x57,0x00,
0x00,0x00,0x00,0x74,0x87,0x5d,0x9b,0x02,0x58,0x37,0x47,0x00,0x47,0x15,0x00,0x00,0x12,0x00,0x01,0x00,
0x30,0x10,0x03,0x00,0x90,0x27,0x47,0x00,0x04,0x05,0x0d,0x0d,0x87,0x23,0x00,0x00,0x07,0x39,0x00,0x00,
0x87,0x22,0x00,0x00,0x40,0x00,0x00,0x00,0x07,0x40,0x00,0x00,0x00,0x00,0x00,0x10,0x10,0x00,0x00,0x00,
0x80,0x00,0x00,0x00,0x00,0x00,0x00,0x00,0x34,0xeb,0x00,0x34,0xeb,0x01,0x3d,0x05,0x3b,0x06,0xeb,0x02,
0x34,0xeb,0x03,0x82,0x02,0x07,0x11,0x07,0x2d,0x04,0x08,0x45,0x0c,0x73,0x02,0x07,0x11,0x0d,0x3d,0x05,
0xbc,0x00,0x3a,0x9f,0x09,0xeb,0x03,0xb5,0x02,0x01,0x18,0x2c,0x01,0x3d,0x05,0xbc,0x00,0x3a,0x68,0xeb,
0x01,0x82,0x02,0x0a,0x11,0x07,0x91,0x01,0x0b,0xeb,0x01,0xb5,0x02,0x82,0x02,0x0c,0x0d,0x19,0x9a,0x03,
0x01,0x55,0x00,0x00,0x00,0x00,0x00,0x6e,0x83,0x1a,0xa5,0x02,0xf8,0x29,0x47,0x00,0x47,0x16,0x00,0x00,
0x13,0x00,0x01,0x00,0x30,0x10,0x03,0x00,0x90,0x27,0x47,0x00,0x05,0x06,0x0e,0x0e,0x87,0x23,0x00,0x00,
0x07,0x39,0x00,0x00,0x87,0x22,0x00,0x00,0x10,0x00,0x00,0x00,0x80,0x00,0x00,0x00,0x8f,0x49,0x00,0x00,
0x40,0x00,0x00,0x00,0x07,0x40,0x00,0x00,0x00,0x00,0x00,0x00,0x34,0xeb,0x00,0x34,0xeb,0x01,0x3d,0x06,
0x3b,0x07,0xeb,0x02,0x35,0x7f,0x9d,0x02,0x08,0x9f,0x09,0x8f,0xeb,0x03,0x2c,0x0a,0xa0,0x02,0x09,0x8f,
0xeb,0x04,0x82,0x02,0x0b,0x11,0x07,0x2d,0x05,0x0c,0x45,0x0c,0x01,0x18,0x2c,0x01,0x3d,0x06,0xbc,0x00,
0x3a,0x68,0xeb,0x01,0x82,0x02,0x08,0x11,0x07,0x91,0x01,0x09,0xeb,0x01,0xb5,0x02,0x82,0x02,0x0d,0x0d,
0x19,0x70,0x01,0x03,0x72,0x03,0x11,0x07,0x6a,0x01,0x04,0xeb,0x01,0x57,0x01,0x00,0x00,0x00,0x00,0x32,
0x84,0x4e,0xaa,0x02,0xc0,0x38,0x47,0x00,0x07,0x18,0x00,0x00,0x07,0x00,0x01,0x00,0x30,0x10,0x04,0x01,
0x90,0x27,0x47,0x00,0x01,0x02,0x04,0x04,0x47,0x0a,0x00,0x00,0x07,0x39,0x00,0x00,0x87,0x22,0x00,0x00,
0x2c,0x01,0x3d,0x02,0x2c,0x00,0x3d,0x02,0x3b,0x03,0xc4,0x03,0x56,0x00,0x00,0x00,0x51,0x1b,0xb0,0x02,
0x58,0x2a,0x47,0x00,0xc7,0x19,0x00,0x00,0x13,0x00,0x01,0x00,0x30,0x10,0x07,0x02,0x90,0x27,0x47,0x00,
0x05,0x06,0x0f,0x0f,0x87,0x35,0x00,0x00,0xc7,0x1c,0x00,0x00,0xc7,0x30,0x00,0x00,0x47,0x2e,0x00,0x00,
0x00,0x00,0x00,0x00,0x47,0x3c,0x00,0x00,0x20,0x00,0x00,0x00,0xc7,0x31,0x00,0x00,0x87,0x22,0x00,0x00,
0x10,0x00,0x00,0x00,0x1c,0xeb,0x02,0x79,0x01,0x05,0x11,0x05,0x32,0x01,0x04,0x2c,0x01,0xeb,0x01,0x34,
0xeb,0x03,0x01,0x35,0x42,0x06,0x41,0x00,0x07,0x2c,0x03,0xd4,0xd4,0xeb,0x04,0x2c,0x01,0x21,0x0e,0x3c,
0x04,0x08,0x72,0x09,0x21,0x07,0x3c,0x04,0x0a,0x72,0x0b,0x11,0x04,0x01,0x1e,0x41,0x02,0x0c,0x2c,0x04,
0xd3,0x3e,0x03,0x2d,0x02,0x02,0x3b,0x0d,0x9c,0x0e,0x3a,0x3b,0x0a,0x98,0xdc,0x2d,0x03,0x00,0x3b,0x0d,
0x7d,0x0d,0x39,0x57,0x02,0x00,0x00,0x71,0x82,0x4c,0xb2,0x02,0x18,0x33,0x47,0x00,0x07,0x3f,0x00,0x00,
0x2a,0x00,0x01,0x00,0x30,0x10,0x07,0x01,0x90,0x27,0x47,0x00,0x08,0x0c,0x1d,0x1d,0x07,0x0c,0x00,0x00,
0x87,0x4a,0x00,0x00,0x87,0x23,0x00,0x00,0x87,0x32,0x00,0x00,0x87,0x22,0x00,0x00,0x00,0x08,0x00,0x00,
0x07,0x2f,0x00,0x00,0x87,0x4b,0x00,0x00,0x87,0x1b,0x00,0x00,0xc7,0x30,0x00,0x00,0x47,0x3c,0x00,0x00,
0x47,0x0d,0x00,0x00,0x47,0x2e,0x00,0x00,0x20,0x00,0x00,0x00,0xf0,0x07,0x00,0x00,0x40,0x00,0x00,0x00,
0xc7,0x51,0x00,0x00,0x10,0x00,0x00,0x00,0x80,0x00,0x00,0x00,0x00,0x00,0x00,0x00,0x47,0x3f,0x00,0x00,
0x34,0xeb,0x01,0x2d,0x08,0x00,0xd1,0xeb,0x02,0x3e,0x01,0x3c,0x02,0x0c,0x98,0xdc,0x34,0xeb,0x03,0x3c,
0x00,0x01,0x72,0x0d,0x11,0x43,0xaf,0x01,0x3c,0x02,0x0e,0x60,0x11,0x07,0x2d,0x09,0x0f,0x45,0x0c,0x42,
0x10,0x41,0x00,0x11,0x2c,0x01,0xd4,0x31,0xda,0xeb,0x04,0x34,0xeb,0x05,0x01,0x0d,0x3e,0x01,0x3c,0x04,
0x05,0x3b,0x12,0x98,0xdc,0xaf,0x05,0x2d,0x05,0x04,0x3b,0x0c,0x7d,0x0d,0x11,0x3d,0x13,0x3c,0x02,0x14,
0x2c,0x04,0x31,0x9a,0x01,0x15,0x43,0x04,0x55,0x01,0x43,0x3c,0x00,0x01,0x6f,0x0d,0x72,0x0d,0x11,0x33,
0x2c,0x00,0xbc,0x01,0x3a,0x6f,0x16,0xeb,0x06,0x82,0x06,0x17,0x11,0x07,0x2d,0x0a,0x18,0x45,0x0c,0x01,
0x17,0x2d,0x03,0x00,0xbc,0x01,0x3a,0x68,0xeb,0x03,0x82,0x06,0x19,0x11,0x07,0x91,0x03,0x1a,0xeb,0x03,
0xb5,0x06,0x82,0x06,0x1b,0x0d,0x18,0x01,0x09,0x2c,0x00,0xbc,0x01,0x3a,0xeb,0x03,0x41,0x00,0x11,0x2f,
0x01,0x03,0x01,0x98,0xda,0xeb,0x04,0x3e,0x01,0x99,0x03,0xdc,0x3c,0x02,0x0e,0x11,0x0b,0x42,0x10,0x2c,
0x04,0xd4,0xeb,0x04,0x01,0x14,0x2c,0x04,0xeb,0x07,0x2d,0x0b,0x07,0x3b,0x0c,0x45,0xeb,0x04,0x41,0x07,
0x1c,0x2c,0x04,0xd3,0x3d,0x13,0x3c,0x02,0x14,0x2c,0x04,0x32,0x2c,0x01,0x43,0x04,0x55,0x00,0x00,0x00,
0x00,0x00,0x00,0x44,0x89,0x0c,0xb9,0x02,0x80,0x3d,0x47,0x00,0x07,0x3f,0x00,0x00,0x07,0x00,0x6d,0x6f,
0x64,0x75,0x6c,0x65,0x73,0x00,0x0c,0x00,0x6d,0x6f,0x64,0x5f,0x74,0x6f,0x6f,0x6c,0x5f,0x74,0x6c,0x76,
0x06,0x00,0x6d,0x6f,0x64,0x75,0x6c,0x65,0x0e,0x00,0x67,0x65,0x74,0x56,0x61,0x6c,0x75,0x65,0x4c,0x65,
0x6e,0x67,0x74,0x68,0x0c,0x00,0x67,0x65,0x74,0x54,0x61,0x67,0x4c,0x65,0x6e,0x67,0x74,0x68,0x11,0x00,
0x67,0x65,0x74,0x4c,0x65,0x6e,0x67,0x74,0x68,0x4f,0x66,0x4c,0x65,0x6e,0x67,0x74,0x68,0x00,0x0c,0x00,
0x65,0x6e,0x63,0x6f,0x64,0x65,0x4e,0x75,0x6d,0x62,0x65,0x72,0x08,0x00,0x70,0x61,0x72,0x73,0x65,0x54,
0x61,0x67,0x03,0x00,0x54,0x4c,0x56,0x00,0x09,0x00,0x70,0x72,0x6f,0x74,0x6f,0x74,0x79,0x70,0x65,0x00,
0x0d,0x00,0x67,0x65,0x74,0x42,0x79,0x74,0x65,0x4c,0x65,0x6e,0x67,0x74,0x68,0x00,0x0d,0x00,0x67,0x65,
0x74,0x46,0x69,0x72,0x73,0x74,0x43,0x68,0x69,0x6c,0x64,0x00,0x0b,0x00,0x67,0x65,0x74,0x43,0x68,0x69,
0x6c,0x64,0x72,0x65,0x6e,0x00,0x06,0x00,0x65,0x6e,0x63,0x6f,0x64,0x65,0x0c,0x00,0x67,0x65,0x74,0x55,
0x49,0x6e,0x74,0x56,0x61,0x6c,0x75,0x65,0x0b,0x00,0x67,0x65,0x74,0x49,0x6e,0x74,0x56,0x61,0x6c,0x75,
0x65,0x00,0x0b,0x00,0x73,0x65,0x74,0x49,0x6e,0x74,0x56,0x61,0x6c,0x75,0x65,0x00,0x08,0x00,0x70,0x61,
0x72,0x73,0x65,0x41,0x6c,0x6c,0x05,0x00,0x70,0x61,0x72,0x73,0x65,0x00,0x0a,0x00,0x65,0x6e,0x63,0x6f,
0x64,0x65,0x54,0x61,0x67,0x73,0x0c,0x00,0x70,0x61,0x72,0x73,0x65,0x41,0x6c,0x6c,0x54,0x61,0x67,0x73,
0x0a,0x00,0x62,0x79,0x74,0x65,0x4c,0x65,0x6e,0x67,0x74,0x68,0x06,0x00,0x6c,0x65,0x6e,0x67,0x74,0x68,
0x0a,0x00,0x52,0x61,0x6e,0x67,0x65,0x45,0x72,0x72,0x6f,0x72,0x48,0x00,0x54,0x68,0x65,0x20,0x6c,0x65,
0x6e,0x67,0x74,0x68,0x20,0x6f,0x66,0x20,0x74,0x68,0x65,0x20,0x74,0x61,0x67,0x20,0x63,0x61,0x6e,0x6e,
0x6f,0x74,0x20,0x62,0x65,0x20,0x6d,0x6f,0x72,0x65,0x20,0x74,0x68,0x61,0x6e,0x20,0x34,0x20,0x62,0x79,
0x74,0x65,0x73,0x20,0x69,0x6e,0x20,0x74,0x68,0x69,0x73,0x20,0x69,0x6d,0x70,0x6c,0x65,0x6d,0x65,0x6e,
0x74,0x61,0x74,0x69,0x6f,0x6e,0x03,0x00,0x74,0x61,0x67,0x00,0x0b,0x00,0x63,0x6f,0x6e,0x73,0x74,0x72,
0x75,0x63,0x74,0x65,0x64,0x00,0x05,0x00,0x73,0x6c,0x69,0x63,0x65,0x00,0x04,0x00,0x70,0x75,0x73,0x68,
0x06,0x00,0x42,0x75,0x66,0x66,0x65,0x72,0x06,0x00,0x4f,0x62,0x6a,0x65,0x63,0x74,0x05,0x00,0x41,0x72,
0x72,0x61,0x79,0x00,0x09,0x00,0x75,0x6e,0x64,0x65,0x66,0x69,0x6e,0x65,0x64,0x00,0x0e,0x00,0x64,0x65,
0x66,0x69,0x6e,0x65,0x50,0x72,0x6f,0x70,0x65,0x72,0x74,0x79,0x05,0x00,0x76,0x61,0x6c,0x75,0x65,0x00,
0x10,0x00,0x69,0x6e,0x64,0x65,0x66,0x69,0x6e,0x69,0x74,0x65,0x4c,0x65,0x6e,0x67,0x74,0x68,0x0e,0x00,
0x6f,0x72,0x69,0x67,0x69,0x6e,0x61,0x6c,0x4c,0x65,0x6e,0x67,0x74,0x68,0x03,0x00,0x67,0x65,0x74,0x00,
0x00,0x00,0x04,0x00,0x63,0x6f,0x70,0x79,0x4a,0x00,0x54,0x68,0x65,0x20,0x6c,0x65,0x6e,0x67,0x74,0x68,
0x20,0x6f,0x66,0x20,0x74,0x68,0x65,0x20,0x76,0x61,0x6c,0x75,0x65,0x20,0x63,0x61,0x6e,0x6e,0x6f,0x74,
0x20,0x62,0x65,0x20,0x6d,0x6f,0x72,0x65,0x20,0x74,0x68,0x61,0x6e,0x20,0x34,0x20,0x62,0x79,0x74,0x65,
0x73,0x20,0x69,0x6e,0x20,0x74,0x68,0x69,0x73,0x20,0x69,0x6d,0x70,0x6c,0x65,0x6d,0x65,0x6e,0x74,0x61,
0x74,0x69,0x6f,0x6e,0x00,0x00,0xe0,0xff,0xff,0xff,0xef,0x41,0x05,0x00,0x45,0x72,0x72,0x6f,0x72,0x00,
0x2f,0x00,0x4f,0x6e,0x6c,0x79,0x20,0x63,0x6f,0x6e,0x73,0x74,0x72,0x75,0x63,0x74,0x65,0x64,0x20,0x54,
0x4c,0x56,0x20,0x63,0x61,0x6e,0x20,0x68,0x61,0x76,0x65,0x20,0x69,0x6e,0x64,0x65,0x66,0x69,0x6e,0x69,
0x74,0x65,0x20,0x6c,0x65,0x6e,0x67,0x74,0x68,0x00,0x59,0x00,0x54,0x68,0x65,0x20,0x6c,0x65,0x6e,0x67,
0x74,0x68,0x20,0x6f,0x66,0x20,0x74,0x68,0x65,0x20,0x76,0x61,0x6c,0x75,0x65,0x20,0x63,0x61,0x6e,0x6e,
0x6f,0x74,0x20,0x62,0x65,0x20,0x72,0x65,0x70,0x72,0x65,0x73,0x65,0x6e,0x74,0x65,0x64,0x20,0x6f,0x6e,
0x20,0x6d,0x6f,0x72,0x65,0x20,0x74,0x68,0x61,0x6e,0x20,0x34,0x20,0x62,0x79,0x74,0x65,0x73,0x20,0x69,
0x6e,0x20,0x74,0x68,0x69,0x73,0x20,0x69,0x6d,0x70,0x6c,0x65,0x6d,0x65,0x6e,0x74,0x61,0x74,0x69,0x6f,
0x6e,0x00,0x00,0x00,0x00,0x00,};/*3466*/
