TK_CONST_DATA_ALIGN(const unsigned char script_mod_global_app_manage[]) = {
0x80,0x00,0x01,0x01,0xe6,0x0d,0x00,0x00,0x00,0x00,0x00,0x00,0x6d,0x6f,0x64,0x5f,0x67,0x6c,0x6f,0x62,
0x61,0x6c,0x5f,0x61,0x70,0x70,0x5f,0x6d,0x61,0x6e,0x61,0x67,0x65,0x00,0x00,0x00,0x00,0x00,0x00,0x00,
0x00,0x00,0x00,0x00,0x4a,0x52,0x52,0x59,0x46,0x00,0x00,0x00,0x00,0x00,0x00,0x00,0x38,0x08,0x00,0x00,
0x01,0x00,0x00,0x00,0x18,0x00,0x00,0x00,0x07,0x00,0x01,0x00,0x10,0x30,0x03,0x00,0x90,0x27,0x47,0x00,
0x01,0x01,0x04,0x05,0x07,0x00,0x00,0x00,0x47,0x01,0x00,0x00,0x47,0x04,0x00,0x00,0x38,0x00,0x00,0x00,
0x3d,0x01,0x14,0xe7,0x02,0x00,0x10,0x04,0x03,0x3d,0x01,0x3b,0x02,0x33,0xd8,0x56,0x08,0x29,0x47,0x00,
0x47,0x97,0x00,0x00,0x13,0x00,0x01,0x00,0x20,0x10,0x03,0x02,0x90,0x27,0x47,0x00,0x09,0x0a,0x11,0x19,
0x47,0x05,0x00,0x00,0x47,0x06,0x00,0x00,0x87,0x08,0x00,0x00,0xc7,0x0a,0x00,0x00,0x87,0x0e,0x00,0x00,
0x47,0x12,0x00,0x00,0xc7,0x14,0x00,0x00,0x47,0x17,0x00,0x00,0x98,0x00,0x00,0x00,0xd8,0x00,0x00,0x00,
0xd8,0x01,0x00,0x00,0xe0,0x02,0x00,0x00,0x18,0x04,0x00,0x00,0xd8,0x04,0x00,0x00,0x98,0x05,0x00,0x00,
0x60,0x06,0x00,0x00,0x50,0x11,0x09,0x53,0x12,0x02,0x53,0x13,0x03,0x53,0x14,0x04,0x53,0x15,0x05,0x53,
0x16,0x06,0x53,0x17,0x07,0x53,0x18,0x08,0x2f,0x00,0x0a,0x02,0xdc,0x2f,0x00,0x0b,0x05,0xdc,0x2f,0x00,
0x0c,0x03,0xdc,0x2f,0x00,0x0d,0x06,0xdc,0x2f,0x00,0x0e,0x07,0xdc,0x2f,0x00,0x0f,0x08,0xdc,0x2f,0x00,
0x10,0x04,0xdc,0x56,0x70,0xcd,0x2d,0x02,0x30,0x30,0x47,0x00,0x47,0x04,0x00,0x00,0x08,0x00,0x01,0x00,
0x30,0x10,0x05,0x01,0x90,0x27,0x47,0x00,0x01,0x03,0x06,0x06,0x47,0x1a,0x00,0x00,0x87,0x1b,0x00,0x00,
0x47,0x1c,0x00,0x00,0x07,0x1d,0x00,0x00,0x87,0x20,0x00,0x00,0x41,0x01,0x03,0x2d,0x04,0x00,0xd9,0x41,
0x02,0x05,0x2c,0x00,0xd3,0x56,0x00,0x00,0x00,0x5f,0x50,0x02,0x38,0x29,0x47,0x00,0x47,0x05,0x00,0x00,
0x20,0x00,0x01,0x00,0x30,0x10,0x06,0x02,0x90,0x27,0x47,0x00,0x0a,0x10,0x17,0x17,0x87,0x1b,0x00,0x00,
0x07,0x22,0x00,0x00,0x47,0x23,0x00,0x00,0x47,0x05,0x00,0x00,0x47,0x24,0x00,0x00,0x87,0x25,0x00,0x00,
0xc7,0x26,0x00,0x00,0x47,0x28,0x00,0x00,0x00,0x00,0x00,0x00,0x07,0x29,0x00,0x00,0x47,0x2a,0x00,0x00,
0xc7,0x2b,0x00,0x00,0xc7,0x2c,0x00,0x00,0x2c,0x00,0xeb,0x02,0x61,0x02,0x11,0x03,0x56,0x41,0x0a,0x10,
0x2c,0x01,0xd4,0xeb,0x03,0x3c,0x03,0x11,0x78,0x12,0x11,0x31,0x41,0x0a,0x13,0x2f,0x01,0x0b,0x0c,0x68,
0xda,0xeb,0x08,0x3c,0x08,0x11,0x7e,0x12,0x11,0x04,0x32,0x55,0x41,0x0a,0x14,0x3c,0x08,0x11,0x2d,0x00,
0x00,0x3b,0x15,0xc8,0x03,0xeb,0x09,0x2d,0x0d,0x08,0x3b,0x11,0xd0,0x3c,0x09,0x11,0x87,0x12,0x55,0x3c,
0x02,0x15,0xeb,0x04,0x41,0x0a,0x13,0x2f,0x01,0x0e,0x0c,0x68,0xda,0xeb,0x05,0x3c,0x05,0x11,0x7e,0x12,
0x11,0x04,0x32,0x55,0x41,0x0a,0x16,0x3c,0x05,0x11,0x34,0x2c,0x0f,0xc8,0x03,0xeb,0x06,0x3c,0x06,0x11,
0x7e,0x12,0x11,0x0a,0x2d,0x0d,0x05,0x3b,0x11,0xd0,0x32,0x55,0x41,0x0a,0x14,0x3c,0x05,0x11,0x2d,0x02,
0x02,0x3b,0x15,0xc8,0x03,0xeb,0x07,0x3c,0x07,0x11,0x7e,0x12,0x11,0x0a,0x2d,0x0d,0x05,0x3b,0x11,0xd0,
0x32,0x55,0x41,0x0a,0x16,0x3c,0x05,0x11,0x34,0x2c,0x0f,0xc8,0x03,0xeb,0x06,0x2d,0x0d,0x05,0x3b,0x11,
0xd0,0x31,0x55,0x06,0x8e,0x35,0x81,0x02,0x00,0x32,0x47,0x00,0x47,0x06,0x00,0x00,0x21,0x00,0x01,0x00,
0x30,0x10,0x06,0x02,0x90,0x27,0x47,0x00,0x0a,0x10,0x18,0x18,0x87,0x1b,0x00,0x00,0x07,0x22,0x00,0x00,
0x47,0x23,0x00,0x00,0x47,0x05,0x00,0x00,0x47,0x24,0x00,0x00,0x87,0x25,0x00,0x00,0xc7,0x26,0x00,0x00,
0x47,0x28,0x00,0x00,0x00,0x00,0x00,0x00,0x07,0x29,0x00,0x00,0x07,0x2e,0x00,0x00,0xc7,0x2f,0x00,0x00,
0xc7,0x2b,0x00,0x00,0xc7,0x2c,0x00,0x00,0x2c,0x00,0xeb,0x02,0x61,0x02,0x11,0x03,0x56,0x41,0x0a,0x10,
0x2c,0x01,0xd4,0xeb,0x03,0x3c,0x03,0x11,0x78,0x12,0x11,0x31,0x41,0x0a,0x13,0x2f,0x01,0x0b,0x0c,0x68,
0xda,0xeb,0x08,0x3c,0x08,0x11,0x7e,0x12,0x11,0x04,0x32,0x55,0x41,0x0a,0x14,0x3c,0x08,0x11,0x2d,0x00,
0x00,0x3b,0x15,0xc8,0x03,0xeb,0x09,0x2d,0x0d,0x08,0x3b,0x11,0xd0,0x3c,0x09,0x11,0x87,0x12,0x55,0x3c,
0x02,0x16,0xeb,0x04,0x41,0x0a,0x13,0x2f,0x01,0x0e,0x0c,0x68,0xda,0xeb,0x05,0x3c,0x05,0x11,0x7e,0x12,
0x11,0x04,0x32,0x55,0x41,0x0a,0x17,0x3c,0x05,0x11,0x34,0x2c,0x0f,0xc8,0x03,0xeb,0x06,0x3c,0x06,0x11,
0x7e,0x12,0x11,0x0a,0x2d,0x0d,0x05,0x3b,0x11,0xd0,0x32,0x55,0x41,0x0a,0x14,0x3c,0x05,0x11,0x2d,0x02,
0x02,0x3b,0x15,0xc8,0x03,0xeb,0x07,0x3c,0x07,0x11,0x7e,0x12,0x11,0x0a,0x2d,0x0d,0x05,0x3b,0x11,0xd0,
0x32,0x55,0x41,0x0a,0x17,0x3c,0x05,0x11,0x34,0x2c,0x0f,0xc8,0x03,0xeb,0x06,0x2d,0x0d,0x05,0x3b,0x11,
0xd0,0x31,0x55,0x00,0x00,0x00,0x00,0x20,0x8e,0x3f,0x8f,0x02,0x18,0x34,0x47,0x00,0xc7,0x0a,0x00,0x00,
0x27,0x00,0x01,0x00,0x30,0x10,0x08,0x02,0x90,0x27,0x47,0x00,0x07,0x0e,0x20,0x20,0x47,0x1a,0x00,0x00,
0x87,0x1b,0x00,0x00,0x47,0x24,0x00,0x00,0x47,0x23,0x00,0x00,0x87,0x25,0x00,0x00,0x47,0x31,0x00,0x00,
0x47,0x05,0x00,0x00,0x47,0x1c,0x00,0x00,0x07,0x32,0x00,0x00,0xc7,0x2b,0x00,0x00,0xc7,0x38,0x00,0x00,
0x07,0x29,0x00,0x00,0xc7,0x3f,0x00,0x00,0x47,0x28,0x00,0x00,0x00,0x00,0x00,0x00,0x87,0x45,0x00,0x00,
0xc7,0x4b,0x00,0x00,0xc7,0x2c,0x00,0x00,0x07,0x52,0x00,0x00,0x87,0x54,0x00,0x00,0x07,0x56,0x00,0x00,
0x87,0x5b,0x00,0x00,0x47,0x2a,0x00,0x00,0x07,0x61,0x00,0x00,0x07,0x67,0x00,0x00,0x41,0x07,0x0e,0x2d,
0x0f,0x00,0x3b,0x10,0x2c,0x01,0xc7,0x03,0x2c,0x00,0xeb,0x02,0x61,0x02,0x11,0x03,0x56,0x3c,0x02,0x10,
0xeb,0x03,0x41,0x07,0x0e,0x2d,0x11,0x03,0xd9,0x41,0x08,0x12,0x2f,0x01,0x09,0x0a,0x68,0xda,0xeb,0x04,
0x41,0x07,0x0e,0x2d,0x13,0x04,0x3b,0x14,0xd9,0x3c,0x04,0x14,0x7e,0x15,0x11,0x0a,0x41,0x07,0x0e,0x2c,
0x16,0xd3,0x32,0x55,0x41,0x07,0x0e,0x2c,0x17,0xd3,0x41,0x08,0x18,0x3c,0x04,0x14,0x34,0x2c,0x0b,0xc8,
0x03,0xeb,0x05,0x41,0x07,0x0e,0x2d,0x19,0x0c,0x40,0x1a,0x2c,0x05,0xd4,0xd9,0x3c,0x05,0x14,0x7e,0x15,
0x11,0x10,0x41,0x07,0x0e,0x2c,0x1b,0xd3,0x2d,0x0d,0x04,0x3b,0x14,0xd0,0x32,0x55,0x41,0x07,0x0e,0x2c,
0x1c,0xd3,0x41,0x08,0x1d,0x3c,0x04,0x14,0x2d,0x02,0x02,0x3b,0x10,0xc8,0x03,0xeb,0x06,0x2d,0x0d,0x04,
0x3b,0x14,0xd0,0x41,0x07,0x0e,0x2d,0x1e,0x06,0x3b,0x14,0xd9,0x3c,0x06,0x14,0x7e,0x15,0x11,0x0d,0x41,
0x07,0x0e,0x2d,0x1f,0x06,0x3b,0x14,0xd9,0x32,0x55,0x31,0x55,0x00,0x00,0x00,0x00,0x00,0x00,0x00,0x73,
0x89,0x65,0x9d,0x02,0x80,0x2e,0x47,0x00,0x47,0x17,0x00,0x00,0x18,0x00,0x01,0x00,0x30,0x10,0x06,0x01,
0x90,0x27,0x47,0x00,0x06,0x0b,0x11,0x11,0x87,0x1b,0x00,0x00,0x87,0x6d,0x00,0x00,0xc7,0x6e,0x00,0x00,
0x47,0x05,0x00,0x00,0x87,0x25,0x00,0x00,0x07,0x29,0x00,0x00,0x47,0x28,0x00,0x00,0x00,0x00,0x00,0x00,
0xc7,0x2c,0x00,0x00,0x07,0x70,0x00,0x00,0x47,0x71,0x00,0x00,0x41,0x06,0x0b,0x2d,0x00,0x07,0xda,0xeb,
0x01,0x3c,0x01,0x0c,0x7e,0x0d,0x11,0x04,0x32,0x55,0x41,0x06,0x0e,0x3c,0x01,0x0c,0x34,0x2c,0x08,0xc8,
0x03,0xeb,0x02,0x3c,0x02,0x0c,0x7e,0x0d,0x11,0x0a,0x2d,0x09,0x01,0x3b,0x0c,0xd0,0x32,0x55,0x41,0x06,
0x0e,0x3c,0x01,0x0c,0x34,0x2c,0x0a,0xc8,0x03,0xeb,0x03,0x3c,0x03,0x0c,0x7e,0x0d,0x11,0x0a,0x2d,0x09,
0x01,0x3b,0x0c,0xd0,0x32,0x55,0x41,0x06,0x0f,0x3c,0x01,0x0c,0x3c,0x02,0x0c,0xda,0xeb,0x04,0x3c,0x04,
0x0c,0x84,0x0d,0x11,0x0a,0x2d,0x09,0x01,0x3b,0x0c,0xd0,0x32,0x55,0x3c,0x04,0x10,0xeb,0x05,0x2d,0x09,
0x01,0x3b,0x0c,0xd0,0x57,0x05,0x00,0x00,0x00,0x00,0x00,0x57,0x88,0x5c,0xa7,0x02,0x90,0x32,0x47,0x00,
0x87,0x08,0x00,0x00,0x18,0x00,0x01,0x00,0x30,0x10,0x06,0x01,0x90,0x27,0x47,0x00,0x06,0x0b,0x11,0x11,
0x87,0x1b,0x00,0x00,0x87,0x6d,0x00,0x00,0xc7,0x6e,0x00,0x00,0x47,0x05,0x00,0x00,0x87,0x25,0x00,0x00,
0x07,0x29,0x00,0x00,0x47,0x28,0x00,0x00,0x00,0x00,0x00,0x00,0xc7,0x2c,0x00,0x00,0x07,0x72,0x00,0x00,
0x47,0x71,0x00,0x00,0x41,0x06,0x0b,0x2d,0x00,0x07,0xda,0xeb,0x01,0x3c,0x01,0x0c,0x7e,0x0d,0x11,0x04,
0x32,0x55,0x41,0x06,0x0e,0x3c,0x01,0x0c,0x34,0x2c,0x08,0xc8,0x03,0xeb,0x02,0x3c,0x02,0x0c,0x7e,0x0d,
0x11,0x0a,0x2d,0x09,0x01,0x3b,0x0c,0xd0,0x32,0x55,0x41,0x06,0x0e,0x3c,0x01,0x0c,0x34,0x2c,0x0a,0xc8,
0x03,0xeb,0x03,0x3c,0x03,0x0c,0x7e,0x0d,0x11,0x0a,0x2d,0x09,0x01,0x3b,0x0c,0xd0,0x32,0x55,0x41,0x06,
0x0f,0x3c,0x01,0x0c,0x3c,0x02,0x0c,0xda,0xeb,0x04,0x3c,0x04,0x0c,0x84,0x0d,0x11,0x0a,0x2d,0x09,0x01,
0x3b,0x0c,0xd0,0x32,0x55,0x3c,0x04,0x10,0xeb,0x05,0x2d,0x09,0x01,0x3b,0x0c,0xd0,0x57,0x05,0x00,0x00,
0x00,0x00,0x00,0x65,0x88,0x35,0xb0,0x02,0x88,0x37,0x47,0x00,0x87,0x0e,0x00,0x00,0x19,0x00,0x01,0x00,
0x30,0x10,0x06,0x03,0x90,0x27,0x47,0x00,0x09,0x0f,0x18,0x18,0x87,0x1b,0x00,0x00,0x87,0x6d,0x00,0x00,
0x87,0x25,0x00,0x00,0x47,0x05,0x00,0x00,0xc7,0x73,0x00,0x00,0x47,0x31,0x00,0x00,0x07,0x29,0x00,0x00,
0x47,0x28,0x00,0x00,0x00,0x00,0x00,0x00,0xc7,0x2c,0x00,0x00,0x07,0x70,0x00,0x00,0x47,0x71,0x00,0x00,
0xc7,0x74,0x00,0x00,0x87,0x76,0x00,0x00,0x87,0x77,0x00,0x00,0x41,0x09,0x0f,0x2d,0x00,0x0a,0xda,0xeb,
0x03,0x3c,0x03,0x10,0x7e,0x11,0x11,0x04,0x32,0x55,0x41,0x09,0x12,0x3c,0x03,0x10,0x2d,0x01,0x0b,0xc8,
0x03,0xeb,0x04,0x3c,0x04,0x10,0x7e,0x11,0x11,0x0a,0x2d,0x0c,0x03,0x3b,0x10,0xd0,0x32,0x55,0x41,0x09,
0x13,0x3c,0x03,0x10,0x2c,0x02,0xda,0xeb,0x05,0x3c,0x05,0x10,0x84,0x11,0x11,0x0a,0x2d,0x0c,0x03,0x3b,
0x10,0xd0,0x32,0x55,0x2d,0x0c,0x03,0x3b,0x10,0xd0,0x3c,0x05,0x14,0xeb,0x06,0x3c,0x0d,0x15,0x40,0x16,
0x28,0x2c,0x06,0xda,0xeb,0x07,0x28,0xeb,0x08,0x2c,0x07,0x11,0x0a,0x41,0x0e,0x17,0x2c,0x07,0xd4,0xeb,
0x08,0x57,0x08,0x46,0x85,0x1e,0xb9,0x02,0x40,0x3b,0x47,0x00,0x47,0x12,0x00,0x00,0x2c,0x00,0x01,0x00,
0x30,0x10,0x06,0x03,0x90,0x27,0x47,0x00,0x0a,0x12,0x29,0x2a,0x47,0x1a,0x00,0x00,0x47,0x31,0x00,0x00,
0x87,0x78,0x00,0x00,0x87,0x1b,0x00,0x00,0x47,0x24,0x00,0x00,0x47,0x23,0x00,0x00,0xc7,0x79,0x00,0x00,
0x47,0x05,0x00,0x00,0x47,0x1c,0x00,0x00,0x07,0x7b,0x00,0x00,0xc7,0x80,0x00,0x00,0x87,0x54,0x00,0x00,
0xc7,0x2b,0x00,0x00,0xc7,0x86,0x00,0x00,0x87,0x8c,0x00,0x00,0x87,0x91,0x00,0x00,0x47,0x92,0x00,0x00,
0x87,0x93,0x00,0x00,0xc7,0x95,0x00,0x00,0x47,0x96,0x00,0x00,0x47,0x97,0x00,0x00,0x87,0x97,0x00,0x00,
0x07,0x29,0x00,0x00,0x47,0x28,0x00,0x00,0x00,0x00,0x00,0x00,0x47,0x98,0x00,0x00,0xc7,0x2c,0x00,0x00,
0x07,0x9f,0x00,0x00,0x47,0x2a,0x00,0x00,0xc7,0xa5,0x00,0x00,0xc7,0xac,0x00,0x00,0x60,0x01,0x00,0x00,
0x41,0x0a,0x12,0x2c,0x13,0xd3,0x61,0x00,0x11,0x0a,0x41,0x0a,0x12,0x2c,0x14,0xd3,0x32,0x55,0x41,0x0b,
0x15,0x2c,0x00,0xd4,0xeb,0x03,0x3c,0x03,0x16,0xeb,0x04,0x41,0x0a,0x12,0x2f,0x17,0x03,0x04,0xc7,0x03,
0x41,0x0a,0x12,0x2f,0x18,0x01,0x02,0xc7,0x03,0x2f,0x0c,0x19,0x0d,0x3b,0x1a,0x3b,0x1b,0x98,0x99,0x1c,
0x2c,0x03,0xd7,0x40,0x1d,0x2c,0x1e,0xd4,0xeb,0x05,0x41,0x05,0x1f,0x2c,0x29,0xd4,0xeb,0x06,0x41,0x0d,
0x20,0x2f,0x01,0x0e,0x0f,0x68,0xda,0xeb,0x07,0x3c,0x07,0x21,0x7e,0x22,0x11,0x0a,0x41,0x0a,0x12,0x2c,
0x23,0xd3,0x32,0x55,0x41,0x0d,0x24,0x3c,0x07,0x21,0x2d,0x02,0x10,0xc8,0x03,0xeb,0x08,0x3c,0x08,0x21,
0x7e,0x22,0x11,0x10,0x41,0x0a,0x12,0x2c,0x25,0xd3,0x2d,0x11,0x07,0x3b,0x21,0xd0,0x32,0x55,0x41,0x0d,
0x26,0x3c,0x07,0x21,0x2d,0x06,0x06,0x3b,0x16,0xc8,0x03,0xeb,0x09,0x3c,0x09,0x21,0x7e,0x22,0x11,0x10,
0x41,0x0a,0x12,0x2c,0x27,0xd3,0x2d,0x11,0x07,0x3b,0x21,0xd0,0x32,0x55,0x41,0x0a,0x12,0x2d,0x28,0x04,
0xd9,0x2d,0x11,0x07,0x3b,0x21,0xd0,0x57,0x04,0x00,0x00,0x00,0x00,0x00,0x00,0x5b,0x8b,0x6a,0xbe,0x02,
0x88,0x3e,0x47,0x00,0xc7,0x14,0x00,0x00,0x05,0x00,0x01,0x00,0x30,0x10,0x03,0x01,0x90,0x27,0x47,0x00,
0x01,0x01,0x02,0x02,0x47,0xb4,0x00,0x00,0x41,0x00,0x01,0xce,0x55,0x00,0x00,0x00,0x2e,0x29,0xc3,0x02,
0x50,0x29,0x47,0x00,0x47,0x97,0x00,0x00,0x07,0x00,0x6d,0x6f,0x64,0x75,0x6c,0x65,0x73,0x00,0x15,0x00,
0x6d,0x6f,0x64,0x5f,0x67,0x6c,0x6f,0x62,0x61,0x6c,0x5f,0x61,0x70,0x70,0x5f,0x6d,0x61,0x6e,0x61,0x67,
0x65,0x00,0x06,0x00,0x6d,0x6f,0x64,0x75,0x6c,0x65,0x05,0x00,0x63,0x6c,0x6f,0x73,0x65,0x00,0x10,0x00,
0x47,0x4c,0x4f,0x42,0x41,0x4c,0x5f,0x46,0x49,0x4c,0x45,0x5f,0x53,0x41,0x56,0x45,0x0f,0x00,0x47,0x4c,
0x4f,0x42,0x41,0x4c,0x5f,0x47,0x45,0x54,0x5f,0x46,0x49,0x4c,0x45,0x00,0x1c,0x00,0x47,0x4c,0x4f,0x42,
0x41,0x4c,0x5f,0x41,0x52,0x52,0x41,0x59,0x42,0x55,0x46,0x46,0x45,0x52,0x5f,0x46,0x49,0x4c,0x45,0x5f,
0x53,0x41,0x56,0x45,0x1b,0x00,0x47,0x4c,0x4f,0x42,0x41,0x4c,0x5f,0x41,0x52,0x52,0x41,0x59,0x42,0x55,
0x46,0x46,0x45,0x52,0x5f,0x47,0x45,0x54,0x5f,0x46,0x49,0x4c,0x45,0x00,0x11,0x00,0x47,0x4c,0x4f,0x42,
0x41,0x4c,0x5f,0x47,0x45,0x54,0x5f,0x52,0x45,0x43,0x4f,0x52,0x44,0x00,0x12,0x00,0x47,0x4c,0x4f,0x42,
0x41,0x4c,0x5f,0x53,0x41,0x56,0x45,0x5f,0x52,0x45,0x43,0x4f,0x52,0x44,0x16,0x00,0x47,0x4c,0x4f,0x42,
0x41,0x4c,0x5f,0x46,0x49,0x4c,0x45,0x5f,0x53,0x41,0x56,0x45,0x5f,0x43,0x4f,0x56,0x45,0x52,0x07,0x00,
0x63,0x6f,0x6e,0x73,0x6f,0x6c,0x65,0x00,0x03,0x00,0x54,0x6f,0x73,0x00,0x03,0x00,0x6c,0x6f,0x67,0x00,
0x1a,0x00,0x46,0x69,0x6c,0x65,0x43,0x6c,0x6f,0x73,0x65,0x20,0x3d,0x3d,0x3d,0x3d,0x3d,0x3d,0x3d,0x3d,
0x3d,0x3d,0x3d,0x3d,0x3d,0x3d,0x3d,0x3e,0x09,0x00,0x46,0x69,0x6c,0x65,0x43,0x6c,0x6f,0x73,0x65,0x00,
0x08,0x00,0x4f,0x5f,0x41,0x50,0x50,0x45,0x4e,0x44,0x06,0x00,0x4f,0x5f,0x52,0x44,0x57,0x52,0x07,0x00,
0x4f,0x5f,0x43,0x52,0x45,0x41,0x54,0x00,0x08,0x00,0x53,0x45,0x45,0x4b,0x5f,0x53,0x45,0x54,0x0a,0x00,
0x46,0x69,0x6c,0x65,0x41,0x63,0x63,0x65,0x73,0x73,0x04,0x00,0x63,0x6f,0x64,0x65,0x08,0x00,0x46,0x69,
0x6c,0x65,0x4f,0x70,0x65,0x6e,0x09,0x00,0x46,0x69,0x6c,0x65,0x57,0x72,0x69,0x74,0x65,0x00,0x06,0x00,
0x6c,0x65,0x6e,0x67,0x74,0x68,0x08,0x00,0x46,0x69,0x6c,0x65,0x53,0x65,0x65,0x6b,0x0c,0x00,0x46,0x69,
0x6c,0x65,0x57,0x72,0x69,0x74,0x65,0x45,0x78,0x74,0x0a,0x00,0x62,0x79,0x74,0x65,0x4c,0x65,0x6e,0x67,
0x74,0x68,0x04,0x00,0x4a,0x53,0x4f,0x4e,0x33,0x00,0x0a,0x20,0x47,0x4c,0x4f,0x42,0x41,0x4c,0x5f,0x46,
0x49,0x4c,0x45,0x5f,0x53,0x41,0x56,0x45,0x5f,0x43,0x4f,0x56,0x45,0x52,0x20,0x30,0x30,0x30,0x30,0x30,
0x30,0x30,0x20,0x3d,0x3d,0x3d,0x3d,0x3d,0x3d,0x3d,0x3d,0x3d,0x3d,0x3d,0x3d,0x3d,0x3d,0x3d,0x3d,0x3d,
0x3e,0x00,0x35,0x00,0x47,0x4c,0x4f,0x42,0x41,0x4c,0x5f,0x46,0x49,0x4c,0x45,0x5f,0x53,0x41,0x56,0x45,
0x5f,0x43,0x4f,0x56,0x45,0x52,0x20,0x37,0x37,0x37,0x37,0x37,0x37,0x37,0x37,0x37,0x37,0x3d,0x3d,0x3d,
0x3d,0x3d,0x3d,0x3d,0x3d,0x3d,0x3d,0x3d,0x3d,0x3d,0x3e,0x20,0x64,0x61,0x74,0x61,0x3a,0x00,0x2b,0x00,
0x47,0x4c,0x4f,0x42,0x41,0x4c,0x5f,0x46,0x49,0x4c,0x45,0x5f,0x53,0x41,0x56,0x45,0x5f,0x43,0x4f,0x56,
0x45,0x52,0x20,0x38,0x38,0x38,0x38,0x38,0x38,0x38,0x38,0x38,0x38,0x38,0x20,0x3d,0x3d,0x3d,0x3d,0x3d,
0x3d,0x3d,0x3e,0x00,0x30,0x00,0x47,0x4c,0x4f,0x42,0x41,0x4c,0x5f,0x46,0x49,0x4c,0x45,0x5f,0x53,0x41,
0x56,0x45,0x5f,0x43,0x4f,0x56,0x45,0x52,0x20,0x39,0x39,0x39,0x39,0x39,0x39,0x39,0x39,0x39,0x39,0x39,
0x20,0x66,0x61,0x69,0x6c,0x3d,0x3d,0x3d,0x3d,0x3d,0x3d,0x3d,0x3d,0x3e,0x2f,0x00,0x47,0x4c,0x4f,0x42,
0x41,0x4c,0x5f,0x46,0x49,0x4c,0x45,0x5f,0x53,0x41,0x56,0x45,0x5f,0x43,0x4f,0x56,0x45,0x52,0x20,0x20,
0x61,0x61,0x61,0x61,0x61,0x61,0x61,0x61,0x61,0x61,0x61,0x61,0x61,0x61,0x20,0x3d,0x3d,0x3d,0x3d,0x3d,
0x3d,0x3d,0x3e,0x00,0x12,0x00,0x73,0x65,0x65,0x6b,0x52,0x65,0x74,0x20,0x20,0x3d,0x3d,0x3d,0x3d,0x3d,
0x3d,0x3d,0x3d,0x3e,0x09,0x00,0x73,0x74,0x72,0x69,0x6e,0x67,0x69,0x66,0x79,0x00,0x29,0x00,0x47,0x4c,
0x4f,0x42,0x41,0x4c,0x5f,0x46,0x49,0x4c,0x45,0x5f,0x53,0x41,0x56,0x45,0x5f,0x43,0x4f,0x56,0x45,0x52,
0x20,0x73,0x65,0x65,0x6b,0x20,0x66,0x61,0x69,0x6c,0x3d,0x3d,0x3d,0x3d,0x3d,0x3d,0x3d,0x3d,0x3e,0x00,
0x2a,0x00,0x47,0x4c,0x4f,0x42,0x41,0x4c,0x5f,0x46,0x49,0x4c,0x45,0x5f,0x53,0x41,0x56,0x45,0x5f,0x43,
0x4f,0x56,0x45,0x52,0x20,0x62,0x62,0x62,0x62,0x62,0x62,0x62,0x62,0x62,0x62,0x20,0x3d,0x3d,0x3d,0x3d,
0x3d,0x3d,0x3d,0x3e,0x2d,0x00,0x47,0x4c,0x4f,0x42,0x41,0x4c,0x5f,0x46,0x49,0x4c,0x45,0x5f,0x53,0x41,
0x56,0x45,0x5f,0x43,0x4f,0x56,0x45,0x52,0x20,0x64,0x64,0x64,0x64,0x64,0x64,0x64,0x64,0x64,0x64,0x64,
0x64,0x64,0x20,0x3d,0x3d,0x3d,0x3d,0x3d,0x3d,0x3d,0x3e,0x00,0x31,0x00,0x47,0x4c,0x4f,0x42,0x41,0x4c,
0x5f,0x46,0x49,0x4c,0x45,0x5f,0x53,0x41,0x56,0x45,0x5f,0x43,0x4f,0x56,0x45,0x52,0x20,0x65,0x65,0x65,
0x65,0x65,0x65,0x65,0x65,0x65,0x65,0x65,0x65,0x20,0x66,0x61,0x69,0x6c,0x3d,0x3d,0x3d,0x3d,0x3d,0x3d,
0x3d,0x3d,0x3e,0x00,0x08,0x00,0x4f,0x5f,0x52,0x44,0x4f,0x4e,0x4c,0x59,0x08,0x00,0x53,0x45,0x45,0x4b,
0x5f,0x45,0x4e,0x44,0x08,0x00,0x46,0x69,0x6c,0x65,0x52,0x65,0x61,0x64,0x04,0x00,0x64,0x61,0x74,0x61,
0x0b,0x00,0x46,0x69,0x6c,0x65,0x52,0x65,0x61,0x64,0x45,0x78,0x74,0x00,0x06,0x00,0x53,0x74,0x72,0x69,
0x6e,0x67,0x0c,0x00,0x66,0x72,0x6f,0x6d,0x43,0x68,0x61,0x72,0x43,0x6f,0x64,0x65,0x05,0x00,0x61,0x70,
0x70,0x6c,0x79,0x00,0x05,0x00,0x70,0x61,0x72,0x73,0x65,0x00,0x07,0x00,0x73,0x70,0x72,0x69,0x6e,0x74,
0x66,0x00,0x08,0x00,0x53,0x45,0x45,0x4b,0x5f,0x43,0x55,0x52,0x2c,0x00,0x20,0x47,0x4c,0x4f,0x42,0x41,
0x4c,0x5f,0x53,0x41,0x56,0x45,0x5f,0x52,0x45,0x43,0x4f,0x52,0x44,0x20,0x20,0x3d,0x3d,0x3d,0x3d,0x3d,
0x3d,0x3d,0x3d,0x3d,0x3d,0x3d,0x3d,0x3d,0x3d,0x3d,0x3d,0x3d,0x3e,0x20,0x30,0x30,0x30,0x30,0x2d,0x00,
0x20,0x47,0x4c,0x4f,0x42,0x41,0x4c,0x5f,0x53,0x41,0x56,0x45,0x5f,0x52,0x45,0x43,0x4f,0x52,0x44,0x20,
0x21,0x74,0x72,0x61,0x6e,0x73,0x20,0x3d,0x3d,0x3d,0x3d,0x3d,0x3d,0x3d,0x3d,0x3d,0x3d,0x3d,0x3d,0x3d,
0x3d,0x3d,0x3d,0x3d,0x3e,0x00,0x2c,0x00,0x20,0x47,0x4c,0x4f,0x42,0x41,0x4c,0x5f,0x53,0x41,0x56,0x45,
0x5f,0x52,0x45,0x43,0x4f,0x52,0x44,0x20,0x74,0x72,0x61,0x6e,0x73,0x20,0x3d,0x3d,0x3d,0x3d,0x3d,0x3d,
0x3d,0x3d,0x3d,0x3d,0x3d,0x3d,0x3d,0x3d,0x3d,0x3d,0x3d,0x3e,0x26,0x00,0x20,0x47,0x4c,0x4f,0x42,0x41,
0x4c,0x5f,0x53,0x41,0x56,0x45,0x5f,0x52,0x45,0x43,0x4f,0x52,0x44,0x20,0x3d,0x3d,0x3d,0x3d,0x3d,0x3d,
0x3d,0x3d,0x3d,0x3d,0x3d,0x3d,0x3d,0x3d,0x3d,0x3d,0x3d,0x3e,0x03,0x00,0x25,0x2d,0x30,0x00,0x08,0x00,
0x43,0x4f,0x4e,0x53,0x54,0x41,0x4e,0x54,0x10,0x00,0x54,0x52,0x41,0x4e,0x53,0x5f,0x52,0x45,0x43,0x4f,
0x52,0x44,0x5f,0x4c,0x45,0x4e,0x01,0x00,0x73,0x00,0x05,0x00,0x73,0x70,0x6c,0x69,0x74,0x00,0x00,0x00,
0x03,0x00,0x6d,0x61,0x70,0x00,0x34,0x00,0x20,0x47,0x4c,0x4f,0x42,0x41,0x4c,0x5f,0x53,0x41,0x56,0x45,
0x5f,0x52,0x45,0x43,0x4f,0x52,0x44,0x20,0x46,0x69,0x6c,0x65,0x4f,0x70,0x65,0x6e,0x20,0x66,0x61,0x69,
0x6c,0x20,0x3d,0x3d,0x3d,0x3d,0x3d,0x3d,0x3d,0x3d,0x3d,0x3d,0x3d,0x3d,0x3d,0x3d,0x3d,0x3d,0x3d,0x3e,
0x34,0x00,0x20,0x47,0x4c,0x4f,0x42,0x41,0x4c,0x5f,0x53,0x41,0x56,0x45,0x5f,0x52,0x45,0x43,0x4f,0x52,
0x44,0x20,0x46,0x69,0x6c,0x65,0x53,0x65,0x65,0x6b,0x20,0x66,0x61,0x69,0x6c,0x20,0x3d,0x3d,0x3d,0x3d,
0x3d,0x3d,0x3d,0x3d,0x3d,0x3d,0x3d,0x3d,0x3d,0x3d,0x3d,0x3d,0x3d,0x3e,0x35,0x00,0x20,0x47,0x4c,0x4f,
0x42,0x41,0x4c,0x5f,0x53,0x41,0x56,0x45,0x5f,0x52,0x45,0x43,0x4f,0x52,0x44,0x20,0x46,0x69,0x6c,0x65,
0x57,0x72,0x69,0x74,0x65,0x20,0x66,0x61,0x69,0x6c,0x20,0x3d,0x3d,0x3d,0x3d,0x3d,0x3d,0x3d,0x3d,0x3d,
0x3d,0x3d,0x3d,0x3d,0x3d,0x3d,0x3d,0x3d,0x3e,0x00,0x39,0x00,0x20,0x47,0x4c,0x4f,0x42,0x41,0x4c,0x5f,
0x53,0x41,0x56,0x45,0x5f,0x52,0x45,0x43,0x4f,0x52,0x44,0x20,0x46,0x69,0x6c,0x65,0x57,0x72,0x69,0x74,
0x65,0x20,0x74,0x72,0x61,0x6e,0x73,0x4c,0x65,0x6e,0x20,0x3d,0x3d,0x3d,0x3d,0x3d,0x3d,0x3d,0x3d,0x3d,
0x3d,0x3d,0x3d,0x3d,0x3d,0x3d,0x3d,0x3d,0x3e,0x00,0x0a,0x00,0x63,0x68,0x61,0x72,0x43,0x6f,0x64,0x65,
0x41,0x74,0x00,0x00,0x00,0x00,};/*3606*/
