TK_CONST_DATA_ALIGN(const unsigned char script_mod_global_response[]) = {
0x07,0x00,0x01,0x01,0x08,0x15,0x00,0x00,0x00,0x00,0x00,0x00,0x6d,0x6f,0x64,0x5f,0x67,0x6c,0x6f,0x62,
0x61,0x6c,0x5f,0x72,0x65,0x73,0x70,0x6f,0x6e,0x73,0x65,0x00,0x00,0x00,0x00,0x00,0x00,0x00,0x00,0x00,
0x00,0x00,0x00,0x00,0x4a,0x52,0x52,0x59,0x46,0x00,0x00,0x00,0x00,0x00,0x00,0x00,0x90,0x07,0x00,0x00,
0x01,0x00,0x00,0x00,0x18,0x00,0x00,0x00,0x07,0x00,0x01,0x00,0x10,0x30,0x03,0x00,0xc8,0x27,0x47,0x00,
0x01,0x01,0x04,0x05,0x07,0x00,0x00,0x00,0x47,0x01,0x00,0x00,0x07,0x04,0x00,0x00,0x38,0x00,0x00,0x00,
0x3d,0x01,0x14,0xe7,0x02,0x00,0x10,0x04,0x03,0x3d,0x01,0x3b,0x02,0x33,0xd8,0x56,0x90,0x27,0x47,0x00,
0xc7,0x31,0x01,0x00,0xd5,0x00,0x01,0x00,0x20,0x10,0x41,0x02,0xc8,0x27,0x47,0x00,0x03,0x04,0xdd,0xde,
0x07,0x05,0x00,0x00,0x47,0x07,0x00,0x00,0x07,0x09,0x00,0x00,0x87,0x09,0x00,0x00,0xc7,0x0b,0x00,0x00,
0xc7,0x0e,0x00,0x00,0x47,0x0f,0x00,0x00,0x07,0x12,0x00,0x00,0x87,0x12,0x00,0x00,0x07,0x18,0x00,0x00,
0x87,0x18,0x00,0x00,0xc7,0x1a,0x00,0x00,0x47,0x1b,0x00,0x00,0x87,0x1c,0x00,0x00,0x07,0x1d,0x00,0x00,
0xc7,0x1e,0x00,0x00,0x47,0x1f,0x00,0x00,0x87,0x25,0x00,0x00,0x07,0x26,0x00,0x00,0x87,0x29,0x00,0x00,
0x07,0x2a,0x00,0x00,0xc7,0x2c,0x00,0x00,0x47,0x2d,0x00,0x00,0x07,0x31,0x00,0x00,0x87,0x31,0x00,0x00,
0x87,0x33,0x00,0x00,0x07,0x34,0x00,0x00,0xc7,0x36,0x00,0x00,0x47,0x37,0x00,0x00,0x47,0x39,0x00,0x00,
0xc7,0x39,0x00,0x00,0x87,0x3e,0x00,0x00,0x07,0x3f,0x00,0x00,0x07,0x41,0x00,0x00,0x87,0x41,0x00,0x00,
0xc7,0x46,0x00,0x00,0x47,0x47,0x00,0x00,0x47,0x4a,0x00,0x00,0xc7,0x4a,0x00,0x00,0x07,0x4d,0x00,0x00,
0x87,0x4d,0x00,0x00,0x47,0x50,0x00,0x00,0xc7,0x50,0x00,0x00,0x07,0x53,0x00,0x00,0x87,0x53,0x00,0x00,
0xc7,0x55,0x00,0x00,0x47,0x56,0x00,0x00,0x47,0x59,0x00,0x00,0xc7,0x59,0x00,0x00,0x87,0x5d,0x00,0x00,
0x07,0x5e,0x00,0x00,0x07,0x63,0x00,0x00,0x87,0x63,0x00,0x00,0xc7,0x66,0x00,0x00,0x47,0x67,0x00,0x00,
0x87,0x69,0x00,0x00,0x07,0x6a,0x00,0x00,0xc7,0x6d,0x00,0x00,0x47,0x6e,0x00,0x00,0x07,0x72,0x00,0x00,
0x87,0x72,0x00,0x00,0x47,0x7a,0x00,0x00,0xc7,0x7a,0x00,0x00,0x87,0x7c,0x00,0x00,0x07,0x7d,0x00,0x00,
0xc7,0x80,0x00,0x00,0x47,0x81,0x00,0x00,0x07,0x84,0x00,0x00,0x87,0x84,0x00,0x00,0x47,0x86,0x00,0x00,
0xc7,0x86,0x00,0x00,0x07,0x89,0x00,0x00,0x87,0x89,0x00,0x00,0x87,0x8d,0x00,0x00,0x07,0x8e,0x00,0x00,
0x47,0x90,0x00,0x00,0xc7,0x90,0x00,0x00,0x87,0x95,0x00,0x00,0x07,0x96,0x00,0x00,0xc7,0x99,0x00,0x00,
0x47,0x9a,0x00,0x00,0xc7,0x9c,0x00,0x00,0x47,0x9d,0x00,0x00,0x87,0xa1,0x00,0x00,0x07,0xa2,0x00,0x00,
0x87,0xa3,0x00,0x00,0x07,0xa4,0x00,0x00,0xc7,0xa6,0x00,0x00,0x47,0xa7,0x00,0x00,0x07,0xac,0x00,0x00,
0x87,0xac,0x00,0x00,0x87,0xaf,0x00,0x00,0x87,0xb0,0x00,0x00,0x47,0xb3,0x00,0x00,0xc7,0xb3,0x00,0x00,
0x87,0xb6,0x00,0x00,0x07,0xb7,0x00,0x00,0xc7,0xb9,0x00,0x00,0x47,0xba,0x00,0x00,0xc7,0xbc,0x00,0x00,
0x47,0xbd,0x00,0x00,0xc7,0xbd,0x00,0x00,0xc7,0xbf,0x00,0x00,0x47,0xc0,0x00,0x00,0x47,0xc2,0x00,0x00,
0xc7,0xc2,0x00,0x00,0x07,0xc8,0x00,0x00,0x87,0xc8,0x00,0x00,0x87,0xcd,0x00,0x00,0x07,0xce,0x00,0x00,
0x87,0xce,0x00,0x00,0x07,0xcf,0x00,0x00,0x47,0xd3,0x00,0x00,0xc7,0xd3,0x00,0x00,0x47,0xd4,0x00,0x00,
0xc7,0xd6,0x00,0x00,0x47,0xd7,0x00,0x00,0xc7,0xda,0x00,0x00,0x47,0xdb,0x00,0x00,0xc7,0xdf,0x00,0x00,
0x47,0xe0,0x00,0x00,0xc7,0xe6,0x00,0x00,0x47,0xe7,0x00,0x00,0x47,0xee,0x00,0x00,0xc7,0xee,0x00,0x00,
0x47,0xf2,0x00,0x00,0x47,0xf3,0x00,0x00,0xc7,0xf3,0x00,0x00,0xc7,0xf8,0x00,0x00,0x47,0xf9,0x00,0x00,
0x47,0xfc,0x00,0x00,0xc7,0xfc,0x00,0x00,0xc7,0xff,0x00,0x00,0x47,0x00,0x01,0x00,0x87,0x02,0x01,0x00,
0x07,0x03,0x01,0x00,0x07,0x05,0x01,0x00,0x87,0x05,0x01,0x00,0xc7,0x09,0x01,0x00,0x47,0x0a,0x01,0x00,
0x47,0x0c,0x01,0x00,0xc7,0x0c,0x01,0x00,0x47,0x12,0x01,0x00,0xc7,0x12,0x01,0x00,0x87,0x15,0x01,0x00,
0x07,0x16,0x01,0x00,0xc7,0x17,0x01,0x00,0x47,0x18,0x01,0x00,0x87,0x1b,0x01,0x00,0x07,0x1c,0x01,0x00,
0x87,0x1e,0x01,0x00,0x07,0x1f,0x01,0x00,0x87,0x23,0x01,0x00,0x07,0x27,0x01,0x00,0x87,0x27,0x01,0x00,
0xc7,0x2a,0x01,0x00,0x47,0x2b,0x01,0x00,0x87,0x2e,0x01,0x00,0x07,0x2f,0x01,0x00,0xc7,0x31,0x01,0x00,
0x07,0x32,0x01,0x00,0x07,0x3f,0x01,0x00,0x87,0x3f,0x01,0x00,0xc7,0x43,0x01,0x00,0x47,0x44,0x01,0x00,
0xc7,0x4e,0x01,0x00,0x47,0x4f,0x01,0x00,0xc7,0x55,0x01,0x00,0x47,0x56,0x01,0x00,0x47,0x59,0x01,0x00,
0xc7,0x59,0x01,0x00,0x07,0x5c,0x01,0x00,0x87,0x5e,0x01,0x00,0x07,0x5f,0x01,0x00,0x87,0x62,0x01,0x00,
0x07,0x63,0x01,0x00,0xc7,0x65,0x01,0x00,0x47,0x66,0x01,0x00,0xc7,0x68,0x01,0x00,0x87,0x69,0x01,0x00,
0x87,0x6c,0x01,0x00,0x47,0x6d,0x01,0x00,0x47,0x70,0x01,0x00,0x07,0x71,0x01,0x00,0xc7,0x72,0x01,0x00,
0x87,0x73,0x01,0x00,0x87,0x76,0x01,0x00,0x47,0x77,0x01,0x00,0xc7,0x79,0x01,0x00,0x87,0x7a,0x01,0x00,
0xc7,0x7c,0x01,0x00,0x87,0x7d,0x01,0x00,0x47,0x7f,0x01,0x00,0x07,0x80,0x01,0x00,0x07,0x82,0x01,0x00,
0xc7,0x82,0x01,0x00,0x87,0x85,0x01,0x00,0x47,0x86,0x01,0x00,0x87,0x88,0x01,0x00,0x47,0x89,0x01,0x00,
0x47,0x8c,0x01,0x00,0x07,0x8d,0x01,0x00,0x87,0x8f,0x01,0x00,0x47,0x90,0x01,0x00,0x47,0x92,0x01,0x00,
0x07,0x93,0x01,0x00,0x87,0x95,0x01,0x00,0x47,0x96,0x01,0x00,0x07,0x9a,0x01,0x00,0xc7,0x9a,0x01,0x00,
0x87,0x9e,0x01,0x00,0x47,0x9f,0x01,0x00,0x07,0xa0,0x01,0x00,0x07,0xa3,0x01,0x00,0x87,0xa4,0x01,0x00,
0xc7,0xa7,0x01,0x00,0x07,0x05,0x00,0x00,0x87,0xaa,0x01,0x00,0xa8,0x06,0x00,0x00,0x4b,0x03,0x53,0xdd,
0x02,0x1c,0x14,0x58,0x05,0x04,0x58,0x07,0x06,0x14,0x58,0x08,0x04,0x58,0x09,0x06,0x14,0x58,0x0a,0x04,
0x58,0x0b,0x06,0x14,0x58,0x0c,0x04,0x58,0x0d,0x06,0x14,0x58,0x0e,0x04,0x58,0x0f,0x06,0x14,0x58,0x10,
0x04,0x58,0x11,0x06,0x14,0x58,0x12,0x04,0x58,0x13,0x06,0x14,0x58,0x14,0x04,0x58,0x15,0x06,0x14,0x58,
0x16,0x04,0x58,0x17,0x06,0x14,0x58,0x18,0x04,0x58,0x19,0x06,0x14,0x58,0x1a,0x04,0x58,0x1b,0x06,0x14,
0x58,0x1c,0x04,0x58,0x1d,0x06,0x14,0x58,0x1e,0x04,0x58,0x1f,0x06,0x14,0x58,0x20,0x04,0x58,0x21,0x06,
0x14,0x58,0x22,0x04,0x58,0x23,0x06,0x14,0x58,0x24,0x04,0x58,0x25,0x06,0x14,0x58,0x26,0x04,0x58,0x27,
0x06,0x14,0x58,0x28,0x04,0x58,0x29,0x06,0x14,0x58,0x2a,0x04,0x58,0x2b,0x06,0x14,0x58,0x2c,0x04,0x58,
0x2d,0x06,0x14,0x58,0x2e,0x04,0x58,0x2f,0x06,0x14,0x58,0x30,0x04,0x58,0x31,0x06,0x14,0x58,0x32,0x04,
0x58,0x33,0x06,0x14,0x58,0x34,0x04,0x58,0x35,0x06,0x14,0x58,0x36,0x04,0x58,0x37,0x06,0x14,0x58,0x38,
0x04,0x58,0x39,0x06,0x14,0x58,0x3a,0x04,0x58,0x3b,0x06,0x14,0x58,0x3c,0x04,0x58,0x3d,0x06,0x14,0x58,
0x3e,0x04,0x58,0x3f,0x06,0x14,0x58,0x40,0x04,0x58,0x41,0x06,0x14,0x58,0x42,0x04,0x58,0x43,0x06,0x14,
0x58,0x44,0x04,0x58,0x45,0x06,0x14,0x58,0x46,0x04,0x58,0x47,0x06,0x14,0x58,0x48,0x04,0x58,0x49,0x06,
0x14,0x58,0x4a,0x04,0x58,0x4b,0x06,0x14,0x58,0x4c,0x04,0x58,0x4d,0x06,0x14,0x58,0x4e,0x04,0x58,0x4f,
0x06,0x14,0x58,0x50,0x04,0x58,0x51,0x06,0x14,0x58,0x52,0x04,0x58,0x53,0x06,0x14,0x58,0x54,0x04,0x58,
0x55,0x06,0x14,0x58,0x56,0x04,0x58,0x57,0x06,0x14,0x58,0x58,0x04,0x58,0x59,0x06,0x14,0x58,0x5a,0x04,
0x58,0x5b,0x06,0x14,0x58,0x5c,0x04,0x58,0x5d,0x06,0x14,0x58,0x5e,0x04,0x58,0x5f,0x06,0x14,0x58,0x60,
0x04,0x58,0x61,0x06,0x14,0x58,0x62,0x04,0x58,0x63,0x06,0x14,0x58,0x64,0x04,0x58,0x65,0x06,0x14,0x58,
0x66,0x04,0x58,0x47,0x06,0x14,0x58,0x67,0x04,0x58,0x68,0x06,0x14,0x58,0x69,0x04,0x58,0x6a,0x06,0x14,
0x58,0x6b,0x04,0x58,0x6c,0x06,0x14,0x58,0x6d,0x04,0x58,0x6e,0x06,0x14,0x58,0x6f,0x04,0x58,0x49,0x06,
0x14,0x58,0x70,0x04,0x58,0x4b,0x06,0x14,0x58,0x71,0x04,0x58,0x72,0x06,0x14,0x58,0x73,0x04,0x58,0x4d,
0x06,0x14,0x58,0x74,0x04,0x58,0x75,0x06,0x14,0x58,0x76,0x04,0x58,0x77,0x06,0x14,0x58,0x78,0x04,0x58,
0x79,0x06,0x14,0x58,0x7a,0x04,0x58,0x7b,0x06,0x14,0x58,0x7c,0x04,0x58,0x7d,0x06,0x14,0x58,0x7e,0x04,
0x58,0x7f,0x06,0x14,0x58,0x80,0x04,0x58,0x5f,0x06,0x20,0x40,0x14,0x58,0x81,0x04,0x58,0x82,0x06,0x14,
0x58,0x83,0x04,0x58,0x84,0x06,0x14,0x58,0x85,0x04,0x58,0x86,0x06,0x14,0x58,0x87,0x04,0x58,0x88,0x06,
0x14,0x58,0x89,0x04,0x58,0x8a,0x06,0x14,0x58,0x8b,0x04,0x58,0x8c,0x06,0x14,0x58,0x8d,0x04,0x58,0x8e,
0x06,0x14,0x58,0x8f,0x04,0x58,0x90,0x06,0x14,0x58,0x91,0x04,0x58,0x92,0x06,0x14,0x58,0x93,0x04,0x58,
0x94,0x06,0x14,0x58,0x95,0x04,0x58,0x96,0x06,0x14,0x58,0x97,0x04,0x58,0x98,0x06,0x14,0x58,0x99,0x04,
0x58,0x9a,0x06,0x14,0x58,0x99,0x04,0x58,0x9b,0x06,0x14,0x58,0x9c,0x04,0x58,0x9d,0x06,0x14,0x58,0x9e,
0x04,0x58,0x9f,0x06,0x14,0x58,0xa0,0x04,0x58,0xa1,0x06,0x14,0x58,0xa2,0x04,0x58,0xa3,0x06,0x14,0x58,
0xa4,0x04,0x58,0xa5,0x06,0x14,0x58,0xa6,0x04,0x58,0xa7,0x06,0x14,0x58,0xa8,0x04,0x58,0xa9,0x06,0x14,
0x58,0xaa,0x04,0x58,0xab,0x06,0x14,0x58,0xac,0x04,0x58,0xad,0x06,0x14,0x58,0x30,0x04,0x58,0xae,0x06,
0x14,0x58,0xaf,0x04,0x58,0xb0,0x06,0x14,0x58,0xb1,0x04,0x58,0xb2,0x06,0x14,0x58,0xb3,0x04,0x58,0xb4,
0x06,0x14,0x58,0xb5,0x04,0x58,0xb6,0x06,0x14,0x58,0xb7,0x04,0x58,0xb8,0x06,0x14,0x58,0xb9,0x04,0x58,
0xba,0x06,0x14,0x58,0xbb,0x04,0x58,0xbc,0x06,0x14,0x58,0xbd,0x04,0x58,0xbe,0x06,0x14,0x58,0xbf,0x04,
0x58,0xc0,0x06,0x14,0x58,0xc1,0x04,0x58,0xc2,0x06,0x14,0x58,0xc3,0x04,0x58,0xc4,0x06,0x14,0x58,0xc5,
0x04,0x58,0xc6,0x06,0x14,0x58,0xc7,0x04,0x58,0xc8,0x06,0x14,0x58,0xc9,0x04,0x58,0xca,0x06,0x14,0x58,
0xcb,0x04,0x58,0xcc,0x06,0x14,0x58,0xcd,0x04,0x58,0xce,0x06,0x14,0x58,0xcf,0x04,0x58,0xd0,0x06,0x14,
0x58,0xd1,0x04,0x58,0xd2,0x06,0x14,0x58,0xd3,0x04,0x58,0xd4,0x06,0x14,0x58,0xd5,0x04,0x58,0xd4,0x06,
0x14,0x58,0xd6,0x04,0x58,0xd7,0x06,0x14,0x58,0xd8,0x04,0x58,0xd9,0x06,0x14,0x58,0xb3,0x04,0x58,0xda,
0x06,0x20,0x2f,0xec,0x03,0x2f,0x00,0xdb,0x03,0xdc,0x2f,0x00,0xdc,0x02,0xdc,0x56,0x0a,0xc2,0x2b,0x02,
0xa0,0x27,0x47,0x00,0x07,0x04,0x00,0x00,0x0d,0x00,0x01,0x00,0x20,0x10,0x04,0x01,0xc8,0x27,0x47,0x00,
0x02,0x04,0x0b,0x0c,0x47,0xac,0x01,0x00,0x07,0x05,0x00,0x00,0x07,0xad,0x01,0x00,0x07,0xae,0x01,0x00,
0x10,0x00,0x00,0x00,0x47,0x07,0x00,0x00,0xc7,0x65,0x01,0x00,0x87,0x09,0x00,0x00,0xc7,0xa7,0x01,0x00,
0x68,0x00,0x00,0x00,0x50,0x00,0x02,0x41,0x03,0x04,0x2c,0x0b,0xd4,0xeb,0x01,0x3c,0x01,0x05,0x7e,0x06,
0x11,0x0c,0x14,0x58,0x08,0x07,0x58,0x0a,0x09,0x55,0x01,0x06,0x37,0x01,0x3a,0x55,0x56,0x00,0x00,0x6a,
0x81,0x78,0xbf,0x02,0xb0,0x27,0x47,0x00,0x87,0xaa,0x01,0x00,0x06,0x00,0x01,0x00,0x30,0x90,0x01,0x01,
0xc8,0x27,0x47,0x00,0x01,0x02,0x03,0x03,0x47,0xac,0x01,0x00,0x47,0x07,0x00,0x00,0x3c,0x00,0x02,0x78,
0x01,0x55,0x00,0x00,0x00,0x00,0x00,0x00,0x1e,0x42,0xc0,0x02,0x98,0x27,0x47,0x00,0xc7,0x31,0x01,0x00,
0x07,0x00,0x6d,0x6f,0x64,0x75,0x6c,0x65,0x73,0x00,0x13,0x00,0x6d,0x6f,0x64,0x5f,0x67,0x6c,0x6f,0x62,
0x61,0x6c,0x5f,0x72,0x65,0x73,0x70,0x6f,0x6e,0x73,0x65,0x00,0x06,0x00,0x6d,0x6f,0x64,0x75,0x6c,0x65,
0x0f,0x00,0x47,0x4c,0x4f,0x42,0x41,0x4c,0x5f,0x52,0x45,0x53,0x50,0x4f,0x4e,0x53,0x45,0x00,0x0c,0x00,
0x72,0x65,0x73,0x70,0x6f,0x6e,0x73,0x65,0x43,0x6f,0x64,0x65,0x02,0x00,0x30,0x30,0x0f,0x00,0x72,0x65,
0x73,0x70,0x6f,0x6e,0x73,0x65,0x4d,0x65,0x73,0x73,0x61,0x67,0x65,0x00,0x16,0x00,0x43,0x6f,0x6d,0x70,
0x6c,0x65,0x74,0x65,0x64,0x20,0x73,0x75,0x63,0x63,0x65,0x73,0x73,0x66,0x75,0x6c,0x6c,0x79,0x02,0x00,
0x30,0x31,0x14,0x00,0x52,0x65,0x66,0x65,0x72,0x20,0x74,0x6f,0x20,0x63,0x61,0x72,0x64,0x20,0x69,0x73,
0x73,0x75,0x65,0x72,0x02,0x00,0x30,0x32,0x29,0x00,0x52,0x65,0x66,0x65,0x72,0x20,0x74,0x6f,0x20,0x63,
0x61,0x72,0x64,0x20,0x69,0x73,0x73,0x75,0x65,0x72,0x27,0x73,0x20,0x73,0x70,0x65,0x63,0x69,0x61,0x6c,
0x20,0x63,0x6f,0x6e,0x64,0x69,0x74,0x69,0x6f,0x6e,0x73,0x00,0x02,0x00,0x30,0x33,0x10,0x00,0x49,0x6e,
0x76,0x61,0x6c,0x69,0x64,0x20,0x6d,0x65,0x72,0x63,0x68,0x61,0x6e,0x74,0x02,0x00,0x30,0x34,0x07,0x00,
0x50,0x69,0x63,0x6b,0x2d,0x75,0x70,0x00,0x02,0x00,0x30,0x35,0x0c,0x00,0x44,0x6f,0x20,0x6e,0x6f,0x74,
0x20,0x68,0x6f,0x6e,0x6f,0x72,0x02,0x00,0x30,0x37,0x2f,0x00,0x50,0x69,0x63,0x6b,0x2d,0x75,0x70,0x20,
0x63,0x61,0x72,0x64,0x2c,0x20,0x72,0x65,0x73,0x70,0x6f,0x6e,0x73,0x65,0x4d,0x65,0x73,0x73,0x61,0x67,
0x65,0x3a,0x73,0x70,0x65,0x63,0x69,0x61,0x6c,0x20,0x63,0x6f,0x6e,0x64,0x69,0x74,0x69,0x6f,0x6e,0x00,
0x02,0x00,0x30,0x38,0x1a,0x00,0x48,0x6f,0x6e,0x6f,0x75,0x72,0x20,0x77,0x69,0x74,0x68,0x20,0x69,0x64,
0x65,0x6e,0x74,0x69,0x66,0x69,0x63,0x61,0x74,0x69,0x6f,0x6e,0x02,0x00,0x30,0x39,0x13,0x00,0x52,0x65,
0x71,0x75,0x65,0x73,0x74,0x20,0x69,0x6e,0x20,0x70,0x72,0x6f,0x67,0x72,0x65,0x73,0x73,0x00,0x02,0x00,
0x31,0x30,0x1b,0x00,0x41,0x70,0x70,0x72,0x6f,0x76,0x65,0x64,0x20,0x66,0x6f,0x72,0x20,0x70,0x61,0x72,
0x74,0x69,0x61,0x6c,0x20,0x61,0x6d,0x6f,0x75,0x6e,0x74,0x00,0x02,0x00,0x31,0x31,0x0e,0x00,0x41,0x70,
0x70,0x72,0x6f,0x76,0x65,0x64,0x20,0x28,0x56,0x49,0x50,0x29,0x02,0x00,0x31,0x32,0x13,0x00,0x49,0x6e,
0x76,0x61,0x6c,0x69,0x64,0x20,0x74,0x72,0x61,0x6e,0x73,0x61,0x63,0x74,0x69,0x6f,0x6e,0x00,0x02,0x00,
0x31,0x33,0x0e,0x00,0x49,0x6e,0x76,0x61,0x6c,0x69,0x64,0x20,0x61,0x6d,0x6f,0x75,0x6e,0x74,0x02,0x00,
0x31,0x34,0x24,0x00,0x49,0x6e,0x76,0x61,0x6c,0x69,0x64,0x20,0x63,0x61,0x72,0x64,0x20,0x6e,0x75,0x6d,
0x62,0x65,0x72,0x20,0x28,0x6e,0x6f,0x20,0x73,0x75,0x63,0x68,0x20,0x6e,0x75,0x6d,0x62,0x65,0x72,0x29,
0x02,0x00,0x31,0x35,0x0e,0x00,0x4e,0x6f,0x20,0x73,0x75,0x63,0x68,0x20,0x69,0x73,0x73,0x75,0x65,0x72,
0x02,0x00,0x31,0x36,0x28,0x00,0x41,0x70,0x70,0x72,0x6f,0x76,0x65,0x64,0x2c,0x20,0x72,0x65,0x73,0x70,
0x6f,0x6e,0x73,0x65,0x4d,0x65,0x73,0x73,0x61,0x67,0x65,0x3a,0x75,0x70,0x64,0x61,0x74,0x65,0x20,0x74,
0x72,0x61,0x63,0x6b,0x20,0x33,0x02,0x00,0x31,0x37,0x15,0x00,0x43,0x75,0x73,0x74,0x6f,0x6d,0x65,0x72,
0x20,0x63,0x61,0x6e,0x63,0x65,0x6c,0x6c,0x61,0x74,0x69,0x6f,0x6e,0x00,0x02,0x00,0x31,0x38,0x10,0x00,
0x43,0x75,0x73,0x74,0x6f,0x6d,0x65,0x72,0x20,0x64,0x69,0x73,0x70,0x75,0x74,0x65,0x02,0x00,0x31,0x39,
0x14,0x00,0x52,0x65,0x2d,0x65,0x6e,0x74,0x65,0x72,0x20,0x74,0x72,0x61,0x6e,0x73,0x61,0x63,0x74,0x69,
0x6f,0x6e,0x02,0x00,0x32,0x30,0x10,0x00,0x49,0x6e,0x76,0x61,0x6c,0x69,0x64,0x20,0x72,0x65,0x73,0x70,
0x6f,0x6e,0x73,0x65,0x02,0x00,0x32,0x31,0x0f,0x00,0x4e,0x6f,0x20,0x61,0x63,0x74,0x69,0x6f,0x6e,0x20,
0x74,0x61,0x6b,0x65,0x6e,0x00,0x02,0x00,0x32,0x32,0x15,0x00,0x53,0x75,0x73,0x70,0x65,0x63,0x74,0x65,
0x64,0x20,0x6d,0x61,0x6c,0x66,0x75,0x6e,0x63,0x74,0x69,0x6f,0x6e,0x00,0x02,0x00,0x32,0x33,0x1c,0x00,
0x55,0x6e,0x61,0x63,0x63,0x65,0x70,0x74,0x61,0x62,0x6c,0x65,0x20,0x74,0x72,0x61,0x6e,0x73,0x61,0x63,
0x74,0x69,0x6f,0x6e,0x20,0x66,0x65,0x65,0x02,0x00,0x32,0x34,0x25,0x00,0x46,0x69,0x6c,0x65,0x20,0x75,
0x70,0x64,0x61,0x74,0x65,0x20,0x6e,0x6f,0x74,0x20,0x73,0x75,0x70,0x70,0x6f,0x72,0x74,0x65,0x64,0x20,
0x62,0x79,0x20,0x72,0x65,0x63,0x65,0x69,0x76,0x65,0x72,0x00,0x02,0x00,0x32,0x35,0x17,0x00,0x55,0x6e,
0x61,0x62,0x6c,0x65,0x20,0x74,0x6f,0x20,0x6c,0x6f,0x63,0x61,0x74,0x65,0x20,0x72,0x65,0x63,0x6f,0x72,
0x64,0x00,0x02,0x00,0x32,0x36,0x10,0x00,0x44,0x75,0x70,0x6c,0x69,0x63,0x61,0x74,0x65,0x20,0x72,0x65,
0x63,0x6f,0x72,0x64,0x02,0x00,0x32,0x37,0x1c,0x00,0x46,0x69,0x6c,0x65,0x20,0x75,0x70,0x64,0x61,0x74,
0x65,0x20,0x66,0x69,0x65,0x6c,0x64,0x20,0x65,0x64,0x69,0x74,0x20,0x65,0x72,0x72,0x6f,0x72,0x02,0x00,
0x32,0x38,0x1b,0x00,0x46,0x69,0x6c,0x65,0x20,0x75,0x70,0x64,0x61,0x74,0x65,0x20,0x66,0x69,0x6c,0x65,
0x20,0x6c,0x6f,0x63,0x6b,0x65,0x64,0x20,0x6f,0x75,0x74,0x00,0x02,0x00,0x32,0x39,0x3c,0x00,0x46,0x69,
0x6c,0x65,0x20,0x75,0x70,0x64,0x61,0x74,0x65,0x20,0x6e,0x6f,0x74,0x20,0x73,0x75,0x63,0x63,0x65,0x73,
0x73,0x66,0x75,0x6c,0x2c,0x20,0x72,0x65,0x73,0x70,0x6f,0x6e,0x73,0x65,0x4d,0x65,0x73,0x73,0x61,0x67,
0x65,0x3a,0x63,0x6f,0x6e,0x74,0x61,0x63,0x74,0x20,0x61,0x63,0x71,0x75,0x69,0x72,0x65,0x72,0x02,0x00,
0x33,0x30,0x0c,0x00,0x46,0x6f,0x72,0x6d,0x61,0x74,0x20,0x65,0x72,0x72,0x6f,0x72,0x02,0x00,0x33,0x31,
0x1c,0x00,0x42,0x61,0x6e,0x6b,0x20,0x6e,0x6f,0x74,0x20,0x73,0x75,0x70,0x70,0x6f,0x72,0x74,0x65,0x64,
0x20,0x62,0x79,0x20,0x73,0x77,0x69,0x74,0x63,0x68,0x02,0x00,0x33,0x32,0x13,0x00,0x43,0x6f,0x6d,0x70,
0x6c,0x65,0x74,0x65,0x64,0x20,0x70,0x61,0x72,0x74,0x69,0x61,0x6c,0x6c,0x79,0x00,0x02,0x00,0x33,0x33,
0x0c,0x00,0x45,0x78,0x70,0x69,0x72,0x65,0x64,0x20,0x63,0x61,0x72,0x64,0x02,0x00,0x33,0x34,0x0f,0x00,
0x53,0x75,0x73,0x70,0x65,0x63,0x74,0x65,0x64,0x20,0x66,0x72,0x61,0x75,0x64,0x00,0x02,0x00,0x33,0x35,
0x1e,0x00,0x43,0x61,0x72,0x64,0x20,0x61,0x63,0x63,0x65,0x70,0x74,0x6f,0x72,0x20,0x63,0x6f,0x6e,0x74,
0x61,0x63,0x74,0x20,0x61,0x63,0x71,0x75,0x69,0x72,0x65,0x72,0x02,0x00,0x33,0x36,0x0f,0x00,0x52,0x65,
0x73,0x74,0x72,0x69,0x63,0x74,0x65,0x64,0x20,0x63,0x61,0x72,0x64,0x00,0x02,0x00,0x33,0x37,0x24,0x00,
0x43,0x61,0x72,0x64,0x20,0x61,0x63,0x63,0x65,0x70,0x74,0x6f,0x72,0x20,0x63,0x61,0x6c,0x6c,0x20,0x61,
0x63,0x71,0x75,0x69,0x72,0x65,0x72,0x20,0x73,0x65,0x63,0x75,0x72,0x69,0x74,0x79,0x02,0x00,0x33,0x38,
0x1c,0x00,0x41,0x6c,0x6c,0x6f,0x77,0x61,0x62,0x6c,0x65,0x20,0x50,0x49,0x4e,0x20,0x74,0x72,0x69,0x65,
0x73,0x20,0x65,0x78,0x63,0x65,0x65,0x64,0x65,0x64,0x02,0x00,0x33,0x39,0x11,0x00,0x4e,0x6f,0x20,0x63,
0x72,0x65,0x64,0x69,0x74,0x20,0x61,0x63,0x63,0x6f,0x75,0x6e,0x74,0x00,0x02,0x00,0x34,0x30,0x20,0x00,
0x52,0x65,0x71,0x75,0x65,0x73,0x74,0x65,0x64,0x20,0x66,0x75,0x6e,0x63,0x74,0x69,0x6f,0x6e,0x20,0x6e,
0x6f,0x74,0x20,0x73,0x75,0x70,0x70,0x6f,0x72,0x74,0x65,0x64,0x02,0x00,0x34,0x31,0x09,0x00,0x4c,0x6f,
0x73,0x74,0x20,0x63,0x61,0x72,0x64,0x00,0x02,0x00,0x34,0x32,0x14,0x00,0x4e,0x6f,0x20,0x75,0x6e,0x69,
0x76,0x65,0x72,0x73,0x61,0x6c,0x20,0x61,0x63,0x63,0x6f,0x75,0x6e,0x74,0x02,0x00,0x34,0x33,0x24,0x00,
0x53,0x74,0x6f,0x6c,0x65,0x6e,0x20,0x63,0x61,0x72,0x64,0x2c,0x20,0x72,0x65,0x73,0x70,0x6f,0x6e,0x73,
0x65,0x4d,0x65,0x73,0x73,0x61,0x67,0x65,0x3a,0x70,0x69,0x63,0x6b,0x2d,0x75,0x70,0x02,0x00,0x34,0x34,
0x15,0x00,0x4e,0x6f,0x20,0x69,0x6e,0x76,0x65,0x73,0x74,0x6d,0x65,0x6e,0x74,0x20,0x61,0x63,0x63,0x6f,
0x75,0x6e,0x74,0x00,0x05,0x00,0x34,0x35,0x2d,0x35,0x30,0x00,0x14,0x00,0x52,0x65,0x73,0x65,0x72,0x76,
0x65,0x64,0x20,0x66,0x6f,0x72,0x20,0x49,0x53,0x4f,0x20,0x75,0x73,0x65,0x02,0x00,0x35,0x31,0x14,0x00,
0x4e,0x6f,0x74,0x20,0x73,0x75,0x66,0x66,0x69,0x63,0x69,0x65,0x6e,0x74,0x20,0x66,0x75,0x6e,0x64,0x73,
0x02,0x00,0x35,0x32,0x13,0x00,0x4e,0x6f,0x20,0x63,0x68,0x65,0x63,0x6b,0x69,0x6e,0x67,0x20,0x61,0x63,
0x63,0x6f,0x75,0x6e,0x74,0x00,0x02,0x00,0x35,0x33,0x12,0x00,0x4e,0x6f,0x20,0x73,0x61,0x76,0x69,0x6e,
0x67,0x73,0x20,0x61,0x63,0x63,0x6f,0x75,0x6e,0x74,0x02,0x00,0x35,0x34,0x02,0x00,0x35,0x35,0x0d,0x00,
0x49,0x6e,0x63,0x6f,0x72,0x72,0x65,0x63,0x74,0x20,0x70,0x69,0x6e,0x00,0x02,0x00,0x35,0x36,0x0e,0x00,
0x4e,0x6f,0x20,0x63,0x61,0x72,0x64,0x20,0x72,0x65,0x63,0x6f,0x72,0x64,0x02,0x00,0x35,0x37,0x27,0x00,
0x54,0x72,0x61,0x6e,0x73,0x61,0x63,0x74,0x69,0x6f,0x6e,0x20,0x6e,0x6f,0x74,0x20,0x70,0x65,0x72,0x6d,
0x69,0x74,0x74,0x65,0x64,0x20,0x74,0x6f,0x20,0x63,0x61,0x72,0x64,0x68,0x6f,0x6c,0x64,0x65,0x72,0x00,
0x02,0x00,0x35,0x38,0x25,0x00,0x54,0x72,0x61,0x6e,0x73,0x61,0x63,0x74,0x69,0x6f,0x6e,0x20,0x6e,0x6f,
0x74,0x20,0x70,0x65,0x72,0x6d,0x69,0x74,0x74,0x65,0x64,0x20,0x74,0x6f,0x20,0x74,0x65,0x72,0x6d,0x69,
0x6e,0x61,0x6c,0x00,0x02,0x00,0x35,0x39,0x02,0x00,0x36,0x30,0x02,0x00,0x36,0x31,0x1f,0x00,0x45,0x78,
0x63,0x65,0x65,0x64,0x73,0x20,0x77,0x69,0x74,0x68,0x64,0x72,0x61,0x77,0x61,0x6c,0x20,0x61,0x6d,0x6f,
0x75,0x6e,0x74,0x20,0x6c,0x69,0x6d,0x69,0x74,0x00,0x02,0x00,0x36,0x32,0x02,0x00,0x36,0x33,0x12,0x00,
0x53,0x65,0x63,0x75,0x72,0x69,0x74,0x79,0x20,0x76,0x69,0x6f,0x6c,0x61,0x74,0x69,0x6f,0x6e,0x02,0x00,
0x36,0x34,0x19,0x00,0x4f,0x72,0x69,0x67,0x69,0x6e,0x61,0x6c,0x20,0x61,0x6d,0x6f,0x75,0x6e,0x74,0x20,
0x69,0x6e,0x63,0x6f,0x72,0x72,0x65,0x63,0x74,0x00,0x02,0x00,0x36,0x35,0x22,0x00,0x45,0x78,0x63,0x65,
0x65,0x64,0x73,0x20,0x77,0x69,0x74,0x68,0x64,0x72,0x61,0x77,0x61,0x6c,0x20,0x66,0x72,0x65,0x71,0x75,
0x65,0x6e,0x63,0x79,0x20,0x6c,0x69,0x6d,0x69,0x74,0x02,0x00,0x36,0x36,0x31,0x00,0x43,0x61,0x72,0x64,
0x20,0x61,0x63,0x63,0x65,0x70,0x74,0x6f,0x72,0x20,0x63,0x61,0x6c,0x6c,0x20,0x61,0x63,0x71,0x75,0x69,
0x72,0x65,0x72,0x27,0x73,0x20,0x73,0x65,0x63,0x75,0x72,0x69,0x74,0x79,0x20,0x64,0x65,0x70,0x61,0x72,
0x74,0x6d,0x65,0x6e,0x74,0x00,0x02,0x00,0x36,0x37,0x35,0x00,0x48,0x61,0x72,0x64,0x20,0x63,0x61,0x70,
0x74,0x75,0x72,0x65,0x20,0x28,0x72,0x65,0x71,0x75,0x69,0x72,0x65,0x73,0x20,0x74,0x68,0x61,0x74,0x20,
0x63,0x61,0x72,0x64,0x20,0x62,0x65,0x20,0x70,0x69,0x63,0x6b,0x65,0x64,0x20,0x75,0x70,0x20,0x61,0x74,
0x20,0x41,0x54,0x4d,0x29,0x00,0x02,0x00,0x36,0x38,0x1a,0x00,0x52,0x65,0x73,0x70,0x6f,0x6e,0x73,0x65,
0x20,0x72,0x65,0x63,0x65,0x69,0x76,0x65,0x64,0x20,0x74,0x6f,0x6f,0x20,0x6c,0x61,0x74,0x65,0x05,0x00,
0x36,0x39,0x2d,0x37,0x34,0x00,0x02,0x00,0x37,0x35,0x26,0x00,0x41,0x6c,0x6c,0x6f,0x77,0x61,0x62,0x6c,
0x65,0x20,0x6e,0x75,0x6d,0x62,0x65,0x72,0x20,0x6f,0x66,0x20,0x50,0x49,0x4e,0x20,0x74,0x72,0x69,0x65,
0x73,0x20,0x65,0x78,0x63,0x65,0x65,0x64,0x65,0x64,0x02,0x00,0x37,0x36,0x16,0x00,0x49,0x6e,0x76,0x61,
0x6c,0x69,0x64,0x20,0x43,0x72,0x65,0x64,0x69,0x74,0x20,0x41,0x63,0x63,0x6f,0x75,0x6e,0x74,0x02,0x00,
0x37,0x37,0x15,0x00,0x49,0x6e,0x76,0x61,0x6c,0x69,0x64,0x20,0x44,0x65,0x62,0x69,0x74,0x20,0x41,0x63,
0x63,0x6f,0x75,0x6e,0x74,0x00,0x02,0x00,0x37,0x38,0x0f,0x00,0x49,0x6e,0x76,0x61,0x6c,0x69,0x64,0x20,
0x41,0x63,0x63,0x6f,0x75,0x6e,0x74,0x00,0x02,0x00,0x37,0x39,0x0d,0x00,0x49,0x6e,0x76,0x61,0x6c,0x69,
0x64,0x20,0x45,0x6e,0x74,0x72,0x79,0x00,0x02,0x00,0x38,0x30,0x20,0x00,0x41,0x75,0x74,0x68,0x6f,0x72,
0x69,0x7a,0x61,0x74,0x69,0x6f,0x6e,0x20,0x4b,0x65,0x79,0x20,0x6d,0x75,0x73,0x74,0x20,0x62,0x65,0x20,
0x70,0x61,0x73,0x73,0x65,0x64,0x02,0x00,0x38,0x31,0x0e,0x00,0x49,0x6e,0x76,0x61,0x6c,0x69,0x64,0x20,
0x41,0x63,0x74,0x69,0x6f,0x6e,0x02,0x00,0x38,0x32,0x2a,0x00,0x59,0x6f,0x75,0x72,0x20,0x61,0x63,0x63,
0x6f,0x75,0x6e,0x74,0x20,0x68,0x61,0x73,0x20,0x62,0x65,0x65,0x6e,0x20,0x64,0x65,0x6c,0x65,0x74,0x65,
0x64,0x20,0x6f,0x72,0x20,0x73,0x75,0x73,0x70,0x65,0x6e,0x64,0x65,0x64,0x02,0x00,0x38,0x33,0x13,0x00,
0x49,0x6e,0x76,0x61,0x6c,0x69,0x64,0x20,0x64,0x61,0x74,0x65,0x20,0x46,0x6f,0x72,0x6d,0x61,0x74,0x00,
0x02,0x00,0x38,0x34,0x0c,0x00,0x49,0x6e,0x76,0x61,0x6c,0x69,0x64,0x20,0x50,0x61,0x74,0x68,0x02,0x00,
0x38,0x35,0x18,0x00,0x46,0x61,0x69,0x6c,0x65,0x64,0x20,0x74,0x6f,0x20,0x70,0x65,0x72,0x66,0x6f,0x72,
0x6d,0x20,0x61,0x63,0x74,0x69,0x6f,0x6e,0x02,0x00,0x38,0x36,0x12,0x00,0x49,0x6e,0x76,0x61,0x6c,0x69,
0x64,0x20,0x43,0x72,0x65,0x64,0x65,0x6e,0x74,0x69,0x61,0x6c,0x02,0x00,0x38,0x37,0x22,0x00,0x41,0x63,
0x74,0x69,0x76,0x69,0x74,0x79,0x20,0x41,0x6c,0x72,0x65,0x61,0x64,0x79,0x20,0x51,0x75,0x65,0x75,0x65,
0x64,0x20,0x41,0x75,0x74,0x68,0x6f,0x72,0x69,0x7a,0x65,0x64,0x1a,0x00,0x41,0x63,0x74,0x69,0x76,0x69,
0x74,0x79,0x20,0x41,0x6c,0x72,0x65,0x61,0x64,0x79,0x20,0x50,0x65,0x72,0x66,0x6f,0x72,0x6d,0x65,0x64,
0x02,0x00,0x38,0x38,0x17,0x00,0x46,0x61,0x69,0x6c,0x65,0x64,0x20,0x74,0x6f,0x20,0x63,0x72,0x65,0x61,
0x74,0x65,0x20,0x72,0x65,0x63,0x6f,0x72,0x64,0x00,0x02,0x00,0x38,0x39,0x17,0x00,0x46,0x61,0x69,0x6c,
0x65,0x64,0x20,0x74,0x6f,0x20,0x75,0x70,0x64,0x61,0x74,0x65,0x20,0x72,0x65,0x63,0x6f,0x72,0x64,0x00,
0x02,0x00,0x39,0x30,0x14,0x00,0x43,0x75,0x74,0x6f,0x66,0x66,0x20,0x69,0x73,0x20,0x69,0x6e,0x20,0x70,
0x72,0x6f,0x63,0x65,0x73,0x73,0x00,0x00,0x66,0x00,0x28,0x73,0x77,0x69,0x74,0x63,0x68,0x20,0x65,0x6e,
0x64,0x69,0x6e,0x67,0x20,0x61,0x20,0x64,0x61,0x79,0x27,0x73,0x20,0x62,0x75,0x73,0x69,0x6e,0x65,0x73,
0x73,0x20,0x61,0x6e,0x64,0x20,0x73,0x74,0x61,0x72,0x74,0x69,0x6e,0x67,0x20,0x74,0x68,0x65,0x20,0x6e,
0x65,0x78,0x74,0x2e,0x20,0x54,0x72,0x61,0x6e,0x73,0x61,0x63,0x74,0x69,0x6f,0x6e,0x20,0x63,0x61,0x6e,
0x20,0x62,0x65,0x20,0x73,0x65,0x6e,0x74,0x20,0x61,0x67,0x61,0x69,0x6e,0x20,0x69,0x6e,0x20,0x61,0x20,
0x66,0x65,0x77,0x20,0x6d,0x69,0x6e,0x75,0x74,0x65,0x73,0x29,0x02,0x00,0x39,0x31,0x1f,0x00,0x49,0x73,
0x73,0x75,0x65,0x72,0x20,0x6f,0x72,0x20,0x73,0x77,0x69,0x74,0x63,0x68,0x20,0x69,0x73,0x20,0x69,0x6e,
0x6f,0x70,0x65,0x72,0x61,0x74,0x69,0x76,0x65,0x00,0x02,0x00,0x39,0x32,0x52,0x00,0x46,0x69,0x6e,0x61,
0x6e,0x63,0x69,0x61,0x6c,0x20,0x69,0x6e,0x73,0x74,0x69,0x74,0x75,0x74,0x69,0x6f,0x6e,0x20,0x6f,0x72,
0x20,0x69,0x6e,0x74,0x65,0x72,0x6d,0x65,0x64,0x69,0x61,0x74,0x65,0x20,0x6e,0x65,0x74,0x77,0x6f,0x72,
0x6b,0x20,0x66,0x61,0x63,0x69,0x6c,0x69,0x74,0x79,0x20,0x63,0x61,0x6e,0x6e,0x6f,0x74,0x20,0x62,0x65,
0x20,0x66,0x6f,0x75,0x6e,0x64,0x20,0x66,0x6f,0x72,0x20,0x72,0x6f,0x75,0x74,0x69,0x6e,0x67,0x02,0x00,
0x39,0x33,0x31,0x00,0x54,0x72,0x61,0x6e,0x73,0x61,0x63,0x74,0x69,0x6f,0x6e,0x20,0x63,0x61,0x6e,0x6e,
0x6f,0x74,0x20,0x62,0x65,0x20,0x63,0x6f,0x6d,0x70,0x6c,0x65,0x74,0x65,0x64,0x2e,0x20,0x56,0x69,0x6f,
0x6c,0x61,0x74,0x69,0x6f,0x6e,0x20,0x6f,0x66,0x20,0x6c,0x61,0x77,0x00,0x02,0x00,0x39,0x34,0x16,0x00,
0x44,0x75,0x70,0x6c,0x69,0x63,0x61,0x74,0x65,0x20,0x74,0x72,0x61,0x6e,0x73,0x6d,0x69,0x73,0x73,0x69,
0x6f,0x6e,0x02,0x00,0x39,0x35,0x0f,0x00,0x52,0x65,0x63,0x6f,0x6e,0x63,0x69,0x6c,0x65,0x20,0x65,0x72,
0x72,0x6f,0x72,0x00,0x12,0x00,0x53,0x79,0x73,0x74,0x65,0x6d,0x20,0x6d,0x61,0x6c,0x66,0x75,0x6e,0x63,
0x74,0x69,0x6f,0x6e,0x02,0x00,0x39,0x37,0x19,0x00,0x46,0x61,0x69,0x6c,0x65,0x64,0x20,0x74,0x6f,0x20,
0x75,0x70,0x6c,0x6f,0x61,0x64,0x20,0x72,0x65,0x63,0x6f,0x72,0x64,0x73,0x2e,0x00,0x02,0x00,0x39,0x38,
0x13,0x00,0x4e,0x6f,0x20,0x50,0x65,0x6e,0x64,0x69,0x6e,0x67,0x20,0x45,0x6e,0x74,0x72,0x69,0x65,0x73,
0x2e,0x00,0x02,0x00,0x39,0x39,0x11,0x00,0x49,0x6e,0x76,0x61,0x6c,0x69,0x64,0x20,0x42,0x61,0x6e,0x6b,
0x20,0x43,0x6f,0x64,0x65,0x00,0x03,0x00,0x31,0x30,0x30,0x00,0x15,0x00,0x41,0x75,0x74,0x68,0x65,0x6e,
0x74,0x69,0x63,0x61,0x74,0x69,0x6f,0x6e,0x20,0x46,0x61,0x69,0x6c,0x65,0x64,0x00,0x03,0x00,0x31,0x30,
0x31,0x00,0x16,0x00,0x46,0x61,0x69,0x6c,0x65,0x64,0x20,0x74,0x6f,0x20,0x67,0x65,0x6e,0x65,0x72,0x61,
0x74,0x65,0x20,0x4f,0x54,0x50,0x03,0x00,0x31,0x30,0x32,0x00,0x0c,0x00,0x49,0x6e,0x76,0x61,0x6c,0x69,
0x64,0x20,0x54,0x79,0x70,0x65,0x03,0x00,0x31,0x30,0x33,0x00,0x15,0x00,0x49,0x6e,0x76,0x61,0x6c,0x69,
0x64,0x20,0x69,0x6e,0x74,0x65,0x72,0x65,0x73,0x74,0x20,0x52,0x61,0x74,0x65,0x00,0x03,0x00,0x31,0x30,
0x34,0x00,0x12,0x00,0x49,0x6e,0x76,0x61,0x6c,0x69,0x64,0x20,0x43,0x68,0x65,0x63,0x6b,0x65,0x72,0x20,
0x49,0x44,0x03,0x00,0x31,0x30,0x35,0x00,0x0f,0x00,0x4f,0x54,0x50,0x20,0x69,0x73,0x20,0x52,0x65,0x71,
0x75,0x69,0x72,0x65,0x64,0x00,0x03,0x00,0x31,0x30,0x36,0x00,0x0b,0x00,0x42,0x61,0x64,0x20,0x52,0x65,
0x71,0x75,0x65,0x73,0x74,0x00,0x03,0x00,0x31,0x30,0x37,0x00,0x0d,0x00,0x41,0x63,0x63,0x65,0x73,0x73,
0x20,0x44,0x65,0x6e,0x69,0x65,0x64,0x00,0x03,0x00,0x31,0x30,0x38,0x00,0x13,0x00,0x42,0x61,0x6e,0x6b,
0x20,0x43,0x6f,0x64,0x65,0x20,0x6e,0x6f,0x74,0x20,0x46,0x6f,0x75,0x6e,0x64,0x00,0x03,0x00,0x31,0x30,
0x39,0x00,0x10,0x00,0x49,0x6e,0x76,0x61,0x6c,0x69,0x64,0x20,0x55,0x73,0x65,0x72,0x6e,0x61,0x6d,0x65,
0x03,0x00,0x31,0x31,0x30,0x00,0x16,0x00,0x49,0x6e,0x63,0x6f,0x72,0x72,0x65,0x63,0x74,0x20,0x4f,0x6c,
0x64,0x20,0x50,0x61,0x73,0x73,0x77,0x6f,0x72,0x64,0x03,0x00,0x31,0x31,0x31,0x00,0x11,0x00,0x50,0x61,
0x73,0x73,0x77,0x6f,0x72,0x64,0x20,0x6d,0x69,0x73,0x6d,0x61,0x74,0x63,0x68,0x00,0x03,0x00,0x31,0x31,
0x32,0x00,0x0d,0x00,0x54,0x6f,0x6b,0x65,0x6e,0x20,0x45,0x78,0x70,0x69,0x72,0x65,0x64,0x00,0x03,0x00,
0x31,0x31,0x33,0x00,0x12,0x00,0x55,0x6e,0x61,0x75,0x74,0x68,0x6f,0x72,0x69,0x7a,0x65,0x64,0x20,0x54,
0x6f,0x6b,0x65,0x6e,0x03,0x00,0x31,0x31,0x34,0x00,0x1b,0x00,0x41,0x75,0x74,0x68,0x6f,0x72,0x69,0x7a,
0x61,0x74,0x69,0x6f,0x6e,0x20,0x54,0x6f,0x6b,0x65,0x6e,0x20,0x4d,0x69,0x73,0x73,0x69,0x6e,0x67,0x00,
0x03,0x00,0x31,0x31,0x35,0x00,0x1b,0x00,0x49,0x6e,0x76,0x61,0x6c,0x69,0x64,0x20,0x41,0x75,0x74,0x68,
0x6f,0x72,0x69,0x7a,0x61,0x74,0x69,0x6f,0x6e,0x20,0x54,0x6f,0x6b,0x65,0x6e,0x00,0x03,0x00,0x31,0x31,
0x36,0x00,0x03,0x00,0x31,0x31,0x37,0x00,0x15,0x00,0x52,0x65,0x63,0x6f,0x72,0x64,0x20,0x61,0x6c,0x72,
0x65,0x61,0x64,0x79,0x20,0x65,0x78,0x69,0x73,0x74,0x73,0x00,0x09,0x00,0x4e,0x20,0x5a,0x65,0x72,0x6f,
0x2d,0x5a,0x5a,0x00,0x18,0x00,0x52,0x65,0x73,0x65,0x72,0x76,0x65,0x64,0x20,0x66,0x6f,0x72,0x20,0x70,
0x72,0x69,0x76,0x61,0x74,0x65,0x20,0x75,0x73,0x65,0x14,0x00,0x53,0x6f,0x6d,0x65,0x74,0x68,0x69,0x6e,
0x67,0x20,0x57,0x65,0x6e,0x74,0x20,0x57,0x72,0x6f,0x6e,0x67,0x0b,0x00,0x67,0x65,0x74,0x52,0x65,0x73,
0x70,0x6f,0x6e,0x73,0x65,0x00,0x04,0x00,0x63,0x6f,0x64,0x65,0x06,0x00,0x66,0x69,0x6c,0x74,0x65,0x72,
0x06,0x00,0x6c,0x65,0x6e,0x67,0x74,0x68,0x00,0x00,0x00,0x00,};/*5432*/
