TK_CONST_DATA_ALIGN(const unsigned char script_mod_global_bank_list[]) = {
0x80,0x00,0x01,0x01,0xf8,0x12,0x00,0x00,0x00,0x00,0x00,0x00,0x6d,0x6f,0x64,0x5f,0x67,0x6c,0x6f,0x62,
0x61,0x6c,0x5f,0x62,0x61,0x6e,0x6b,0x5f,0x6c,0x69,0x73,0x74,0x00,0x00,0x00,0x00,0x00,0x00,0x00,0x00,
0x00,0x00,0x00,0x00,0x4a,0x52,0x52,0x59,0x46,0x00,0x00,0x00,0x00,0x00,0x00,0x00,0x58,0x07,0x00,0x00,
0x01,0x00,0x00,0x00,0x18,0x00,0x00,0x00,0x07,0x00,0x01,0x00,0x10,0x30,0x03,0x00,0x90,0x27,0x47,0x00,
0x01,0x01,0x04,0x05,0x07,0x00,0x00,0x00,0x47,0x01,0x00,0x00,0x07,0x04,0x00,0x00,0x38,0x00,0x00,0x00,
0x3d,0x01,0x14,0xe7,0x02,0x00,0x10,0x04,0x03,0x3d,0x01,0x3b,0x02,0x33,0xd8,0x56,0xb0,0x28,0x47,0x00,
0xc7,0x73,0x01,0x00,0xe1,0x00,0x01,0x00,0x30,0x10,0x41,0x02,0x90,0x27,0x47,0x00,0x03,0x03,0xee,0xee,
0x07,0x05,0x00,0x00,0xc7,0x05,0x00,0x00,0xc7,0x06,0x00,0x00,0x87,0x07,0x00,0x00,0x47,0x0a,0x00,0x00,
0x47,0x0b,0x00,0x00,0x47,0x0c,0x00,0x00,0x47,0x0d,0x00,0x00,0x07,0x0f,0x00,0x00,0x07,0x10,0x00,0x00,
0x87,0x11,0x00,0x00,0x87,0x12,0x00,0x00,0x87,0x14,0x00,0x00,0x87,0x15,0x00,0x00,0x47,0x18,0x00,0x00,
0x47,0x19,0x00,0x00,0x47,0x1b,0x00,0x00,0x47,0x1c,0x00,0x00,0x47,0x1e,0x00,0x00,0x47,0x1f,0x00,0x00,
0x87,0x21,0x00,0x00,0x87,0x22,0x00,0x00,0xc7,0x23,0x00,0x00,0xc7,0x24,0x00,0x00,0x07,0x26,0x00,0x00,
0x07,0x27,0x00,0x00,0x47,0x2a,0x00,0x00,0x47,0x2b,0x00,0x00,0xc7,0x2c,0x00,0x00,0xc7,0x2d,0x00,0x00,
0xc7,0x2f,0x00,0x00,0xc7,0x30,0x00,0x00,0x87,0x32,0x00,0x00,0x87,0x33,0x00,0x00,0x07,0x37,0x00,0x00,
0x07,0x38,0x00,0x00,0x87,0x39,0x00,0x00,0x87,0x3a,0x00,0x00,0x07,0x3c,0x00,0x00,0x07,0x3d,0x00,0x00,
0xc7,0x3f,0x00,0x00,0xc7,0x40,0x00,0x00,0x47,0x42,0x00,0x00,0x47,0x43,0x00,0x00,0xc7,0x44,0x00,0x00,
0xc7,0x45,0x00,0x00,0x07,0x49,0x00,0x00,0x07,0x4a,0x00,0x00,0x07,0x4d,0x00,0x00,0x07,0x4e,0x00,0x00,
0x47,0x4f,0x00,0x00,0x47,0x50,0x00,0x00,0x47,0x52,0x00,0x00,0x47,0x53,0x00,0x00,0x47,0x55,0x00,0x00,
0x47,0x56,0x00,0x00,0xc7,0x57,0x00,0x00,0xc7,0x58,0x00,0x00,0x87,0x5a,0x00,0x00,0x87,0x5b,0x00,0x00,
0x07,0x5e,0x00,0x00,0x07,0x5f,0x00,0x00,0x87,0x62,0x00,0x00,0x87,0x63,0x00,0x00,0xc7,0x64,0x00,0x00,
0xc7,0x65,0x00,0x00,0x87,0x67,0x00,0x00,0x87,0x68,0x00,0x00,0x07,0x6a,0x00,0x00,0x07,0x6b,0x00,0x00,
0x47,0x6c,0x00,0x00,0x47,0x6d,0x00,0x00,0x47,0x70,0x00,0x00,0x47,0x71,0x00,0x00,0xc7,0x72,0x00,0x00,
0xc7,0x73,0x00,0x00,0x47,0x75,0x00,0x00,0x47,0x76,0x00,0x00,0x87,0x79,0x00,0x00,0x87,0x7a,0x00,0x00,
0x07,0x7c,0x00,0x00,0x07,0x7d,0x00,0x00,0x47,0x7e,0x00,0x00,0x47,0x7f,0x00,0x00,0x07,0x82,0x00,0x00,
0x07,0x83,0x00,0x00,0x87,0x84,0x00,0x00,0x87,0x85,0x00,0x00,0xc7,0x86,0x00,0x00,0xc7,0x87,0x00,0x00,
0x87,0x88,0x00,0x00,0x87,0x89,0x00,0x00,0x47,0x8b,0x00,0x00,0x47,0x8c,0x00,0x00,0x07,0x8d,0x00,0x00,
0x07,0x8e,0x00,0x00,0x07,0x91,0x00,0x00,0x07,0x92,0x00,0x00,0x47,0x93,0x00,0x00,0x47,0x94,0x00,0x00,
0x87,0x96,0x00,0x00,0x87,0x97,0x00,0x00,0x47,0x99,0x00,0x00,0x47,0x9a,0x00,0x00,0x07,0x9e,0x00,0x00,
0x07,0x9f,0x00,0x00,0x87,0xa0,0x00,0x00,0x87,0xa1,0x00,0x00,0x87,0xa5,0x00,0x00,0x87,0xa6,0x00,0x00,
0x07,0xa9,0x00,0x00,0x07,0xaa,0x00,0x00,0x07,0xae,0x00,0x00,0x07,0xaf,0x00,0x00,0x47,0xb4,0x00,0x00,
0x47,0xb5,0x00,0x00,0x87,0xb8,0x00,0x00,0x87,0xb9,0x00,0x00,0x47,0xbb,0x00,0x00,0x47,0xbc,0x00,0x00,
0x07,0xbd,0x00,0x00,0x07,0xbe,0x00,0x00,0x07,0xc0,0x00,0x00,0x07,0xc1,0x00,0x00,0x47,0xc2,0x00,0x00,
0x47,0xc3,0x00,0x00,0x87,0xc6,0x00,0x00,0x87,0xc7,0x00,0x00,0x87,0xca,0x00,0x00,0x87,0xcb,0x00,0x00,
0x07,0xcd,0x00,0x00,0x07,0xce,0x00,0x00,0x07,0xd0,0x00,0x00,0x07,0xd1,0x00,0x00,0x07,0xd2,0x00,0x00,
0x07,0xd3,0x00,0x00,0x47,0xd4,0x00,0x00,0x47,0xd5,0x00,0x00,0xc7,0xd8,0x00,0x00,0xc7,0xd9,0x00,0x00,
0x87,0xdc,0x00,0x00,0x87,0xdd,0x00,0x00,0x07,0xdf,0x00,0x00,0x07,0xe0,0x00,0x00,0x87,0xe1,0x00,0x00,
0x87,0xe2,0x00,0x00,0xc7,0xe3,0x00,0x00,0xc7,0xe4,0x00,0x00,0x07,0xe8,0x00,0x00,0x07,0xe9,0x00,0x00,
0x47,0xec,0x00,0x00,0x47,0xed,0x00,0x00,0x07,0xf1,0x00,0x00,0x07,0xf2,0x00,0x00,0xc7,0xf3,0x00,0x00,
0xc7,0xf4,0x00,0x00,0xc7,0xf8,0x00,0x00,0xc7,0xf9,0x00,0x00,0x47,0xfc,0x00,0x00,0x47,0xfd,0x00,0x00,
0xc7,0xfe,0x00,0x00,0xc7,0xff,0x00,0x00,0xc7,0x02,0x01,0x00,0xc7,0x03,0x01,0x00,0x87,0x04,0x01,0x00,
0x87,0x05,0x01,0x00,0x47,0x07,0x01,0x00,0x47,0x08,0x01,0x00,0x47,0x09,0x01,0x00,0x47,0x0a,0x01,0x00,
0x87,0x0b,0x01,0x00,0x87,0x0c,0x01,0x00,0x47,0x10,0x01,0x00,0x47,0x11,0x01,0x00,0x87,0x12,0x01,0x00,
0x87,0x13,0x01,0x00,0x07,0x16,0x01,0x00,0x07,0x17,0x01,0x00,0x07,0x19,0x01,0x00,0x07,0x1a,0x01,0x00,
0xc7,0x1b,0x01,0x00,0xc7,0x1c,0x01,0x00,0x87,0x20,0x01,0x00,0x87,0x21,0x01,0x00,0x87,0x22,0x01,0x00,
0x87,0x23,0x01,0x00,0xc7,0x24,0x01,0x00,0xc7,0x25,0x01,0x00,0xc7,0x27,0x01,0x00,0xc7,0x28,0x01,0x00,
0xc7,0x2c,0x01,0x00,0xc7,0x2d,0x01,0x00,0x87,0x2f,0x01,0x00,0x87,0x30,0x01,0x00,0x47,0x32,0x01,0x00,
0x47,0x33,0x01,0x00,0x07,0x36,0x01,0x00,0x07,0x37,0x01,0x00,0x47,0x39,0x01,0x00,0x47,0x3a,0x01,0x00,
0x87,0x3b,0x01,0x00,0x87,0x3c,0x01,0x00,0x87,0x3f,0x01,0x00,0x87,0x40,0x01,0x00,0x07,0x42,0x01,0x00,
0x07,0x43,0x01,0x00,0x87,0x44,0x01,0x00,0x87,0x45,0x01,0x00,0x07,0x49,0x01,0x00,0x07,0x4a,0x01,0x00,
0xc7,0x4b,0x01,0x00,0xc7,0x4c,0x01,0x00,0x87,0x4d,0x01,0x00,0x87,0x4e,0x01,0x00,0x47,0x50,0x01,0x00,
0x47,0x51,0x01,0x00,0xc7,0x53,0x01,0x00,0xc7,0x54,0x01,0x00,0x07,0x56,0x01,0x00,0x07,0x57,0x01,0x00,
0x87,0x59,0x01,0x00,0x87,0x5a,0x01,0x00,0x87,0x5b,0x01,0x00,0x87,0x5c,0x01,0x00,0x87,0x60,0x01,0x00,
0x87,0x61,0x01,0x00,0xc7,0x65,0x01,0x00,0xc7,0x66,0x01,0x00,0x07,0x6a,0x01,0x00,0x07,0x6b,0x01,0x00,
0x07,0x6e,0x01,0x00,0x07,0x6f,0x01,0x00,0x07,0x70,0x01,0x00,0x07,0x71,0x01,0x00,0x47,0x72,0x01,0x00,
0x1c,0x14,0x58,0x04,0x03,0x58,0x06,0x05,0x14,0x58,0x07,0x03,0x58,0x08,0x05,0x14,0x58,0x09,0x03,0x58,
0x0a,0x05,0x14,0x58,0x0b,0x03,0x58,0x0c,0x05,0x14,0x58,0x0d,0x03,0x58,0x0e,0x05,0x14,0x58,0x0f,0x03,
0x58,0x10,0x05,0x14,0x58,0x11,0x03,0x58,0x12,0x05,0x14,0x58,0x13,0x03,0x58,0x14,0x05,0x14,0x58,0x15,
0x03,0x58,0x16,0x05,0x14,0x58,0x17,0x03,0x58,0x18,0x05,0x14,0x58,0x19,0x03,0x58,0x1a,0x05,0x14,0x58,
0x1b,0x03,0x58,0x1c,0x05,0x14,0x58,0x1d,0x03,0x58,0x1e,0x05,0x14,0x58,0x1f,0x03,0x58,0x20,0x05,0x14,
0x58,0x21,0x03,0x58,0x22,0x05,0x14,0x58,0x23,0x03,0x58,0x24,0x05,0x14,0x58,0x25,0x03,0x58,0x26,0x05,
0x14,0x58,0x27,0x03,0x58,0x28,0x05,0x14,0x58,0x29,0x03,0x58,0x2a,0x05,0x14,0x58,0x2b,0x03,0x58,0x2c,
0x05,0x14,0x58,0x2d,0x03,0x58,0x2e,0x05,0x14,0x58,0x2f,0x03,0x58,0x30,0x05,0x14,0x58,0x31,0x03,0x58,
0x32,0x05,0x14,0x58,0x33,0x03,0x58,0x34,0x05,0x14,0x58,0x35,0x03,0x58,0x36,0x05,0x14,0x58,0x37,0x03,
0x58,0x38,0x05,0x14,0x58,0x39,0x03,0x58,0x3a,0x05,0x14,0x58,0x3b,0x03,0x58,0x3c,0x05,0x14,0x58,0x3d,
0x03,0x58,0x3e,0x05,0x14,0x58,0x3f,0x03,0x58,0x40,0x05,0x14,0x58,0x41,0x03,0x58,0x42,0x05,0x14,0x58,
0x43,0x03,0x58,0x44,0x05,0x14,0x58,0x45,0x03,0x58,0x46,0x05,0x14,0x58,0x47,0x03,0x58,0x48,0x05,0x14,
0x58,0x49,0x03,0x58,0x4a,0x05,0x14,0x58,0x4b,0x03,0x58,0x4c,0x05,0x14,0x58,0x4d,0x03,0x58,0x4e,0x05,
0x14,0x58,0x4f,0x03,0x58,0x50,0x05,0x14,0x58,0x51,0x03,0x58,0x52,0x05,0x14,0x58,0x53,0x03,0x58,0x54,
0x05,0x14,0x58,0x55,0x03,0x58,0x56,0x05,0x14,0x58,0x57,0x03,0x58,0x58,0x05,0x14,0x58,0x59,0x03,0x58,
0x5a,0x05,0x14,0x58,0x5b,0x03,0x58,0x5c,0x05,0x14,0x58,0x5d,0x03,0x58,0x5e,0x05,0x14,0x58,0x5f,0x03,
0x58,0x60,0x05,0x14,0x58,0x61,0x03,0x58,0x62,0x05,0x14,0x58,0x63,0x03,0x58,0x64,0x05,0x14,0x58,0x65,
0x03,0x58,0x66,0x05,0x14,0x58,0x67,0x03,0x58,0x68,0x05,0x14,0x58,0x69,0x03,0x58,0x6a,0x05,0x14,0x58,
0x6b,0x03,0x58,0x6c,0x05,0x14,0x58,0x6d,0x03,0x58,0x6e,0x05,0x14,0x58,0x6f,0x03,0x58,0x70,0x05,0x14,
0x58,0x71,0x03,0x58,0x72,0x05,0x14,0x58,0x73,0x03,0x58,0x74,0x05,0x14,0x58,0x75,0x03,0x58,0x76,0x05,
0x14,0x58,0x77,0x03,0x58,0x78,0x05,0x14,0x58,0x79,0x03,0x58,0x7a,0x05,0x14,0x58,0x7b,0x03,0x58,0x7c,
0x05,0x14,0x58,0x7d,0x03,0x58,0x7e,0x05,0x14,0x58,0x7f,0x03,0x58,0x80,0x05,0x14,0x58,0x81,0x03,0x58,
0x82,0x05,0x14,0x58,0x83,0x03,0x58,0x84,0x05,0x20,0x40,0x14,0x58,0x85,0x03,0x58,0x86,0x05,0x14,0x58,
0x87,0x03,0x58,0x88,0x05,0x14,0x58,0x89,0x03,0x58,0x8a,0x05,0x14,0x58,0x8b,0x03,0x58,0x8c,0x05,0x14,
0x58,0x8d,0x03,0x58,0x8e,0x05,0x14,0x58,0x8f,0x03,0x58,0x90,0x05,0x14,0x58,0x91,0x03,0x58,0x92,0x05,
0x14,0x58,0x93,0x03,0x58,0x94,0x05,0x14,0x58,0x95,0x03,0x58,0x96,0x05,0x14,0x58,0x97,0x03,0x58,0x98,
0x05,0x14,0x58,0x99,0x03,0x58,0x9a,0x05,0x14,0x58,0x9b,0x03,0x58,0x9c,0x05,0x14,0x58,0x9d,0x03,0x58,
0x9e,0x05,0x14,0x58,0x9f,0x03,0x58,0xa0,0x05,0x14,0x58,0xa1,0x03,0x58,0xa2,0x05,0x14,0x58,0xa3,0x03,
0x58,0xa4,0x05,0x14,0x58,0xa5,0x03,0x58,0xa6,0x05,0x14,0x58,0xa7,0x03,0x58,0xa8,0x05,0x14,0x58,0xa9,
0x03,0x58,0xaa,0x05,0x14,0x58,0xab,0x03,0x58,0xac,0x05,0x14,0x58,0xad,0x03,0x58,0xae,0x05,0x14,0x58,
0xaf,0x03,0x58,0xb0,0x05,0x14,0x58,0xb1,0x03,0x58,0xb2,0x05,0x14,0x58,0xb3,0x03,0x58,0xb4,0x05,0x14,
0x58,0xb5,0x03,0x58,0xb6,0x05,0x14,0x58,0xb7,0x03,0x58,0xb8,0x05,0x14,0x58,0xb9,0x03,0x58,0xba,0x05,
0x14,0x58,0xbb,0x03,0x58,0xbc,0x05,0x14,0x58,0xbd,0x03,0x58,0xbe,0x05,0x14,0x58,0xbf,0x03,0x58,0xc0,
0x05,0x14,0x58,0xc1,0x03,0x58,0xc2,0x05,0x14,0x58,0xc3,0x03,0x58,0xc4,0x05,0x14,0x58,0xc5,0x03,0x58,
0xc6,0x05,0x14,0x58,0xc7,0x03,0x58,0xc8,0x05,0x14,0x58,0xc9,0x03,0x58,0xca,0x05,0x14,0x58,0xcb,0x03,
0x58,0xcc,0x05,0x14,0x58,0xcd,0x03,0x58,0xce,0x05,0x14,0x58,0xcf,0x03,0x58,0xd0,0x05,0x14,0x58,0xd1,
0x03,0x58,0xd2,0x05,0x14,0x58,0xd3,0x03,0x58,0xd4,0x05,0x14,0x58,0xd5,0x03,0x58,0xd6,0x05,0x14,0x58,
0xd7,0x03,0x58,0xd8,0x05,0x14,0x58,0xd9,0x03,0x58,0xda,0x05,0x14,0x58,0xdb,0x03,0x58,0xdc,0x05,0x14,
0x58,0xdd,0x03,0x58,0xde,0x05,0x14,0x58,0xdf,0x03,0x58,0xe0,0x05,0x14,0x58,0xe1,0x03,0x58,0xe2,0x05,
0x14,0x58,0xe3,0x03,0x58,0xe4,0x05,0x14,0x58,0xe5,0x03,0x58,0xe6,0x05,0x14,0x58,0xe7,0x03,0x58,0xe8,
0x05,0x14,0x58,0xe9,0x03,0x58,0xea,0x05,0x14,0x58,0xeb,0x03,0x58,0xec,0x05,0x20,0x34,0xeb,0x02,0x2f,
0x00,0xed,0x02,0xdc,0x56,0x00,0x00,0x00,0x00,0x00,0x00,0x00,0x02,0xd1,0x2c,0x02,0x80,0x28,0x47,0x00,
0x07,0x04,0x00,0x00,0x07,0x00,0x6d,0x6f,0x64,0x75,0x6c,0x65,0x73,0x00,0x14,0x00,0x6d,0x6f,0x64,0x5f,
0x67,0x6c,0x6f,0x62,0x61,0x6c,0x5f,0x62,0x61,0x6e,0x6b,0x5f,0x6c,0x69,0x73,0x74,0x06,0x00,0x6d,0x6f,
0x64,0x75,0x6c,0x65,0x04,0x00,0x63,0x6f,0x64,0x65,0x06,0x00,0x30,0x37,0x30,0x30,0x31,0x30,0x04,0x00,
0x6e,0x61,0x6d,0x65,0x13,0x00,0x41,0x42,0x42,0x45,0x59,0x20,0x4d,0x4f,0x52,0x54,0x47,0x41,0x47,0x45,
0x20,0x42,0x41,0x4e,0x4b,0x00,0x06,0x00,0x30,0x30,0x30,0x30,0x31,0x34,0x06,0x00,0x41,0x43,0x43,0x45,
0x53,0x53,0x06,0x00,0x31,0x30,0x30,0x30,0x31,0x33,0x0c,0x00,0x41,0x43,0x43,0x45,0x53,0x53,0x4d,0x4f,
0x42,0x49,0x4c,0x45,0x06,0x00,0x30,0x39,0x30,0x31,0x33,0x34,0x0a,0x00,0x41,0x43,0x43,0x49,0x4f,0x4e,
0x20,0x4d,0x46,0x42,0x06,0x00,0x30,0x39,0x30,0x31,0x36,0x30,0x0d,0x00,0x41,0x44,0x44,0x4f,0x53,0x53,
0x45,0x52,0x20,0x4d,0x46,0x42,0x42,0x00,0x06,0x00,0x31,0x30,0x30,0x30,0x32,0x38,0x14,0x00,0x41,0x47,
0x20,0x4d,0x4f,0x52,0x54,0x47,0x41,0x47,0x45,0x20,0x42,0x41,0x4e,0x4b,0x20,0x50,0x4c,0x43,0x06,0x00,
0x30,0x39,0x30,0x31,0x33,0x33,0x0d,0x00,0x41,0x4c,0x2d,0x42,0x41,0x52,0x4b,0x41,0x48,0x20,0x4d,0x46,
0x42,0x00,0x06,0x00,0x30,0x39,0x30,0x31,0x33,0x31,0x0e,0x00,0x41,0x4c,0x4c,0x57,0x4f,0x52,0x4b,0x45,
0x52,0x53,0x20,0x4d,0x46,0x42,0x06,0x00,0x30,0x39,0x30,0x31,0x36,0x39,0x10,0x00,0x41,0x4c,0x50,0x48,
0x41,0x4b,0x41,0x50,0x49,0x54,0x41,0x4c,0x20,0x4d,0x46,0x42,0x06,0x00,0x30,0x39,0x30,0x31,0x38,0x30,
0x08,0x00,0x41,0x4d,0x4a,0x55,0x20,0x4d,0x46,0x42,0x06,0x00,0x30,0x39,0x30,0x31,0x31,0x36,0x08,0x00,
0x41,0x4d,0x4d,0x4c,0x20,0x4d,0x46,0x42,0x06,0x00,0x30,0x39,0x30,0x31,0x34,0x33,0x17,0x00,0x41,0x50,
0x45,0x4b,0x53,0x20,0x4d,0x49,0x43,0x52,0x4f,0x46,0x49,0x4e,0x41,0x4e,0x43,0x45,0x20,0x42,0x41,0x4e,
0x4b,0x00,0x06,0x00,0x30,0x39,0x30,0x30,0x30,0x31,0x0a,0x00,0x41,0x53,0x4f,0x53,0x41,0x56,0x49,0x4e,
0x47,0x53,0x06,0x00,0x30,0x39,0x30,0x31,0x37,0x32,0x0e,0x00,0x41,0x53,0x54,0x52,0x41,0x50,0x4f,0x4c,
0x49,0x53,0x20,0x4d,0x46,0x42,0x06,0x00,0x30,0x39,0x30,0x31,0x32,0x37,0x0b,0x00,0x42,0x43,0x20,0x4b,
0x41,0x53,0x48,0x20,0x4d,0x46,0x42,0x00,0x06,0x00,0x30,0x39,0x30,0x31,0x31,0x37,0x1a,0x00,0x42,0x4f,
0x43,0x54,0x52,0x55,0x53,0x54,0x20,0x4d,0x49,0x43,0x52,0x4f,0x46,0x49,0x4e,0x41,0x4e,0x43,0x45,0x20,
0x42,0x41,0x4e,0x4b,0x06,0x00,0x30,0x39,0x30,0x31,0x37,0x36,0x09,0x00,0x42,0x4f,0x53,0x41,0x4b,0x20,
0x4d,0x46,0x42,0x00,0x06,0x00,0x30,0x39,0x30,0x31,0x34,0x38,0x09,0x00,0x42,0x4f,0x57,0x45,0x4e,0x20,
0x4d,0x46,0x42,0x00,0x06,0x00,0x30,0x37,0x30,0x30,0x31,0x35,0x13,0x00,0x42,0x52,0x45,0x4e,0x54,0x20,
0x4d,0x4f,0x52,0x54,0x47,0x41,0x47,0x45,0x20,0x42,0x41,0x4e,0x4b,0x00,0x06,0x00,0x31,0x30,0x30,0x30,
0x30,0x35,0x09,0x00,0x43,0x45,0x4c,0x4c,0x55,0x4c,0x41,0x4e,0x54,0x00,0x06,0x00,0x30,0x39,0x30,0x31,
0x35,0x34,0x09,0x00,0x43,0x45,0x4d,0x43,0x53,0x20,0x4d,0x46,0x42,0x00,0x06,0x00,0x30,0x39,0x30,0x31,
0x34,0x31,0x18,0x00,0x43,0x48,0x49,0x4b,0x55,0x4d,0x20,0x4d,0x49,0x43,0x52,0x4f,0x46,0x49,0x4e,0x41,
0x4e,0x43,0x45,0x20,0x42,0x41,0x4e,0x4b,0x06,0x00,0x30,0x39,0x30,0x31,0x34,0x34,0x15,0x00,0x43,0x49,
0x54,0x20,0x4d,0x49,0x43,0x52,0x4f,0x46,0x49,0x4e,0x41,0x4e,0x43,0x45,0x20,0x42,0x41,0x4e,0x4b,0x00,
0x06,0x00,0x30,0x30,0x30,0x30,0x30,0x39,0x08,0x00,0x43,0x49,0x54,0x49,0x42,0x41,0x4e,0x4b,0x06,0x00,
0x30,0x39,0x30,0x31,0x33,0x30,0x0d,0x00,0x43,0x4f,0x4e,0x53,0x55,0x4d,0x45,0x52,0x20,0x20,0x4d,0x46,
0x42,0x00,0x06,0x00,0x31,0x30,0x30,0x30,0x33,0x32,0x0d,0x00,0x43,0x4f,0x4e,0x54,0x45,0x43,0x20,0x47,
0x4c,0x4f,0x42,0x41,0x4c,0x00,0x06,0x00,0x30,0x36,0x30,0x30,0x30,0x31,0x0a,0x00,0x43,0x4f,0x52,0x4f,
0x4e,0x41,0x54,0x49,0x4f,0x4e,0x06,0x00,0x30,0x37,0x30,0x30,0x30,0x36,0x0c,0x00,0x43,0x4f,0x56,0x45,
0x4e,0x41,0x4e,0x54,0x20,0x4d,0x46,0x42,0x06,0x00,0x30,0x39,0x30,0x31,0x35,0x39,0x12,0x00,0x43,0x52,
0x45,0x44,0x49,0x54,0x20,0x41,0x46,0x52,0x49,0x51,0x55,0x45,0x20,0x4d,0x46,0x42,0x06,0x00,0x30,0x39,
0x30,0x31,0x36,0x37,0x1a,0x00,0x44,0x41,0x59,0x4c,0x49,0x47,0x48,0x54,0x20,0x4d,0x49,0x43,0x52,0x4f,
0x46,0x49,0x4e,0x41,0x4e,0x43,0x45,0x20,0x42,0x41,0x4e,0x4b,0x06,0x00,0x30,0x30,0x30,0x30,0x30,0x35,
0x07,0x00,0x44,0x49,0x41,0x4d,0x4f,0x4e,0x44,0x00,0x06,0x00,0x30,0x39,0x30,0x31,0x35,0x36,0x0b,0x00,
0x45,0x2d,0x42,0x41,0x52,0x43,0x53,0x20,0x4d,0x46,0x42,0x00,0x06,0x00,0x31,0x30,0x30,0x30,0x32,0x31,
0x0a,0x00,0x45,0x41,0x52,0x54,0x48,0x4f,0x4c,0x45,0x55,0x4d,0x06,0x00,0x30,0x30,0x30,0x30,0x31,0x30,
0x07,0x00,0x45,0x43,0x4f,0x42,0x41,0x4e,0x4b,0x00,0x06,0x00,0x31,0x30,0x30,0x30,0x30,0x38,0x16,0x00,
0x45,0x43,0x4f,0x42,0x41,0x4e,0x4b,0x20,0x58,0x50,0x52,0x45,0x53,0x53,0x20,0x41,0x43,0x43,0x4f,0x55,
0x4e,0x54,0x06,0x00,0x30,0x39,0x30,0x30,0x39,0x37,0x0a,0x00,0x45,0x4b,0x4f,0x4e,0x44,0x4f,0x20,0x4d,
0x46,0x42,0x06,0x00,0x30,0x39,0x30,0x31,0x31,0x34,0x0a,0x00,0x45,0x4d,0x50,0x49,0x52,0x45,0x20,0x4d,
0x46,0x42,0x06,0x00,0x30,0x39,0x30,0x31,0x36,0x36,0x17,0x00,0x45,0x53,0x4f,0x2d,0x45,0x20,0x4d,0x49,
0x43,0x52,0x4f,0x46,0x49,0x4e,0x41,0x4e,0x43,0x45,0x20,0x42,0x41,0x4e,0x4b,0x00,0x06,0x00,0x31,0x30,
0x30,0x30,0x30,0x36,0x09,0x00,0x45,0x54,0x52,0x41,0x4e,0x5a,0x41,0x43,0x54,0x00,0x06,0x00,0x30,0x39,
0x30,0x31,0x37,0x39,0x08,0x00,0x46,0x41,0x53,0x54,0x20,0x4d,0x46,0x42,0x06,0x00,0x30,0x39,0x30,0x31,
0x30,0x37,0x14,0x00,0x46,0x42,0x4e,0x20,0x4d,0x4f,0x52,0x47,0x41,0x47,0x45,0x53,0x20,0x4c,0x49,0x4d,
0x49,0x54,0x45,0x44,0x06,0x00,0x31,0x30,0x30,0x30,0x31,0x34,0x09,0x00,0x46,0x42,0x4e,0x4d,0x4f,0x42,
0x49,0x4c,0x45,0x00,0x06,0x00,0x30,0x36,0x30,0x30,0x30,0x32,0x08,0x00,0x46,0x42,0x4e,0x51,0x55,0x45,
0x53,0x54,0x06,0x00,0x30,0x30,0x30,0x30,0x30,0x33,0x04,0x00,0x46,0x43,0x4d,0x42,0x06,0x00,0x31,0x30,
0x30,0x30,0x33,0x31,0x0b,0x00,0x46,0x43,0x4d,0x42,0x20,0x4d,0x4f,0x42,0x49,0x4c,0x45,0x00,0x06,0x00,
0x31,0x30,0x30,0x30,0x30,0x31,0x03,0x00,0x46,0x45,0x54,0x00,0x06,0x00,0x30,0x39,0x30,0x31,0x35,0x33,
0x15,0x00,0x46,0x46,0x53,0x20,0x4d,0x49,0x43,0x52,0x4f,0x46,0x49,0x4e,0x41,0x4e,0x43,0x45,0x20,0x42,
0x41,0x4e,0x4b,0x00,0x06,0x00,0x30,0x30,0x30,0x30,0x30,0x37,0x08,0x00,0x46,0x49,0x44,0x45,0x4c,0x49,
0x54,0x59,0x06,0x00,0x31,0x30,0x30,0x30,0x31,0x39,0x0f,0x00,0x46,0x49,0x44,0x45,0x4c,0x49,0x54,0x59,
0x20,0x4d,0x4f,0x42,0x49,0x4c,0x45,0x00,0x06,0x00,0x30,0x39,0x30,0x31,0x32,0x36,0x0b,0x00,0x46,0x49,
0x44,0x46,0x55,0x4e,0x44,0x20,0x4d,0x46,0x42,0x00,0x06,0x00,0x30,0x39,0x30,0x31,0x31,0x31,0x1b,0x00,
0x46,0x49,0x4e,0x41,0x54,0x52,0x55,0x53,0x54,0x20,0x4d,0x49,0x43,0x52,0x4f,0x46,0x49,0x4e,0x41,0x4e,
0x43,0x45,0x20,0x42,0x41,0x4e,0x4b,0x00,0x06,0x00,0x30,0x30,0x30,0x30,0x31,0x36,0x0a,0x00,0x46,0x49,
0x52,0x53,0x54,0x20,0x42,0x41,0x4e,0x4b,0x06,0x00,0x30,0x37,0x30,0x30,0x31,0x34,0x1e,0x00,0x46,0x49,
0x52,0x53,0x54,0x20,0x47,0x45,0x4e,0x45,0x52,0x41,0x54,0x49,0x4f,0x4e,0x20,0x4d,0x4f,0x52,0x54,0x47,
0x41,0x47,0x45,0x20,0x42,0x41,0x4e,0x4b,0x06,0x00,0x30,0x39,0x30,0x31,0x36,0x33,0x12,0x00,0x46,0x49,
0x52,0x53,0x54,0x20,0x4d,0x55,0x4c,0x54,0x49,0x50,0x4c,0x45,0x20,0x4d,0x46,0x42,0x06,0x00,0x30,0x39,
0x30,0x31,0x36,0x34,0x1d,0x00,0x46,0x49,0x52,0x53,0x54,0x20,0x52,0x4f,0x59,0x41,0x4c,0x20,0x4d,0x49,
0x43,0x52,0x4f,0x46,0x49,0x4e,0x41,0x4e,0x43,0x45,0x20,0x42,0x41,0x4e,0x4b,0x00,0x06,0x00,0x31,0x31,
0x30,0x30,0x30,0x32,0x28,0x00,0x46,0x4c,0x55,0x54,0x54,0x45,0x52,0x57,0x41,0x56,0x45,0x20,0x54,0x45,
0x43,0x48,0x4e,0x4f,0x4c,0x4f,0x47,0x59,0x20,0x53,0x4f,0x4c,0x55,0x54,0x49,0x4f,0x4e,0x53,0x20,0x4c,
0x49,0x4d,0x49,0x54,0x45,0x44,0x06,0x00,0x30,0x37,0x30,0x30,0x30,0x32,0x18,0x00,0x46,0x4f,0x52,0x54,
0x49,0x53,0x20,0x4d,0x49,0x43,0x52,0x4f,0x46,0x49,0x4e,0x41,0x4e,0x43,0x45,0x20,0x42,0x41,0x4e,0x4b,
0x06,0x00,0x31,0x30,0x30,0x30,0x31,0x36,0x0c,0x00,0x46,0x4f,0x52,0x54,0x49,0x53,0x4d,0x4f,0x42,0x49,
0x4c,0x45,0x06,0x00,0x34,0x30,0x30,0x30,0x30,0x31,0x04,0x00,0x46,0x53,0x44,0x48,0x06,0x00,0x30,0x39,
0x30,0x31,0x34,0x35,0x0e,0x00,0x46,0x55,0x4c,0x4c,0x20,0x52,0x41,0x4e,0x47,0x45,0x20,0x4d,0x46,0x42,
0x06,0x00,0x30,0x39,0x30,0x31,0x35,0x38,0x08,0x00,0x46,0x55,0x54,0x4f,0x20,0x4d,0x46,0x42,0x06,0x00,
0x30,0x39,0x30,0x31,0x36,0x38,0x18,0x00,0x47,0x41,0x53,0x48,0x55,0x41,0x20,0x4d,0x49,0x43,0x52,0x4f,
0x46,0x49,0x4e,0x41,0x4e,0x43,0x45,0x20,0x42,0x41,0x4e,0x4b,0x06,0x00,0x30,0x37,0x30,0x30,0x30,0x39,
0x15,0x00,0x47,0x41,0x54,0x45,0x57,0x41,0x59,0x20,0x4d,0x4f,0x52,0x54,0x47,0x41,0x47,0x45,0x20,0x42,
0x41,0x4e,0x4b,0x00,0x06,0x00,0x30,0x39,0x30,0x31,0x32,0x32,0x0a,0x00,0x47,0x4f,0x57,0x41,0x4e,0x53,
0x20,0x4d,0x46,0x42,0x06,0x00,0x30,0x39,0x30,0x31,0x37,0x38,0x0d,0x00,0x47,0x52,0x45,0x45,0x4e,0x42,
0x41,0x4e,0x4b,0x20,0x4d,0x46,0x42,0x00,0x06,0x00,0x30,0x30,0x30,0x30,0x31,0x33,0x06,0x00,0x47,0x54,
0x42,0x41,0x4e,0x4b,0x06,0x00,0x31,0x30,0x30,0x30,0x30,0x39,0x08,0x00,0x47,0x54,0x4d,0x4f,0x42,0x49,
0x4c,0x45,0x06,0x00,0x30,0x39,0x30,0x31,0x34,0x37,0x19,0x00,0x48,0x41,0x43,0x4b,0x4d,0x41,0x4e,0x20,
0x4d,0x49,0x43,0x52,0x4f,0x46,0x49,0x4e,0x41,0x4e,0x43,0x45,0x20,0x42,0x41,0x4e,0x4b,0x00,0x06,0x00,
0x30,0x37,0x30,0x30,0x31,0x37,0x14,0x00,0x48,0x41,0x47,0x47,0x41,0x49,0x20,0x4d,0x4f,0x52,0x54,0x47,
0x41,0x47,0x45,0x20,0x42,0x41,0x4e,0x4b,0x06,0x00,0x30,0x39,0x30,0x31,0x32,0x31,0x09,0x00,0x48,0x41,
0x53,0x41,0x4c,0x20,0x4d,0x46,0x42,0x00,0x06,0x00,0x31,0x30,0x30,0x30,0x31,0x37,0x09,0x00,0x48,0x45,
0x44,0x4f,0x4e,0x4d,0x41,0x52,0x4b,0x00,0x06,0x00,0x30,0x30,0x30,0x30,0x32,0x30,0x08,0x00,0x48,0x45,
0x52,0x49,0x54,0x41,0x47,0x45,0x06,0x00,0x30,0x39,0x30,0x31,0x37,0x35,0x18,0x00,0x52,0x55,0x42,0x49,
0x45,0x53,0x20,0x4d,0x49,0x43,0x52,0x4f,0x46,0x49,0x4e,0x41,0x4e,0x43,0x45,0x20,0x42,0x41,0x4e,0x4b,
0x06,0x00,0x30,0x39,0x30,0x31,0x31,0x38,0x17,0x00,0x49,0x42,0x49,0x4c,0x45,0x20,0x4d,0x49,0x43,0x52,
0x4f,0x46,0x49,0x4e,0x41,0x4e,0x43,0x45,0x20,0x42,0x41,0x4e,0x4b,0x00,0x06,0x00,0x31,0x30,0x30,0x30,
0x32,0x34,0x1c,0x00,0x49,0x4d,0x50,0x45,0x52,0x49,0x41,0x4c,0x20,0x48,0x4f,0x4d,0x45,0x53,0x20,0x4d,
0x4f,0x52,0x54,0x47,0x41,0x47,0x45,0x20,0x42,0x41,0x4e,0x4b,0x06,0x00,0x30,0x39,0x30,0x31,0x35,0x37,
0x0c,0x00,0x49,0x4e,0x46,0x49,0x4e,0x49,0x54,0x59,0x20,0x4d,0x46,0x42,0x06,0x00,0x30,0x37,0x30,0x30,
0x31,0x36,0x1d,0x00,0x49,0x4e,0x46,0x49,0x4e,0x49,0x54,0x59,0x20,0x54,0x52,0x55,0x53,0x54,0x20,0x20,
0x4d,0x4f,0x52,0x54,0x47,0x41,0x47,0x45,0x20,0x42,0x41,0x4e,0x4b,0x00,0x06,0x00,0x31,0x30,0x30,0x30,
0x32,0x39,0x11,0x00,0x49,0x4e,0x4e,0x4f,0x56,0x45,0x43,0x54,0x49,0x56,0x45,0x53,0x20,0x4b,0x45,0x53,
0x48,0x00,0x06,0x00,0x31,0x30,0x30,0x30,0x32,0x37,0x0a,0x00,0x49,0x4e,0x54,0x45,0x4c,0x4c,0x49,0x46,
0x49,0x4e,0x06,0x00,0x30,0x39,0x30,0x31,0x34,0x39,0x15,0x00,0x49,0x52,0x4c,0x20,0x4d,0x49,0x43,0x52,
0x4f,0x46,0x49,0x4e,0x41,0x4e,0x43,0x45,0x20,0x42,0x41,0x4e,0x4b,0x00,0x06,0x00,0x30,0x30,0x30,0x30,
0x30,0x36,0x04,0x00,0x4a,0x41,0x49,0x5a,0x06,0x00,0x30,0x39,0x30,0x30,0x30,0x33,0x0b,0x00,0x4a,0x55,
0x42,0x49,0x4c,0x45,0x45,0x4c,0x49,0x46,0x45,0x00,0x06,0x00,0x31,0x30,0x30,0x30,0x31,0x35,0x05,0x00,
0x4b,0x45,0x47,0x4f,0x57,0x00,0x06,0x00,0x30,0x30,0x30,0x30,0x30,0x32,0x08,0x00,0x4b,0x45,0x59,0x53,
0x54,0x4f,0x4e,0x45,0x06,0x00,0x30,0x39,0x30,0x31,0x35,0x35,0x1b,0x00,0x4c,0x41,0x46,0x41,0x59,0x45,
0x54,0x54,0x45,0x20,0x4d,0x49,0x43,0x52,0x4f,0x46,0x49,0x4e,0x41,0x4e,0x43,0x45,0x20,0x42,0x41,0x4e,
0x4b,0x00,0x06,0x00,0x30,0x39,0x30,0x31,0x37,0x37,0x08,0x00,0x4c,0x41,0x50,0x4f,0x20,0x4d,0x46,0x42,
0x06,0x00,0x30,0x37,0x30,0x30,0x31,0x32,0x12,0x00,0x4c,0x42,0x49,0x43,0x20,0x4d,0x4f,0x52,0x54,0x47,
0x41,0x47,0x45,0x20,0x42,0x41,0x4e,0x4b,0x06,0x00,0x30,0x39,0x30,0x31,0x37,0x31,0x0e,0x00,0x4d,0x41,
0x49,0x4e,0x53,0x54,0x52,0x45,0x45,0x54,0x20,0x4d,0x46,0x42,0x06,0x00,0x30,0x39,0x30,0x31,0x37,0x34,
0x0b,0x00,0x4d,0x41,0x4c,0x41,0x43,0x48,0x59,0x20,0x4d,0x46,0x42,0x00,0x06,0x00,0x30,0x39,0x30,0x31,
0x33,0x36,0x1b,0x00,0x4d,0x49,0x43,0x52,0x4f,0x43,0x52,0x45,0x44,0x20,0x4d,0x49,0x43,0x52,0x4f,0x46,
0x49,0x4e,0x41,0x4e,0x43,0x45,0x20,0x42,0x41,0x4e,0x4b,0x00,0x06,0x00,0x31,0x30,0x30,0x30,0x31,0x31,
0x05,0x00,0x4d,0x4b,0x55,0x44,0x49,0x00,0x06,0x00,0x31,0x30,0x30,0x30,0x32,0x30,0x08,0x00,0x4d,0x4f,
0x4e,0x45,0x59,0x42,0x4f,0x58,0x06,0x00,0x30,0x39,0x30,0x31,0x32,0x39,0x0e,0x00,0x4d,0x4f,0x4e,0x45,
0x59,0x54,0x52,0x55,0x53,0x54,0x20,0x4d,0x46,0x42,0x06,0x00,0x30,0x39,0x30,0x31,0x35,0x31,0x1e,0x00,
0x4d,0x55,0x54,0x55,0x41,0x4c,0x20,0x54,0x52,0x55,0x53,0x54,0x20,0x4d,0x49,0x43,0x52,0x4f,0x46,0x49,
0x4e,0x41,0x4e,0x43,0x45,0x20,0x42,0x41,0x4e,0x4b,0x06,0x00,0x30,0x39,0x30,0x31,0x35,0x32,0x0b,0x00,
0x4e,0x41,0x52,0x47,0x41,0x54,0x41,0x20,0x4d,0x46,0x42,0x00,0x06,0x00,0x30,0x39,0x30,0x31,0x32,0x38,
0x0b,0x00,0x4e,0x44,0x49,0x4f,0x52,0x41,0x48,0x20,0x4d,0x46,0x42,0x00,0x06,0x00,0x30,0x39,0x30,0x31,
0x30,0x38,0x13,0x00,0x4e,0x45,0x57,0x20,0x50,0x52,0x55,0x44,0x45,0x4e,0x54,0x49,0x41,0x4c,0x20,0x42,
0x41,0x4e,0x4b,0x00,0x06,0x00,0x39,0x39,0x39,0x39,0x39,0x39,0x10,0x00,0x4e,0x49,0x50,0x20,0x56,0x49,
0x52,0x54,0x55,0x41,0x4c,0x20,0x42,0x41,0x4e,0x4b,0x06,0x00,0x30,0x36,0x30,0x30,0x30,0x33,0x07,0x00,
0x4e,0x4f,0x56,0x41,0x20,0x4d,0x42,0x00,0x06,0x00,0x30,0x37,0x30,0x30,0x30,0x31,0x15,0x00,0x4e,0x50,
0x46,0x20,0x4d,0x49,0x43,0x52,0x4f,0x46,0x49,0x4e,0x41,0x4e,0x43,0x45,0x20,0x42,0x41,0x4e,0x4b,0x00,
0x06,0x00,0x30,0x39,0x30,0x31,0x31,0x39,0x0a,0x00,0x4f,0x48,0x41,0x46,0x49,0x41,0x20,0x4d,0x46,0x42,
0x06,0x00,0x30,0x39,0x30,0x31,0x36,0x31,0x0a,0x00,0x4f,0x4b,0x50,0x4f,0x47,0x41,0x20,0x4d,0x46,0x42,
0x06,0x00,0x30,0x37,0x30,0x30,0x30,0x37,0x1a,0x00,0x4f,0x4d,0x4f,0x4c,0x55,0x41,0x42,0x49,0x20,0x4d,
0x4f,0x52,0x54,0x47,0x41,0x47,0x45,0x20,0x42,0x41,0x4e,0x4b,0x20,0x50,0x4c,0x43,0x06,0x00,0x31,0x30,
0x30,0x30,0x32,0x36,0x0b,0x00,0x4f,0x4e,0x45,0x20,0x46,0x49,0x4e,0x41,0x4e,0x43,0x45,0x00,0x06,0x00,
0x31,0x30,0x30,0x30,0x30,0x32,0x04,0x00,0x50,0x41,0x47,0x41,0x06,0x00,0x30,0x37,0x30,0x30,0x30,0x38,
0x0b,0x00,0x50,0x41,0x47,0x45,0x20,0x4d,0x46,0x42,0x41,0x4e,0x4b,0x00,0x06,0x00,0x31,0x30,0x30,0x30,
0x30,0x33,0x11,0x00,0x50,0x41,0x52,0x4b,0x57,0x41,0x59,0x2d,0x52,0x45,0x41,0x44,0x59,0x43,0x41,0x53,
0x48,0x00,0x06,0x00,0x30,0x39,0x30,0x30,0x30,0x34,0x08,0x00,0x50,0x41,0x52,0x52,0x41,0x4c,0x45,0x58,
0x06,0x00,0x31,0x31,0x30,0x30,0x30,0x31,0x12,0x00,0x50,0x41,0x59,0x41,0x54,0x54,0x49,0x54,0x55,0x44,
0x45,0x20,0x4f,0x4e,0x4c,0x49,0x4e,0x45,0x06,0x00,0x31,0x30,0x30,0x30,0x30,0x34,0x06,0x00,0x50,0x41,
0x59,0x43,0x4f,0x4d,0x06,0x00,0x30,0x39,0x30,0x31,0x33,0x37,0x1d,0x00,0x50,0x45,0x43,0x41,0x4e,0x20,
0x54,0x52,0x55,0x53,0x54,0x20,0x4d,0x49,0x43,0x52,0x4f,0x46,0x49,0x4e,0x41,0x4e,0x43,0x45,0x20,0x42,
0x41,0x4e,0x4b,0x00,0x06,0x00,0x30,0x39,0x30,0x31,0x33,0x35,0x20,0x00,0x50,0x45,0x52,0x53,0x4f,0x4e,
0x41,0x4c,0x20,0x54,0x52,0x55,0x53,0x54,0x20,0x4d,0x49,0x43,0x52,0x4f,0x46,0x49,0x4e,0x41,0x4e,0x43,
0x45,0x20,0x42,0x41,0x4e,0x4b,0x06,0x00,0x30,0x39,0x30,0x31,0x36,0x35,0x17,0x00,0x50,0x45,0x54,0x52,
0x41,0x20,0x4d,0x49,0x43,0x52,0x4f,0x46,0x49,0x4e,0x41,0x4e,0x43,0x45,0x20,0x42,0x41,0x4e,0x4b,0x00,
0x06,0x00,0x30,0x37,0x30,0x30,0x31,0x33,0x16,0x00,0x50,0x4c,0x41,0x54,0x49,0x4e,0x55,0x4d,0x20,0x4d,
0x4f,0x52,0x54,0x47,0x41,0x47,0x45,0x20,0x42,0x41,0x4e,0x4b,0x06,0x00,0x30,0x30,0x30,0x30,0x30,0x38,
0x06,0x00,0x50,0x4f,0x4c,0x41,0x52,0x49,0x06,0x00,0x30,0x30,0x30,0x30,0x32,0x33,0x08,0x00,0x50,0x52,
0x4f,0x56,0x49,0x44,0x55,0x53,0x09,0x00,0x42,0x41,0x4e,0x4b,0x5f,0x4c,0x49,0x53,0x54,0x00,0x00,0x00,
0x00,0x00,0x00,0x00,};/*4904*/
