TK_CONST_DATA_ALIGN(const unsigned char script_mod_global_network[]) = {
0x80,0x00,0x01,0x01,0x06,0x13,0x00,0x00,0x00,0x00,0x00,0x00,0x6d,0x6f,0x64,0x5f,0x67,0x6c,0x6f,0x62,
0x61,0x6c,0x5f,0x6e,0x65,0x74,0x77,0x6f,0x72,0x6b,0x00,0x00,0x00,0x00,0x00,0x00,0x00,0x00,0x00,0x00,
0x00,0x00,0x00,0x00,0x4a,0x52,0x52,0x59,0x46,0x00,0x00,0x00,0x00,0x00,0x00,0x00,0x40,0x0b,0x00,0x00,
0x01,0x00,0x00,0x00,0x18,0x00,0x00,0x00,0x07,0x00,0x01,0x00,0x10,0x30,0x03,0x00,0x90,0x27,0x47,0x00,
0x01,0x01,0x04,0x05,0x07,0x00,0x00,0x00,0x47,0x01,0x00,0x00,0xc7,0x03,0x00,0x00,0x38,0x00,0x00,0x00,
0x3d,0x01,0x14,0xe7,0x02,0x00,0x10,0x04,0x03,0x3d,0x01,0x3b,0x02,0x33,0xd8,0x56,0x30,0x29,0x47,0x00,
0x47,0x83,0x00,0x00,0x19,0x00,0x01,0x00,0x20,0x10,0x03,0x02,0x90,0x27,0x47,0x00,0x03,0x0b,0x17,0x1a,
0xc7,0x04,0x00,0x00,0xc7,0x07,0x00,0x00,0x47,0x09,0x00,0x00,0x87,0x0b,0x00,0x00,0x07,0x0e,0x00,0x00,
0x87,0x0f,0x00,0x00,0x87,0x12,0x00,0x00,0x87,0x15,0x00,0x00,0xc7,0x16,0x00,0x00,0xc7,0x04,0x00,0x00,
0x07,0x19,0x00,0x00,0xc7,0x07,0x00,0x00,0xc7,0x1b,0x00,0x00,0x47,0x09,0x00,0x00,0x87,0x0b,0x00,0x00,
0x47,0x1e,0x00,0x00,0x07,0x0e,0x00,0x00,0xc7,0x20,0x00,0x00,0x87,0x12,0x00,0x00,0x87,0x0f,0x00,0x00,
0xc8,0x00,0x00,0x00,0xb8,0x07,0x00,0x00,0x78,0x08,0x00,0x00,0x49,0x03,0x49,0x04,0x49,0x05,0x49,0x06,
0x49,0x07,0x50,0x17,0x08,0x50,0x18,0x09,0x53,0x19,0x02,0x2d,0x0a,0x0b,0xd1,0x3b,0x0c,0xdf,0x03,0x2d,
0x0a,0x0d,0xd1,0x3b,0x0e,0xdf,0x04,0x2d,0x0a,0x0f,0xd1,0x3b,0x10,0xdf,0x05,0x2d,0x0a,0x0f,0xd1,0x3b,
0x11,0xdf,0x06,0x2d,0x0a,0x12,0xd1,0x3b,0x13,0xdf,0x07,0x2f,0x00,0x14,0x02,0xdc,0x2f,0x00,0x15,0x09,
0xdc,0x2f,0x00,0x16,0x08,0xdc,0x56,0x00,0x00,0x00,0x00,0x00,0x4f,0xb7,0x2a,0x02,0xa8,0x2f,0x47,0x00,
0xc7,0x03,0x00,0x00,0x29,0x00,0x01,0x00,0x20,0x10,0x05,0x03,0x90,0x27,0x47,0x00,0x04,0x09,0x1e,0x29,
0x87,0x22,0x00,0x00,0x87,0x23,0x00,0x00,0x07,0x24,0x00,0x00,0xc7,0x24,0x00,0x00,0x07,0x26,0x00,0x00,
0x87,0x27,0x00,0x00,0x47,0x28,0x00,0x00,0xc7,0x2d,0x00,0x00,0x07,0x32,0x00,0x00,0x87,0x36,0x00,0x00,
0x87,0x37,0x00,0x00,0x87,0x39,0x00,0x00,0x07,0x3e,0x00,0x00,0xc7,0x3f,0x00,0x00,0xc7,0x46,0x00,0x00,
0xc7,0x47,0x00,0x00,0x47,0x49,0x00,0x00,0xc7,0x4a,0x00,0x00,0x07,0x4c,0x00,0x00,0x87,0x4d,0x00,0x00,
0x07,0x4f,0x00,0x00,0x87,0x50,0x00,0x00,0xc7,0x51,0x00,0x00,0x07,0x53,0x00,0x00,0x47,0x55,0x00,0x00,
0x87,0x56,0x00,0x00,0x48,0x01,0x00,0x00,0x90,0x01,0x00,0x00,0xf8,0x01,0x00,0x00,0xc8,0x02,0x00,0x00,
0x50,0x03,0x00,0x00,0xb8,0x03,0x00,0x00,0xc0,0x04,0x00,0x00,0x40,0x05,0x00,0x00,0x10,0x06,0x00,0x00,
0x48,0x06,0x00,0x00,0x98,0x06,0x00,0x00,0x50,0x00,0x04,0x50,0x01,0x05,0x50,0x02,0x06,0x41,0x07,0x09,
0x2c,0x0a,0xd3,0x61,0x05,0x11,0x09,0x41,0x07,0x09,0x2c,0x0b,0xd3,0x56,0x61,0x04,0x11,0x0f,0x41,0x07,
0x09,0x2c,0x0c,0xd3,0x41,0x05,0x0d,0x2c,0x0e,0xd3,0x56,0x61,0x06,0x11,0x0f,0x41,0x07,0x09,0x2c,0x0f,
0xd3,0x41,0x05,0x0d,0x2c,0x10,0xd3,0x56,0x2d,0x08,0x06,0x45,0xdf,0x06,0x41,0x07,0x09,0x2d,0x11,0x06,
0x3b,0x12,0xd9,0x2c,0x1e,0xeb,0x03,0x3c,0x03,0x13,0x2c,0x1f,0xe5,0x14,0x3c,0x03,0x13,0x2c,0x20,0xe5,
0x15,0x3c,0x03,0x13,0x2c,0x21,0xe5,0x16,0x3c,0x03,0x13,0x2c,0x22,0xe5,0x17,0x3c,0x03,0x13,0x2c,0x23,
0xe5,0x18,0x3c,0x03,0x13,0x2c,0x24,0xe5,0x19,0x3c,0x03,0x13,0x2c,0x25,0xe5,0x1a,0x3c,0x03,0x13,0x2c,
0x26,0xe5,0x1b,0x3c,0x03,0x13,0x2c,0x27,0xe5,0x1c,0x3c,0x03,0x13,0x2c,0x28,0xe5,0x1d,0x57,0x03,0x5b,
0xa5,0x2d,0x83,0x02,0x50,0x3b,0x47,0x00,0x87,0x0f,0x00,0x00,0x09,0x00,0x01,0x00,0x30,0x10,0x04,0x00,
0x90,0x27,0x47,0x00,0x00,0x01,0x06,0x06,0xc7,0x24,0x00,0x00,0x87,0x27,0x00,0x00,0x07,0x58,0x00,0x00,
0x47,0x5d,0x00,0x00,0xc7,0x5e,0x00,0x00,0xc7,0x60,0x00,0x00,0x41,0x00,0x01,0x2c,0x02,0xd3,0x28,0xe8,
0x03,0x35,0x3b,0xe8,0x04,0x32,0xe8,0x05,0x56,0x00,0x00,0x29,0x81,0x50,0x88,0x02,0xe8,0x29,0x47,0x00,
0x47,0x62,0x00,0x00,0x0d,0x00,0x01,0x00,0x30,0x10,0x05,0x00,0x90,0x27,0x47,0x00,0x01,0x04,0x0a,0x0a,
0xc7,0x24,0x00,0x00,0x87,0x12,0x00,0x00,0x87,0x23,0x00,0x00,0x87,0x27,0x00,0x00,0xc7,0x63,0x00,0x00,
0x47,0x69,0x00,0x00,0x87,0x36,0x00,0x00,0xc7,0x6e,0x00,0x00,0x07,0x4c,0x00,0x00,0x41,0x01,0x04,0x2c,
0x05,0xd3,0x2c,0x02,0xcb,0xeb,0x00,0x61,0x00,0x11,0x10,0x41,0x01,0x04,0x2d,0x06,0x00,0xd9,0x41,0x03,
0x07,0x2c,0x08,0xd3,0x56,0x42,0x09,0xcd,0x56,0x00,0x00,0x00,0x00,0x00,0x00,0x38,0x82,0x1e,0x8a,0x02,
0x98,0x31,0x47,0x00,0x47,0x49,0x00,0x00,0x0a,0x00,0x01,0x00,0x20,0x10,0x04,0x00,0x90,0x27,0x47,0x00,
0x00,0x03,0x07,0x08,0x87,0x71,0x00,0x00,0xc7,0x24,0x00,0x00,0x47,0x72,0x00,0x00,0x87,0x27,0x00,0x00,
0x87,0x73,0x00,0x00,0xc7,0x60,0x00,0x00,0x80,0x3e,0x00,0x00,0x50,0x00,0x00,0x00,0x41,0x01,0x03,0x2c,
0x04,0xd3,0x33,0x4e,0x00,0x32,0xe8,0x05,0x2f,0x02,0x07,0x06,0xd6,0x56,0x00,0x78,0x83,0x79,0x8c,0x02,
0x68,0x36,0x47,0x00,0xc7,0x4a,0x00,0x00,0x10,0x00,0x01,0x00,0x30,0x10,0x04,0x00,0x90,0x27,0x47,0x00,
0x00,0x05,0x0d,0x0d,0xc7,0x24,0x00,0x00,0x87,0x71,0x00,0x00,0x87,0x78,0x00,0x00,0x87,0x23,0x00,0x00,
0x07,0x7a,0x00,0x00,0x87,0x27,0x00,0x00,0x87,0x7b,0x00,0x00,0xc7,0x5e,0x00,0x00,0xc7,0x60,0x00,0x00,
0x00,0x00,0x00,0x00,0x87,0x56,0x00,0x00,0xc7,0x80,0x00,0x00,0x07,0x82,0x00,0x00,0x41,0x00,0x05,0x2c,
0x06,0xd3,0x2d,0x01,0x07,0xb2,0x3c,0x01,0x08,0x11,0x04,0x57,0x02,0x3c,0x01,0x07,0x84,0x09,0x11,0x0a,
0x41,0x01,0x0a,0x2c,0x0b,0xd3,0x57,0x02,0x41,0x03,0x0c,0x3c,0x01,0x07,0xd3,0x57,0x04,0x00,0x00,0x00,
0x00,0x00,0x00,0x62,0x82,0x03,0x8e,0x02,0x60,0x31,0x47,0x00,0x47,0x83,0x00,0x00,0x11,0x00,0x01,0x00,
0x30,0x10,0x04,0x00,0x90,0x27,0x47,0x00,0x01,0x03,0x0f,0x0f,0xc7,0x24,0x00,0x00,0x87,0x83,0x00,0x00,
0x87,0x27,0x00,0x00,0x47,0x84,0x00,0x00,0x07,0x4c,0x00,0x00,0xc7,0x89,0x00,0x00,0x00,0x00,0x00,0x00,
0x87,0x8a,0x00,0x00,0x87,0x56,0x00,0x00,0xc7,0x8f,0x00,0x00,0x47,0x92,0x00,0x00,0x47,0x5d,0x00,0x00,
0xc7,0x4a,0x00,0x00,0x87,0x4d,0x00,0x00,0x41,0x01,0x03,0x2c,0x04,0xd3,0x41,0x02,0x05,0xce,0xeb,0x00,
0x3c,0x00,0x06,0x7e,0x07,0x11,0x0e,0x41,0x01,0x03,0x2c,0x08,0xd3,0x42,0x09,0x2c,0x0a,0xd3,0x56,0x41,
0x01,0x03,0x2c,0x0b,0xd3,0x3c,0x00,0x06,0xe8,0x0c,0x42,0x0d,0xcd,0x42,0x0e,0xcd,0x56,0x00,0x00,0x27,
0x83,0x15,0x91,0x02,0x30,0x39,0x47,0x00,0x07,0x4c,0x00,0x00,0x0d,0x00,0x01,0x00,0x30,0x10,0x05,0x00,
0x90,0x27,0x47,0x00,0x00,0x04,0x0b,0x0b,0x87,0x23,0x00,0x00,0xc7,0x24,0x00,0x00,0x87,0x83,0x00,0x00,
0x87,0x22,0x00,0x00,0x47,0x97,0x00,0x00,0xc7,0x98,0x00,0x00,0x87,0x27,0x00,0x00,0x87,0x9a,0x00,0x00,
0x87,0x4d,0x00,0x00,0x47,0x5d,0x00,0x00,0x07,0x4f,0x00,0x00,0x41,0x00,0x04,0x2c,0x05,0xd3,0x41,0x01,
0x06,0x2c,0x07,0xd3,0x41,0x02,0x08,0x3d,0x09,0x2c,0x03,0xd9,0x42,0x0a,0xcd,0x56,0x00,0x00,0x00,0x00,
0x00,0x00,0x00,0x2e,0x81,0x62,0x94,0x02,0xc0,0x2a,0x47,0x00,0x87,0x4d,0x00,0x00,0x09,0x00,0x01,0x00,
0x20,0x10,0x04,0x00,0x90,0x27,0x47,0x00,0x00,0x03,0x05,0x06,0x87,0x71,0x00,0x00,0xc7,0x24,0x00,0x00,
0x47,0x72,0x00,0x00,0x87,0x27,0x00,0x00,0xc7,0x9e,0x00,0x00,0x48,0x00,0x00,0x00,0x41,0x01,0x03,0x2c,
0x04,0xd3,0x33,0x4e,0x00,0x2c,0x02,0x38,0x05,0x63,0xd6,0x56,0x00,0x00,0x00,0x3e,0x86,0x35,0x96,0x02,
0xa0,0x2c,0x47,0x00,0x07,0x4f,0x00,0x00,0x18,0x00,0x01,0x00,0x30,0x10,0x05,0x00,0x90,0x27,0x47,0x00,
0x01,0x06,0x13,0x13,0x87,0x71,0x00,0x00,0x87,0x78,0x00,0x00,0x87,0x83,0x00,0x00,0xc7,0x24,0x00,0x00,
0x07,0x7a,0x00,0x00,0xc7,0x5e,0x00,0x00,0x00,0x00,0x00,0x00,0x07,0x4f,0x00,0x00,0x47,0x5d,0x00,0x00,
0x87,0x27,0x00,0x00,0xc7,0xa3,0x00,0x00,0xc7,0x89,0x00,0x00,0x87,0x50,0x00,0x00,0x87,0x56,0x00,0x00,
0x07,0xa8,0x00,0x00,0x07,0xaa,0x00,0x00,0x07,0x53,0x00,0x00,0xc7,0x51,0x00,0x00,0x3c,0x01,0x06,0x84,
0x07,0x11,0x04,0x57,0x02,0x41,0x03,0x08,0x3c,0x01,0x09,0xd4,0xeb,0x00,0x41,0x04,0x0a,0x2d,0x0b,0x00,
0x3b,0x0c,0xd9,0x3c,0x00,0x0c,0x35,0x02,0x25,0x15,0x35,0x03,0x25,0x17,0x35,0x06,0x25,0x1b,0x35,0x05,
0x25,0x1f,0x35,0x07,0x77,0x09,0x20,0x01,0x24,0x41,0x01,0x0d,0xcd,0x57,0x02,0x41,0x01,0x0e,0x2c,0x0f,
0xd3,0x57,0x02,0x41,0x01,0x0e,0x2c,0x10,0xd3,0x57,0x02,0x41,0x01,0x11,0xcd,0x57,0x02,0x41,0x01,0x12,
0xcd,0x57,0x02,0x57,0x05,0x00,0x00,0x44,0x85,0x23,0x97,0x02,0x88,0x3d,0x47,0x00,0x47,0x83,0x00,0x00,
0x10,0x00,0x01,0x00,0x30,0x10,0x06,0x00,0x90,0x27,0x47,0x00,0x00,0x05,0x0e,0x0e,0xc7,0x24,0x00,0x00,
0x87,0x23,0x00,0x00,0x87,0x83,0x00,0x00,0x07,0x24,0x00,0x00,0x07,0x0e,0x00,0x00,0x87,0x27,0x00,0x00,
0xc7,0xab,0x00,0x00,0x47,0x97,0x00,0x00,0x07,0xb1,0x00,0x00,0x47,0xb3,0x00,0x00,0x87,0x50,0x00,0x00,
0x47,0x5d,0x00,0x00,0xc7,0x46,0x00,0x00,0x07,0x4f,0x00,0x00,0x41,0x00,0x05,0x2c,0x06,0xd3,0x41,0x01,
0x07,0x2c,0x08,0xd3,0x41,0x00,0x05,0x2c,0x09,0xd3,0x41,0x02,0x0a,0x3d,0x0b,0x2d,0x03,0x03,0x3b,0x0c,
0xc7,0x03,0x2c,0x04,0xca,0x42,0x0d,0xcd,0x56,0x00,0x00,0x00,0x00,0x00,0x00,0x0d,0x82,0x16,0x9d,0x02,
0xe0,0x2a,0x47,0x00,0x87,0x50,0x00,0x00,0x1a,0x00,0x01,0x00,0x30,0x10,0x06,0x00,0x90,0x27,0x47,0x00,
0x01,0x05,0x17,0x17,0xc7,0x24,0x00,0x00,0x87,0x23,0x00,0x00,0x87,0x83,0x00,0x00,0xc7,0x04,0x00,0x00,
0x87,0x27,0x00,0x00,0xc7,0xb7,0x00,0x00,0x47,0x97,0x00,0x00,0x07,0xbd,0x00,0x00,0xc7,0x51,0x00,0x00,
0x47,0x5d,0x00,0x00,0xb0,0x00,0x00,0x00,0xc7,0x89,0x00,0x00,0x00,0x00,0x00,0x00,0x07,0x24,0x00,0x00,
0x87,0xbf,0x00,0x00,0xc7,0x46,0x00,0x00,0xc7,0xc3,0x00,0x00,0x47,0x55,0x00,0x00,0x87,0xc8,0x00,0x00,
0xc7,0xc9,0x00,0x00,0x87,0x56,0x00,0x00,0x47,0xcf,0x00,0x00,0x41,0x01,0x05,0x2c,0x06,0xd3,0x41,0x02,
0x07,0x2c,0x08,0xd3,0x41,0x03,0x09,0x3d,0x0a,0x35,0x00,0x90,0x0b,0xda,0xeb,0x00,0x3c,0x00,0x0c,0x81,
0x0d,0x21,0x05,0x3c,0x00,0x0e,0x11,0x24,0x41,0x01,0x05,0x2d,0x0f,0x00,0x3b,0x0e,0x3b,0x10,0xd9,0x41,
0x01,0x05,0x2f,0x11,0x04,0x00,0x3b,0x0e,0xd1,0xd9,0x42,0x12,0xcd,0x41,0x02,0x13,0x3c,0x00,0x0e,0xd3,
0x01,0x10,0x41,0x01,0x05,0x2d,0x14,0x00,0x3b,0x0c,0xd9,0x42,0x15,0x2c,0x16,0xd3,0x56,0x00,0x00,0x00,
0x00,0x00,0x00,0x04,0x85,0x46,0x9f,0x02,0xe0,0x3b,0x47,0x00,0xc7,0x51,0x00,0x00,0x07,0x00,0x01,0x00,
0x30,0x10,0x04,0x00,0x90,0x27,0x47,0x00,0x00,0x01,0x04,0x04,0xc7,0x24,0x00,0x00,0x87,0x27,0x00,0x00,
0x47,0xd1,0x00,0x00,0x07,0x4f,0x00,0x00,0x41,0x00,0x01,0x2c,0x02,0xd3,0x42,0x03,0xcd,0x56,0x00,0x00,
0x6e,0x75,0xa4,0x02,0x08,0x2b,0x47,0x00,0x07,0x53,0x00,0x00,0x0a,0x00,0x01,0x00,0x30,0x10,0x04,0x00,
0x90,0x27,0x47,0x00,0x00,0x02,0x07,0x07,0xc7,0x24,0x00,0x00,0x87,0x83,0x00,0x00,0x87,0x27,0x00,0x00,
0x87,0xd7,0x00,0x00,0xc7,0x60,0x00,0x00,0x47,0x5d,0x00,0x00,0x47,0x55,0x00,0x00,0x41,0x00,0x02,0x2c,
0x03,0xd3,0x31,0xe8,0x04,0x3d,0x05,0x21,0x08,0x41,0x01,0x06,0x3d,0x05,0xd4,0x04,0x56,0x00,0x00,0x23,
0x81,0x07,0xa6,0x02,0x18,0x2b,0x47,0x00,0x47,0x55,0x00,0x00,0x0b,0x00,0x01,0x00,0x30,0x10,0x04,0x01,
0x90,0x27,0x47,0x00,0x01,0x04,0x09,0x09,0xc7,0x24,0x00,0x00,0x87,0x23,0x00,0x00,0x87,0x83,0x00,0x00,
0x87,0x27,0x00,0x00,0x87,0xd7,0x00,0x00,0x87,0x36,0x00,0x00,0x47,0x5d,0x00,0x00,0x47,0x55,0x00,0x00,
0x41,0x01,0x04,0x2c,0x05,0xd3,0x41,0x02,0x06,0x2c,0x00,0xd3,0x3d,0x07,0x21,0x08,0x41,0x03,0x08,0x3d,
0x07,0xd4,0x04,0x56,0x00,0x00,0x00,0x20,0x81,0x4f,0xa7,0x02,0x28,0x2b,0x47,0x00,0x87,0x56,0x00,0x00,
0x18,0x00,0x01,0x00,0x30,0x10,0x06,0x00,0x90,0x27,0x47,0x00,0x02,0x04,0x10,0x10,0x87,0x83,0x00,0x00,
0xc7,0x24,0x00,0x00,0xc7,0xdc,0x00,0x00,0x87,0x27,0x00,0x00,0x47,0xde,0x00,0x00,0xc7,0x89,0x00,0x00,
0x00,0x00,0x00,0x00,0x07,0xe1,0x00,0x00,0xc7,0xe3,0x00,0x00,0xc7,0xe7,0x00,0x00,0xc7,0xe9,0x00,0x00,
0x07,0xed,0x00,0x00,0x07,0xef,0x00,0x00,0x07,0x24,0x00,0x00,0x35,0x00,0xeb,0x00,0x41,0x02,0x04,0xce,
0xeb,0x01,0x41,0x03,0x05,0x2d,0x06,0x01,0x3b,0x07,0xd9,0x3c,0x01,0x07,0x7e,0x08,0x11,0x21,0x41,0x02,
0x09,0xce,0xeb,0x01,0x41,0x03,0x05,0x2d,0x0a,0x01,0x3b,0x07,0xd9,0x3c,0x01,0x07,0x84,0x08,0x11,0x06,
0x32,0x55,0x01,0x05,0x34,0xeb,0x00,0x01,0x06,0x35,0x00,0xeb,0x00,0x41,0x02,0x0b,0x2c,0x00,0xd4,0xeb,
0x01,0x41,0x03,0x05,0x2d,0x0c,0x01,0x3b,0x07,0xd9,0x41,0x02,0x0d,0x34,0xd4,0xeb,0x01,0x41,0x03,0x05,
0x2d,0x0e,0x01,0x3b,0x07,0x3c,0x01,0x0f,0xc7,0x03,0x31,0x55,0x00,0x00,0x00,0x00,0x00,0x00,0x00,0x41,
0x84,0x0c,0xa9,0x02,0xc8,0x32,0x47,0x00,0x87,0x12,0x00,0x00,0x14,0x00,0x01,0x00,0x20,0x10,0x03,0x03,
0x90,0x27,0x47,0x00,0x04,0x0a,0x0e,0x17,0xc7,0xf2,0x00,0x00,0x87,0x23,0x00,0x00,0x07,0xf4,0x00,0x00,
0x07,0xf5,0x00,0x00,0x07,0xf6,0x00,0x00,0xc7,0x07,0x00,0x00,0x87,0xc8,0x00,0x00,0x87,0x36,0x00,0x00,
0x47,0x97,0x00,0x00,0x07,0x82,0x00,0x00,0xa0,0x00,0x00,0x00,0xc8,0x00,0x00,0x00,0xf0,0x00,0x00,0x00,
0x20,0x01,0x00,0x00,0x50,0x01,0x00,0x00,0x98,0x01,0x00,0x00,0xc8,0x01,0x00,0x00,0xf8,0x01,0x00,0x00,
0x28,0x02,0x00,0x00,0x50,0x00,0x04,0x50,0x01,0x05,0x50,0x02,0x06,0x4a,0x07,0x14,0x58,0x0e,0x0a,0x58,
0x0f,0x0b,0x58,0x10,0x0c,0x58,0x11,0x0d,0xeb,0x03,0x14,0x58,0x12,0x0a,0x58,0x13,0x0b,0x58,0x14,0x0c,
0x58,0x15,0x0d,0x4e,0x08,0x2c,0x16,0xec,0x07,0x2f,0x09,0x04,0x03,0xd6,0x56,0x00,0x00,0x00,0x00,0x07,
0x89,0x51,0xad,0x02,0x58,0x2b,0x47,0x00,0xc7,0x20,0x00,0x00,0x05,0x00,0x01,0x00,0x30,0x10,0x01,0x01,
0x90,0x27,0x47,0x00,0x01,0x02,0x02,0x02,0x07,0xf5,0x00,0x00,0x2c,0x01,0xca,0x56,0x00,0x00,0x00,0x00,
0x33,0x4b,0xae,0x02,0xf8,0x29,0x47,0x00,0x87,0xc8,0x00,0x00,0x05,0x00,0x01,0x00,0x30,0x10,0x01,0x01,
0x90,0x27,0x47,0x00,0x01,0x02,0x02,0x02,0x07,0xf5,0x00,0x00,0x2c,0x01,0xca,0x56,0x00,0x00,0x00,0x00,
0x36,0x11,0xaf,0x02,0x70,0x2a,0x47,0x00,0x87,0x36,0x00,0x00,0x06,0x00,0x01,0x00,0x30,0x10,0x04,0x01,
0x90,0x27,0x47,0x00,0x01,0x02,0x03,0x03,0x87,0x23,0x00,0x00,0x47,0x97,0x00,0x00,0x41,0x01,0x02,0x2c,
0x00,0xd3,0x56,0x00,0x00,0x00,0x00,0x00,0x3e,0x60,0xaf,0x02,0x78,0x2a,0x47,0x00,0x47,0x97,0x00,0x00,
0x06,0x00,0x01,0x00,0x30,0x10,0x04,0x01,0x90,0x27,0x47,0x00,0x01,0x02,0x03,0x03,0x87,0x23,0x00,0x00,
0x07,0x82,0x00,0x00,0x41,0x01,0x02,0x2c,0x00,0xd3,0x56,0x00,0x00,0x00,0x00,0x00,0x3e,0x35,0xb0,0x02,
0x80,0x2a,0x47,0x00,0x07,0x82,0x00,0x00,0x09,0x00,0x01,0x00,0x30,0x10,0x05,0x01,0x90,0x27,0x47,0x00,
0x01,0x05,0x07,0x07,0x87,0x0b,0x00,0x00,0xc7,0x04,0x00,0x00,0x07,0xf4,0x00,0x00,0x87,0x23,0x00,0x00,
0x47,0xf7,0x00,0x00,0x87,0xc8,0x00,0x00,0x2f,0x01,0x02,0x00,0xd1,0x40,0x05,0x35,0x03,0xd4,0x2c,0x03,
0xd6,0x41,0x04,0x06,0xcd,0x56,0x00,0x08,0x81,0x2a,0xb1,0x02,0x88,0x2a,0x47,0x00,0x87,0xc8,0x00,0x00,
0x06,0x00,0x01,0x00,0x30,0x10,0x04,0x01,0x90,0x27,0x47,0x00,0x01,0x02,0x03,0x03,0x87,0x23,0x00,0x00,
0x87,0x36,0x00,0x00,0x41,0x01,0x02,0x2c,0x00,0xd3,0x56,0x00,0x00,0x00,0x00,0x00,0x3d,0x45,0xb2,0x02,
0x98,0x2a,0x47,0x00,0x87,0x36,0x00,0x00,0x06,0x00,0x01,0x00,0x30,0x10,0x04,0x01,0x90,0x27,0x47,0x00,
0x01,0x02,0x03,0x03,0x87,0x23,0x00,0x00,0x47,0x97,0x00,0x00,0x41,0x01,0x02,0x2c,0x00,0xd3,0x56,0x00,
0x00,0x00,0x00,0x00,0x3e,0x1b,0xb3,0x02,0x48,0x2b,0x47,0x00,0x47,0x97,0x00,0x00,0x06,0x00,0x01,0x00,
0x30,0x10,0x04,0x01,0x90,0x27,0x47,0x00,0x01,0x02,0x03,0x03,0x87,0x23,0x00,0x00,0x07,0x82,0x00,0x00,
0x41,0x01,0x02,0x2c,0x00,0xd3,0x56,0x00,0x00,0x00,0x00,0x00,0x3e,0x70,0xb3,0x02,0x50,0x2b,0x47,0x00,
0x07,0x82,0x00,0x00,0x0a,0x00,0x01,0x00,0x30,0x10,0x04,0x00,0x90,0x27,0x47,0x00,0x03,0x08,0x09,0x09,
0x47,0x09,0x00,0x00,0x07,0xf4,0x00,0x00,0x87,0x0f,0x00,0x00,0xc7,0xf2,0x00,0x00,0x07,0xf6,0x00,0x00,
0x47,0x49,0x00,0x00,0x2d,0x03,0x04,0xd1,0xeb,0x00,0x2f,0x05,0x06,0x07,0x2c,0x00,0xc5,0x03,0xeb,0x01,
0x2c,0x01,0x44,0xeb,0x02,0x41,0x02,0x08,0xcd,0x56,0x00,0x61,0x81,0x46,0xb4,0x02,0x68,0x2b,0x47,0x00,
0x07,0xf5,0x00,0x00,0x07,0x00,0x6d,0x6f,0x64,0x75,0x6c,0x65,0x73,0x00,0x12,0x00,0x6d,0x6f,0x64,0x5f,
0x67,0x6c,0x6f,0x62,0x61,0x6c,0x5f,0x6e,0x65,0x74,0x77,0x6f,0x72,0x6b,0x06,0x00,0x6d,0x6f,0x64,0x75,
0x6c,0x65,0x16,0x00,0x47,0x4c,0x4f,0x42,0x41,0x4c,0x5f,0x48,0x45,0x58,0x41,0x52,0x52,0x5f,0x32,0x5f,
0x53,0x54,0x52,0x49,0x4e,0x47,0x0a,0x00,0x64,0x6f,0x52,0x65,0x76,0x65,0x72,0x73,0x61,0x6c,0x10,0x00,
0x47,0x4c,0x4f,0x42,0x41,0x4c,0x5f,0x50,0x41,0x43,0x4b,0x5f,0x38,0x35,0x38,0x33,0x12,0x00,0x47,0x4c,
0x4f,0x42,0x41,0x4c,0x5f,0x55,0x4e,0x50,0x41,0x43,0x4b,0x5f,0x38,0x35,0x38,0x33,0x0a,0x00,0x69,0x6e,
0x63,0x56,0x6f,0x75,0x63,0x68,0x4e,0x6f,0x15,0x00,0x47,0x4c,0x4f,0x42,0x41,0x4c,0x5f,0x4e,0x45,0x54,
0x57,0x4f,0x52,0x4b,0x5f,0x53,0x4f,0x43,0x4b,0x45,0x54,0x00,0x15,0x00,0x47,0x4c,0x4f,0x42,0x41,0x4c,
0x5f,0x43,0x48,0x4f,0x4f,0x53,0x45,0x5f,0x4e,0x45,0x54,0x57,0x4f,0x52,0x4b,0x00,0x07,0x00,0x72,0x65,
0x71,0x75,0x69,0x72,0x65,0x00,0x10,0x00,0x6d,0x6f,0x64,0x5f,0x67,0x6c,0x6f,0x62,0x61,0x6c,0x5f,0x66,
0x75,0x6e,0x63,0x73,0x13,0x00,0x6d,0x6f,0x64,0x5f,0x67,0x6c,0x6f,0x62,0x61,0x6c,0x5f,0x72,0x65,0x76,
0x65,0x72,0x73,0x61,0x6c,0x00,0x12,0x00,0x6d,0x6f,0x64,0x5f,0x67,0x6c,0x6f,0x62,0x61,0x6c,0x5f,0x69,
0x73,0x6f,0x38,0x35,0x38,0x33,0x11,0x00,0x6d,0x6f,0x64,0x5f,0x67,0x6c,0x6f,0x62,0x61,0x6c,0x5f,0x63,
0x6f,0x6e,0x66,0x69,0x67,0x00,0x0b,0x00,0x74,0x72,0x61,0x6e,0x73,0x4f,0x6e,0x6c,0x69,0x6e,0x65,0x00,
0x05,0x00,0x70,0x61,0x72,0x61,0x6d,0x00,0x02,0x00,0x63,0x62,0x04,0x00,0x64,0x61,0x74,0x61,0x07,0x00,
0x63,0x6f,0x6e,0x73,0x6f,0x6c,0x65,0x00,0x0a,0x00,0x55,0x69,0x6e,0x74,0x38,0x41,0x72,0x72,0x61,0x79,
0x03,0x00,0x6c,0x6f,0x67,0x00,0x2a,0x00,0x47,0x4c,0x4f,0x42,0x41,0x4c,0x5f,0x4e,0x45,0x54,0x57,0x4f,
0x52,0x4b,0x5f,0x53,0x4f,0x43,0x4b,0x45,0x54,0x3d,0x3d,0x3d,0x3d,0x3d,0x3d,0x3d,0x3d,0x3d,0x3d,0x3d,
0x3d,0x3d,0x3d,0x3d,0x3d,0x3d,0x3d,0x3d,0x3e,0x3e,0x1f,0x00,0x20,0x63,0x62,0x20,0x65,0x72,0x72,0x6f,
0x72,0x20,0x3d,0x3d,0x3d,0x3d,0x3d,0x3d,0x3d,0x3d,0x3d,0x3d,0x3d,0x3d,0x3d,0x3d,0x3d,0x3d,0x3d,0x3d,
0x3d,0x3e,0x3e,0x00,0x22,0x00,0x20,0x70,0x61,0x72,0x61,0x6d,0x20,0x65,0x72,0x72,0x6f,0x72,0x20,0x3d,
0x3d,0x3d,0x3d,0x3d,0x3d,0x3d,0x3d,0x3d,0x3d,0x3d,0x3d,0x3d,0x3d,0x3d,0x3d,0x3d,0x3d,0x3d,0x3e,0x3e,
0x05,0x00,0x65,0x72,0x72,0x6f,0x72,0x00,0x0d,0x00,0x70,0x61,0x72,0x61,0x6d,0x20,0x65,0x72,0x72,0x6f,
0x72,0x20,0x21,0x00,0x21,0x00,0x20,0x64,0x61,0x74,0x61,0x20,0x65,0x72,0x72,0x6f,0x72,0x20,0x3d,0x3d,
0x3d,0x3d,0x3d,0x3d,0x3d,0x3d,0x3d,0x3d,0x3d,0x3d,0x3d,0x3d,0x3d,0x3d,0x3d,0x3d,0x3d,0x3e,0x3e,0x00,
0x0c,0x00,0x64,0x61,0x74,0x61,0x20,0x65,0x72,0x72,0x6f,0x72,0x20,0x21,0x35,0x00,0x47,0x4c,0x4f,0x42,
0x41,0x4c,0x5f,0x4e,0x45,0x54,0x57,0x4f,0x52,0x4b,0x5f,0x53,0x4f,0x43,0x4b,0x45,0x54,0x20,0x64,0x61,
0x74,0x61,0x20,0x6c,0x65,0x6e,0x20,0x20,0x3d,0x3d,0x3d,0x3d,0x3d,0x3d,0x3d,0x3d,0x3d,0x3d,0x3d,0x3d,
0x3d,0x3d,0x3d,0x3d,0x3d,0x3d,0x3d,0x3e,0x3e,0x00,0x06,0x00,0x6c,0x65,0x6e,0x67,0x74,0x68,0x09,0x00,
0x70,0x72,0x6f,0x74,0x6f,0x74,0x79,0x70,0x65,0x00,0x09,0x00,0x43,0x72,0x65,0x61,0x74,0x65,0x4e,0x65,
0x77,0x00,0x08,0x00,0x73,0x65,0x74,0x54,0x69,0x6d,0x65,0x72,0x09,0x00,0x53,0x6f,0x63,0x43,0x72,0x65,
0x61,0x74,0x65,0x00,0x0a,0x00,0x53,0x6f,0x63,0x43,0x6f,0x6e,0x6e,0x65,0x63,0x74,0x09,0x00,0x53,0x6f,
0x63,0x53,0x74,0x61,0x74,0x75,0x73,0x00,0x07,0x00,0x53,0x6f,0x63,0x53,0x65,0x6e,0x64,0x00,0x07,0x00,
0x53,0x6f,0x63,0x52,0x65,0x63,0x76,0x00,0x0f,0x00,0x53,0x6f,0x63,0x43,0x68,0x65,0x63,0x6b,0x41,0x6e,
0x64,0x52,0x65,0x63,0x76,0x00,0x08,0x00,0x53,0x6f,0x63,0x43,0x6c,0x6f,0x73,0x65,0x09,0x00,0x68,0x61,
0x6e,0x64,0x6c,0x65,0x45,0x72,0x72,0x00,0x27,0x00,0x53,0x6f,0x63,0x6b,0x65,0x74,0x43,0x6c,0x73,0x20,
0x30,0x30,0x30,0x30,0x30,0x30,0x30,0x20,0x3d,0x3d,0x3d,0x3d,0x3d,0x3d,0x3d,0x3d,0x3d,0x3d,0x3d,0x3d,
0x3d,0x3d,0x3d,0x3d,0x3d,0x3d,0x3d,0x3e,0x3e,0x00,0x0a,0x00,0x73,0x6f,0x63,0x48,0x61,0x6e,0x64,0x6c,
0x65,0x72,0x0d,0x00,0x73,0x6f,0x63,0x54,0x69,0x6d,0x65,0x72,0x43,0x6f,0x75,0x6e,0x74,0x00,0x0a,0x00,
0x63,0x61,0x6e,0x63,0x65,0x6c,0x54,0x69,0x6d,0x65,0x09,0x00,0x53,0x6f,0x63,0x6b,0x65,0x74,0x43,0x6c,
0x73,0x00,0x29,0x00,0x53,0x6f,0x63,0x6b,0x65,0x74,0x43,0x6c,0x73,0x20,0x43,0x72,0x65,0x61,0x74,0x65,
0x4e,0x65,0x77,0x20,0x3d,0x3d,0x3d,0x3d,0x3d,0x3d,0x3d,0x3d,0x3d,0x3d,0x3d,0x3d,0x3d,0x3d,0x3d,0x3d,
0x3d,0x3d,0x3d,0x3e,0x3e,0x00,0x29,0x00,0x4e,0x65,0x74,0x77,0x6f,0x72,0x6b,0x20,0x55,0x6e,0x61,0x76,
0x61,0x69,0x6c,0x61,0x62,0x6c,0x65,0x20,0x3d,0x3d,0x3d,0x3d,0x3d,0x3d,0x3d,0x3d,0x3d,0x3d,0x3d,0x3d,
0x3d,0x3d,0x3d,0x3d,0x3d,0x3d,0x3d,0x3e,0x3e,0x00,0x13,0x00,0x4e,0x65,0x74,0x77,0x6f,0x72,0x6b,0x20,
0x55,0x6e,0x61,0x76,0x61,0x69,0x6c,0x61,0x62,0x6c,0x65,0x00,0x04,0x00,0x74,0x68,0x61,0x74,0x08,0x00,
0x74,0x69,0x6d,0x65,0x72,0x41,0x64,0x64,0x25,0x00,0x53,0x6f,0x63,0x6b,0x65,0x74,0x43,0x6c,0x73,0x20,
0x35,0x35,0x35,0x35,0x35,0x20,0x3d,0x3d,0x3d,0x3d,0x3d,0x3d,0x3d,0x3d,0x3d,0x3d,0x3d,0x3d,0x3d,0x3d,
0x3d,0x3d,0x3d,0x3d,0x3d,0x3e,0x3e,0x00,0x0a,0x00,0x52,0x45,0x54,0x5f,0x52,0x45,0x4d,0x4f,0x56,0x45,
0x0a,0x00,0x52,0x45,0x54,0x5f,0x52,0x45,0x50,0x45,0x41,0x54,0x27,0x00,0x53,0x6f,0x63,0x6b,0x65,0x74,
0x43,0x6c,0x73,0x20,0x74,0x74,0x74,0x74,0x74,0x74,0x74,0x20,0x3d,0x3d,0x3d,0x3d,0x3d,0x3d,0x3d,0x3d,
0x3d,0x3d,0x3d,0x3d,0x3d,0x3d,0x3d,0x3d,0x3d,0x3d,0x3d,0x3e,0x3e,0x00,0x07,0x00,0x74,0x69,0x6d,0x65,
0x4f,0x75,0x74,0x00,0x08,0x00,0x74,0x69,0x6d,0x65,0x54,0x69,0x63,0x6b,0x00,0x00,0x03,0x00,0x54,0x6f,
0x73,0x00,0x29,0x00,0x53,0x6f,0x63,0x6b,0x65,0x74,0x43,0x6c,0x73,0x20,0x53,0x6f,0x63,0x43,0x72,0x65,
0x61,0x74,0x65,0x20,0x3d,0x3d,0x3d,0x3d,0x3d,0x3d,0x3d,0x3d,0x3d,0x3d,0x3d,0x3d,0x3d,0x3d,0x3d,0x3d,
0x3d,0x3d,0x3d,0x3e,0x3e,0x00,0x04,0x00,0x63,0x6f,0x64,0x65,0x27,0x00,0x43,0x72,0x65,0x61,0x74,0x65,
0x20,0x53,0x6f,0x63,0x6b,0x65,0x74,0x20,0x46,0x61,0x69,0x6c,0x3d,0x3d,0x3d,0x3d,0x3d,0x3d,0x3d,0x3d,
0x3d,0x3d,0x3d,0x3d,0x3d,0x3d,0x3d,0x3d,0x3d,0x3d,0x3d,0x3e,0x3e,0x00,0x12,0x00,0x43,0x72,0x65,0x61,
0x74,0x65,0x20,0x53,0x6f,0x63,0x6b,0x65,0x74,0x20,0x46,0x61,0x69,0x6c,0x26,0x00,0x43,0x72,0x65,0x61,
0x74,0x65,0x20,0x53,0x6f,0x63,0x6b,0x65,0x74,0x20,0x4f,0x4b,0x20,0x3d,0x3d,0x3d,0x3d,0x3d,0x3d,0x3d,
0x3d,0x3d,0x3d,0x3d,0x3d,0x3d,0x3d,0x3d,0x3d,0x3d,0x3d,0x3d,0x3e,0x3e,0x0a,0x00,0x73,0x68,0x6f,0x77,
0x50,0x72,0x6f,0x6d,0x70,0x74,0x0b,0x00,0x43,0x6f,0x6e,0x6e,0x65,0x63,0x74,0x20,0x2e,0x2e,0x2e,0x00,
0x20,0x00,0x53,0x6f,0x63,0x43,0x6f,0x6e,0x6e,0x65,0x63,0x74,0x20,0x3d,0x3d,0x3d,0x3d,0x3d,0x3d,0x3d,
0x3d,0x3d,0x3d,0x3d,0x3d,0x3d,0x3d,0x3d,0x3d,0x3d,0x3d,0x3d,0x3e,0x3e,0x26,0x00,0x53,0x6f,0x63,0x6b,
0x65,0x74,0x43,0x6c,0x73,0x20,0x37,0x37,0x37,0x37,0x37,0x37,0x20,0x3d,0x3d,0x3d,0x3d,0x3d,0x3d,0x3d,
0x3d,0x3d,0x3d,0x3d,0x3d,0x3d,0x3d,0x3d,0x3d,0x3d,0x3d,0x3d,0x3e,0x3e,0x20,0x00,0x53,0x6f,0x63,0x53,
0x74,0x61,0x74,0x75,0x73,0x20,0x3d,0x3d,0x3d,0x3d,0x3d,0x3d,0x3d,0x3d,0x3d,0x3d,0x3d,0x3d,0x3d,0x3d,
0x3d,0x3d,0x3d,0x3d,0x3d,0x3e,0x3e,0x20,0x0e,0x00,0x63,0x6f,0x6e,0x6e,0x65,0x63,0x74,0x20,0x65,0x72,
0x72,0x6f,0x72,0x20,0x0b,0x00,0x73,0x65,0x6e,0x64,0x20,0x65,0x72,0x72,0x6f,0x72,0x20,0x00,0x27,0x00,
0x53,0x6f,0x63,0x6b,0x65,0x74,0x43,0x6c,0x73,0x20,0x38,0x38,0x38,0x38,0x38,0x38,0x38,0x20,0x3d,0x3d,
0x3d,0x3d,0x3d,0x3d,0x3d,0x3d,0x3d,0x3d,0x3d,0x3d,0x3d,0x3d,0x3d,0x3d,0x3d,0x3d,0x3d,0x3e,0x3e,0x00,
0x0f,0x00,0x53,0x6f,0x63,0x6b,0x65,0x74,0x20,0x53,0x65,0x6e,0x64,0x20,0x2e,0x2e,0x2e,0x00,0x21,0x00,
0x53,0x6f,0x63,0x6b,0x65,0x74,0x20,0x53,0x65,0x6e,0x64,0x20,0x3d,0x3d,0x3d,0x3d,0x3d,0x3d,0x3d,0x3d,
0x3d,0x3d,0x3d,0x3d,0x3d,0x3d,0x3d,0x3d,0x3d,0x3d,0x3d,0x3e,0x3e,0x00,0x27,0x00,0x53,0x6f,0x63,0x6b,
0x65,0x74,0x43,0x6c,0x73,0x20,0x53,0x6f,0x63,0x52,0x65,0x63,0x76,0x20,0x3d,0x3d,0x3d,0x3d,0x3d,0x3d,
0x3d,0x3d,0x3d,0x3d,0x3d,0x3d,0x3d,0x3d,0x3d,0x3d,0x3d,0x3d,0x3d,0x3e,0x3e,0x00,0x12,0x00,0x53,0x6f,
0x63,0x6b,0x65,0x74,0x20,0x52,0x65,0x63,0x65,0x69,0x76,0x65,0x20,0x2e,0x2e,0x2e,0x20,0x00,0x53,0x6f,
0x63,0x52,0x65,0x63,0x76,0x20,0x4f,0x4b,0x20,0x3d,0x3d,0x3d,0x3d,0x3d,0x3d,0x3d,0x3d,0x3d,0x3d,0x3d,
0x3d,0x3d,0x3d,0x3d,0x3d,0x3d,0x3d,0x3d,0x3e,0x3e,0x24,0x00,0x53,0x6f,0x63,0x52,0x65,0x63,0x76,0x20,
0x64,0x61,0x74,0x61,0x20,0x20,0x3d,0x3d,0x3d,0x3d,0x3d,0x3d,0x3d,0x3d,0x3d,0x3d,0x3d,0x3d,0x3d,0x3d,
0x3d,0x3d,0x3d,0x3d,0x3d,0x3e,0x3e,0x20,0x07,0x00,0x73,0x75,0x63,0x63,0x65,0x73,0x73,0x00,0x2a,0x00,
0x53,0x6f,0x63,0x52,0x65,0x63,0x76,0x20,0x52,0x65,0x63,0x65,0x69,0x76,0x65,0x20,0x65,0x72,0x72,0x6f,
0x72,0x3d,0x3d,0x3d,0x3d,0x3d,0x3d,0x3d,0x3d,0x3d,0x3d,0x3d,0x3d,0x3d,0x3d,0x3d,0x3d,0x3d,0x3d,0x3d,
0x3e,0x3e,0x0d,0x00,0x72,0x65,0x63,0x65,0x69,0x76,0x65,0x20,0x65,0x72,0x72,0x6f,0x72,0x00,0x2f,0x00,
0x53,0x6f,0x63,0x6b,0x65,0x74,0x43,0x6c,0x73,0x20,0x53,0x6f,0x63,0x43,0x68,0x65,0x63,0x6b,0x41,0x6e,
0x64,0x52,0x65,0x63,0x76,0x20,0x3d,0x3d,0x3d,0x3d,0x3d,0x3d,0x3d,0x3d,0x3d,0x3d,0x3d,0x3d,0x3d,0x3d,
0x3d,0x3d,0x3d,0x3d,0x3d,0x3e,0x3e,0x00,0x28,0x00,0x53,0x6f,0x63,0x6b,0x65,0x74,0x43,0x6c,0x73,0x20,
0x53,0x6f,0x63,0x43,0x6c,0x6f,0x73,0x65,0x20,0x3d,0x3d,0x3d,0x3d,0x3d,0x3d,0x3d,0x3d,0x3d,0x3d,0x3d,
0x3d,0x3d,0x3d,0x3d,0x3d,0x3d,0x3d,0x3d,0x3e,0x3e,0x09,0x00,0x57,0x69,0x66,0x69,0x43,0x68,0x65,0x63,
0x6b,0x00,0x14,0x00,0x57,0x69,0x66,0x69,0x43,0x68,0x65,0x63,0x6b,0x20,0x3d,0x3d,0x3d,0x3d,0x3d,0x3d,
0x3d,0x3d,0x3d,0x3e,0x13,0x00,0x4d,0x6f,0x62,0x69,0x6c,0x65,0x44,0x61,0x74,0x61,0x41,0x76,0x61,0x69,
0x6c,0x61,0x62,0x6c,0x65,0x00,0x1e,0x00,0x4d,0x6f,0x62,0x69,0x6c,0x65,0x44,0x61,0x74,0x61,0x41,0x76,
0x61,0x69,0x6c,0x61,0x62,0x6c,0x65,0x20,0x3d,0x3d,0x3d,0x3d,0x3d,0x3d,0x3d,0x3d,0x3d,0x3e,0x0e,0x00,
0x53,0x6f,0x63,0x53,0x65,0x74,0x50,0x72,0x6f,0x70,0x65,0x72,0x74,0x79,0x17,0x00,0x73,0x65,0x6c,0x65,
0x63,0x4e,0x65,0x74,0x77,0x6f,0x72,0x6b,0x20,0x3d,0x3d,0x3d,0x3d,0x3d,0x3d,0x3d,0x3d,0x3d,0x3e,0x00,
0x0e,0x00,0x53,0x6f,0x63,0x47,0x65,0x74,0x50,0x72,0x6f,0x70,0x65,0x72,0x74,0x79,0x1b,0x00,0x73,0x65,
0x6c,0x65,0x63,0x4e,0x65,0x74,0x77,0x6f,0x72,0x6b,0x20,0x67,0x65,0x74,0x20,0x3d,0x3d,0x3d,0x3d,0x3d,
0x3d,0x3d,0x3d,0x3d,0x3e,0x00,0x08,0x00,0x75,0x72,0x6c,0x50,0x61,0x72,0x61,0x6d,0x05,0x00,0x74,0x72,
0x61,0x6e,0x73,0x00,0x06,0x00,0x6f,0x6e,0x6c,0x69,0x6e,0x65,0x08,0x00,0x6f,0x6e,0x6c,0x69,0x6e,0x65,
0x43,0x42,0x09,0x00,0x73,0x75,0x62,0x73,0x74,0x72,0x69,0x6e,0x67,0x00,0x00,0x00,0x00,0x00,};/*4918*/
