TK_CONST_DATA_ALIGN(const unsigned char script_mod_global_trans[]) = {
0x07,0x00,0x01,0x01,0x96,0x0a,0x00,0x00,0x00,0x00,0x00,0x00,0x6d,0x6f,0x64,0x5f,0x67,0x6c,0x6f,0x62,
0x61,0x6c,0x5f,0x74,0x72,0x61,0x6e,0x73,0x00,0x00,0x00,0x00,0x00,0x00,0x00,0x00,0x00,0x00,0x00,0x00,
0x00,0x00,0x00,0x00,0x4a,0x52,0x52,0x59,0x46,0x00,0x00,0x00,0x00,0x00,0x00,0x00,0xe8,0x05,0x00,0x00,
0x01,0x00,0x00,0x00,0x18,0x00,0x00,0x00,0x07,0x00,0x01,0x00,0x10,0x30,0x03,0x00,0xc8,0x27,0x47,0x00,
0x01,0x01,0x04,0x05,0x07,0x00,0x00,0x00,0x47,0x01,0x00,0x00,0x87,0x03,0x00,0x00,0x38,0x00,0x00,0x00,
0x3d,0x01,0x14,0xe7,0x02,0x00,0x10,0x04,0x03,0x3d,0x01,0x3b,0x02,0x33,0xd8,0x56,0x38,0x28,0x47,0x00,
0xc7,0x19,0x00,0x00,0x0a,0x00,0x01,0x00,0x30,0x10,0x03,0x02,0xc8,0x27,0x47,0x00,0x05,0x05,0x08,0x0b,
0x87,0x04,0x00,0x00,0x07,0x07,0x00,0x00,0x47,0x09,0x00,0x00,0x50,0x00,0x00,0x00,0x38,0x03,0x00,0x00,
0xb8,0x04,0x00,0x00,0x53,0x08,0x02,0x53,0x09,0x03,0x53,0x0a,0x04,0x2f,0x00,0x05,0x02,0xdc,0x2f,0x00,
0x06,0x03,0xdc,0x2f,0x00,0x07,0x04,0xdc,0x56,0x00,0x00,0x00,0x2d,0xb6,0x28,0x02,0x08,0x29,0x47,0x00,
0x87,0x03,0x00,0x00,0x35,0x00,0x01,0x00,0x30,0x10,0x02,0x00,0xc8,0x27,0x47,0x00,0x00,0x00,0x36,0x38,
0x07,0x0b,0x00,0x00,0x07,0x0c,0x00,0x00,0x87,0x0c,0x00,0x00,0x07,0x0e,0x00,0x00,0x47,0x0f,0x00,0x00,
0x07,0x11,0x00,0x00,0x07,0x13,0x00,0x00,0x07,0x14,0x00,0x00,0x07,0x15,0x00,0x00,0x47,0x16,0x00,0x00,
0xc7,0x17,0x00,0x00,0xc7,0x19,0x00,0x00,0x07,0x1a,0x00,0x00,0x87,0x1b,0x00,0x00,0x87,0x1d,0x00,0x00,
0x07,0x1f,0x00,0x00,0x07,0x20,0x00,0x00,0x07,0x21,0x00,0x00,0x07,0x22,0x00,0x00,0x07,0x23,0x00,0x00,
0xc7,0x23,0x00,0x00,0xc7,0x25,0x00,0x00,0x07,0x27,0x00,0x00,0xc7,0x28,0x00,0x00,0x87,0x2a,0x00,0x00,
0x07,0x2c,0x00,0x00,0x47,0x2d,0x00,0x00,0x07,0x2f,0x00,0x00,0x07,0x31,0x00,0x00,0x07,0x33,0x00,0x00,
0x07,0x34,0x00,0x00,0x87,0x35,0x00,0x00,0xc7,0x36,0x00,0x00,0x87,0x38,0x00,0x00,0x07,0x39,0x00,0x00,
0xc7,0x39,0x00,0x00,0x87,0x3a,0x00,0x00,0x47,0x3b,0x00,0x00,0x07,0x3c,0x00,0x00,0xc7,0x3d,0x00,0x00,
0x47,0x3f,0x00,0x00,0x07,0x40,0x00,0x00,0xc7,0x40,0x00,0x00,0x47,0x42,0x00,0x00,0xc7,0x43,0x00,0x00,
0x47,0x45,0x00,0x00,0x47,0x47,0x00,0x00,0x07,0x48,0x00,0x00,0x47,0x49,0x00,0x00,0x47,0x4a,0x00,0x00,
0x47,0x4b,0x00,0x00,0x07,0x4c,0x00,0x00,0x87,0x4d,0x00,0x00,0x47,0x4e,0x00,0x00,0xa8,0x01,0x00,0x00,
0x28,0x02,0x00,0x00,0x14,0x36,0x00,0x18,0x01,0x35,0x00,0x18,0x02,0x34,0x18,0x03,0x34,0x18,0x04,0x34,
0x18,0x05,0x34,0x18,0x06,0x34,0x18,0x07,0x34,0x18,0x08,0x34,0x18,0x09,0x58,0x0b,0x0a,0x58,0x0b,0x0c,
0x58,0x0b,0x0d,0x34,0x18,0x0e,0x58,0x0b,0x0f,0x58,0x0b,0x10,0x58,0x0b,0x11,0x58,0x0b,0x12,0x58,0x0b,
0x13,0x58,0x0b,0x14,0x58,0x0b,0x15,0x58,0x0b,0x16,0x58,0x0b,0x17,0x35,0x02,0x18,0x18,0x58,0x0b,0x19,
0x58,0x0b,0x1a,0x58,0x0b,0x1b,0x31,0x18,0x1c,0x58,0x0b,0x1d,0x58,0x0b,0x1e,0x58,0x0b,0x1f,0x34,0x18,
0x20,0x58,0x0b,0x21,0x58,0x0b,0x22,0x58,0x0b,0x23,0x34,0x18,0x24,0x58,0x0b,0x25,0x58,0x0b,0x26,0x58,
0x0b,0x27,0x58,0x0b,0x28,0x58,0x0b,0x29,0x34,0x18,0x2a,0x58,0x0b,0x2b,0x14,0x18,0x2c,0x14,0x18,0x2d,
0xe8,0x00,0x14,0x34,0x18,0x2f,0x1c,0x18,0x30,0x32,0x18,0x31,0x58,0x0b,0x32,0xe8,0x2e,0x14,0xe8,0x33,
0x2c,0x36,0xe8,0x34,0x2c,0x37,0xe8,0x35,0x56,0x00,0x00,0x00,0x00,0x00,0x00,0x00,0x32,0x90,0x4d,0x02,
0x80,0x2a,0x47,0x00,0x87,0x04,0x00,0x00,0x10,0x00,0x01,0x00,0x30,0x10,0x04,0x00,0xc8,0x27,0x47,0x00,
0x00,0x02,0x0b,0x0b,0x87,0x4f,0x00,0x00,0x47,0x50,0x00,0x00,0x07,0x0b,0x00,0x00,0xc7,0x43,0x00,0x00,
0x47,0x4e,0x00,0x00,0x87,0x04,0x00,0x00,0x87,0x51,0x00,0x00,0x47,0x52,0x00,0x00,0x47,0x47,0x00,0x00,
0x07,0x4c,0x00,0x00,0x87,0x56,0x00,0x00,0x3d,0x02,0x42,0x04,0xce,0xe5,0x03,0x3c,0x00,0x05,0x60,0x11,
0x07,0x2d,0x00,0x05,0x14,0xdc,0x3c,0x00,0x05,0x3d,0x02,0xe5,0x02,0x41,0x01,0x06,0x2c,0x07,0xd3,0x3c,
0x00,0x05,0x3d,0x08,0xe5,0x08,0x3c,0x00,0x05,0x3d,0x09,0xe5,0x09,0x41,0x01,0x06,0x2c,0x0a,0xd3,0x56,
0x00,0x00,0x00,0x14,0x83,0x5b,0x89,0x02,0x18,0x28,0x47,0x00,0x87,0x4d,0x00,0x00,0x18,0x00,0x01,0x00,
0x30,0x10,0x05,0x00,0xc8,0x27,0x47,0x00,0x07,0x08,0x13,0x13,0x87,0x4f,0x00,0x00,0x87,0x5a,0x00,0x00,
0x07,0x5c,0x00,0x00,0x00,0x00,0x00,0x00,0xc7,0x5c,0x00,0x00,0x87,0x5d,0x00,0x00,0x07,0x5f,0x00,0x00,
0xc7,0x5f,0x00,0x00,0xc7,0x60,0x00,0x00,0x87,0x61,0x00,0x00,0x07,0x62,0x00,0x00,0x87,0x62,0x00,0x00,
0x41,0x07,0x08,0xce,0xeb,0x00,0x3c,0x00,0x09,0x78,0x0a,0x21,0x05,0x3c,0x00,0x0b,0x11,0x5d,0x3c,0x00,
0x0b,0x40,0x0c,0x34,0x35,0x03,0xda,0xeb,0x01,0x3c,0x00,0x0b,0x40,0x0c,0x35,0x03,0x35,0x05,0xda,0xeb,
0x02,0x3c,0x00,0x0b,0x40,0x0c,0x35,0x05,0x35,0x07,0xda,0xeb,0x03,0x3c,0x00,0x0b,0x40,0x0c,0x35,0x07,
0x35,0x09,0xda,0xeb,0x04,0x3c,0x00,0x0b,0x40,0x0c,0x35,0x09,0x35,0x0b,0xda,0xeb,0x05,0x3c,0x00,0x0b,
0x40,0x0c,0x35,0x0b,0x35,0x0d,0xda,0xeb,0x06,0x14,0x58,0x01,0x0d,0x58,0x02,0x0e,0x58,0x03,0x0f,0x58,
0x04,0x10,0x58,0x05,0x11,0x58,0x06,0x12,0x55,0x14,0x55,0x00,0x00,0x00,0x00,0x73,0x83,0x06,0x8d,0x02,
0x40,0x2b,0x47,0x00,0x47,0x4e,0x00,0x00,0x09,0x00,0x01,0x00,0x20,0x10,0x02,0x00,0xc8,0x27,0x47,0x00,
0x00,0x02,0x05,0x06,0x07,0x63,0x00,0x00,0x87,0x4f,0x00,0x00,0x87,0x64,0x00,0x00,0x07,0x63,0x00,0x00,
0xc7,0x65,0x00,0x00,0x48,0x00,0x00,0x00,0x3c,0x01,0x02,0x3b,0x03,0x4e,0x00,0x2c,0x05,0xe8,0x04,0x56,
0x00,0x00,0x00,0x00,0x00,0x00,0x00,0x27,0x9e,0x05,0x91,0x02,0x58,0x2a,0x47,0x00,0x07,0x07,0x00,0x00,
0x1c,0x00,0x01,0x00,0x30,0x10,0x0d,0x00,0xc8,0x27,0x47,0x00,0x01,0x02,0x1b,0x1c,0x07,0x63,0x00,0x00,
0x87,0x67,0x00,0x00,0x07,0x69,0x00,0x00,0x47,0x6a,0x00,0x00,0xc7,0x6b,0x00,0x00,0xc7,0x19,0x00,0x00,
0x07,0x4c,0x00,0x00,0x87,0x6c,0x00,0x00,0x47,0x16,0x00,0x00,0x47,0x6e,0x00,0x00,0x07,0x6f,0x00,0x00,
0x47,0x70,0x00,0x00,0x07,0x71,0x00,0x00,0x47,0x72,0x00,0x00,0x07,0x27,0x00,0x00,0x47,0x73,0x00,0x00,
0xc7,0x73,0x00,0x00,0x07,0x75,0x00,0x00,0x47,0x49,0x00,0x00,0x87,0x76,0x00,0x00,0xc7,0x77,0x00,0x00,
0x07,0x79,0x00,0x00,0xc7,0x7a,0x00,0x00,0x47,0x7c,0x00,0x00,0xc7,0x7d,0x00,0x00,0xc7,0x7e,0x00,0x00,
0xe0,0x00,0x00,0x00,0x1c,0x14,0x58,0x04,0x03,0x58,0x06,0x05,0x14,0x58,0x08,0x03,0x3c,0x01,0x0a,0x18,
0x09,0x58,0x0c,0x0b,0x58,0x0e,0x0d,0x58,0x10,0x0f,0x31,0x18,0x11,0x31,0x18,0x12,0x18,0x07,0x1c,0x2f,
0x14,0x15,0x16,0x2c,0x17,0x1c,0x1c,0x2d,0x18,0x19,0x20,0x02,0x1c,0x2d,0x18,0x19,0x20,0x02,0x1c,0x2d,
0x18,0x19,0x20,0x02,0x20,0x03,0x20,0x05,0x18,0x13,0x20,0x01,0xe8,0x02,0x3d,0x02,0x40,0x1a,0x2c,0x1b,
0xd4,0xeb,0x00,0x57,0x00,0x00,0x00,0x00,0x00,0x00,0x00,0x32,0x86,0x68,0x91,0x02,0x50,0x29,0x47,0x00,
0xc7,0x65,0x00,0x00,0x0b,0x00,0x01,0x00,0x30,0x10,0x05,0x01,0xc8,0x27,0x47,0x00,0x01,0x02,0x07,0x07,
0x87,0x7f,0x00,0x00,0x07,0x69,0x00,0x00,0xc7,0x6b,0x00,0x00,0x47,0x49,0x00,0x00,0x47,0x80,0x00,0x00,
0x07,0x4c,0x00,0x00,0x14,0x3c,0x00,0x02,0x18,0x02,0x3c,0x00,0x03,0x18,0x03,0x41,0x01,0x05,0x3c,0x00,
0x04,0xd4,0x18,0x04,0x41,0x01,0x05,0x3c,0x00,0x06,0xd4,0x18,0x06,0x55,0x00,0x00,0x00,0x00,0x00,0x6d,
0x81,0x10,0x96,0x02,0x48,0x29,0x47,0x00,0xc7,0x19,0x00,0x00,0x1c,0x00,0x01,0x00,0x30,0x10,0x08,0x02,
0xc8,0x27,0x47,0x00,0x02,0x07,0x14,0x14,0x47,0x50,0x00,0x00,0xc7,0x81,0x00,0x00,0x87,0x4f,0x00,0x00,
0x87,0x7f,0x00,0x00,0x47,0x83,0x00,0x00,0x87,0x51,0x00,0x00,0x87,0x85,0x00,0x00,0xc7,0x19,0x00,0x00,
0x87,0x04,0x00,0x00,0x47,0x47,0x00,0x00,0x47,0x49,0x00,0x00,0x07,0x48,0x00,0x00,0x47,0x8a,0x00,0x00,
0x47,0x80,0x00,0x00,0x47,0x8e,0x00,0x00,0xc7,0x92,0x00,0x00,0xc7,0x93,0x00,0x00,0xc7,0x5c,0x00,0x00,
0x41,0x02,0x07,0x2d,0x08,0x00,0xd9,0x7c,0x00,0x03,0x21,0x0b,0x2c,0x00,0x28,0x7a,0x21,0x05,0x7c,0x00,
0x09,0x11,0x22,0x3c,0x04,0x0a,0x3b,0x0b,0x3c,0x04,0x0a,0x3b,0x0b,0x3b,0x0c,0x3c,0x04,0x0a,0x3b,0x0b,
0x3b,0x0d,0x3a,0x3b,0x00,0xe5,0x0c,0x3c,0x04,0x0a,0x3b,0x0b,0x34,0xe5,0x0d,0x41,0x02,0x07,0x2d,0x0e,
0x05,0x40,0x0f,0x3c,0x04,0x0a,0x3b,0x0b,0xd4,0xd9,0x41,0x02,0x07,0x2d,0x10,0x04,0x3b,0x0a,0x3b,0x0b,
0x3b,0x0c,0x3c,0x04,0x0a,0x3b,0x0b,0x3b,0x0d,0x3a,0xd9,0x2c,0x06,0x14,0x3c,0x04,0x0a,0x3b,0x0b,0x3b,
0x0c,0x3c,0x04,0x0a,0x3b,0x0b,0x2c,0x0d,0xb9,0x3a,0x18,0x11,0x31,0x18,0x12,0x58,0x01,0x13,0xd0,0x56,
0x00,0x00,0x00,0x1a,0x86,0x2e,0xaf,0x02,0x68,0x2a,0x47,0x00,0x47,0x09,0x00,0x00,0x07,0x00,0x6d,0x6f,
0x64,0x75,0x6c,0x65,0x73,0x00,0x10,0x00,0x6d,0x6f,0x64,0x5f,0x67,0x6c,0x6f,0x62,0x61,0x6c,0x5f,0x74,
0x72,0x61,0x6e,0x73,0x06,0x00,0x6d,0x6f,0x64,0x75,0x6c,0x65,0x12,0x00,0x47,0x4c,0x4f,0x42,0x41,0x4c,
0x5f,0x54,0x52,0x41,0x4e,0x53,0x41,0x43,0x54,0x49,0x4f,0x4e,0x0f,0x00,0x47,0x4c,0x4f,0x42,0x41,0x4c,
0x5f,0x50,0x52,0x45,0x45,0x4e,0x54,0x52,0x59,0x00,0x0b,0x00,0x47,0x4c,0x4f,0x42,0x41,0x4c,0x5f,0x4a,
0x55,0x4d,0x50,0x00,0x05,0x00,0x74,0x72,0x61,0x6e,0x73,0x00,0x02,0x00,0x69,0x64,0x09,0x00,0x76,0x6f,
0x75,0x63,0x68,0x65,0x72,0x4e,0x6f,0x00,0x07,0x00,0x62,0x61,0x74,0x63,0x68,0x4e,0x6f,0x00,0x0b,0x00,
0x6f,0x72,0x69,0x67,0x42,0x61,0x74,0x63,0x68,0x4e,0x6f,0x00,0x0d,0x00,0x6f,0x72,0x69,0x67,0x56,0x6f,
0x75,0x63,0x68,0x65,0x72,0x4e,0x6f,0x00,0x06,0x00,0x61,0x6d,0x6f,0x75,0x6e,0x74,0x06,0x00,0x74,0x69,
0x70,0x41,0x6d,0x74,0x07,0x00,0x62,0x61,0x6c,0x61,0x6e,0x63,0x65,0x00,0x09,0x00,0x74,0x72,0x61,0x6e,
0x73,0x54,0x79,0x70,0x65,0x00,0x0d,0x00,0x6f,0x72,0x69,0x67,0x54,0x72,0x61,0x6e,0x73,0x54,0x79,0x70,
0x65,0x00,0x00,0x00,0x09,0x00,0x74,0x72,0x61,0x6e,0x73,0x4e,0x61,0x6d,0x65,0x00,0x0d,0x00,0x6f,0x72,
0x69,0x67,0x54,0x72,0x61,0x6e,0x73,0x4e,0x61,0x6d,0x65,0x00,0x0a,0x00,0x74,0x72,0x61,0x6e,0x73,0x53,
0x74,0x61,0x74,0x65,0x06,0x00,0x74,0x72,0x61,0x63,0x6b,0x31,0x06,0x00,0x74,0x72,0x61,0x63,0x6b,0x32,
0x06,0x00,0x74,0x72,0x61,0x63,0x6b,0x33,0x06,0x00,0x72,0x61,0x6e,0x64,0x6f,0x6d,0x03,0x00,0x70,0x61,
0x6e,0x00,0x0e,0x00,0x63,0x61,0x72,0x64,0x48,0x6f,0x6c,0x64,0x65,0x72,0x4e,0x61,0x6d,0x65,0x07,0x00,
0x65,0x78,0x70,0x44,0x61,0x74,0x65,0x00,0x0b,0x00,0x73,0x65,0x72,0x76,0x69,0x63,0x65,0x43,0x6f,0x64,
0x65,0x00,0x0c,0x00,0x63,0x61,0x72,0x64,0x53,0x65,0x72,0x69,0x61,0x6c,0x4e,0x6f,0x09,0x00,0x65,0x6e,
0x74,0x65,0x72,0x4d,0x6f,0x64,0x65,0x00,0x08,0x00,0x72,0x65,0x73,0x70,0x6f,0x6e,0x73,0x65,0x0b,0x00,
0x73,0x65,0x6e,0x64,0x49,0x63,0x63,0x44,0x61,0x74,0x61,0x00,0x0e,0x00,0x72,0x65,0x63,0x65,0x69,0x76,
0x65,0x49,0x63,0x63,0x44,0x61,0x74,0x61,0x0d,0x00,0x69,0x73,0x4f,0x6e,0x6c,0x69,0x6e,0x65,0x54,0x72,
0x61,0x6e,0x73,0x00,0x05,0x00,0x72,0x65,0x66,0x4e,0x6f,0x00,0x09,0x00,0x6f,0x72,0x69,0x67,0x52,0x65,
0x66,0x4e,0x6f,0x00,0x08,0x00,0x61,0x75,0x74,0x68,0x43,0x6f,0x64,0x65,0x0c,0x00,0x6f,0x72,0x69,0x67,
0x41,0x75,0x74,0x68,0x43,0x6f,0x64,0x65,0x02,0x00,0x74,0x63,0x04,0x00,0x61,0x72,0x71,0x63,0x04,0x00,
0x61,0x72,0x70,0x63,0x03,0x00,0x74,0x76,0x72,0x00,0x03,0x00,0x61,0x69,0x64,0x00,0x0b,0x00,0x65,0x6d,
0x76,0x41,0x70,0x70,0x4c,0x61,0x62,0x65,0x6c,0x00,0x0a,0x00,0x65,0x6d,0x76,0x41,0x70,0x70,0x4e,0x61,
0x6d,0x65,0x03,0x00,0x74,0x73,0x69,0x00,0x03,0x00,0x61,0x74,0x63,0x00,0x0a,0x00,0x6b,0x65,0x72,0x6e,
0x65,0x6c,0x54,0x79,0x70,0x65,0x0a,0x00,0x65,0x53,0x69,0x67,0x6e,0x61,0x74,0x75,0x72,0x65,0x09,0x00,
0x74,0x72,0x61,0x6e,0x73,0x54,0x69,0x6d,0x65,0x00,0x0d,0x00,0x6f,0x72,0x69,0x67,0x54,0x72,0x61,0x6e,
0x73,0x54,0x69,0x6d,0x65,0x00,0x04,0x00,0x66,0x6c,0x6f,0x77,0x08,0x00,0x6e,0x61,0x76,0x49,0x6e,0x64,
0x65,0x78,0x05,0x00,0x65,0x6e,0x74,0x72,0x79,0x00,0x06,0x00,0x68,0x61,0x73,0x50,0x69,0x6e,0x03,0x00,
0x70,0x69,0x6e,0x00,0x0a,0x00,0x74,0x72,0x61,0x6e,0x73,0x50,0x61,0x72,0x61,0x6d,0x04,0x00,0x69,0x6e,
0x69,0x74,0x07,0x00,0x67,0x65,0x74,0x54,0x69,0x6d,0x65,0x00,0x03,0x00,0x54,0x6f,0x73,0x00,0x07,0x00,
0x63,0x6f,0x6e,0x73,0x6f,0x6c,0x65,0x00,0x03,0x00,0x6c,0x6f,0x67,0x00,0x20,0x00,0x69,0x6e,0x69,0x74,
0x20,0x74,0x72,0x61,0x6e,0x73,0x20,0x3d,0x3d,0x3d,0x3d,0x3d,0x3d,0x3d,0x3d,0x3d,0x3d,0x3d,0x3d,0x3d,
0x3d,0x3d,0x3d,0x3d,0x3d,0x3d,0x3e,0x20,0x1e,0x00,0x69,0x6e,0x69,0x74,0x20,0x66,0x6c,0x6f,0x77,0x3d,
0x3d,0x3d,0x3d,0x3d,0x3d,0x3d,0x3d,0x3d,0x3d,0x3d,0x3d,0x3d,0x3d,0x3d,0x3d,0x3d,0x3d,0x3d,0x3e,0x20,
0x0a,0x00,0x53,0x79,0x73,0x47,0x65,0x74,0x54,0x69,0x6d,0x65,0x04,0x00,0x63,0x6f,0x64,0x65,0x04,0x00,
0x64,0x61,0x74,0x61,0x09,0x00,0x73,0x75,0x62,0x73,0x74,0x72,0x69,0x6e,0x67,0x00,0x04,0x00,0x79,0x65,
0x61,0x72,0x05,0x00,0x6d,0x6f,0x6e,0x74,0x68,0x00,0x04,0x00,0x64,0x61,0x74,0x65,0x01,0x00,0x68,0x00,
0x01,0x00,0x6d,0x00,0x01,0x00,0x73,0x00,0x0a,0x00,0x54,0x52,0x41,0x4e,0x53,0x5f,0x54,0x59,0x50,0x45,
0x08,0x00,0x43,0x4f,0x4e,0x53,0x54,0x41,0x4e,0x54,0x0c,0x00,0x67,0x65,0x74,0x45,0x6e,0x74,0x72,0x79,
0x4c,0x69,0x73,0x74,0x09,0x00,0x65,0x6e,0x74,0x72,0x79,0x4c,0x69,0x73,0x74,0x00,0x07,0x00,0x61,0x70,
0x70,0x4e,0x61,0x6d,0x65,0x00,0x0a,0x00,0x47,0x65,0x74,0x53,0x74,0x61,0x72,0x74,0x65,0x64,0x04,0x00,
0x69,0x63,0x6f,0x6e,0x0b,0x00,0x47,0x65,0x74,0x20,0x53,0x74,0x61,0x72,0x74,0x65,0x64,0x00,0x04,0x00,
0x53,0x41,0x4c,0x45,0x07,0x00,0x6d,0x73,0x67,0x54,0x79,0x70,0x65,0x00,0x04,0x00,0x30,0x32,0x30,0x30,
0x08,0x00,0x70,0x72,0x6f,0x63,0x43,0x6f,0x64,0x65,0x06,0x00,0x30,0x30,0x30,0x30,0x30,0x30,0x02,0x00,
0x30,0x30,0x08,0x00,0x6e,0x65,0x65,0x64,0x53,0x61,0x76,0x65,0x09,0x00,0x6e,0x52,0x65,0x76,0x65,0x72,
0x73,0x61,0x6c,0x00,0x07,0x00,0x70,0x61,0x79,0x6d,0x65,0x6e,0x74,0x00,0x07,0x00,0x70,0x72,0x6f,0x66,
0x69,0x6c,0x65,0x00,0x0c,0x00,0x6d,0x61,0x6b,0x65,0x54,0x72,0x61,0x6e,0x73,0x66,0x65,0x72,0x0a,0x00,
0x73,0x65,0x61,0x72,0x63,0x68,0x43,0x61,0x72,0x64,0x0a,0x00,0x65,0x6d,0x76,0x50,0x72,0x6f,0x63,0x65,
0x73,0x73,0x06,0x00,0x72,0x65,0x73,0x75,0x6c,0x74,0x03,0x00,0x6d,0x61,0x70,0x00,0x04,0x00,0x4a,0x53,
0x4f,0x4e,0x09,0x00,0x73,0x74,0x72,0x69,0x6e,0x67,0x69,0x66,0x79,0x00,0x09,0x00,0x75,0x6e,0x64,0x65,
0x66,0x69,0x6e,0x65,0x64,0x00,0x0f,0x00,0x6e,0x61,0x76,0x69,0x67,0x61,0x74,0x65,0x52,0x65,0x70,0x6c,
0x61,0x63,0x65,0x00,0x23,0x00,0x47,0x4c,0x4f,0x42,0x41,0x4c,0x5f,0x4a,0x55,0x4d,0x50,0x20,0x69,0x6e,
0x64,0x65,0x78,0x3d,0x3d,0x3d,0x3d,0x3d,0x3d,0x3d,0x3d,0x3d,0x3d,0x3d,0x3d,0x3d,0x3d,0x3d,0x3d,0x3d,
0x3e,0x00,0x1e,0x00,0x47,0x4c,0x4f,0x42,0x41,0x4c,0x5f,0x4a,0x55,0x4d,0x50,0x20,0x3d,0x3d,0x3d,0x3d,
0x3d,0x3d,0x3d,0x3d,0x3d,0x3d,0x3d,0x3d,0x3d,0x3d,0x3d,0x3d,0x3d,0x3e,0x22,0x00,0x47,0x4c,0x4f,0x42,
0x41,0x4c,0x5f,0x4a,0x55,0x4d,0x50,0x20,0x30,0x30,0x30,0x30,0x3d,0x3d,0x3d,0x3d,0x3d,0x3d,0x3d,0x3d,
0x3d,0x3d,0x3d,0x3d,0x3d,0x3d,0x3d,0x3d,0x3d,0x3e,0x06,0x00,0x74,0x61,0x72,0x67,0x65,0x74,0x0d,0x00,
0x63,0x6c,0x6f,0x73,0x65,0x5f,0x63,0x75,0x72,0x72,0x65,0x6e,0x74,0x00,0x00,0x00,0x00,0x00,};/*2758*/
