TK_CONST_DATA_ALIGN(const unsigned char script_pay[]) = {
0x80,0x00,0x01,0x01,0x5e,0x15,0x00,0x00,0x00,0x00,0x00,0x00,0x70,0x61,0x79,0x00,0x00,0x00,0x00,0x00,
0x00,0x00,0x00,0x00,0x00,0x00,0x00,0x00,0x00,0x00,0x00,0x00,0x00,0x00,0x00,0x00,0x00,0x00,0x00,0x00,
0x00,0x00,0x00,0x00,0x4a,0x52,0x52,0x59,0x46,0x00,0x00,0x00,0x00,0x00,0x00,0x00,0x68,0x0b,0x00,0x00,
0x01,0x00,0x00,0x00,0x18,0x00,0x00,0x00,0x3e,0x00,0x01,0x00,0x00,0x30,0x05,0x00,0x90,0x27,0x47,0x00,
0x01,0x0a,0x38,0x49,0x07,0x00,0x00,0x00,0xc7,0x01,0x00,0x00,0x47,0x04,0x00,0x00,0x87,0x06,0x00,0x00,
0x47,0x08,0x00,0x00,0x87,0x0a,0x00,0x00,0x87,0x0c,0x00,0x00,0x87,0x0f,0x00,0x00,0xc7,0x10,0x00,0x00,
0x47,0x12,0x00,0x00,0x07,0x00,0x00,0x00,0x87,0x14,0x00,0x00,0xc7,0x01,0x00,0x00,0x47,0x04,0x00,0x00,
0x87,0x06,0x00,0x00,0xc7,0x16,0x00,0x00,0x47,0x08,0x00,0x00,0x87,0x19,0x00,0x00,0x87,0x0a,0x00,0x00,
0x07,0x1c,0x00,0x00,0x87,0x0c,0x00,0x00,0x87,0x1e,0x00,0x00,0x47,0x1f,0x00,0x00,0x07,0x20,0x00,0x00,
0xc7,0x21,0x00,0x00,0x07,0x24,0x00,0x00,0x87,0x25,0x00,0x00,0x07,0x27,0x00,0x00,0x07,0x2a,0x00,0x00,
0xc7,0x2b,0x00,0x00,0x07,0x2d,0x00,0x00,0x47,0x2d,0x00,0x00,0x47,0x2e,0x00,0x00,0x87,0x2f,0x00,0x00,
0x47,0x30,0x00,0x00,0x47,0x31,0x00,0x00,0x87,0x32,0x00,0x00,0x47,0x33,0x00,0x00,0x87,0x34,0x00,0x00,
0x07,0x36,0x00,0x00,0x47,0x37,0x00,0x00,0x07,0x39,0x00,0x00,0x07,0x3b,0x00,0x00,0x87,0x3c,0x00,0x00,
0x07,0x3e,0x00,0x00,0x07,0x40,0x00,0x00,0x87,0x41,0x00,0x00,0xc7,0x42,0x00,0x00,0x07,0x44,0x00,0x00,
0xc7,0x45,0x00,0x00,0x87,0x47,0x00,0x00,0xc7,0x48,0x00,0x00,0x47,0x4a,0x00,0x00,0x07,0x4c,0x00,0x00,
0x47,0x4d,0x00,0x00,0xf0,0x01,0x00,0x00,0x70,0x02,0x00,0x00,0xa0,0x02,0x00,0x00,0xd0,0x02,0x00,0x00,
0xf8,0x02,0x00,0x00,0x28,0x03,0x00,0x00,0x68,0x03,0x00,0x00,0xf8,0x03,0x00,0x00,0x28,0x04,0x00,0x00,
0x60,0x05,0x00,0x00,0x98,0x05,0x00,0x00,0x68,0x06,0x00,0x00,0x38,0x07,0x00,0x00,0xc8,0x07,0x00,0x00,
0x08,0x09,0x00,0x00,0x80,0x09,0x00,0x00,0x20,0x0b,0x00,0x00,0x47,0x01,0x47,0x02,0x47,0x03,0x47,0x04,
0x47,0x05,0x47,0x06,0x47,0x07,0x51,0x01,0x51,0x02,0x51,0x03,0x51,0x04,0x51,0x05,0x51,0x06,0x51,0x07,
0x2d,0x08,0x0a,0xd1,0x3b,0x0b,0xdf,0x01,0x2d,0x08,0x0c,0xd1,0x3b,0x0d,0xdf,0x02,0x2d,0x08,0x0c,0xd1,
0x3b,0x0e,0xdf,0x03,0x2d,0x08,0x0c,0xd1,0x3b,0x0f,0xdf,0x04,0x2d,0x08,0x10,0xd1,0x3b,0x11,0xdf,0x05,
0x2d,0x08,0x12,0xd1,0x3b,0x13,0xdf,0x06,0x2d,0x08,0x14,0xd1,0x3b,0x15,0xdf,0x07,0x2d,0x09,0x16,0x14,
0x14,0x34,0x18,0x18,0x32,0x18,0x19,0x32,0x18,0x1a,0x58,0x1c,0x1b,0x32,0x18,0x1d,0x58,0x1f,0x1e,0x58,
0x1f,0x20,0x1c,0x18,0x21,0x28,0x18,0x22,0x28,0x18,0x23,0x28,0x18,0x24,0x28,0x18,0x25,0x18,0x17,0x14,
0x58,0x38,0x27,0x58,0x39,0x28,0x58,0x3a,0x29,0x58,0x3b,0x2a,0x58,0x3c,0x2b,0x58,0x3d,0x2c,0x58,0x3e,
0x2d,0x58,0x3f,0x2e,0x58,0x40,0x2f,0x58,0x41,0x30,0x58,0x42,0x31,0x58,0x43,0x32,0x58,0x44,0x33,0x58,
0x45,0x34,0x18,0x26,0x58,0x46,0x35,0x58,0x47,0x36,0x58,0x48,0x37,0xd8,0x56,0x00,0x58,0x47,0x47,0x00,
0x07,0x2d,0x00,0x00,0x10,0x00,0x01,0x00,0x30,0x10,0x05,0x01,0x90,0x27,0x47,0x00,0x02,0x03,0x0d,0x0d,
0x47,0x4f,0x00,0x00,0x87,0x50,0x00,0x00,0x47,0x51,0x00,0x00,0xc7,0x53,0x00,0x00,0xc7,0x54,0x00,0x00,
0x07,0x2a,0x00,0x00,0x07,0x3b,0x00,0x00,0x07,0x24,0x00,0x00,0x07,0x39,0x00,0x00,0x07,0x40,0x00,0x00,
0x87,0x2f,0x00,0x00,0x41,0x02,0x03,0x2d,0x04,0x00,0xd9,0x2c,0x00,0xeb,0x01,0x2d,0x01,0x05,0x25,0x09,
0x2c,0x06,0x77,0x09,0x06,0x01,0x1b,0x01,0x19,0x3d,0x07,0x11,0x06,0x42,0x08,0xcd,0x56,0x3d,0x09,0x11,
0x06,0x42,0x0a,0xcd,0x56,0x42,0x0b,0x3d,0x0c,0xd3,0x01,0x02,0x56,0x00,0x00,0x00,0x00,0x00,0x00,0x68,
0x85,0x2b,0x86,0x02,0x88,0x29,0x47,0x00,0x87,0x34,0x00,0x00,0x06,0x00,0x01,0x00,0x30,0x10,0x03,0x00,
0x90,0x27,0x47,0x00,0x00,0x00,0x02,0x02,0x07,0x24,0x00,0x00,0xc7,0x55,0x00,0x00,0x31,0xe8,0x00,0x42,
0x01,0xcd,0x56,0x00,0x00,0x00,0x00,0x00,0x58,0x26,0x8c,0x02,0x78,0x28,0x47,0x00,0x07,0x36,0x00,0x00,
0x06,0x00,0x01,0x00,0x30,0x10,0x03,0x00,0x90,0x27,0x47,0x00,0x00,0x00,0x02,0x02,0x07,0x24,0x00,0x00,
0xc7,0x55,0x00,0x00,0x32,0xe8,0x00,0x42,0x01,0xcd,0x56,0x00,0x00,0x00,0x00,0x00,0x55,0x15,0x8d,0x02,
0xa0,0x28,0x47,0x00,0x47,0x37,0x00,0x00,0x05,0x00,0x01,0x00,0x30,0x10,0x03,0x00,0x90,0x27,0x47,0x00,
0x00,0x00,0x01,0x01,0xc7,0x42,0x00,0x00,0x42,0x00,0xcd,0x56,0x00,0x00,0x00,0x00,0x2b,0x02,0x8e,0x02,
0xc0,0x28,0x47,0x00,0x07,0x39,0x00,0x00,0x06,0x00,0x01,0x00,0x30,0x10,0x03,0x00,0x90,0x27,0x47,0x00,
0x00,0x00,0x02,0x02,0x07,0x2a,0x00,0x00,0xc7,0x55,0x00,0x00,0x32,0xe8,0x00,0x42,0x01,0xcd,0x56,0x00,
0x00,0x00,0x00,0x00,0x57,0x41,0x8e,0x02,0xc8,0x28,0x47,0x00,0x07,0x3b,0x00,0x00,0x08,0x00,0x01,0x00,
0x30,0x10,0x03,0x01,0x90,0x27,0x47,0x00,0x01,0x01,0x05,0x05,0x07,0x2a,0x00,0x00,0xc7,0x2b,0x00,0x00,
0x07,0x3e,0x00,0x00,0xc7,0x55,0x00,0x00,0x31,0xe8,0x01,0x2c,0x00,0xe8,0x02,0x42,0x03,0xcd,0x42,0x04,
0xcd,0x56,0x00,0x00,0x00,0x00,0x00,0x10,0x81,0x2b,0x8f,0x02,0xe0,0x28,0x47,0x00,0x87,0x3c,0x00,0x00,
0x08,0x00,0x01,0x00,0x20,0x10,0x03,0x00,0x90,0x27,0x47,0x00,0x00,0x03,0x04,0x05,0x47,0x58,0x00,0x00,
0x07,0x59,0x00,0x00,0xc7,0x59,0x00,0x00,0x80,0x3e,0x00,0x00,0x40,0x00,0x00,0x00,0x34,0x4e,0x00,0x33,
0x4e,0x01,0x2f,0x02,0x04,0x03,0xd6,0x56,0x00,0x00,0x00,0x48,0x82,0x53,0x90,0x02,0x00,0x33,0x47,0x00,
0x07,0x3e,0x00,0x00,0x0a,0x00,0x01,0x00,0x30,0x10,0x03,0x00,0x90,0x27,0x47,0x00,0x00,0x04,0x07,0x07,
0x07,0x59,0x00,0x00,0x07,0x5b,0x00,0x00,0x47,0x58,0x00,0x00,0x87,0x5c,0x00,0x00,0x07,0x2a,0x00,0x00,
0x20,0x00,0x00,0x00,0x07,0x3b,0x00,0x00,0x3c,0x00,0x04,0x60,0x11,0x04,0x57,0x01,0xaf,0x02,0x88,0x02,
0x05,0x11,0x08,0x41,0x00,0x06,0xcd,0x57,0x01,0x57,0x03,0x6e,0x81,0x1e,0x91,0x02,0xf0,0x28,0x47,0x00,
0x07,0x2d,0x00,0x00,0x06,0x00,0x01,0x00,0x30,0x10,0x03,0x01,0x90,0x27,0x47,0x00,0x01,0x02,0x03,0x03,
0x87,0x06,0x00,0x00,0x07,0x2d,0x00,0x00,0x2f,0x01,0x02,0x00,0xd6,0x56,0x00,0x00,0x00,0x00,0x00,0x00,
0x35,0x30,0x93,0x02,0x08,0x29,0x47,0x00,0x07,0x40,0x00,0x00,0x27,0x00,0x01,0x00,0x30,0x10,0x09,0x01,
0x90,0x27,0x47,0x00,0x01,0x07,0x1c,0x1c,0x47,0x4f,0x00,0x00,0x07,0x5e,0x00,0x00,0xc7,0x01,0x00,0x00,
0xc7,0x5e,0x00,0x00,0x87,0x0c,0x00,0x00,0x87,0x06,0x00,0x00,0x87,0x50,0x00,0x00,0x87,0x5f,0x00,0x00,
0x87,0x2f,0x00,0x00,0x47,0x62,0x00,0x00,0x47,0x66,0x00,0x00,0xc7,0x67,0x00,0x00,0xc7,0x68,0x00,0x00,
0x47,0x6a,0x00,0x00,0xc7,0x01,0x00,0x00,0x07,0x6b,0x00,0x00,0xc7,0x6b,0x00,0x00,0xc7,0x6c,0x00,0x00,
0xc7,0x6d,0x00,0x00,0x47,0x6f,0x00,0x00,0x87,0x70,0x00,0x00,0x07,0x72,0x00,0x00,0x87,0x0a,0x00,0x00,
0x87,0x73,0x00,0x00,0x87,0x3c,0x00,0x00,0xc7,0x7a,0x00,0x00,0x07,0x2d,0x00,0x00,0x41,0x01,0x07,0x2c,
0x08,0x3d,0x09,0xd9,0x41,0x01,0x07,0x2d,0x0a,0x02,0x40,0x0b,0x2c,0x00,0xd4,0x41,0x02,0x0b,0x3c,0x00,
0x0c,0xd4,0xc7,0x03,0x41,0x01,0x07,0x2d,0x0a,0x02,0x40,0x0b,0x3c,0x00,0x0d,0xd4,0xd9,0x2c,0x00,0x21,
0x05,0x3c,0x00,0x0c,0x11,0x79,0x2c,0x03,0x44,0x40,0x0e,0xcd,0x3c,0x04,0x0f,0x3b,0x10,0x3c,0x00,0x0c,
0x21,0x09,0x41,0x02,0x11,0x3c,0x00,0x0c,0xd4,0x1d,0x03,0x1c,0xe5,0x0c,0x3c,0x04,0x0f,0x3c,0x00,0x0d,
0x21,0x09,0x41,0x02,0x11,0x3c,0x00,0x0d,0xd4,0x1d,0x03,0x14,0xe5,0x0d,0x3c,0x04,0x0f,0x3b,0x12,0x3c,
0x04,0x0f,0x3b,0x0d,0x3b,0x14,0xe5,0x13,0x3c,0x04,0x0f,0x3b,0x12,0x3c,0x04,0x0f,0x3b,0x0d,0x3b,0x15,
0xe5,0x15,0x3c,0x04,0x0f,0x3b,0x12,0x3c,0x04,0x17,0x3b,0x16,0xe5,0x16,0x41,0x01,0x07,0x2d,0x18,0x04,
0x3b,0x0f,0x3b,0x12,0x3b,0x16,0xd9,0x2c,0x05,0xcb,0x60,0x11,0x08,0x42,0x19,0x2c,0x1a,0xd3,0x56,0x2d,
0x06,0x1b,0x3d,0x09,0xd6,0x56,0x00,0x00,0x00,0x00,0x00,0x43,0x88,0x78,0x93,0x02,0xc0,0x38,0x47,0x00,
0x87,0x41,0x00,0x00,0x07,0x00,0x01,0x00,0x30,0x10,0x03,0x00,0x90,0x27,0x47,0x00,0x00,0x01,0x04,0x04,
0x47,0x7d,0x00,0x00,0x87,0x7f,0x00,0x00,0x87,0x81,0x00,0x00,0x87,0x82,0x00,0x00,0x2c,0x00,0x14,0x31,
0x18,0x01,0x58,0x03,0x02,0xd0,0x56,0x00,0x71,0x4c,0x9c,0x02,0xd8,0x28,0x47,0x00,0xc7,0x42,0x00,0x00,
0x1a,0x00,0x01,0x00,0x30,0x10,0x06,0x00,0x90,0x27,0x47,0x00,0x04,0x0a,0x16,0x16,0xc7,0x5e,0x00,0x00,
0x87,0x83,0x00,0x00,0x47,0x4f,0x00,0x00,0x07,0x00,0x00,0x00,0x87,0x85,0x00,0x00,0xc7,0x87,0x00,0x00,
0x07,0x8a,0x00,0x00,0x87,0x50,0x00,0x00,0x87,0x8c,0x00,0x00,0x87,0x93,0x00,0x00,0x10,0x00,0x00,0x00,
0x47,0x94,0x00,0x00,0x87,0x95,0x00,0x00,0x87,0x96,0x00,0x00,0x07,0x99,0x00,0x00,0xc7,0x9b,0x00,0x00,
0x87,0xa1,0x00,0x00,0x87,0xa4,0x00,0x00,0x41,0x04,0x0a,0x2c,0x05,0xd4,0xeb,0x00,0x41,0x06,0x0b,0x2d,
0x0c,0x00,0x3b,0x0d,0xd9,0x3c,0x00,0x0d,0x78,0x0e,0x11,0x03,0x56,0x3c,0x07,0x0f,0xeb,0x01,0x3c,0x01,
0x10,0xeb,0x02,0x41,0x04,0x11,0x2c,0x08,0xd3,0x34,0xeb,0x03,0x01,0x29,0x41,0x06,0x0b,0x2f,0x12,0x01,
0x03,0x3a,0x3b,0x10,0xd9,0x41,0x04,0x11,0x2f,0x09,0x01,0x03,0x3a,0x3c,0x01,0x03,0x3b,0x10,0xc8,0x03,
0xeb,0x00,0x41,0x06,0x0b,0x2d,0x13,0x00,0x3b,0x0d,0xd9,0xaf,0x03,0x7f,0x03,0x02,0x0d,0x2a,0x2d,0x04,
0x14,0x31,0xdc,0x41,0x06,0x0b,0x2c,0x15,0xd3,0x56,0x00,0x00,0x00,0x00,0x00,0x78,0x85,0x54,0x9d,0x02,
0x08,0x3d,0x47,0x00,0x07,0x44,0x00,0x00,0x1a,0x00,0x01,0x00,0x30,0x10,0x06,0x00,0x90,0x27,0x47,0x00,
0x04,0x0a,0x16,0x16,0xc7,0x5e,0x00,0x00,0x07,0xa9,0x00,0x00,0x47,0x4f,0x00,0x00,0x07,0x00,0x00,0x00,
0x07,0xab,0x00,0x00,0x47,0xad,0x00,0x00,0x07,0x8a,0x00,0x00,0x87,0x50,0x00,0x00,0x87,0xaf,0x00,0x00,
0x87,0x93,0x00,0x00,0x10,0x00,0x00,0x00,0x87,0xb6,0x00,0x00,0x87,0x95,0x00,0x00,0x87,0x96,0x00,0x00,
0xc7,0xb7,0x00,0x00,0xc7,0xba,0x00,0x00,0x87,0xc0,0x00,0x00,0x47,0xc3,0x00,0x00,0x41,0x04,0x0a,0x2c,
0x05,0xd4,0xeb,0x00,0x41,0x06,0x0b,0x2d,0x0c,0x00,0x3b,0x0d,0xd9,0x3c,0x00,0x0d,0x78,0x0e,0x11,0x03,
0x56,0x3c,0x07,0x0f,0xeb,0x01,0x3c,0x01,0x10,0xeb,0x02,0x41,0x04,0x11,0x2c,0x08,0xd3,0x34,0xeb,0x03,
0x01,0x29,0x41,0x06,0x0b,0x2f,0x12,0x01,0x03,0x3a,0x3b,0x10,0xd9,0x41,0x04,0x11,0x2f,0x09,0x01,0x03,
0x3a,0x3c,0x01,0x03,0x3b,0x10,0xc8,0x03,0xeb,0x00,0x41,0x06,0x0b,0x2d,0x13,0x00,0x3b,0x0d,0xd9,0xaf,
0x03,0x7f,0x03,0x02,0x0d,0x2a,0x2d,0x04,0x14,0x31,0xdc,0x41,0x06,0x0b,0x2c,0x15,0xd3,0x56,0x00,0x00,
0x00,0x00,0x00,0x6d,0x85,0x62,0xa3,0x02,0x40,0x40,0x47,0x00,0xc7,0x45,0x00,0x00,0x12,0x00,0x01,0x00,
0x30,0x80,0x08,0x00,0x90,0x27,0x47,0x00,0x01,0x07,0x10,0x10,0xc7,0x5e,0x00,0x00,0x87,0xc7,0x00,0x00,
0x47,0x4f,0x00,0x00,0x07,0x5e,0x00,0x00,0x07,0xc9,0x00,0x00,0x87,0xca,0x00,0x00,0x47,0xcc,0x00,0x00,
0x47,0x6a,0x00,0x00,0x87,0x50,0x00,0x00,0x07,0xce,0x00,0x00,0x47,0x66,0x00,0x00,0x07,0xd0,0x00,0x00,
0x47,0xd1,0x00,0x00,0x07,0xd2,0x00,0x00,0x47,0xd3,0x00,0x00,0x3c,0x01,0x07,0x3b,0x08,0x60,0x11,0x03,
0x56,0x2c,0x02,0xcb,0xeb,0x00,0x41,0x03,0x09,0x2d,0x0a,0x04,0x40,0x0b,0x2c,0x00,0xd4,0xd9,0x3c,0x00,
0x0c,0x11,0x05,0x2c,0x05,0xca,0x3c,0x00,0x0d,0x11,0x0f,0x2d,0x06,0x00,0x3b,0x0d,0x3c,0x00,0x0e,0x3c,
0x00,0x0f,0xc4,0x03,0x56,0x00,0x00,0x04,0x82,0x58,0xa9,0x02,0x18,0x3e,0x47,0x00,0x87,0x47,0x00,0x00,
0x28,0x00,0x01,0x00,0x30,0x10,0x08,0x00,0x90,0x27,0x47,0x00,0x06,0x09,0x1e,0x1e,0x47,0x4f,0x00,0x00,
0xc7,0x5e,0x00,0x00,0x07,0x5e,0x00,0x00,0x87,0x50,0x00,0x00,0x87,0xd4,0x00,0x00,0xc7,0xd7,0x00,0x00,
0x07,0xd9,0x00,0x00,0x47,0xda,0x00,0x00,0x87,0xdb,0x00,0x00,0x87,0xde,0x00,0x00,0x07,0xe0,0x00,0x00,
0x47,0x66,0x00,0x00,0x87,0x93,0x00,0x00,0x00,0x00,0x00,0x00,0xc7,0xe3,0x00,0x00,0x47,0xe5,0x00,0x00,
0x87,0xe9,0x00,0x00,0xc7,0xea,0x00,0x00,0x07,0xee,0x00,0x00,0x07,0xf2,0x00,0x00,0x87,0xf6,0x00,0x00,
0xc7,0xf7,0x00,0x00,0x07,0xfb,0x00,0x00,0x07,0xff,0x00,0x00,0x41,0x06,0x09,0x2c,0x0a,0xd3,0x3c,0x07,
0x0b,0x3b,0x0c,0xeb,0x00,0x3c,0x00,0x0d,0xeb,0x01,0x41,0x06,0x09,0x2d,0x0e,0x01,0xd9,0x41,0x07,0x0f,
0x2c,0x01,0xd4,0xeb,0x02,0x41,0x06,0x09,0x2d,0x10,0x08,0x40,0x11,0x2c,0x02,0xd4,0xd9,0x30,0xeb,0x03,
0x3c,0x02,0x12,0x75,0x13,0x11,0x16,0x41,0x07,0x14,0x2c,0x01,0xd4,0xeb,0x03,0x41,0x06,0x09,0x2d,0x15,
0x08,0x40,0x11,0x2c,0x03,0xd4,0xd9,0x3c,0x00,0x16,0xeb,0x04,0x41,0x06,0x09,0x2d,0x17,0x04,0xd9,0x41,
0x07,0x0f,0x2c,0x04,0xd4,0xeb,0x02,0x41,0x06,0x09,0x2d,0x18,0x08,0x40,0x11,0x2c,0x02,0xd4,0xd9,0x3c,
0x02,0x12,0x75,0x13,0x11,0x16,0x41,0x07,0x14,0x2c,0x04,0xd4,0xeb,0x03,0x41,0x06,0x09,0x2d,0x19,0x08,
0x40,0x11,0x2c,0x03,0xd4,0xd9,0x3c,0x00,0x1a,0xeb,0x05,0x41,0x06,0x09,0x2d,0x1b,0x05,0xd9,0x41,0x07,
0x0f,0x2c,0x05,0xd4,0xeb,0x02,0x41,0x06,0x09,0x2d,0x1c,0x08,0x40,0x11,0x2c,0x02,0xd4,0xd9,0x3c,0x02,
0x12,0x75,0x13,0x11,0x16,0x41,0x07,0x14,0x2c,0x05,0xd4,0xeb,0x03,0x41,0x06,0x09,0x2d,0x1d,0x08,0x40,
0x11,0x2c,0x03,0xd4,0xd9,0x56,0x00,0x66,0x89,0x6f,0xab,0x02,0xe8,0x45,0x47,0x00,0xc7,0x48,0x00,0x00,
0x0f,0x00,0x01,0x00,0x30,0x10,0x04,0x01,0x90,0x27,0x47,0x00,0x01,0x04,0x0d,0x0d,0x47,0x4f,0x00,0x00,
0x47,0x08,0x00,0x00,0x47,0x04,0x00,0x00,0x87,0x50,0x00,0x00,0x87,0x03,0x01,0x00,0x47,0x6a,0x00,0x00,
0x47,0x2e,0x00,0x00,0x07,0x08,0x01,0x00,0xc7,0x09,0x01,0x00,0x47,0x1f,0x00,0x00,0x87,0x2f,0x00,0x00,
0xc7,0x55,0x00,0x00,0x41,0x01,0x04,0x2c,0x05,0xd3,0x2c,0x02,0x44,0x40,0x06,0xcd,0x2c,0x03,0x44,0x40,
0x08,0xce,0xe8,0x07,0x41,0x01,0x04,0x2c,0x09,0xd3,0x3c,0x00,0x0a,0x11,0x07,0x3c,0x00,0x0a,0xe8,0x0b,
0x42,0x0c,0xcd,0x56,0x00,0x00,0x00,0x37,0x82,0x71,0xb5,0x02,0xf0,0x40,0x47,0x00,0x47,0x4a,0x00,0x00,
0x0b,0x00,0x01,0x00,0x20,0x10,0x03,0x01,0x90,0x27,0x47,0x00,0x01,0x03,0x08,0x09,0x07,0x59,0x00,0x00,
0xc7,0x59,0x00,0x00,0xc7,0x21,0x00,0x00,0x47,0x2e,0x00,0x00,0x87,0x95,0x00,0x00,0x60,0x00,0x00,0x00,
0xc7,0x55,0x00,0x00,0x58,0x00,0x00,0x00,0x33,0x4e,0x01,0x2c,0x02,0x38,0x08,0x63,0xd6,0x3d,0x04,0x3b,
0x05,0x81,0x06,0xe8,0x03,0x42,0x07,0xcd,0x56,0x00,0x00,0x00,0x00,0x00,0x00,0x66,0x89,0x38,0xb8,0x02,
0x30,0x2c,0x47,0x00,0x07,0x4c,0x00,0x00,0x29,0x00,0x01,0x00,0x30,0x10,0x11,0x00,0x90,0x27,0x47,0x00,
0x03,0x0b,0x26,0x26,0x47,0x4f,0x00,0x00,0xc7,0x0d,0x01,0x00,0x87,0x0f,0x01,0x00,0x47,0x12,0x01,0x00,
0xc7,0x5e,0x00,0x00,0x07,0x59,0x00,0x00,0x87,0x0a,0x00,0x00,0x07,0x5b,0x00,0x00,0x87,0x50,0x00,0x00,
0x07,0x14,0x01,0x00,0xc7,0x18,0x01,0x00,0x47,0x1a,0x01,0x00,0x87,0x1b,0x01,0x00,0x87,0x1d,0x01,0x00,
0xc7,0x1e,0x01,0x00,0x07,0x20,0x01,0x00,0x47,0x21,0x01,0x00,0x87,0x95,0x00,0x00,0x87,0x22,0x01,0x00,
0x87,0x24,0x01,0x00,0x47,0x26,0x01,0x00,0x87,0x93,0x00,0x00,0x07,0x44,0x00,0x00,0xc7,0x45,0x00,0x00,
0xc7,0x48,0x00,0x00,0xc7,0x2a,0x01,0x00,0x47,0x6a,0x00,0x00,0x87,0x0a,0x00,0x00,0xc7,0x31,0x01,0x00,
0x87,0x2f,0x00,0x00,0x87,0x33,0x01,0x00,0x07,0x2d,0x00,0x00,0x07,0x36,0x01,0x00,0x47,0x38,0x01,0x00,
0x07,0x3a,0x01,0x00,0x41,0x03,0x0b,0x2c,0x0c,0xd3,0x1c,0x35,0x07,0x35,0x8b,0x35,0xad,0x35,0xd5,0x35,
0x52,0x35,0xbb,0x35,0xa9,0x35,0xa2,0x35,0x67,0x35,0xfb,0x35,0xbf,0x35,0x10,0x35,0x89,0x35,0xd6,0x35,
0xd2,0x35,0x36,0x20,0x10,0xeb,0x00,0x14,0x58,0x00,0x0d,0x58,0x04,0x0e,0x58,0x05,0x0f,0x58,0x06,0x10,
0x36,0x00,0x18,0x11,0x35,0x00,0x18,0x12,0x3c,0x00,0x14,0x18,0x13,0x58,0x05,0x15,0xeb,0x01,0x41,0x07,
0x16,0x2c,0x01,0x28,0xda,0xeb,0x02,0x41,0x03,0x0b,0x2d,0x17,0x02,0x3b,0x18,0xd9,0x41,0x08,0x19,0xcd,
0x41,0x08,0x1a,0xcd,0x41,0x08,0x1b,0xcd,0x41,0x03,0x0b,0x2c,0x1c,0xd3,0x2c,0x09,0x44,0x40,0x1d,0xcd,
0x3c,0x07,0x1e,0x11,0x14,0x3c,0x07,0x1e,0x3d,0x20,0x3b,0x21,0x99,0x22,0x3d,0x20,0x3b,0x23,0x98,0xe5,
0x1f,0x01,0x0b,0x41,0x03,0x0b,0x2d,0x24,0x07,0x3b,0x1e,0xd9,0x41,0x03,0x0b,0x2c,0x25,0xd3,0x57,0x0a,
0x00,0x00,0x00,0x4d,0x88,0x6e,0xb8,0x02,0x30,0x44,0x47,0x00,0x07,0x2d,0x00,0x00,0x06,0x00,0x01,0x00,
0x30,0x10,0x02,0x00,0x90,0x27,0x47,0x00,0x00,0x00,0x02,0x02,0x07,0x24,0x00,0x00,0x07,0x2a,0x00,0x00,
0x32,0xe8,0x00,0x32,0xe8,0x01,0x56,0x00,0x00,0x00,0x00,0x00,0x75,0x34,0xc2,0x02,0xb8,0x29,0x47,0x00,
0x47,0x4d,0x00,0x00,0x0c,0x00,0x47,0x4c,0x4f,0x42,0x41,0x4c,0x5f,0x50,0x52,0x4f,0x50,0x53,0x12,0x00,
0x47,0x4c,0x4f,0x42,0x41,0x4c,0x5f,0x54,0x52,0x41,0x4e,0x53,0x41,0x43,0x54,0x49,0x4f,0x4e,0x0f,0x00,
0x47,0x4c,0x4f,0x42,0x41,0x4c,0x5f,0x50,0x52,0x45,0x45,0x4e,0x54,0x52,0x59,0x00,0x0b,0x00,0x47,0x4c,
0x4f,0x42,0x41,0x4c,0x5f,0x4a,0x55,0x4d,0x50,0x00,0x0f,0x00,0x47,0x4c,0x4f,0x42,0x41,0x4c,0x5f,0x43,
0x4f,0x4e,0x53,0x54,0x41,0x4e,0x54,0x00,0x0d,0x00,0x47,0x4c,0x4f,0x42,0x41,0x4c,0x5f,0x43,0x4f,0x4e,
0x46,0x49,0x47,0x00,0x15,0x00,0x47,0x4c,0x4f,0x42,0x41,0x4c,0x5f,0x43,0x48,0x4f,0x4f,0x53,0x45,0x5f,
0x4e,0x45,0x54,0x57,0x4f,0x52,0x4b,0x00,0x07,0x00,0x72,0x65,0x71,0x75,0x69,0x72,0x65,0x00,0x09,0x00,
0x56,0x69,0x65,0x77,0x4d,0x6f,0x64,0x65,0x6c,0x00,0x10,0x00,0x6d,0x6f,0x64,0x5f,0x67,0x6c,0x6f,0x62,
0x61,0x6c,0x5f,0x70,0x72,0x6f,0x70,0x73,0x10,0x00,0x6d,0x6f,0x64,0x5f,0x67,0x6c,0x6f,0x62,0x61,0x6c,
0x5f,0x74,0x72,0x61,0x6e,0x73,0x13,0x00,0x6d,0x6f,0x64,0x5f,0x67,0x6c,0x6f,0x62,0x61,0x6c,0x5f,0x63,
0x6f,0x6e,0x73,0x74,0x61,0x6e,0x74,0x00,0x11,0x00,0x6d,0x6f,0x64,0x5f,0x67,0x6c,0x6f,0x62,0x61,0x6c,
0x5f,0x63,0x6f,0x6e,0x66,0x69,0x67,0x00,0x12,0x00,0x6d,0x6f,0x64,0x5f,0x67,0x6c,0x6f,0x62,0x61,0x6c,
0x5f,0x6e,0x65,0x74,0x77,0x6f,0x72,0x6b,0x03,0x00,0x70,0x61,0x79,0x00,0x04,0x00,0x64,0x61,0x74,0x61,
0x0c,0x00,0x63,0x75,0x72,0x72,0x65,0x6e,0x74,0x49,0x6e,0x64,0x65,0x78,0x0f,0x00,0x69,0x73,0x53,0x68,
0x6f,0x77,0x53,0x63,0x72,0x6f,0x6c,0x6c,0x62,0x61,0x72,0x00,0x0a,0x00,0x69,0x73,0x53,0x68,0x6f,0x77,
0x45,0x78,0x69,0x74,0x0a,0x00,0x6e,0x6f,0x74,0x69,0x63,0x65,0x54,0x65,0x78,0x74,0x15,0x00,0x45,0x78,
0x69,0x74,0x20,0x54,0x68,0x65,0x20,0x41,0x70,0x70,0x6c,0x69,0x63,0x61,0x74,0x69,0x6f,0x6e,0x3f,0x00,
0x0b,0x00,0x69,0x73,0x53,0x68,0x6f,0x77,0x54,0x6f,0x61,0x73,0x74,0x00,0x08,0x00,0x74,0x6f,0x61,0x73,
0x74,0x54,0x69,0x70,0x00,0x00,0x05,0x00,0x74,0x69,0x74,0x6c,0x65,0x00,0x07,0x00,0x61,0x70,0x70,0x4c,
0x69,0x73,0x74,0x00,0x04,0x00,0x75,0x73,0x65,0x72,0x05,0x00,0x74,0x6f,0x6b,0x65,0x6e,0x00,0x08,0x00,
0x66,0x75,0x6c,0x6c,0x4e,0x61,0x6d,0x65,0x03,0x00,0x6d,0x69,0x64,0x00,0x07,0x00,0x6d,0x65,0x74,0x68,
0x6f,0x64,0x73,0x00,0x09,0x00,0x6f,0x6e,0x4b,0x65,0x79,0x44,0x6f,0x77,0x6e,0x00,0x08,0x00,0x73,0x68,
0x6f,0x77,0x45,0x78,0x69,0x74,0x0c,0x00,0x68,0x61,0x6e,0x64,0x6c,0x65,0x43,0x61,0x6e,0x63,0x65,0x6c,
0x0d,0x00,0x68,0x61,0x6e,0x64,0x6c,0x65,0x43,0x6f,0x6e,0x66,0x69,0x72,0x6d,0x00,0x09,0x00,0x68,0x69,
0x64,0x65,0x54,0x6f,0x61,0x73,0x74,0x00,0x09,0x00,0x73,0x68,0x6f,0x77,0x54,0x6f,0x61,0x73,0x74,0x00,
0x0d,0x00,0x73,0x65,0x74,0x54,0x6f,0x61,0x73,0x74,0x54,0x69,0x6d,0x65,0x72,0x00,0x0a,0x00,0x6e,0x61,
0x76,0x69,0x67,0x61,0x74,0x65,0x54,0x6f,0x08,0x00,0x61,0x70,0x70,0x43,0x6c,0x69,0x63,0x6b,0x07,0x00,
0x65,0x78,0x69,0x74,0x41,0x70,0x70,0x00,0x0c,0x00,0x69,0x6e,0x69,0x74,0x43,0x41,0x50,0x4b,0x64,0x61,
0x74,0x61,0x0b,0x00,0x69,0x6e,0x69,0x74,0x41,0x49,0x44,0x64,0x61,0x74,0x61,0x00,0x08,0x00,0x69,0x6e,
0x69,0x74,0x57,0x49,0x46,0x49,0x09,0x00,0x63,0x72,0x65,0x61,0x74,0x65,0x44,0x69,0x72,0x00,0x0b,0x00,
0x6f,0x6e,0x57,0x69,0x6c,0x6c,0x4d,0x6f,0x75,0x6e,0x74,0x00,0x07,0x00,0x6f,0x6e,0x4d,0x6f,0x75,0x6e,
0x74,0x00,0x0d,0x00,0x6f,0x6e,0x57,0x69,0x6c,0x6c,0x55,0x6e,0x6d,0x6f,0x75,0x6e,0x74,0x00,0x07,0x00,
0x63,0x6f,0x6e,0x73,0x6f,0x6c,0x65,0x00,0x03,0x00,0x6c,0x6f,0x67,0x00,0x12,0x00,0x6b,0x65,0x79,0x20,
0x64,0x6f,0x77,0x6e,0x2d,0x2d,0x2d,0x2d,0x2d,0x3e,0x3e,0x3e,0x3e,0x3a,0x06,0x00,0x63,0x61,0x6e,0x63,
0x65,0x6c,0x06,0x00,0x72,0x65,0x74,0x75,0x72,0x6e,0x12,0x00,0x6e,0x6f,0x74,0x69,0x66,0x79,0x50,0x72,
0x6f,0x70,0x73,0x43,0x68,0x61,0x6e,0x67,0x65,0x64,0x04,0x00,0x6c,0x6f,0x6f,0x70,0x04,0x00,0x74,0x68,
0x61,0x74,0x08,0x00,0x74,0x69,0x6d,0x65,0x72,0x41,0x64,0x64,0x0a,0x00,0x52,0x45,0x54,0x5f,0x52,0x45,
0x4d,0x4f,0x56,0x45,0x0a,0x00,0x52,0x45,0x54,0x5f,0x52,0x45,0x50,0x45,0x41,0x54,0x04,0x00,0x4a,0x53,
0x4f,0x4e,0x03,0x00,0x54,0x6f,0x73,0x00,0x14,0x00,0x61,0x70,0x70,0x63,0x6c,0x69,0x6b,0x65,0x64,0x2c,
0x20,0x75,0x73,0x65,0x72,0x20,0x3d,0x3d,0x3e,0x20,0x1d,0x00,0x61,0x70,0x70,0x43,0x6c,0x69,0x63,0x6b,
0x20,0x3d,0x3d,0x3d,0x3d,0x3d,0x3d,0x3d,0x3d,0x3d,0x3d,0x3d,0x3d,0x3d,0x3d,0x3d,0x3d,0x3d,0x3d,0x3d,
0x3e,0x00,0x09,0x00,0x73,0x74,0x72,0x69,0x6e,0x67,0x69,0x66,0x79,0x00,0x05,0x00,0x65,0x6e,0x74,0x72,
0x79,0x00,0x0a,0x00,0x74,0x72,0x61,0x6e,0x73,0x50,0x61,0x72,0x61,0x6d,0x04,0x00,0x69,0x6e,0x69,0x74,
0x04,0x00,0x66,0x6c,0x6f,0x77,0x05,0x00,0x70,0x61,0x72,0x73,0x65,0x00,0x05,0x00,0x74,0x72,0x61,0x6e,
0x73,0x00,0x09,0x00,0x74,0x72,0x61,0x6e,0x73,0x4e,0x61,0x6d,0x65,0x00,0x07,0x00,0x61,0x70,0x70,0x4e,
0x61,0x6d,0x65,0x00,0x09,0x00,0x74,0x72,0x61,0x6e,0x73,0x54,0x79,0x70,0x65,0x00,0x09,0x00,0x76,0x6f,
0x75,0x63,0x68,0x65,0x72,0x4e,0x6f,0x00,0x37,0x00,0x54,0x6f,0x73,0x2e,0x47,0x4c,0x4f,0x42,0x41,0x4c,
0x5f,0x54,0x52,0x41,0x4e,0x53,0x41,0x43,0x54,0x49,0x4f,0x4e,0x2e,0x74,0x72,0x61,0x6e,0x73,0x2e,0x76,
0x6f,0x75,0x63,0x68,0x65,0x72,0x4e,0x6f,0x20,0x3d,0x3d,0x3d,0x3d,0x3d,0x3d,0x3d,0x3d,0x3d,0x3d,0x3d,
0x3d,0x3d,0x3d,0x3e,0x20,0x00,0x11,0x00,0x4e,0x65,0x74,0x77,0x6f,0x72,0x6b,0x20,0x49,0x6e,0x76,0x61,
0x6c,0x69,0x64,0x20,0x21,0x00,0x0f,0x00,0x6e,0x61,0x76,0x69,0x67,0x61,0x74,0x65,0x52,0x65,0x70,0x6c,
0x61,0x63,0x65,0x00,0x0d,0x00,0x63,0x6c,0x6f,0x73,0x65,0x5f,0x63,0x75,0x72,0x72,0x65,0x6e,0x74,0x00,
0x06,0x00,0x74,0x61,0x72,0x67,0x65,0x74,0x05,0x00,0x6c,0x6f,0x67,0x69,0x6e,0x00,0x0e,0x00,0x4f,0x50,
0x54,0x5f,0x43,0x48,0x45,0x43,0x4b,0x5f,0x43,0x41,0x50,0x4b,0x10,0x00,0x4f,0x50,0x54,0x5f,0x44,0x45,
0x4c,0x5f,0x41,0x4c,0x4c,0x5f,0x43,0x41,0x50,0x4b,0x10,0x00,0x4f,0x50,0x54,0x5f,0x41,0x44,0x44,0x5f,
0x4f,0x4e,0x45,0x5f,0x43,0x41,0x50,0x4b,0x11,0x00,0x54,0x65,0x6d,0x76,0x43,0x68,0x65,0x63,0x6b,0x45,
0x6d,0x76,0x50,0x61,0x72,0x61,0x6d,0x00,0x36,0x00,0x54,0x6f,0x73,0x2e,0x54,0x65,0x6d,0x76,0x43,0x68,
0x65,0x63,0x6b,0x45,0x6d,0x76,0x50,0x61,0x72,0x61,0x6d,0x28,0x4f,0x50,0x54,0x5f,0x43,0x48,0x45,0x43,
0x4b,0x5f,0x43,0x41,0x50,0x4b,0x29,0x20,0x3d,0x3d,0x3d,0x3d,0x3d,0x3d,0x3d,0x3d,0x3d,0x3d,0x3d,0x3d,
0x3d,0x3d,0x3e,0x20,0x04,0x00,0x63,0x6f,0x64,0x65,0x08,0x00,0x63,0x61,0x70,0x6b,0x4c,0x69,0x73,0x74,
0x06,0x00,0x6c,0x65,0x6e,0x67,0x74,0x68,0x12,0x00,0x54,0x65,0x6d,0x76,0x55,0x70,0x64,0x61,0x74,0x65,
0x45,0x6d,0x76,0x50,0x61,0x72,0x61,0x6d,0x13,0x00,0x0a,0x63,0x61,0x70,0x6b,0x73,0x5b,0x69,0x5d,0x2e,
0x6c,0x65,0x6e,0x67,0x74,0x68,0x20,0x3d,0x20,0x00,0x2c,0x00,0x0a,0x54,0x6f,0x73,0x2e,0x54,0x65,0x6d,
0x76,0x55,0x70,0x64,0x61,0x74,0x65,0x45,0x6d,0x76,0x50,0x61,0x72,0x61,0x6d,0x20,0x43,0x41,0x50,0x4b,
0x3d,0x3d,0x3d,0x3d,0x3d,0x3d,0x3d,0x3d,0x3d,0x3d,0x3d,0x3d,0x3d,0x3d,0x3e,0x20,0x15,0x00,0x47,0x4c,
0x4f,0x42,0x41,0x4c,0x5f,0x49,0x4e,0x49,0x54,0x5f,0x43,0x41,0x50,0x4b,0x5f,0x44,0x41,0x54,0x41,0x00,
0x21,0x00,0x0a,0x69,0x6e,0x69,0x74,0x43,0x41,0x50,0x4b,0x64,0x61,0x74,0x61,0x20,0x3d,0x3d,0x3d,0x3d,
0x3d,0x3d,0x3d,0x3d,0x3d,0x3d,0x3d,0x3d,0x3d,0x3d,0x3e,0x20,0x65,0x6e,0x64,0x00,0x0d,0x00,0x4f,0x50,
0x54,0x5f,0x43,0x48,0x45,0x43,0x4b,0x5f,0x41,0x49,0x44,0x00,0x0f,0x00,0x4f,0x50,0x54,0x5f,0x44,0x45,
0x4c,0x5f,0x41,0x4c,0x4c,0x5f,0x41,0x49,0x44,0x00,0x0f,0x00,0x4f,0x50,0x54,0x5f,0x41,0x44,0x44,0x5f,
0x4f,0x4e,0x45,0x5f,0x41,0x49,0x44,0x00,0x35,0x00,0x54,0x6f,0x73,0x2e,0x54,0x65,0x6d,0x76,0x43,0x68,
0x65,0x63,0x6b,0x45,0x6d,0x76,0x50,0x61,0x72,0x61,0x6d,0x28,0x4f,0x50,0x54,0x5f,0x43,0x48,0x45,0x43,
0x4b,0x5f,0x41,0x49,0x44,0x29,0x20,0x3d,0x3d,0x3d,0x3d,0x3d,0x3d,0x3d,0x3d,0x3d,0x3d,0x3d,0x3d,0x3d,
0x3d,0x3e,0x20,0x00,0x07,0x00,0x61,0x69,0x64,0x4c,0x69,0x73,0x74,0x00,0x15,0x00,0x0a,0x61,0x69,0x64,
0x4c,0x69,0x73,0x74,0x5b,0x69,0x5d,0x2e,0x6c,0x65,0x6e,0x67,0x74,0x68,0x20,0x3d,0x20,0x00,0x2b,0x00,
0x0a,0x54,0x6f,0x73,0x2e,0x54,0x65,0x6d,0x76,0x55,0x70,0x64,0x61,0x74,0x65,0x45,0x6d,0x76,0x50,0x61,
0x72,0x61,0x6d,0x20,0x41,0x49,0x44,0x3d,0x3d,0x3d,0x3d,0x3d,0x3d,0x3d,0x3d,0x3d,0x3d,0x3d,0x3d,0x3d,
0x3d,0x3e,0x20,0x00,0x14,0x00,0x47,0x4c,0x4f,0x42,0x41,0x4c,0x5f,0x49,0x4e,0x49,0x54,0x5f,0x41,0x49,
0x44,0x5f,0x44,0x41,0x54,0x41,0x20,0x00,0x0a,0x69,0x6e,0x69,0x74,0x41,0x49,0x44,0x64,0x61,0x74,0x61,
0x20,0x3d,0x3d,0x3d,0x3d,0x3d,0x3d,0x3d,0x3d,0x3d,0x3d,0x3d,0x3d,0x3d,0x3d,0x3e,0x20,0x65,0x6e,0x64,
0x09,0x00,0x52,0x45,0x41,0x44,0x5f,0x46,0x49,0x4c,0x45,0x00,0x09,0x00,0x4f,0x50,0x45,0x4e,0x5f,0x57,
0x49,0x46,0x49,0x00,0x0c,0x00,0x43,0x4f,0x4e,0x4e,0x45,0x43,0x54,0x5f,0x57,0x49,0x46,0x49,0x0b,0x00,
0x67,0x6c,0x6f,0x62,0x61,0x6c,0x5f,0x77,0x69,0x66,0x69,0x00,0x0d,0x00,0x52,0x45,0x41,0x44,0x5f,0x46,
0x49,0x4c,0x45,0x5f,0x72,0x65,0x73,0x00,0x08,0x00,0x77,0x69,0x66,0x69,0x4f,0x70,0x65,0x6e,0x04,0x00,
0x73,0x73,0x69,0x64,0x08,0x00,0x70,0x61,0x73,0x73,0x77,0x6f,0x72,0x64,0x08,0x00,0x73,0x65,0x63,0x5f,
0x6d,0x6f,0x64,0x65,0x18,0x00,0x63,0x72,0x65,0x61,0x74,0x65,0x44,0x69,0x72,0x20,0x20,0x3d,0x3d,0x3d,
0x3d,0x3d,0x3d,0x3d,0x3d,0x3d,0x3d,0x3d,0x3d,0x3e,0x08,0x00,0x43,0x4f,0x4e,0x53,0x54,0x41,0x4e,0x54,
0x08,0x00,0x66,0x69,0x6c,0x65,0x50,0x61,0x74,0x68,0x07,0x00,0x70,0x61,0x79,0x52,0x6f,0x6f,0x74,0x00,
0x16,0x00,0x72,0x6f,0x6f,0x74,0x44,0x69,0x72,0x20,0x20,0x3d,0x3d,0x3d,0x3d,0x3d,0x3d,0x3d,0x3d,0x3d,
0x3d,0x3d,0x3d,0x3e,0x0a,0x00,0x46,0x69,0x6c,0x65,0x41,0x63,0x63,0x65,0x73,0x73,0x1c,0x00,0x72,0x6f,
0x6f,0x74,0x44,0x69,0x72,0x20,0x61,0x63,0x63,0x65,0x73,0x73,0x20,0x3d,0x3d,0x3d,0x3d,0x3d,0x3d,0x3d,
0x3d,0x3d,0x3d,0x3d,0x3d,0x3e,0x09,0x00,0x46,0x69,0x6c,0x65,0x4d,0x6b,0x64,0x69,0x72,0x00,0x20,0x00,
0x46,0x69,0x6c,0x65,0x4d,0x6b,0x64,0x69,0x72,0x20,0x72,0x6f,0x6f,0x74,0x44,0x69,0x72,0x20,0x20,0x3d,
0x3d,0x3d,0x3d,0x3d,0x3d,0x3d,0x3d,0x3d,0x3d,0x3d,0x3d,0x3e,0x08,0x00,0x72,0x65,0x63,0x6f,0x72,0x44,
0x69,0x72,0x18,0x00,0x72,0x65,0x63,0x6f,0x72,0x64,0x44,0x69,0x72,0x20,0x20,0x3d,0x3d,0x3d,0x3d,0x3d,
0x3d,0x3d,0x3d,0x3d,0x3d,0x3d,0x3d,0x3e,0x1e,0x00,0x72,0x65,0x63,0x6f,0x72,0x64,0x44,0x69,0x72,0x20,
0x61,0x63,0x63,0x65,0x73,0x73,0x20,0x3d,0x3d,0x3d,0x3d,0x3d,0x3d,0x3d,0x3d,0x3d,0x3d,0x3d,0x3d,0x3e,
0x22,0x00,0x46,0x69,0x6c,0x65,0x4d,0x6b,0x64,0x69,0x72,0x20,0x72,0x65,0x63,0x6f,0x72,0x64,0x44,0x69,
0x72,0x20,0x20,0x3d,0x3d,0x3d,0x3d,0x3d,0x3d,0x3d,0x3d,0x3d,0x3d,0x3d,0x3d,0x3e,0x08,0x00,0x65,0x53,
0x69,0x67,0x6e,0x44,0x69,0x72,0x17,0x00,0x65,0x53,0x69,0x67,0x6e,0x44,0x69,0x72,0x20,0x20,0x3d,0x3d,
0x3d,0x3d,0x3d,0x3d,0x3d,0x3d,0x3d,0x3d,0x3d,0x3d,0x3e,0x00,0x1d,0x00,0x65,0x53,0x69,0x67,0x6e,0x44,
0x69,0x72,0x20,0x61,0x63,0x63,0x65,0x73,0x73,0x20,0x3d,0x3d,0x3d,0x3d,0x3d,0x3d,0x3d,0x3d,0x3d,0x3d,
0x3d,0x3d,0x3e,0x00,0x21,0x00,0x46,0x69,0x6c,0x65,0x4d,0x6b,0x64,0x69,0x72,0x20,0x65,0x53,0x69,0x67,
0x6e,0x44,0x69,0x72,0x20,0x20,0x3d,0x3d,0x3d,0x3d,0x3d,0x3d,0x3d,0x3d,0x3d,0x3d,0x3d,0x3d,0x3e,0x00,
0x21,0x00,0x6f,0x6e,0x57,0x69,0x6c,0x6c,0x4d,0x6f,0x75,0x6e,0x74,0x20,0x20,0x62,0x65,0x67,0x69,0x6e,
0x20,0x20,0x3d,0x3d,0x3d,0x3d,0x3d,0x3d,0x3d,0x3d,0x3d,0x3d,0x3d,0x3d,0x3e,0x00,0x0c,0x00,0x67,0x65,
0x74,0x45,0x6e,0x74,0x72,0x79,0x4c,0x69,0x73,0x74,0x1e,0x00,0x6f,0x6e,0x57,0x69,0x6c,0x6c,0x4d,0x6f,
0x75,0x6e,0x74,0x20,0x65,0x6e,0x64,0x20,0x20,0x3d,0x3d,0x3d,0x3d,0x3d,0x3d,0x3d,0x3d,0x3d,0x3d,0x3d,
0x3d,0x3e,0x0b,0x00,0x4b,0x45,0x59,0x54,0x59,0x50,0x45,0x5f,0x50,0x45,0x4b,0x00,0x13,0x00,0x53,0x59,
0x4d,0x4d,0x45,0x54,0x52,0x49,0x43,0x5f,0x43,0x52,0x59,0x50,0x54,0x5f,0x44,0x45,0x53,0x00,0x0b,0x00,
0x4b,0x45,0x59,0x54,0x59,0x50,0x45,0x5f,0x54,0x4d,0x4b,0x00,0x24,0x00,0x54,0x6f,0x73,0x2e,0x50,0x65,
0x64,0x57,0x72,0x69,0x74,0x65,0x4b,0x65,0x79,0x20,0x62,0x65,0x67,0x69,0x6e,0x20,0x20,0x3d,0x3d,0x3d,
0x3d,0x3d,0x3d,0x3d,0x3d,0x3d,0x3d,0x3d,0x3d,0x3e,0x09,0x00,0x64,0x73,0x74,0x5f,0x76,0x61,0x6c,0x75,
0x65,0x00,0x08,0x00,0x64,0x73,0x74,0x5f,0x74,0x79,0x70,0x65,0x0d,0x00,0x73,0x72,0x63,0x5f,0x61,0x6c,
0x67,0x6f,0x5f,0x74,0x79,0x70,0x65,0x00,0x08,0x00,0x73,0x72,0x63,0x5f,0x74,0x79,0x70,0x65,0x07,0x00,
0x73,0x72,0x63,0x5f,0x69,0x64,0x78,0x00,0x07,0x00,0x64,0x73,0x74,0x5f,0x69,0x64,0x78,0x00,0x07,0x00,
0x64,0x73,0x74,0x5f,0x6c,0x65,0x6e,0x00,0x0d,0x00,0x64,0x73,0x74,0x5f,0x61,0x6c,0x67,0x6f,0x5f,0x74,
0x79,0x70,0x65,0x00,0x0b,0x00,0x50,0x65,0x64,0x57,0x72,0x69,0x74,0x65,0x4b,0x65,0x79,0x00,0x22,0x00,
0x54,0x6f,0x73,0x2e,0x50,0x65,0x64,0x57,0x72,0x69,0x74,0x65,0x4b,0x65,0x79,0x20,0x65,0x6e,0x64,0x20,
0x20,0x3d,0x3d,0x3d,0x3d,0x3d,0x3d,0x3d,0x3d,0x3d,0x3d,0x3d,0x3d,0x3e,0x36,0x00,0x47,0x4c,0x4f,0x42,
0x41,0x4c,0x5f,0x43,0x4f,0x4e,0x46,0x49,0x47,0x20,0x20,0x69,0x6e,0x69,0x74,0x20,0x62,0x65,0x67,0x69,
0x6e,0x20,0x20,0x61,0x66,0x74,0x65,0x72,0x20,0x63,0x72,0x65,0x61,0x74,0x65,0x44,0x69,0x72,0x20,0x3d,
0x3d,0x3d,0x3d,0x3d,0x3d,0x3d,0x3d,0x3d,0x3d,0x3e,0x0c,0x00,0x6d,0x65,0x72,0x63,0x68,0x61,0x6e,0x74,
0x4e,0x61,0x6d,0x65,0x11,0x00,0x63,0x75,0x73,0x74,0x6f,0x6d,0x65,0x72,0x46,0x69,0x72,0x73,0x74,0x4e,
0x61,0x6d,0x65,0x00,0x10,0x00,0x63,0x75,0x73,0x74,0x6f,0x6d,0x65,0x72,0x4c,0x61,0x73,0x74,0x4e,0x61,
0x6d,0x65,0x0c,0x00,0x63,0x6f,0x6e,0x66,0x69,0x67,0x20,0x3d,0x3d,0x3d,0x3d,0x3e,0x24,0x00,0x47,0x4c,
0x4f,0x42,0x41,0x4c,0x5f,0x43,0x4f,0x4e,0x46,0x49,0x47,0x20,0x20,0x69,0x6e,0x69,0x74,0x20,0x65,0x6e,
0x64,0x20,0x20,0x3d,0x3d,0x3d,0x3d,0x3d,0x3d,0x3d,0x3d,0x3d,0x3d,0x3e,0x00,0x00,0x00,0x00,};/*5518*/
