TK_CONST_DATA_ALIGN(const unsigned char script_payment[]) = {
0x07,0x00,0x01,0x01,0xfa,0x0a,0x00,0x00,0x00,0x00,0x00,0x00,0x70,0x61,0x79,0x6d,0x65,0x6e,0x74,0x00,
0x00,0x00,0x00,0x00,0x00,0x00,0x00,0x00,0x00,0x00,0x00,0x00,0x00,0x00,0x00,0x00,0x00,0x00,0x00,0x00,
0x00,0x00,0x00,0x00,0x4a,0x52,0x52,0x59,0x46,0x00,0x00,0x00,0x00,0x00,0x00,0x00,0xc0,0x06,0x00,0x00,
0x01,0x00,0x00,0x00,0x18,0x00,0x00,0x00,0x27,0x00,0x01,0x00,0x00,0x30,0x05,0x00,0xe8,0x27,0x47,0x00,
0x01,0x05,0x24,0x2e,0x07,0x00,0x00,0x00,0x47,0x02,0x00,0x00,0x07,0x04,0x00,0x00,0x47,0x05,0x00,0x00,
0xc7,0x06,0x00,0x00,0x07,0x00,0x00,0x00,0x47,0x09,0x00,0x00,0x47,0x02,0x00,0x00,0x87,0x0b,0x00,0x00,
0xc7,0x0c,0x00,0x00,0x87,0x0d,0x00,0x00,0xc7,0x0f,0x00,0x00,0x87,0x11,0x00,0x00,0x87,0x13,0x00,0x00,
0x07,0x17,0x00,0x00,0xc7,0x18,0x00,0x00,0x07,0x19,0x00,0x00,0x87,0x1a,0x00,0x00,0x87,0x1b,0x00,0x00,
0xc7,0x1c,0x00,0x00,0x07,0x1f,0x00,0x00,0x07,0x20,0x00,0x00,0x47,0x21,0x00,0x00,0x07,0x25,0x00,0x00,
0x47,0x26,0x00,0x00,0x87,0x27,0x00,0x00,0x07,0x29,0x00,0x00,0x87,0x2a,0x00,0x00,0x47,0x2c,0x00,0x00,
0xc7,0x2d,0x00,0x00,0x47,0x31,0x00,0x00,0xc7,0x35,0x00,0x00,0x87,0x37,0x00,0x00,0x47,0x39,0x00,0x00,
0x87,0x3a,0x00,0x00,0x38,0x01,0x00,0x00,0x78,0x01,0x00,0x00,0x00,0x02,0x00,0x00,0x70,0x02,0x00,0x00,
0xe0,0x02,0x00,0x00,0x38,0x04,0x00,0x00,0x78,0x05,0x00,0x00,0x38,0x06,0x00,0x00,0x68,0x06,0x00,0x00,
0x88,0x06,0x00,0x00,0x47,0x01,0x47,0x02,0x51,0x01,0x51,0x02,0x2d,0x03,0x05,0xd1,0x3b,0x06,0xdf,0x01,
0x2d,0x03,0x07,0xd1,0x3b,0x08,0xdf,0x02,0x2d,0x04,0x09,0x14,0x14,0x31,0x18,0x0b,0x32,0x18,0x0c,0x32,
0x18,0x0d,0x14,0x58,0x10,0x0f,0x18,0x0e,0x32,0x18,0x11,0x58,0x10,0x12,0x58,0x10,0x13,0x58,0x10,0x14,
0x58,0x10,0x15,0x32,0x18,0x16,0x14,0x58,0x10,0x0f,0x58,0x10,0x18,0x18,0x17,0x18,0x0a,0x14,0x58,0x24,
0x1a,0x58,0x25,0x1b,0x58,0x26,0x1c,0x58,0x27,0x1d,0x58,0x28,0x1e,0x58,0x29,0x1f,0x58,0x2a,0x20,0x18,
0x19,0x58,0x2b,0x21,0x58,0x2c,0x22,0x58,0x2d,0x23,0xd8,0x56,0x10,0x2c,0x47,0x00,0xc7,0x18,0x00,0x00,
0x08,0x00,0x01,0x00,0x30,0x10,0x04,0x00,0xe8,0x27,0x47,0x00,0x00,0x02,0x05,0x05,0x87,0x3c,0x00,0x00,
0xc7,0x3d,0x00,0x00,0x87,0x3e,0x00,0x00,0x47,0x3f,0x00,0x00,0xc7,0x44,0x00,0x00,0x41,0x00,0x02,0x2c,
0x03,0xd3,0x41,0x01,0x04,0xcd,0x56,0x00,0x00,0x00,0x00,0x00,0x76,0x3d,0x84,0x02,0x68,0x2a,0x47,0x00,
0x87,0x27,0x00,0x00,0x11,0x00,0x01,0x00,0x30,0x80,0x05,0x01,0xe8,0x27,0x47,0x00,0x02,0x03,0x0d,0x0d,
0x87,0x3c,0x00,0x00,0x87,0x3e,0x00,0x00,0x47,0x47,0x00,0x00,0xc7,0x49,0x00,0x00,0xc7,0x4a,0x00,0x00,
0x47,0x4c,0x00,0x00,0x87,0x2a,0x00,0x00,0x87,0x0d,0x00,0x00,0xc7,0x2d,0x00,0x00,0x87,0x11,0x00,0x00,
0x47,0x31,0x00,0x00,0x41,0x02,0x03,0x2d,0x04,0x00,0xd9,0x2c,0x00,0xeb,0x01,0x2d,0x01,0x05,0x25,0x0d,
0x2c,0x06,0x25,0x0e,0x2c,0x07,0x77,0x09,0x0b,0x01,0x25,0x42,0x08,0xcd,0x01,0x20,0x01,0x1e,0x3d,0x09,
0x11,0x07,0x42,0x0a,0xcd,0x01,0x13,0x3d,0x0b,0x11,0x05,0x56,0x01,0x0c,0x41,0x02,0x03,0x2d,0x04,0x00,
0xd9,0x42,0x0c,0xcd,0x01,0x02,0x56,0x40,0x86,0x3a,0x85,0x02,0x10,0x2d,0x47,0x00,0x07,0x29,0x00,0x00,
0x0e,0x00,0x01,0x00,0x30,0x10,0x03,0x00,0xe8,0x27,0x47,0x00,0x00,0x01,0x08,0x08,0x47,0x4d,0x00,0x00,
0x87,0x0d,0x00,0x00,0x87,0x4f,0x00,0x00,0x87,0x51,0x00,0x00,0x87,0x52,0x00,0x00,0x87,0x11,0x00,0x00,
0x07,0x54,0x00,0x00,0xc7,0x0f,0x00,0x00,0x3d,0x01,0x11,0x0d,0x2c,0x00,0x14,0x31,0x18,0x02,0x58,0x04,
0x03,0xd0,0x56,0x3d,0x05,0x11,0x0c,0x32,0xe8,0x05,0x31,0xe8,0x01,0x42,0x06,0xcd,0x56,0x3d,0x07,0x11,
0x0c,0x31,0xe8,0x05,0x32,0xe8,0x07,0x42,0x06,0xcd,0x56,0x56,0x00,0x00,0x00,0x00,0x00,0x00,0x00,0x5c,
0x83,0x0e,0x8c,0x02,0x80,0x39,0x47,0x00,0x87,0x2a,0x00,0x00,0x0e,0x00,0x01,0x00,0x30,0x10,0x03,0x01,
0xe8,0x27,0x47,0x00,0x02,0x02,0x09,0x09,0x87,0x56,0x00,0x00,0x87,0x58,0x00,0x00,0x87,0x5a,0x00,0x00,
0x87,0x0d,0x00,0x00,0x87,0x11,0x00,0x00,0xc7,0x0f,0x00,0x00,0x07,0x54,0x00,0x00,0x2c,0x00,0xeb,0x01,
0x2d,0x01,0x02,0x25,0x0d,0x2c,0x03,0x25,0x17,0x2c,0x04,0x77,0x09,0x14,0x01,0x20,0x32,0xe8,0x05,0x31,
0xe8,0x06,0x32,0xe8,0x07,0x42,0x08,0xcd,0x01,0x12,0x01,0x10,0x31,0xe8,0x05,0x32,0xe8,0x06,0x32,0xe8,
0x07,0x42,0x08,0xcd,0x01,0x02,0x56,0x00,0x00,0x00,0x00,0x21,0x84,0x7c,0x8f,0x02,0x68,0x2d,0x47,0x00,
0x47,0x2c,0x00,0x00,0x0f,0x00,0x01,0x00,0x20,0x10,0x07,0x00,0xe8,0x27,0x47,0x00,0x02,0x04,0x0b,0x0d,
0x07,0x5d,0x00,0x00,0xc7,0x3d,0x00,0x00,0x07,0x19,0x00,0x00,0x07,0x20,0x00,0x00,0x07,0x54,0x00,0x00,
0xc7,0x5d,0x00,0x00,0x47,0x5f,0x00,0x00,0x87,0x60,0x00,0x00,0x87,0x13,0x00,0x00,0x78,0x00,0x00,0x00,
0xf8,0x00,0x00,0x00,0x4b,0x02,0x53,0x0b,0x00,0x53,0x0c,0x01,0x33,0xec,0x02,0x2d,0x02,0x04,0x31,0xdc,
0x2d,0x02,0x05,0x32,0xdc,0x41,0x02,0x06,0xcd,0x3c,0x03,0x07,0x40,0x08,0x3c,0x03,0x07,0x3b,0x09,0x3d,
0x0a,0x2d,0x00,0x01,0xc7,0x04,0x56,0x00,0x00,0x00,0x00,0x43,0x85,0x3e,0x94,0x02,0xb8,0x2d,0x47,0x00,
0xc7,0x2d,0x00,0x00,0x10,0x00,0x01,0x00,0x30,0x10,0x08,0x01,0xe8,0x27,0x47,0x00,0x01,0x04,0x0e,0x0e,
0x07,0x5d,0x00,0x00,0x87,0x3c,0x00,0x00,0x87,0x63,0x00,0x00,0x07,0x19,0x00,0x00,0x87,0x1a,0x00,0x00,
0x47,0x64,0x00,0x00,0x07,0x65,0x00,0x00,0x87,0x11,0x00,0x00,0x87,0x0d,0x00,0x00,0x07,0x54,0x00,0x00,
0x87,0x3e,0x00,0x00,0x47,0x66,0x00,0x00,0x07,0x68,0x00,0x00,0x2d,0x01,0x04,0x32,0xdc,0x2f,0x01,0x05,
0x00,0x3b,0x06,0x3b,0x07,0xdc,0x2d,0x01,0x08,0x31,0xdc,0x2d,0x01,0x09,0x32,0xdc,0x41,0x01,0x0a,0xcd,
0x41,0x02,0x0b,0x2d,0x0c,0x03,0x40,0x0d,0x3c,0x01,0x05,0xd4,0xd9,0x56,0x00,0x00,0x00,0x00,0x00,0x0e,
0x82,0x3d,0x95,0x02,0x28,0x2c,0x47,0x00,0x87,0x69,0x00,0x00,0x0c,0x00,0x01,0x00,0x30,0x10,0x04,0x01,
0xe8,0x27,0x47,0x00,0x01,0x03,0x09,0x09,0x07,0x5d,0x00,0x00,0x87,0x3c,0x00,0x00,0x07,0x19,0x00,0x00,
0x07,0x1f,0x00,0x00,0x07,0x6b,0x00,0x00,0x07,0x20,0x00,0x00,0x87,0x3e,0x00,0x00,0x07,0x54,0x00,0x00,
0x2d,0x01,0x03,0x32,0xdc,0x2f,0x01,0x04,0x00,0x3b,0x05,0xdc,0x2d,0x01,0x06,0x31,0xdc,0x41,0x02,0x07,
0x2c,0x00,0xd3,0x41,0x01,0x08,0xcd,0x56,0x00,0x00,0x00,0x00,0x00,0x00,0x00,0x32,0x81,0x53,0x97,0x02,
0xa0,0x2d,0x47,0x00,0x47,0x6c,0x00,0x00,0x0f,0x00,0x01,0x00,0x20,0x10,0x07,0x00,0xe8,0x27,0x47,0x00,
0x02,0x04,0x0b,0x0d,0x07,0x5d,0x00,0x00,0xc7,0x3d,0x00,0x00,0x07,0x19,0x00,0x00,0x07,0x20,0x00,0x00,
0x07,0x54,0x00,0x00,0xc7,0x5d,0x00,0x00,0x47,0x5f,0x00,0x00,0x87,0x6d,0x00,0x00,0x47,0x21,0x00,0x00,
0x78,0x00,0x00,0x00,0xe8,0x00,0x00,0x00,0x4b,0x02,0x53,0x0b,0x00,0x53,0x0c,0x01,0x33,0xec,0x02,0x2d,
0x02,0x04,0x31,0xdc,0x2d,0x02,0x05,0x32,0xdc,0x41,0x02,0x06,0xcd,0x3c,0x03,0x07,0x40,0x08,0x3c,0x03,
0x07,0x3b,0x09,0x3d,0x0a,0x2d,0x00,0x01,0xc7,0x04,0x56,0x00,0x00,0x00,0x00,0x76,0x84,0x2e,0x9a,0x02,
0xf0,0x30,0x47,0x00,0x47,0x31,0x00,0x00,0x0e,0x00,0x01,0x00,0x30,0x10,0x08,0x01,0xe8,0x27,0x47,0x00,
0x01,0x05,0x0d,0x0d,0x07,0x5d,0x00,0x00,0x47,0x02,0x00,0x00,0x87,0x3c,0x00,0x00,0x87,0x63,0x00,0x00,
0x07,0x19,0x00,0x00,0x07,0x54,0x00,0x00,0xc7,0x18,0x00,0x00,0x47,0x64,0x00,0x00,0xc7,0x71,0x00,0x00,
0x87,0x3e,0x00,0x00,0x07,0x74,0x00,0x00,0x07,0x68,0x00,0x00,0x2d,0x01,0x05,0x32,0xdc,0x41,0x01,0x06,
0xcd,0x2f,0x02,0x07,0x00,0x3b,0x08,0x3b,0x09,0xd6,0x41,0x03,0x0a,0x2d,0x0b,0x04,0x40,0x0c,0x2c,0x00,
0xd4,0xd9,0x56,0x00,0x00,0x00,0x00,0x4f,0x81,0x2f,0x9b,0x02,0xf8,0x2c,0x47,0x00,0x87,0x69,0x00,0x00,
0x0b,0x00,0x01,0x00,0x30,0x10,0x08,0x01,0xe8,0x27,0x47,0x00,0x01,0x04,0x09,0x09,0x07,0x5d,0x00,0x00,
0x87,0x3c,0x00,0x00,0x87,0x63,0x00,0x00,0x07,0x19,0x00,0x00,0x07,0x54,0x00,0x00,0x87,0x3e,0x00,0x00,
0x47,0x76,0x00,0x00,0x07,0x68,0x00,0x00,0x2d,0x01,0x04,0x32,0xdc,0x41,0x01,0x05,0xcd,0x41,0x02,0x06,
0x2d,0x07,0x03,0x40,0x08,0x2c,0x00,0xd4,0xd9,0x56,0x00,0x00,0x00,0x00,0x00,0x15,0x81,0x04,0x9d,0x02,
0xd0,0x2d,0x47,0x00,0x47,0x6c,0x00,0x00,0x18,0x00,0x01,0x00,0x30,0x80,0x08,0x01,0xe8,0x27,0x47,0x00,
0x03,0x07,0x18,0x18,0x07,0x00,0x00,0x00,0xc7,0x77,0x00,0x00,0x87,0x3c,0x00,0x00,0x87,0x63,0x00,0x00,
0x87,0x1b,0x00,0x00,0x47,0x79,0x00,0x00,0x07,0x7b,0x00,0x00,0xc7,0x1c,0x00,0x00,0x47,0x7c,0x00,0x00,
0xc7,0x7d,0x00,0x00,0x47,0x7e,0x00,0x00,0xc7,0x7f,0x00,0x00,0x87,0x11,0x00,0x00,0xc7,0x0f,0x00,0x00,
0x47,0x21,0x00,0x00,0x07,0x17,0x00,0x00,0x07,0x25,0x00,0x00,0x07,0x54,0x00,0x00,0x87,0x3e,0x00,0x00,
0x07,0x81,0x00,0x00,0x07,0x68,0x00,0x00,0x2d,0x03,0x00,0xd0,0x2c,0x00,0xe8,0x07,0x3c,0x00,0x08,0xeb,
0x01,0x3c,0x00,0x09,0xeb,0x02,0x3c,0x00,0x0b,0x99,0x0c,0x3c,0x00,0x0d,0x98,0x99,0x0c,0x3c,0x00,0x0e,
0x98,0xe8,0x0a,0x32,0xe8,0x0f,0x31,0xe8,0x10,0x3d,0x11,0x2c,0x01,0xe5,0x12,0x3d,0x11,0x2d,0x04,0x02,
0xd1,0xe5,0x13,0x42,0x14,0xcd,0x41,0x05,0x15,0x2d,0x16,0x06,0x40,0x17,0x2c,0x00,0xd4,0xd9,0x41,0x05,
0x15,0x2d,0x16,0x00,0xd9,0x56,0x00,0x37,0x84,0x2b,0x9f,0x02,0x28,0x31,0x47,0x00,0xc7,0x35,0x00,0x00,
0x06,0x00,0x01,0x00,0x30,0x10,0x04,0x01,0xe8,0x27,0x47,0x00,0x01,0x02,0x04,0x04,0x87,0x3c,0x00,0x00,
0x87,0x3e,0x00,0x00,0xc7,0x82,0x00,0x00,0x41,0x01,0x02,0x2c,0x03,0xd3,0x56,0x00,0x51,0x7d,0xa3,0x02,
0x88,0x28,0x47,0x00,0x87,0x37,0x00,0x00,0x04,0x00,0x01,0x00,0x30,0x10,0x00,0x01,0xe8,0x27,0x47,0x00,
0x01,0x01,0x01,0x01,0x56,0x00,0x00,0x00,0x12,0x5e,0xa4,0x02,0x60,0x2b,0x47,0x00,0x47,0x39,0x00,0x00,
0x04,0x00,0x01,0x00,0x30,0x10,0x00,0x00,0xe8,0x27,0x47,0x00,0x00,0x00,0x00,0x00,0x56,0x00,0x00,0x00,
0x0e,0x06,0xa5,0x02,0x80,0x28,0x47,0x00,0x87,0x3a,0x00,0x00,0x0f,0x00,0x73,0x61,0x76,0x65,0x53,0x74,
0x75,0x64,0x65,0x6e,0x74,0x49,0x6e,0x66,0x6f,0x00,0x0b,0x00,0x47,0x4c,0x4f,0x42,0x41,0x4c,0x5f,0x4a,
0x55,0x4d,0x50,0x00,0x07,0x00,0x72,0x65,0x71,0x75,0x69,0x72,0x65,0x00,0x09,0x00,0x56,0x69,0x65,0x77,
0x4d,0x6f,0x64,0x65,0x6c,0x00,0x11,0x00,0x6d,0x6f,0x64,0x5f,0x67,0x6c,0x6f,0x62,0x61,0x6c,0x5f,0x63,
0x6f,0x6e,0x66,0x69,0x67,0x00,0x10,0x00,0x6d,0x6f,0x64,0x5f,0x67,0x6c,0x6f,0x62,0x61,0x6c,0x5f,0x74,
0x72,0x61,0x6e,0x73,0x07,0x00,0x70,0x61,0x79,0x6d,0x65,0x6e,0x74,0x00,0x04,0x00,0x64,0x61,0x74,0x61,
0x10,0x00,0x61,0x64,0x64,0x6d,0x69,0x73,0x73,0x69,0x6f,0x6e,0x4e,0x75,0x6d,0x62,0x65,0x72,0x0c,0x00,
0x63,0x6f,0x6e,0x66,0x69,0x72,0x6d,0x43,0x68,0x69,0x6c,0x64,0x0d,0x00,0x63,0x6f,0x6e,0x66,0x69,0x72,
0x6d,0x53,0x63,0x68,0x6f,0x6f,0x6c,0x00,0x1a,0x00,0x66,0x65,0x74,0x63,0x68,0x53,0x74,0x75,0x64,0x65,
0x6e,0x74,0x44,0x65,0x74,0x61,0x69,0x6c,0x73,0x52,0x65,0x71,0x75,0x65,0x73,0x74,0x0b,0x00,0x61,0x64,
0x6d,0x69,0x73,0x73,0x69,0x6f,0x6e,0x4e,0x6f,0x00,0x00,0x00,0x09,0x00,0x69,0x73,0x4c,0x6f,0x61,0x64,
0x69,0x6e,0x67,0x00,0x06,0x00,0x72,0x65,0x73,0x75,0x6c,0x74,0x07,0x00,0x73,0x74,0x75,0x64,0x65,0x6e,
0x74,0x00,0x0f,0x00,0x73,0x74,0x75,0x64,0x65,0x6e,0x74,0x46,0x75,0x6c,0x6c,0x4e,0x61,0x6d,0x65,0x00,
0x05,0x00,0x65,0x72,0x72,0x6f,0x72,0x00,0x07,0x00,0x69,0x73,0x45,0x72,0x72,0x6f,0x72,0x00,0x1b,0x00,
0x66,0x65,0x74,0x63,0x68,0x53,0x74,0x75,0x64,0x65,0x6e,0x74,0x54,0x6f,0x74,0x61,0x6c,0x50,0x65,0x6e,
0x64,0x69,0x6e,0x67,0x46,0x65,0x65,0x00,0x08,0x00,0x73,0x63,0x68,0x6f,0x6f,0x6c,0x49,0x64,0x07,0x00,
0x6d,0x65,0x74,0x68,0x6f,0x64,0x73,0x00,0x0a,0x00,0x69,0x6e,0x69,0x74,0x48,0x54,0x54,0x50,0x43,0x42,
0x09,0x00,0x6f,0x6e,0x4b,0x65,0x79,0x44,0x6f,0x77,0x6e,0x00,0x0c,0x00,0x68,0x61,0x6e,0x64,0x6c,0x65,
0x43,0x61,0x6e,0x63,0x65,0x6c,0x0a,0x00,0x68,0x61,0x6e,0x64,0x6c,0x65,0x42,0x61,0x63,0x6b,0x19,0x00,
0x68,0x61,0x6e,0x64,0x6c,0x65,0x46,0x65,0x74,0x63,0x68,0x53,0x74,0x75,0x64,0x65,0x6e,0x74,0x44,0x65,
0x74,0x61,0x69,0x6c,0x73,0x00,0x22,0x00,0x68,0x61,0x6e,0x64,0x6c,0x65,0x46,0x65,0x74,0x63,0x68,0x53,
0x74,0x75,0x64,0x65,0x6e,0x74,0x54,0x6f,0x74,0x61,0x6c,0x50,0x65,0x6e,0x64,0x69,0x6e,0x67,0x46,0x65,
0x65,0x73,0x0c,0x00,0x73,0x65,0x6c,0x65,0x63,0x74,0x53,0x63,0x68,0x6f,0x6f,0x6c,0x0b,0x00,0x6f,0x6e,
0x57,0x69,0x6c,0x6c,0x4d,0x6f,0x75,0x6e,0x74,0x00,0x07,0x00,0x6f,0x6e,0x4d,0x6f,0x75,0x6e,0x74,0x00,
0x0d,0x00,0x6f,0x6e,0x57,0x69,0x6c,0x6c,0x55,0x6e,0x6d,0x6f,0x75,0x6e,0x74,0x00,0x07,0x00,0x63,0x6f,
0x6e,0x73,0x6f,0x6c,0x65,0x00,0x03,0x00,0x54,0x6f,0x73,0x00,0x03,0x00,0x6c,0x6f,0x67,0x00,0x2a,0x00,
0x48,0x74,0x74,0x70,0x63,0x6c,0x69,0x65,0x6e,0x74,0x43,0x62,0x45,0x76,0x65,0x6e,0x74,0x20,0x73,0x74,
0x61,0x72,0x74,0x20,0x30,0x30,0x30,0x30,0x30,0x30,0x30,0x3d,0x3d,0x3d,0x3d,0x3d,0x3d,0x3d,0x3d,0x3d,
0x3d,0x3d,0x11,0x00,0x48,0x74,0x74,0x70,0x63,0x6c,0x69,0x65,0x6e,0x74,0x43,0x62,0x45,0x76,0x65,0x6e,
0x74,0x00,0x12,0x00,0x6b,0x65,0x79,0x20,0x64,0x6f,0x77,0x6e,0x2d,0x2d,0x2d,0x2d,0x2d,0x3e,0x3e,0x3e,
0x3e,0x3a,0x06,0x00,0x63,0x61,0x6e,0x63,0x65,0x6c,0x09,0x00,0x62,0x61,0x63,0x6b,0x73,0x70,0x61,0x63,
0x65,0x00,0x06,0x00,0x72,0x65,0x74,0x75,0x72,0x6e,0x0f,0x00,0x6e,0x61,0x76,0x69,0x67,0x61,0x74,0x65,
0x52,0x65,0x70,0x6c,0x61,0x63,0x65,0x00,0x0d,0x00,0x63,0x6c,0x6f,0x73,0x65,0x5f,0x63,0x75,0x72,0x72,
0x65,0x6e,0x74,0x00,0x06,0x00,0x74,0x61,0x72,0x67,0x65,0x74,0x0a,0x00,0x67,0x65,0x74,0x53,0x74,0x61,
0x72,0x74,0x65,0x64,0x12,0x00,0x6e,0x6f,0x74,0x69,0x66,0x79,0x50,0x72,0x6f,0x70,0x73,0x43,0x68,0x61,
0x6e,0x67,0x65,0x64,0x0e,0x00,0x63,0x6f,0x6e,0x66,0x72,0x69,0x6d,0x5f,0x73,0x63,0x68,0x6f,0x6f,0x6c,
0x0d,0x00,0x63,0x6f,0x6e,0x66,0x69,0x72,0x6d,0x5f,0x63,0x68,0x69,0x6c,0x64,0x00,0x11,0x00,0x61,0x64,
0x64,0x6d,0x69,0x73,0x73,0x69,0x6f,0x6e,0x5f,0x6e,0x75,0x6d,0x62,0x65,0x72,0x00,0x04,0x00,0x74,0x68,
0x61,0x74,0x0a,0x00,0x47,0x4c,0x4f,0x42,0x41,0x4c,0x5f,0x41,0x50,0x49,0x07,0x00,0x63,0x61,0x6c,0x6c,
0x41,0x70,0x69,0x00,0x15,0x00,0x46,0x45,0x54,0x43,0x48,0x5f,0x53,0x54,0x55,0x44,0x45,0x4e,0x54,0x5f,
0x44,0x45,0x54,0x41,0x49,0x4c,0x53,0x00,0x04,0x00,0x4a,0x53,0x4f,0x4e,0x04,0x00,0x44,0x61,0x74,0x61,
0x08,0x00,0x73,0x74,0x75,0x64,0x65,0x6e,0x74,0x73,0x0c,0x00,0x73,0x74,0x75,0x64,0x65,0x6e,0x74,0x20,
0x3d,0x3d,0x3d,0x3e,0x09,0x00,0x73,0x74,0x72,0x69,0x6e,0x67,0x69,0x66,0x79,0x00,0x09,0x00,0x6f,0x6e,
0x53,0x75,0x63,0x63,0x65,0x73,0x73,0x00,0x07,0x00,0x4d,0x65,0x73,0x73,0x61,0x67,0x65,0x00,0x07,0x00,
0x6f,0x6e,0x45,0x72,0x72,0x6f,0x72,0x00,0x1f,0x00,0x46,0x45,0x54,0x43,0x48,0x5f,0x53,0x54,0x55,0x44,
0x45,0x4e,0x54,0x5f,0x54,0x4f,0x54,0x41,0x4c,0x5f,0x50,0x45,0x4e,0x44,0x49,0x4e,0x47,0x5f,0x46,0x45,
0x45,0x00,0x10,0x00,0x74,0x6f,0x74,0x61,0x6c,0x50,0x65,0x6e,0x64,0x69,0x6e,0x67,0x46,0x65,0x65,0x73,
0x0f,0x00,0x50,0x65,0x6e,0x64,0x69,0x6e,0x67,0x46,0x65,0x65,0x20,0x3d,0x3d,0x3d,0x3e,0x00,0x0a,0x00,
0x45,0x72,0x72,0x6f,0x72,0x20,0x3d,0x3d,0x3d,0x3e,0x0a,0x00,0x70,0x61,0x72,0x73,0x65,0x46,0x6c,0x6f,
0x61,0x74,0x0b,0x00,0x41,0x64,0x6d,0x69,0x73,0x73,0x69,0x6f,0x6e,0x4e,0x6f,0x00,0x08,0x00,0x53,0x63,
0x68,0x6f,0x6f,0x6c,0x49,0x64,0x09,0x00,0x46,0x69,0x72,0x73,0x74,0x4e,0x61,0x6d,0x65,0x00,0x01,0x00,
0x20,0x00,0x0a,0x00,0x4d,0x69,0x64,0x64,0x6c,0x65,0x4e,0x61,0x6d,0x65,0x07,0x00,0x53,0x75,0x72,0x6e,
0x61,0x6d,0x65,0x00,0x0b,0x00,0x73,0x63,0x68,0x6f,0x6f,0x6c,0x20,0x3d,0x3d,0x3d,0x3e,0x00,0x21,0x00,
0x6f,0x6e,0x57,0x69,0x6c,0x6c,0x4d,0x6f,0x75,0x6e,0x74,0x20,0x20,0x62,0x65,0x67,0x69,0x6e,0x20,0x20,
0x3d,0x3d,0x3d,0x3d,0x3d,0x3d,0x3d,0x3d,0x3d,0x3d,0x3d,0x3d,0x3e,0x00,0x00,0x00,0x00,0x00,};/*2858*/
