TK_CONST_DATA_ALIGN(const unsigned char script_postbridge[]) = {
0x07,0x00,0x01,0x01,0x40,0x0c,0x00,0x00,0x00,0x00,0x00,0x00,0x70,0x6f,0x73,0x74,0x62,0x72,0x69,0x64,
0x67,0x65,0x00,0x00,0x00,0x00,0x00,0x00,0x00,0x00,0x00,0x00,0x00,0x00,0x00,0x00,0x00,0x00,0x00,0x00,
0x00,0x00,0x00,0x00,0x4a,0x52,0x52,0x59,0x46,0x00,0x00,0x00,0x00,0x00,0x00,0x00,0x10,0x07,0x00,0x00,
0x01,0x00,0x00,0x00,0x18,0x00,0x00,0x00,0x28,0x00,0x01,0x00,0x00,0x30,0x05,0x00,0xe8,0x27,0x47,0x00,
0x01,0x04,0x24,0x32,0x07,0x00,0x00,0x00,0xc7,0x01,0x00,0x00,0x07,0x03,0x00,0x00,0x87,0x04,0x00,0x00,
0x07,0x00,0x00,0x00,0xc7,0x06,0x00,0x00,0x47,0x08,0x00,0x00,0x07,0x09,0x00,0x00,0x87,0x0a,0x00,0x00,
0x47,0x0b,0x00,0x00,0x87,0x0c,0x00,0x00,0xc7,0x0d,0x00,0x00,0x47,0x11,0x00,0x00,0x47,0x14,0x00,0x00,
0x47,0x16,0x00,0x00,0x87,0x16,0x00,0x00,0xc7,0x17,0x00,0x00,0x87,0x18,0x00,0x00,0x87,0x19,0x00,0x00,
0x47,0x1a,0x00,0x00,0x07,0x1b,0x00,0x00,0x47,0x1c,0x00,0x00,0xc7,0x1d,0x00,0x00,0x47,0x1f,0x00,0x00,
0x87,0x20,0x00,0x00,0xc7,0x21,0x00,0x00,0xc7,0x23,0x00,0x00,0xc7,0x24,0x00,0x00,0x47,0x26,0x00,0x00,
0x07,0x28,0x00,0x00,0x87,0x29,0x00,0x00,0x07,0x2b,0x00,0x00,0x87,0x2c,0x00,0x00,0x47,0x2e,0x00,0x00,
0x87,0x2f,0x00,0x00,0x40,0x01,0x00,0x00,0x70,0x01,0x00,0x00,0xd0,0x01,0x00,0x00,0x30,0x02,0x00,0x00,
0x08,0x03,0x00,0x00,0xc8,0x04,0x00,0x00,0x18,0x05,0x00,0x00,0x48,0x05,0x00,0x00,0x80,0x05,0x00,0x00,
0xb0,0x05,0x00,0x00,0x10,0x06,0x00,0x00,0x60,0x06,0x00,0x00,0xb8,0x06,0x00,0x00,0xd8,0x06,0x00,0x00,
0x47,0x01,0x51,0x01,0x2d,0x02,0x04,0xd1,0x3b,0x05,0xdf,0x01,0x2d,0x03,0x06,0x14,0x14,0x32,0x18,0x08,
0x28,0x18,0x09,0x32,0x18,0x0a,0x58,0x0c,0x0b,0x14,0x58,0x0f,0x0e,0x18,0x0d,0x58,0x11,0x10,0x14,0x18,
0x12,0x58,0x0f,0x13,0x14,0x18,0x14,0x18,0x07,0x14,0x58,0x24,0x16,0x58,0x25,0x17,0x58,0x26,0x18,0x58,
0x27,0x19,0x58,0x28,0x1a,0x58,0x29,0x1b,0x58,0x2a,0x1c,0x58,0x2b,0x1d,0x58,0x2c,0x1e,0x58,0x2d,0x1f,
0x58,0x2e,0x20,0x18,0x15,0x58,0x2f,0x21,0x58,0x30,0x22,0x58,0x31,0x23,0xd8,0x56,0x00,0x00,0x00,0x00,
0x38,0x2c,0x47,0x00,0x47,0x16,0x00,0x00,0x06,0x00,0x01,0x00,0x30,0x10,0x03,0x00,0xe8,0x27,0x47,0x00,
0x00,0x01,0x02,0x02,0x87,0x31,0x00,0x00,0x47,0x32,0x00,0x00,0x41,0x00,0x01,0xcd,0x56,0x00,0x00,0x00,
0x00,0x00,0x00,0x00,0x3e,0x08,0x83,0x02,0x00,0x2b,0x47,0x00,0x47,0x1c,0x00,0x00,0x0c,0x00,0x01,0x00,
0x30,0x10,0x03,0x01,0xe8,0x27,0x47,0x00,0x01,0x02,0x0b,0x0b,0x07,0x28,0x00,0x00,0x47,0x0b,0x00,0x00,
0xc7,0x34,0x00,0x00,0x47,0x37,0x00,0x00,0x47,0x38,0x00,0x00,0x47,0x39,0x00,0x00,0x07,0x3a,0x00,0x00,
0x87,0x19,0x00,0x00,0x47,0x3b,0x00,0x00,0x87,0x3c,0x00,0x00,0x32,0xe8,0x02,0x42,0x03,0xcd,0x2c,0x01,
0x14,0x58,0x05,0x04,0x58,0x07,0x06,0x3d,0x08,0x18,0x08,0x58,0x00,0x09,0x31,0x18,0x0a,0xd0,0x56,0x3e,
0x82,0x5c,0x83,0x02,0x80,0x2b,0x47,0x00,0xc7,0x1d,0x00,0x00,0x0c,0x00,0x01,0x00,0x30,0x10,0x03,0x01,
0xe8,0x27,0x47,0x00,0x01,0x02,0x0b,0x0b,0x87,0x3e,0x00,0x00,0x47,0x0b,0x00,0x00,0xc7,0x34,0x00,0x00,
0x47,0x37,0x00,0x00,0x47,0x38,0x00,0x00,0x47,0x39,0x00,0x00,0xc7,0x40,0x00,0x00,0x87,0x19,0x00,0x00,
0x47,0x3b,0x00,0x00,0x87,0x3c,0x00,0x00,0x32,0xe8,0x02,0x42,0x03,0xcd,0x2c,0x01,0x14,0x58,0x05,0x04,
0x58,0x07,0x06,0x3d,0x08,0x18,0x08,0x58,0x00,0x09,0x31,0x18,0x0a,0xd0,0x56,0x3f,0x82,0x2e,0x86,0x02,
0x90,0x2b,0x47,0x00,0x47,0x1f,0x00,0x00,0x1b,0x00,0x01,0x00,0x30,0x10,0x05,0x00,0xe8,0x27,0x47,0x00,
0x01,0x03,0x16,0x16,0x87,0x31,0x00,0x00,0xc7,0x41,0x00,0x00,0x07,0x43,0x00,0x00,0x87,0x18,0x00,0x00,
0x87,0x45,0x00,0x00,0x07,0x47,0x00,0x00,0xc7,0x47,0x00,0x00,0x47,0x4c,0x00,0x00,0x07,0x4d,0x00,0x00,
0x87,0x51,0x00,0x00,0x87,0x52,0x00,0x00,0x07,0x57,0x00,0x00,0xc7,0x57,0x00,0x00,0xc7,0x5b,0x00,0x00,
0x47,0x5c,0x00,0x00,0x47,0x60,0x00,0x00,0xc7,0x60,0x00,0x00,0xc7,0x64,0x00,0x00,0x47,0x65,0x00,0x00,
0xc7,0x65,0x00,0x00,0x47,0x66,0x00,0x00,0x3c,0x01,0x03,0x3b,0x04,0x3b,0x05,0xeb,0x00,0x41,0x02,0x06,
0x2d,0x07,0x00,0x3b,0x08,0xd9,0x41,0x02,0x06,0x2d,0x09,0x00,0x3b,0x0a,0xd9,0x41,0x02,0x06,0x2d,0x0b,
0x00,0x3b,0x0c,0xd9,0x41,0x02,0x06,0x2d,0x0d,0x00,0x3b,0x0e,0xd9,0x41,0x02,0x06,0x2d,0x0f,0x00,0x3b,
0x10,0xd9,0x41,0x02,0x06,0x2d,0x11,0x00,0x3b,0x12,0xd9,0x3c,0x00,0x08,0x99,0x13,0x3c,0x00,0x0a,0x98,
0x99,0x13,0x3c,0x00,0x0c,0x98,0x99,0x14,0x3c,0x00,0x0e,0x98,0x99,0x15,0x3c,0x00,0x10,0x98,0x99,0x15,
0x3c,0x00,0x12,0x98,0x55,0x00,0x00,0x00,0x00,0x00,0x00,0x74,0x85,0x02,0x89,0x02,0x98,0x30,0x47,0x00,
0x87,0x20,0x00,0x00,0x2c,0x00,0x01,0x00,0x30,0x10,0x08,0x00,0xe8,0x27,0x47,0x00,0x04,0x07,0x2e,0x2f,
0xc7,0x41,0x00,0x00,0xc7,0x66,0x00,0x00,0x87,0x31,0x00,0x00,0x47,0x0b,0x00,0x00,0x87,0x20,0x00,0x00,
0x07,0x47,0x00,0x00,0x87,0x67,0x00,0x00,0x47,0x6b,0x00,0x00,0x87,0x18,0x00,0x00,0xc7,0x34,0x00,0x00,
0xc7,0x6c,0x00,0x00,0x87,0x6d,0x00,0x00,0x87,0x6e,0x00,0x00,0x47,0x6f,0x00,0x00,0x47,0x70,0x00,0x00,
0x47,0x1a,0x00,0x00,0x07,0x71,0x00,0x00,0xc7,0x71,0x00,0x00,0x87,0x72,0x00,0x00,0x47,0x74,0x00,0x00,
0x07,0x75,0x00,0x00,0x07,0x77,0x00,0x00,0x47,0x78,0x00,0x00,0x87,0x79,0x00,0x00,0x87,0x19,0x00,0x00,
0x07,0x7b,0x00,0x00,0xc7,0x7b,0x00,0x00,0x87,0x7d,0x00,0x00,0x47,0x7e,0x00,0x00,0x47,0x80,0x00,0x00,
0xc7,0x81,0x00,0x00,0x47,0x82,0x00,0x00,0xc7,0x83,0x00,0x00,0x47,0x86,0x00,0x00,0x87,0x87,0x00,0x00,
0x47,0x16,0x00,0x00,0x87,0x88,0x00,0x00,0x47,0x89,0x00,0x00,0xc7,0x8a,0x00,0x00,0x07,0x8c,0x00,0x00,
0xc7,0x1d,0x00,0x00,0x47,0x1f,0x00,0x00,0x60,0x01,0x00,0x00,0x53,0x2e,0x02,0x31,0xe8,0x07,0x42,0x08,
0xce,0xeb,0x00,0x41,0x04,0x09,0x2d,0x0a,0x05,0x40,0x0b,0x3d,0x0c,0xd4,0xd9,0x33,0xeb,0x01,0x41,0x01,
0x0d,0xcd,0x14,0x3d,0x0c,0x3b,0x0f,0x18,0x0e,0x3d,0x0c,0x3b,0x11,0x18,0x10,0x3d,0x13,0x3b,0x14,0x18,
0x12,0x3d,0x0c,0x3b,0x16,0x18,0x15,0x3c,0x06,0x18,0x3b,0x19,0x3b,0x1a,0x3b,0x1b,0x18,0x17,0x38,0x02,
0x0b,0xd1,0x18,0x1c,0x3d,0x0c,0x3b,0x1e,0x18,0x1d,0x3d,0x0c,0x3b,0x20,0x40,0x21,0x34,0x35,0x09,0xda,
0x00,0x38,0x22,0x3d,0x0c,0x3b,0x23,0x40,0x24,0xce,0x40,0x25,0x2d,0x26,0x27,0xda,0x40,0x28,0xce,0x40,
0x21,0x34,0x35,0x05,0xda,0x00,0x37,0x18,0x1f,0xeb,0x03,0x3c,0x03,0x1c,0xe8,0x1c,0x41,0x01,0x0d,0xcd,
0x3c,0x06,0x29,0x40,0x2a,0x3c,0x06,0x29,0x3b,0x2b,0x2c,0x03,0x3d,0x2c,0x3d,0x2d,0xc7,0x04,0x56,0x00,
0x00,0x00,0x00,0x47,0x8b,0x11,0x8f,0x02,0x68,0x28,0x47,0x00,0xc7,0x21,0x00,0x00,0x0c,0x00,0x01,0x00,
0x30,0x10,0x0a,0x01,0xe8,0x27,0x47,0x00,0x01,0x02,0x08,0x08,0xc7,0x8d,0x00,0x00,0x87,0x8e,0x00,0x00,
0x87,0x8f,0x00,0x00,0x10,0x00,0x00,0x00,0x47,0x90,0x00,0x00,0x90,0x00,0x00,0x00,0x47,0x91,0x00,0x00,
0x41,0x01,0x02,0x41,0x01,0x03,0x35,0x09,0x9d,0x00,0x04,0xda,0x41,0x01,0x05,0xce,0x9f,0x06,0x41,0x01,
0x03,0x35,0x09,0x9d,0x00,0x04,0xda,0x9e,0x98,0xd4,0x40,0x07,0xce,0x55,0x00,0x00,0x00,0x00,0x00,0x14,
0x81,0x1c,0x91,0x02,0x60,0x28,0x47,0x00,0x87,0x92,0x00,0x00,0x0a,0x00,0x01,0x00,0x30,0x10,0x03,0x00,
0xe8,0x27,0x47,0x00,0x00,0x01,0x07,0x07,0x87,0x3e,0x00,0x00,0x07,0x09,0x00,0x00,0xc7,0x24,0x00,0x00,
0x47,0x37,0x00,0x00,0x07,0x95,0x00,0x00,0x47,0x39,0x00,0x00,0x47,0x96,0x00,0x00,0x3d,0x01,0x11,0x06,
0x42,0x02,0xcd,0x56,0x2c,0x00,0x14,0x58,0x04,0x03,0x58,0x06,0x05,0xd0,0x56,0x00,0x00,0x00,0x00,0x1d,
0x82,0x6b,0x9a,0x02,0x40,0x28,0x47,0x00,0xc7,0x23,0x00,0x00,0x06,0x00,0x01,0x00,0x30,0x10,0x03,0x00,
0xe8,0x27,0x47,0x00,0x00,0x00,0x02,0x02,0x07,0x09,0x00,0x00,0xc7,0x34,0x00,0x00,0x32,0xe8,0x00,0x42,
0x01,0xcd,0x56,0x00,0x00,0x00,0x00,0x00,0x65,0x20,0x9d,0x02,0x50,0x28,0x47,0x00,0xc7,0x24,0x00,0x00,
0x07,0x00,0x01,0x00,0x30,0x10,0x03,0x00,0xe8,0x27,0x47,0x00,0x00,0x00,0x03,0x03,0x07,0x09,0x00,0x00,
0xc7,0x24,0x00,0x00,0xc7,0x23,0x00,0x00,0x3d,0x00,0x11,0x06,0x42,0x01,0xcd,0x56,0x42,0x02,0xcd,0x56,
0x00,0x00,0x00,0x22,0x81,0x20,0x9e,0x02,0x08,0x2b,0x47,0x00,0x47,0x26,0x00,0x00,0x06,0x00,0x01,0x00,
0x30,0x10,0x03,0x01,0xe8,0x27,0x47,0x00,0x01,0x02,0x03,0x03,0x07,0x00,0x00,0x00,0x47,0x16,0x00,0x00,
0x2f,0x01,0x02,0x00,0xd6,0x56,0x00,0x00,0x00,0x00,0x00,0x00,0x40,0x5b,0x9f,0x02,0x18,0x2b,0x47,0x00,
0x07,0x28,0x00,0x00,0x0c,0x00,0x01,0x00,0x30,0x10,0x03,0x00,0xe8,0x27,0x47,0x00,0x00,0x00,0x07,0x07,
0x47,0x97,0x00,0x00,0x07,0x99,0x00,0x00,0x87,0x9b,0x00,0x00,0xc7,0x9e,0x00,0x00,0x07,0x28,0x00,0x00,
0x47,0xa0,0x00,0x00,0xc7,0x34,0x00,0x00,0x3d,0x00,0x21,0x06,0x3d,0x01,0x78,0x02,0x11,0x14,0x3d,0x03,
0x11,0x05,0x42,0x04,0xcd,0x31,0xe8,0x03,0x31,0xe8,0x05,0x42,0x06,0xcd,0x01,0x05,0x42,0x04,0xcd,0x56,
0x00,0x00,0x00,0x00,0x00,0x00,0x00,0x1b,0x83,0x34,0xa0,0x02,0x20,0x2b,0x47,0x00,0x87,0x29,0x00,0x00,
0x0a,0x00,0x01,0x00,0x30,0x80,0x05,0x01,0xe8,0x27,0x47,0x00,0x02,0x03,0x07,0x07,0xc7,0x41,0x00,0x00,
0x07,0x47,0x00,0x00,0xc7,0xa1,0x00,0x00,0x47,0x96,0x00,0x00,0x47,0x26,0x00,0x00,0x41,0x02,0x03,0x2d,
0x04,0x00,0xd9,0x2c,0x00,0xeb,0x01,0x2d,0x01,0x05,0x77,0x09,0x04,0x01,0x07,0x42,0x06,0xcd,0x01,0x02,
0x56,0x00,0x00,0x00,0x00,0x00,0x00,0x36,0x82,0x5c,0xa3,0x02,0x38,0x2b,0x47,0x00,0x07,0x2b,0x00,0x00,
0x0b,0x00,0x01,0x00,0x30,0x10,0x03,0x01,0xe8,0x27,0x47,0x00,0x01,0x02,0x09,0x09,0x87,0x31,0x00,0x00,
0x87,0x0a,0x00,0x00,0x07,0x75,0x00,0x00,0x47,0xa4,0x00,0x00,0x87,0x18,0x00,0x00,0x47,0x08,0x00,0x00,
0x47,0x1a,0x00,0x00,0xc7,0x21,0x00,0x00,0x3c,0x01,0x03,0x3b,0x04,0xe8,0x02,0x3c,0x00,0x06,0x3b,0x05,
0xe8,0x05,0x3c,0x00,0x06,0x3b,0x07,0xe8,0x07,0x42,0x08,0xcd,0x56,0x00,0x00,0x31,0x81,0x30,0xa6,0x02,
0x50,0x2b,0x47,0x00,0x87,0x2c,0x00,0x00,0x04,0x00,0x01,0x00,0x30,0x10,0x00,0x00,0xe8,0x27,0x47,0x00,
0x00,0x00,0x00,0x00,0x56,0x00,0x00,0x00,0x16,0x73,0xa7,0x02,0x88,0x28,0x47,0x00,0x47,0x2e,0x00,0x00,
0x04,0x00,0x01,0x00,0x30,0x10,0x00,0x00,0xe8,0x27,0x47,0x00,0x00,0x00,0x00,0x00,0x56,0x00,0x00,0x00,
0x16,0x21,0xa8,0x02,0x30,0x2c,0x47,0x00,0x87,0x2f,0x00,0x00,0x0b,0x00,0x47,0x4c,0x4f,0x42,0x41,0x4c,
0x5f,0x4a,0x55,0x4d,0x50,0x00,0x07,0x00,0x72,0x65,0x71,0x75,0x69,0x72,0x65,0x00,0x09,0x00,0x56,0x69,
0x65,0x77,0x4d,0x6f,0x64,0x65,0x6c,0x00,0x10,0x00,0x6d,0x6f,0x64,0x5f,0x67,0x6c,0x6f,0x62,0x61,0x6c,
0x5f,0x74,0x72,0x61,0x6e,0x73,0x0a,0x00,0x70,0x6f,0x73,0x74,0x62,0x72,0x69,0x64,0x67,0x65,0x04,0x00,
0x64,0x61,0x74,0x61,0x09,0x00,0x73,0x68,0x6f,0x77,0x4d,0x6f,0x64,0x65,0x6c,0x00,0x04,0x00,0x75,0x73,
0x65,0x72,0x07,0x00,0x6c,0x6f,0x61,0x64,0x69,0x6e,0x67,0x00,0x07,0x00,0x73,0x68,0x6f,0x77,0x54,0x69,
0x70,0x00,0x19,0x00,0x50,0x72,0x6f,0x63,0x65,0x73,0x73,0x69,0x6e,0x67,0x20,0x74,0x72,0x61,0x6e,0x73,
0x61,0x63,0x74,0x69,0x6f,0x6e,0x2e,0x2e,0x2e,0x00,0x15,0x00,0x62,0x61,0x6c,0x61,0x6e,0x63,0x65,0x45,
0x6e,0x71,0x75,0x69,0x72,0x79,0x52,0x65,0x71,0x75,0x65,0x73,0x74,0x00,0x0d,0x00,0x61,0x63,0x63,0x6f,
0x75,0x6e,0x74,0x4e,0x75,0x6d,0x62,0x65,0x72,0x00,0x00,0x00,0x07,0x00,0x62,0x61,0x6c,0x61,0x6e,0x63,
0x65,0x00,0x04,0x00,0x30,0x2e,0x30,0x30,0x05,0x00,0x74,0x72,0x61,0x6e,0x73,0x00,0x03,0x00,0x72,0x72,
0x6e,0x00,0x04,0x00,0x66,0x6c,0x6f,0x77,0x07,0x00,0x6d,0x65,0x74,0x68,0x6f,0x64,0x73,0x00,0x0a,0x00,
0x69,0x6e,0x69,0x74,0x48,0x54,0x54,0x50,0x43,0x42,0x09,0x00,0x6f,0x6e,0x53,0x75,0x63,0x63,0x65,0x73,
0x73,0x00,0x07,0x00,0x6f,0x6e,0x45,0x72,0x72,0x6f,0x72,0x00,0x08,0x00,0x64,0x61,0x74,0x65,0x54,0x69,
0x6d,0x65,0x0e,0x00,0x74,0x72,0x61,0x6e,0x73,0x4f,0x6e,0x6c,0x69,0x6e,0x65,0x54,0x6d,0x73,0x06,0x00,
0x6f,0x6e,0x46,0x61,0x69,0x6c,0x09,0x00,0x68,0x69,0x64,0x65,0x4d,0x6f,0x64,0x65,0x6c,0x00,0x0c,0x00,
0x68,0x61,0x6e,0x64,0x6c,0x65,0x43,0x61,0x6e,0x63,0x65,0x6c,0x0a,0x00,0x6e,0x61,0x76,0x69,0x67,0x61,
0x74,0x65,0x54,0x6f,0x0a,0x00,0x68,0x61,0x6e,0x64,0x6c,0x65,0x4e,0x65,0x78,0x74,0x09,0x00,0x6f,0x6e,
0x4b,0x65,0x79,0x44,0x6f,0x77,0x6e,0x00,0x0b,0x00,0x6f,0x6e,0x57,0x69,0x6c,0x6c,0x4d,0x6f,0x75,0x6e,
0x74,0x00,0x07,0x00,0x6f,0x6e,0x4d,0x6f,0x75,0x6e,0x74,0x00,0x0d,0x00,0x6f,0x6e,0x57,0x69,0x6c,0x6c,
0x55,0x6e,0x6d,0x6f,0x75,0x6e,0x74,0x00,0x03,0x00,0x54,0x6f,0x73,0x00,0x11,0x00,0x48,0x74,0x74,0x70,
0x63,0x6c,0x69,0x65,0x6e,0x74,0x43,0x62,0x45,0x76,0x65,0x6e,0x74,0x00,0x12,0x00,0x6e,0x6f,0x74,0x69,
0x66,0x79,0x50,0x72,0x6f,0x70,0x73,0x43,0x68,0x61,0x6e,0x67,0x65,0x64,0x06,0x00,0x74,0x61,0x72,0x67,
0x65,0x74,0x06,0x00,0x72,0x65,0x73,0x75,0x6c,0x74,0x04,0x00,0x74,0x79,0x70,0x65,0x07,0x00,0x73,0x75,
0x63,0x63,0x65,0x73,0x73,0x00,0x08,0x00,0x72,0x65,0x73,0x70,0x6f,0x6e,0x73,0x65,0x0d,0x00,0x63,0x6c,
0x6f,0x73,0x65,0x5f,0x63,0x75,0x72,0x72,0x65,0x6e,0x74,0x00,0x0f,0x00,0x6e,0x61,0x76,0x69,0x67,0x61,
0x74,0x65,0x52,0x65,0x70,0x6c,0x61,0x63,0x65,0x00,0x05,0x00,0x65,0x72,0x72,0x6f,0x72,0x00,0x07,0x00,
0x63,0x6f,0x6e,0x73,0x6f,0x6c,0x65,0x00,0x12,0x00,0x47,0x4c,0x4f,0x42,0x41,0x4c,0x5f,0x54,0x52,0x41,
0x4e,0x53,0x41,0x43,0x54,0x49,0x4f,0x4e,0x09,0x00,0x74,0x72,0x61,0x6e,0x73,0x54,0x69,0x6d,0x65,0x00,
0x03,0x00,0x6c,0x6f,0x67,0x00,0x21,0x00,0x0a,0x74,0x72,0x61,0x6e,0x73,0x61,0x63,0x74,0x69,0x6f,0x6e,
0x54,0x69,0x6d,0x65,0x20,0x79,0x65,0x61,0x72,0x20,0x3d,0x3d,0x3d,0x3d,0x3d,0x3d,0x3d,0x3d,0x3d,0x3d,
0x3e,0x00,0x04,0x00,0x79,0x65,0x61,0x72,0x22,0x00,0x0a,0x74,0x72,0x61,0x6e,0x73,0x61,0x63,0x74,0x69,
0x6f,0x6e,0x54,0x69,0x6d,0x65,0x20,0x6d,0x6f,0x6e,0x74,0x68,0x20,0x3d,0x3d,0x3d,0x3d,0x3d,0x3d,0x3d,
0x3d,0x3d,0x3d,0x3e,0x05,0x00,0x6d,0x6f,0x6e,0x74,0x68,0x00,0x21,0x00,0x0a,0x74,0x72,0x61,0x6e,0x73,
0x61,0x63,0x74,0x69,0x6f,0x6e,0x54,0x69,0x6d,0x65,0x20,0x64,0x61,0x74,0x65,0x20,0x3d,0x3d,0x3d,0x3d,
0x3d,0x3d,0x3d,0x3d,0x3d,0x3d,0x3e,0x00,0x04,0x00,0x64,0x61,0x74,0x65,0x1e,0x00,0x0a,0x74,0x72,0x61,
0x6e,0x73,0x61,0x63,0x74,0x69,0x6f,0x6e,0x54,0x69,0x6d,0x65,0x20,0x68,0x20,0x3d,0x3d,0x3d,0x3d,0x3d,
0x3d,0x3d,0x3d,0x3d,0x3d,0x3e,0x01,0x00,0x68,0x00,0x1e,0x00,0x0a,0x74,0x72,0x61,0x6e,0x73,0x61,0x63,
0x74,0x69,0x6f,0x6e,0x54,0x69,0x6d,0x65,0x20,0x6d,0x20,0x3d,0x3d,0x3d,0x3d,0x3d,0x3d,0x3d,0x3d,0x3d,
0x3d,0x3e,0x01,0x00,0x6d,0x00,0x1e,0x00,0x0a,0x74,0x72,0x61,0x6e,0x73,0x61,0x63,0x74,0x69,0x6f,0x6e,
0x54,0x69,0x6d,0x65,0x20,0x73,0x20,0x3d,0x3d,0x3d,0x3d,0x3d,0x3d,0x3d,0x3d,0x3d,0x3d,0x3e,0x01,0x00,
0x73,0x00,0x01,0x00,0x2d,0x00,0x01,0x00,0x20,0x00,0x01,0x00,0x3a,0x00,0x04,0x00,0x4a,0x53,0x4f,0x4e,
0x1c,0x00,0x54,0x4d,0x53,0x20,0x50,0x52,0x4f,0x43,0x45,0x53,0x53,0x20,0x53,0x54,0x41,0x52,0x54,0x45,
0x44,0x20,0x3d,0x3d,0x3d,0x3e,0x3e,0x3e,0x3e,0x20,0x09,0x00,0x73,0x74,0x72,0x69,0x6e,0x67,0x69,0x66,
0x79,0x00,0x03,0x00,0x61,0x6d,0x74,0x00,0x06,0x00,0x61,0x6d,0x6f,0x75,0x6e,0x74,0x03,0x00,0x74,0x32,
0x64,0x00,0x06,0x00,0x74,0x72,0x61,0x63,0x6b,0x32,0x03,0x00,0x70,0x62,0x6c,0x00,0x03,0x00,0x70,0x69,
0x6e,0x00,0x03,0x00,0x65,0x6d,0x76,0x00,0x0b,0x00,0x73,0x65,0x6e,0x64,0x49,0x63,0x63,0x44,0x61,0x74,
0x61,0x00,0x03,0x00,0x74,0x69,0x64,0x00,0x0d,0x00,0x47,0x4c,0x4f,0x42,0x41,0x4c,0x5f,0x43,0x4f,0x4e,
0x46,0x49,0x47,0x00,0x08,0x00,0x75,0x73,0x65,0x72,0x49,0x6e,0x66,0x6f,0x08,0x00,0x74,0x65,0x72,0x6d,
0x69,0x6e,0x61,0x6c,0x0a,0x00,0x74,0x65,0x72,0x6d,0x69,0x6e,0x61,0x6c,0x49,0x64,0x03,0x00,0x63,0x73,
0x6e,0x00,0x0c,0x00,0x63,0x61,0x72,0x64,0x53,0x65,0x72,0x69,0x61,0x6c,0x4e,0x6f,0x04,0x00,0x6e,0x61,
0x6d,0x65,0x0e,0x00,0x63,0x61,0x72,0x64,0x48,0x6f,0x6c,0x64,0x65,0x72,0x4e,0x61,0x6d,0x65,0x09,0x00,
0x73,0x75,0x62,0x73,0x74,0x72,0x69,0x6e,0x67,0x00,0x01,0x00,0x7c,0x00,0x0a,0x00,0x65,0x6d,0x76,0x41,
0x70,0x70,0x4e,0x61,0x6d,0x65,0x11,0x00,0x74,0x6f,0x4c,0x6f,0x63,0x61,0x6c,0x65,0x55,0x70,0x70,0x65,
0x72,0x43,0x61,0x73,0x65,0x00,0x07,0x00,0x72,0x65,0x70,0x6c,0x61,0x63,0x65,0x00,0x05,0x00,0x44,0x45,
0x42,0x49,0x54,0x00,0x04,0x00,0x74,0x72,0x69,0x6d,0x0a,0x00,0x47,0x4c,0x4f,0x42,0x41,0x4c,0x5f,0x41,
0x50,0x49,0x07,0x00,0x63,0x61,0x6c,0x6c,0x41,0x70,0x69,0x00,0x0c,0x00,0x54,0x4d,0x53,0x5f,0x50,0x55,
0x52,0x43,0x48,0x41,0x53,0x45,0x04,0x00,0x4d,0x61,0x74,0x68,0x05,0x00,0x66,0x6c,0x6f,0x6f,0x72,0x00,
0x03,0x00,0x70,0x6f,0x77,0x00,0x06,0x00,0x72,0x61,0x6e,0x64,0x6f,0x6d,0x08,0x00,0x74,0x6f,0x53,0x74,
0x72,0x69,0x6e,0x67,0x11,0x00,0x67,0x65,0x6e,0x65,0x72,0x61,0x74,0x65,0x52,0x65,0x66,0x65,0x72,0x65,
0x6e,0x63,0x65,0x00,0x07,0x00,0x70,0x61,0x79,0x6d,0x65,0x6e,0x74,0x00,0x06,0x00,0x63,0x61,0x6e,0x63,
0x65,0x6c,0x0c,0x00,0x74,0x72,0x61,0x6e,0x73,0x66,0x65,0x72,0x54,0x79,0x70,0x65,0x11,0x00,0x74,0x72,
0x61,0x6e,0x73,0x66,0x65,0x72,0x54,0x79,0x70,0x65,0x56,0x61,0x6c,0x75,0x65,0x00,0x17,0x00,0x54,0x72,
0x61,0x6e,0x73,0x66,0x65,0x72,0x20,0x74,0x6f,0x20,0x4f,0x74,0x68,0x65,0x72,0x20,0x42,0x61,0x6e,0x6b,
0x73,0x00,0x0a,0x00,0x73,0x65,0x61,0x72,0x63,0x68,0x42,0x61,0x6e,0x6b,0x0a,0x00,0x6f,0x74,0x68,0x65,
0x72,0x42,0x61,0x6e,0x6b,0x73,0x12,0x00,0x6b,0x65,0x79,0x20,0x64,0x6f,0x77,0x6e,0x2d,0x2d,0x2d,0x2d,
0x2d,0x3e,0x3e,0x3e,0x3e,0x3a,0x0b,0x00,0x73,0x74,0x75,0x64,0x65,0x6e,0x74,0x49,0x6e,0x66,0x6f,0x00,
0x00,0x00,0x00,0x00,};/*3184*/
