TK_CONST_DATA_ALIGN(const unsigned char script_profile[]) = {
0x80,0x00,0x01,0x01,0x26,0x07,0x00,0x00,0x00,0x00,0x00,0x00,0x70,0x72,0x6f,0x66,0x69,0x6c,0x65,0x00,
0x00,0x00,0x00,0x00,0x00,0x00,0x00,0x00,0x00,0x00,0x00,0x00,0x00,0x00,0x00,0x00,0x00,0x00,0x00,0x00,
0x00,0x00,0x00,0x00,0x4a,0x52,0x52,0x59,0x46,0x00,0x00,0x00,0x00,0x00,0x00,0x00,0x88,0x04,0x00,0x00,
0x01,0x00,0x00,0x00,0x18,0x00,0x00,0x00,0x24,0x00,0x01,0x00,0x10,0x30,0x05,0x00,0x90,0x27,0x47,0x00,
0x01,0x02,0x21,0x2b,0x07,0x00,0x00,0x00,0x87,0x01,0x00,0x00,0xc7,0x02,0x00,0x00,0x87,0x03,0x00,0x00,
0x07,0x05,0x00,0x00,0xc7,0x06,0x00,0x00,0x07,0x07,0x00,0x00,0xc7,0x07,0x00,0x00,0x07,0x09,0x00,0x00,
0x87,0x0a,0x00,0x00,0xc7,0x0c,0x00,0x00,0x07,0x0f,0x00,0x00,0x47,0x10,0x00,0x00,0x87,0x11,0x00,0x00,
0x87,0x12,0x00,0x00,0xc7,0x13,0x00,0x00,0xc7,0x14,0x00,0x00,0xc7,0x16,0x00,0x00,0x07,0x19,0x00,0x00,
0xc7,0x1c,0x00,0x00,0x87,0x1f,0x00,0x00,0x87,0x21,0x00,0x00,0xc7,0x22,0x00,0x00,0x07,0x24,0x00,0x00,
0xc7,0x25,0x00,0x00,0x47,0x27,0x00,0x00,0x47,0x28,0x00,0x00,0xc7,0x29,0x00,0x00,0x87,0x2b,0x00,0x00,
0x07,0x2d,0x00,0x00,0xc7,0x2e,0x00,0x00,0x07,0x30,0x00,0x00,0x20,0x01,0x00,0x00,0x78,0x01,0x00,0x00,
0xb0,0x01,0x00,0x00,0xe0,0x01,0x00,0x00,0x38,0x02,0x00,0x00,0x68,0x02,0x00,0x00,0xd0,0x02,0x00,0x00,
0xd0,0x03,0x00,0x00,0x30,0x04,0x00,0x00,0x50,0x04,0x00,0x00,0x2d,0x01,0x02,0x14,0x14,0x32,0x18,0x04,
0x58,0x06,0x05,0x28,0x18,0x07,0x58,0x06,0x08,0x32,0x18,0x09,0x32,0x18,0x0a,0x32,0x18,0x0b,0x32,0x18,
0x0c,0x32,0x18,0x0d,0x58,0x06,0x0e,0x58,0x06,0x0f,0x32,0x18,0x10,0x14,0x58,0x06,0x12,0x58,0x06,0x13,
0x58,0x06,0x14,0x58,0x06,0x15,0x18,0x11,0x18,0x03,0x14,0x58,0x21,0x17,0x58,0x22,0x18,0x58,0x23,0x19,
0x58,0x24,0x1a,0x58,0x25,0x1b,0x58,0x26,0x1c,0x58,0x27,0x1d,0x18,0x16,0x58,0x28,0x1e,0x58,0x29,0x1f,
0x58,0x2a,0x20,0xd8,0x56,0x00,0x00,0x00,0x40,0x29,0x47,0x00,0xc7,0x06,0x00,0x00,0x0b,0x00,0x01,0x00,
0x30,0x80,0x03,0x01,0x90,0x27,0x47,0x00,0x01,0x01,0x08,0x08,0x07,0x32,0x00,0x00,0x07,0x09,0x00,0x00,
0x47,0x33,0x00,0x00,0x87,0x0a,0x00,0x00,0x87,0x34,0x00,0x00,0xc7,0x0c,0x00,0x00,0x87,0x35,0x00,0x00,
0x79,0x00,0x01,0x11,0x05,0x31,0xe8,0x02,0x79,0x00,0x03,0x11,0x05,0x31,0xe8,0x04,0x79,0x00,0x05,0x11,
0x05,0x31,0xe8,0x06,0x42,0x07,0xcd,0x56,0x00,0x00,0x00,0x7a,0x81,0x29,0x84,0x02,0x78,0x28,0x47,0x00,
0xc7,0x22,0x00,0x00,0x07,0x00,0x01,0x00,0x30,0x80,0x03,0x00,0x90,0x27,0x47,0x00,0x00,0x00,0x03,0x03,
0x87,0x0a,0x00,0x00,0xc7,0x13,0x00,0x00,0x87,0x35,0x00,0x00,0x3d,0x00,0x11,0x08,0x31,0xe8,0x01,0x42,
0x02,0xcd,0x56,0x00,0x00,0x00,0x00,0x1f,0x81,0x30,0x86,0x02,0xa0,0x28,0x47,0x00,0x07,0x24,0x00,0x00,
0x06,0x00,0x01,0x00,0x30,0x80,0x03,0x00,0x90,0x27,0x47,0x00,0x00,0x00,0x02,0x02,0xc7,0x0c,0x00,0x00,
0x87,0x35,0x00,0x00,0x32,0xe8,0x00,0x42,0x01,0xcd,0x56,0x00,0x00,0x00,0x00,0x00,0x6b,0x5c,0x87,0x02,
0x70,0x28,0x47,0x00,0xc7,0x25,0x00,0x00,0x0b,0x00,0x01,0x00,0x30,0x10,0x03,0x00,0x90,0x27,0x47,0x00,
0x00,0x01,0x09,0x09,0x07,0x38,0x00,0x00,0x87,0x03,0x00,0x00,0x47,0x28,0x00,0x00,0x47,0x3a,0x00,0x00,
0x47,0x3b,0x00,0x00,0x07,0x3c,0x00,0x00,0xc7,0x3c,0x00,0x00,0xc7,0x02,0x00,0x00,0x07,0x07,0x00,0x00,
0x3d,0x01,0x11,0x06,0x42,0x02,0xcd,0x56,0x2c,0x00,0x14,0x58,0x04,0x03,0x58,0x06,0x05,0x3d,0x08,0x18,
0x07,0xd0,0x56,0x17,0x82,0x5c,0x88,0x02,0xb0,0x28,0x47,0x00,0x47,0x27,0x00,0x00,0x06,0x00,0x01,0x00,
0x30,0x10,0x03,0x00,0x90,0x27,0x47,0x00,0x00,0x00,0x02,0x02,0x87,0x03,0x00,0x00,0x87,0x35,0x00,0x00,
0x32,0xe8,0x00,0x42,0x01,0xcd,0x56,0x00,0x00,0x00,0x00,0x00,0x65,0x0b,0x8b,0x02,0xd0,0x28,0x47,0x00,
0x47,0x28,0x00,0x00,0x0d,0x00,0x01,0x00,0x30,0x10,0x03,0x00,0x90,0x27,0x47,0x00,0x00,0x00,0x07,0x07,
0x87,0x03,0x00,0x00,0x47,0x28,0x00,0x00,0x87,0x0a,0x00,0x00,0xc7,0x13,0x00,0x00,0x87,0x35,0x00,0x00,
0x07,0x09,0x00,0x00,0x47,0x27,0x00,0x00,0x3d,0x00,0x11,0x06,0x42,0x01,0xcd,0x56,0x3d,0x02,0x21,0x04,
0x3d,0x03,0x11,0x0a,0x32,0xe8,0x03,0x42,0x04,0xcd,0x01,0x18,0x3d,0x05,0x1d,0x04,0x3d,0x02,0x11,0x0d,
0x32,0xe8,0x05,0x32,0xe8,0x02,0x42,0x04,0xcd,0x01,0x05,0x42,0x06,0xcd,0x56,0x65,0x84,0x0b,0x8c,0x02,
0x70,0x31,0x47,0x00,0xc7,0x29,0x00,0x00,0x20,0x00,0x01,0x00,0x30,0x80,0x05,0x01,0x90,0x27,0x47,0x00,
0x02,0x03,0x1a,0x1a,0xc7,0x3d,0x00,0x00,0x07,0x3f,0x00,0x00,0xc7,0x3f,0x00,0x00,0x47,0x42,0x00,0x00,
0xc7,0x42,0x00,0x00,0x47,0x43,0x00,0x00,0xc7,0x43,0x00,0x00,0x47,0x44,0x00,0x00,0xc7,0x44,0x00,0x00,
0x47,0x45,0x00,0x00,0xc7,0x45,0x00,0x00,0x47,0x46,0x00,0x00,0xc7,0x46,0x00,0x00,0xc7,0x3c,0x00,0x00,
0x47,0x47,0x00,0x00,0xc7,0x48,0x00,0x00,0xc7,0x49,0x00,0x00,0x87,0x03,0x00,0x00,0xc7,0x4a,0x00,0x00,
0xc0,0x00,0x00,0x00,0xc7,0x4b,0x00,0x00,0xc7,0x29,0x00,0x00,0x47,0x28,0x00,0x00,0x87,0x4d,0x00,0x00,
0x41,0x02,0x03,0x2d,0x04,0x00,0xd9,0x2c,0x00,0xeb,0x01,0x2d,0x01,0x05,0x25,0x35,0x2c,0x06,0x25,0x38,
0x2c,0x07,0x25,0x34,0x2c,0x08,0x25,0x30,0x2c,0x09,0x25,0x2c,0x2c,0x0a,0x25,0x28,0x2c,0x0b,0x25,0x24,
0x2c,0x0c,0x25,0x20,0x2c,0x0d,0x25,0x1c,0x2c,0x0e,0x25,0x18,0x2c,0x0f,0x25,0x2e,0x2c,0x10,0x25,0x2f,
0x2c,0x11,0x77,0x09,0x37,0x01,0x3f,0x3d,0x12,0x60,0x11,0x04,0x01,0x38,0x3d,0x13,0x11,0x04,0x01,0x32,
0x3d,0x12,0x3b,0x14,0x81,0x15,0x11,0x04,0x01,0x28,0x42,0x12,0x99,0x01,0xdc,0x42,0x16,0xcd,0x01,0x1e,
0x42,0x17,0xcd,0x01,0x19,0x3d,0x13,0x11,0x06,0x42,0x18,0xcd,0x56,0x42,0x19,0xcd,0x01,0x0c,0x3d,0x13,
0x11,0x06,0x42,0x18,0xcd,0x56,0x01,0x02,0x56,0x00,0x00,0x01,0x8a,0x7d,0x90,0x02,0xc8,0x2b,0x47,0x00,
0x87,0x2b,0x00,0x00,0x0c,0x00,0x01,0x00,0x30,0x10,0x03,0x01,0x90,0x27,0x47,0x00,0x01,0x01,0x07,0x07,
0x07,0x07,0x00,0x00,0xc7,0x02,0x00,0x00,0x07,0x05,0x00,0x00,0x07,0x4f,0x00,0x00,0x87,0x51,0x00,0x00,
0xc7,0x07,0x00,0x00,0x2c,0x00,0x11,0x25,0x3c,0x00,0x02,0xe8,0x01,0x3c,0x00,0x02,0x3b,0x04,0x34,0x3a,
0x3c,0x00,0x02,0x3b,0x05,0x34,0x3a,0x98,0xe8,0x03,0x3c,0x00,0x02,0x3b,0x04,0x3c,0x00,0x02,0x3b,0x05,
0x98,0xe8,0x06,0x56,0x00,0x00,0x00,0x09,0x82,0x1c,0x9b,0x02,0x08,0x29,0x47,0x00,0x07,0x2d,0x00,0x00,
0x04,0x00,0x01,0x00,0x30,0x10,0x00,0x00,0x90,0x27,0x47,0x00,0x00,0x00,0x00,0x00,0x56,0x00,0x00,0x00,
0x14,0x35,0x9d,0x02,0x00,0x29,0x47,0x00,0xc7,0x2e,0x00,0x00,0x04,0x00,0x01,0x00,0x30,0x10,0x00,0x00,
0x90,0x27,0x47,0x00,0x00,0x00,0x00,0x00,0x56,0x00,0x00,0x00,0x14,0x5f,0x9d,0x02,0x38,0x29,0x47,0x00,
0x07,0x30,0x00,0x00,0x09,0x00,0x56,0x69,0x65,0x77,0x4d,0x6f,0x64,0x65,0x6c,0x00,0x07,0x00,0x70,0x72,
0x6f,0x66,0x69,0x6c,0x65,0x00,0x04,0x00,0x64,0x61,0x74,0x61,0x09,0x00,0x73,0x68,0x6f,0x77,0x4d,0x6f,
0x64,0x65,0x6c,0x00,0x0b,0x00,0x6e,0x61,0x6d,0x65,0x53,0x75,0x6d,0x6d,0x61,0x72,0x79,0x00,0x00,0x00,
0x04,0x00,0x75,0x73,0x65,0x72,0x08,0x00,0x66,0x75,0x6c,0x6c,0x4e,0x61,0x6d,0x65,0x09,0x00,0x69,0x73,
0x53,0x75,0x70,0x70,0x6f,0x72,0x74,0x00,0x10,0x00,0x69,0x73,0x43,0x68,0x61,0x6e,0x67,0x65,0x50,0x61,
0x73,0x73,0x77,0x6f,0x72,0x64,0x0f,0x00,0x69,0x73,0x43,0x6c,0x6f,0x73,0x65,0x42,0x75,0x73,0x69,0x6e,
0x65,0x73,0x73,0x00,0x07,0x00,0x6c,0x6f,0x61,0x64,0x69,0x6e,0x67,0x00,0x07,0x00,0x69,0x73,0x45,0x72,
0x72,0x6f,0x72,0x00,0x05,0x00,0x65,0x72,0x72,0x6f,0x72,0x00,0x07,0x00,0x73,0x68,0x6f,0x77,0x54,0x69,
0x70,0x00,0x06,0x00,0x69,0x73,0x4e,0x65,0x78,0x74,0x0e,0x00,0x63,0x68,0x61,0x6e,0x67,0x65,0x50,0x61,
0x73,0x73,0x77,0x6f,0x72,0x64,0x10,0x00,0x63,0x75,0x73,0x74,0x6f,0x6d,0x65,0x72,0x50,0x61,0x73,0x73,
0x77,0x6f,0x72,0x64,0x1c,0x00,0x63,0x75,0x73,0x74,0x6f,0x6d,0x65,0x72,0x50,0x61,0x73,0x73,0x77,0x6f,
0x72,0x64,0x43,0x6f,0x6e,0x66,0x69,0x72,0x6d,0x61,0x74,0x69,0x6f,0x6e,0x13,0x00,0x63,0x75,0x73,0x74,
0x6f,0x6d,0x65,0x72,0x4f,0x6c,0x64,0x50,0x61,0x73,0x73,0x77,0x6f,0x72,0x64,0x00,0x0d,0x00,0x63,0x75,
0x73,0x74,0x6f,0x6d,0x65,0x72,0x45,0x6d,0x61,0x69,0x6c,0x00,0x07,0x00,0x6d,0x65,0x74,0x68,0x6f,0x64,
0x73,0x00,0x08,0x00,0x6e,0x61,0x76,0x69,0x67,0x61,0x74,0x65,0x0c,0x00,0x70,0x61,0x73,0x73,0x77,0x6f,
0x72,0x64,0x4e,0x65,0x78,0x74,0x0a,0x00,0x63,0x6c,0x6f,0x73,0x65,0x50,0x6f,0x70,0x55,0x70,0x06,0x00,
0x6f,0x6e,0x46,0x61,0x69,0x6c,0x09,0x00,0x68,0x69,0x64,0x65,0x4d,0x6f,0x64,0x65,0x6c,0x00,0x0c,0x00,
0x68,0x61,0x6e,0x64,0x6c,0x65,0x43,0x61,0x6e,0x63,0x65,0x6c,0x09,0x00,0x6f,0x6e,0x4b,0x65,0x79,0x44,
0x6f,0x77,0x6e,0x00,0x0b,0x00,0x6f,0x6e,0x57,0x69,0x6c,0x6c,0x4d,0x6f,0x75,0x6e,0x74,0x00,0x07,0x00,
0x6f,0x6e,0x4d,0x6f,0x75,0x6e,0x74,0x00,0x0d,0x00,0x6f,0x6e,0x57,0x69,0x6c,0x6c,0x55,0x6e,0x6d,0x6f,
0x75,0x6e,0x74,0x00,0x07,0x00,0x73,0x75,0x70,0x70,0x6f,0x72,0x74,0x00,0x08,0x00,0x70,0x61,0x73,0x73,
0x77,0x6f,0x72,0x64,0x05,0x00,0x63,0x6c,0x6f,0x73,0x65,0x00,0x12,0x00,0x6e,0x6f,0x74,0x69,0x66,0x79,
0x50,0x72,0x6f,0x70,0x73,0x43,0x68,0x61,0x6e,0x67,0x65,0x64,0x0f,0x00,0x6e,0x61,0x76,0x69,0x67,0x61,
0x74,0x65,0x52,0x65,0x70,0x6c,0x61,0x63,0x65,0x00,0x06,0x00,0x74,0x61,0x72,0x67,0x65,0x74,0x03,0x00,
0x70,0x61,0x79,0x00,0x04,0x00,0x74,0x79,0x70,0x65,0x06,0x00,0x63,0x61,0x6e,0x63,0x65,0x6c,0x07,0x00,
0x63,0x6f,0x6e,0x73,0x6f,0x6c,0x65,0x00,0x03,0x00,0x6c,0x6f,0x67,0x00,0x12,0x00,0x6b,0x65,0x79,0x20,
0x64,0x6f,0x77,0x6e,0x2d,0x2d,0x2d,0x2d,0x2d,0x3e,0x3e,0x3e,0x3e,0x3a,0x01,0x00,0x30,0x00,0x01,0x00,
0x31,0x00,0x01,0x00,0x32,0x00,0x01,0x00,0x33,0x00,0x01,0x00,0x34,0x00,0x01,0x00,0x35,0x00,0x01,0x00,
0x36,0x00,0x01,0x00,0x37,0x00,0x01,0x00,0x38,0x00,0x01,0x00,0x39,0x00,0x09,0x00,0x62,0x61,0x63,0x6b,
0x73,0x70,0x61,0x63,0x65,0x00,0x06,0x00,0x72,0x65,0x74,0x75,0x72,0x6e,0x05,0x00,0x76,0x61,0x6c,0x75,
0x65,0x00,0x06,0x00,0x6c,0x65,0x6e,0x67,0x74,0x68,0x0c,0x00,0x5f,0x66,0x6f,0x72,0x6d,0x61,0x74,0x49,
0x6e,0x70,0x75,0x74,0x09,0x00,0x72,0x65,0x64,0x75,0x63,0x65,0x4e,0x75,0x6d,0x00,0x11,0x00,0x63,0x75,
0x73,0x74,0x6f,0x6d,0x65,0x72,0x46,0x69,0x72,0x73,0x74,0x4e,0x61,0x6d,0x65,0x00,0x10,0x00,0x63,0x75,
0x73,0x74,0x6f,0x6d,0x65,0x72,0x4c,0x61,0x73,0x74,0x4e,0x61,0x6d,0x65,0x00,0x00,0x00,0x00,};/*1878*/
