TK_CONST_DATA_ALIGN(const unsigned char script_result[]) = {
0x07,0x00,0x01,0x01,0x12,0x0f,0x00,0x00,0x00,0x00,0x00,0x00,0x72,0x65,0x73,0x75,0x6c,0x74,0x00,0x00,
0x00,0x00,0x00,0x00,0x00,0x00,0x00,0x00,0x00,0x00,0x00,0x00,0x00,0x00,0x00,0x00,0x00,0x00,0x00,0x00,
0x00,0x00,0x00,0x00,0x4a,0x52,0x52,0x59,0x46,0x00,0x00,0x00,0x00,0x00,0x00,0x00,0x70,0x09,0x00,0x00,
0x01,0x00,0x00,0x00,0x18,0x00,0x00,0x00,0x38,0x00,0x01,0x00,0x00,0x30,0x06,0x00,0xe8,0x27,0x47,0x00,
0x01,0x07,0x33,0x41,0x07,0x00,0x00,0x00,0xc7,0x01,0x00,0x00,0x87,0x03,0x00,0x00,0x47,0x05,0x00,0x00,
0x07,0x07,0x00,0x00,0x47,0x08,0x00,0x00,0xc7,0x09,0x00,0x00,0x07,0x00,0x00,0x00,0x07,0x0c,0x00,0x00,
0xc7,0x01,0x00,0x00,0x87,0x0e,0x00,0x00,0x87,0x03,0x00,0x00,0xc7,0x10,0x00,0x00,0x47,0x05,0x00,0x00,
0x87,0x13,0x00,0x00,0x87,0x14,0x00,0x00,0x47,0x15,0x00,0x00,0x47,0x16,0x00,0x00,0x07,0x17,0x00,0x00,
0x47,0x18,0x00,0x00,0x47,0x1a,0x00,0x00,0xc7,0x1b,0x00,0x00,0xc7,0x1d,0x00,0x00,0x47,0x1f,0x00,0x00,
0xc7,0x20,0x00,0x00,0xc7,0x21,0x00,0x00,0x07,0x22,0x00,0x00,0xc7,0x22,0x00,0x00,0x07,0x24,0x00,0x00,
0x87,0x25,0x00,0x00,0xc7,0x26,0x00,0x00,0x47,0x28,0x00,0x00,0xc7,0x29,0x00,0x00,0xc7,0x2a,0x00,0x00,
0xc7,0x2b,0x00,0x00,0x07,0x2d,0x00,0x00,0xc7,0x2d,0x00,0x00,0x47,0x2f,0x00,0x00,0x07,0x30,0x00,0x00,
0x47,0x32,0x00,0x00,0x87,0x33,0x00,0x00,0x07,0x35,0x00,0x00,0x87,0x36,0x00,0x00,0x07,0x38,0x00,0x00,
0x47,0x39,0x00,0x00,0x07,0x3c,0x00,0x00,0xc7,0x3d,0x00,0x00,0x87,0x3f,0x00,0x00,0x47,0x41,0x00,0x00,
0x87,0x42,0x00,0x00,0xc0,0x01,0x00,0x00,0x18,0x02,0x00,0x00,0x48,0x02,0x00,0x00,0x80,0x02,0x00,0x00,
0xa8,0x02,0x00,0x00,0xd0,0x02,0x00,0x00,0xf0,0x02,0x00,0x00,0x70,0x03,0x00,0x00,0xf8,0x03,0x00,0x00,
0xa8,0x04,0x00,0x00,0xe0,0x05,0x00,0x00,0x88,0x06,0x00,0x00,0xe0,0x07,0x00,0x00,0xe8,0x08,0x00,0x00,
0x47,0x01,0x47,0x02,0x47,0x03,0x47,0x04,0x51,0x01,0x51,0x02,0x51,0x03,0x51,0x04,0x2d,0x05,0x07,0xd1,
0x3b,0x08,0xdf,0x01,0x2d,0x05,0x09,0xd1,0x3b,0x0a,0xdf,0x02,0x2d,0x05,0x0b,0xd1,0x3b,0x0c,0xdf,0x03,
0x2d,0x05,0x0d,0xd1,0x3b,0x0e,0xdf,0x04,0x2d,0x06,0x0f,0x14,0x14,0x58,0x12,0x11,0x58,0x14,0x13,0x35,
0x00,0x18,0x15,0x32,0x18,0x16,0x32,0x18,0x17,0x34,0x18,0x18,0x58,0x1a,0x19,0x58,0x1a,0x1b,0x14,0x3d,
0x1d,0x18,0x1d,0x3d,0x1e,0x18,0x1e,0x3d,0x1f,0x18,0x1f,0x3d,0x20,0x18,0x20,0x18,0x1c,0x14,0x18,0x21,
0x14,0x18,0x22,0x14,0x18,0x23,0x14,0x18,0x24,0x14,0x18,0x25,0x58,0x1a,0x26,0x58,0x1a,0x27,0x18,0x10,
0x14,0x58,0x33,0x29,0x58,0x34,0x2a,0x58,0x35,0x2b,0x58,0x36,0x1d,0x58,0x37,0x1e,0x58,0x38,0x20,0x58,
0x39,0x2c,0x58,0x3a,0x2d,0x58,0x3b,0x1f,0x58,0x3c,0x2e,0x58,0x3d,0x2f,0x18,0x28,0x58,0x3e,0x30,0x58,
0x3f,0x31,0x58,0x40,0x32,0xd8,0x56,0x00,0x98,0x28,0x47,0x00,0xc7,0x21,0x00,0x00,0x0b,0x00,0x01,0x00,
0x30,0x80,0x05,0x01,0xe8,0x27,0x47,0x00,0x01,0x02,0x08,0x08,0x87,0x44,0x00,0x00,0xc7,0x45,0x00,0x00,
0x87,0x46,0x00,0x00,0x07,0x49,0x00,0x00,0x07,0x4a,0x00,0x00,0x87,0x36,0x00,0x00,0x47,0x39,0x00,0x00,
0x41,0x01,0x02,0x2d,0x03,0x00,0xd9,0x2d,0x00,0x04,0x25,0x09,0x2c,0x05,0x77,0x09,0x09,0x01,0x0c,0x42,
0x06,0xcd,0x01,0x07,0x42,0x07,0xcd,0x01,0x02,0x56,0x00,0x24,0x82,0x08,0x86,0x02,0x50,0x28,0x47,0x00,
0x87,0x33,0x00,0x00,0x06,0x00,0x01,0x00,0x30,0x10,0x03,0x00,0xe8,0x27,0x47,0x00,0x00,0x00,0x02,0x02,
0xc7,0x1d,0x00,0x00,0x07,0x4b,0x00,0x00,0x3d,0x00,0x11,0x03,0x56,0x42,0x01,0xcd,0x56,0x00,0x00,0x00,
0x51,0x40,0x88,0x02,0x70,0x28,0x47,0x00,0x07,0x35,0x00,0x00,0x07,0x00,0x01,0x00,0x30,0x10,0x03,0x00,
0xe8,0x27,0x47,0x00,0x00,0x01,0x04,0x04,0x87,0x4c,0x00,0x00,0xc7,0x4e,0x00,0x00,0xc7,0x50,0x00,0x00,
0xc7,0x51,0x00,0x00,0x2c,0x00,0x14,0x31,0x18,0x01,0x58,0x03,0x02,0xd0,0x56,0x0d,0x81,0x25,0x89,0x02,
0x48,0x28,0x47,0x00,0x87,0x36,0x00,0x00,0x05,0x00,0x01,0x00,0x30,0x10,0x02,0x01,0xe8,0x27,0x47,0x00,
0x01,0x01,0x02,0x02,0x47,0x1f,0x00,0x00,0x2c,0x00,0xe8,0x01,0x56,0x00,0x00,0x00,0x68,0x46,0x8a,0x02,
0x88,0x28,0x47,0x00,0x07,0x24,0x00,0x00,0x05,0x00,0x01,0x00,0x30,0x10,0x02,0x01,0xe8,0x27,0x47,0x00,
0x01,0x01,0x02,0x02,0x47,0x1f,0x00,0x00,0x2c,0x00,0xe8,0x01,0x56,0x00,0x00,0x00,0x38,0x40,0x8b,0x02,
0x90,0x28,0x47,0x00,0x87,0x25,0x00,0x00,0x04,0x00,0x01,0x00,0x30,0x10,0x00,0x00,0xe8,0x27,0x47,0x00,
0x00,0x00,0x00,0x00,0x56,0x00,0x00,0x00,0x0e,0x0d,0x8c,0x02,0x80,0x28,0x47,0x00,0x47,0x28,0x00,0x00,
0x07,0x00,0x01,0x00,0x20,0x10,0x03,0x00,0xe8,0x27,0x47,0x00,0x00,0x02,0x02,0x03,0x07,0x53,0x00,0x00,
0xc7,0x53,0x00,0x00,0x38,0x00,0x00,0x00,0x33,0x4e,0x00,0x2c,0x01,0x38,0x02,0x63,0xd6,0x56,0x00,0x00,
0x00,0x00,0x00,0x40,0x81,0x2c,0x8c,0x02,0x50,0x2d,0x47,0x00,0x07,0x38,0x00,0x00,0x09,0x00,0x01,0x00,
0x30,0x10,0x05,0x00,0xe8,0x27,0x47,0x00,0x00,0x03,0x06,0x06,0x07,0x00,0x00,0x00,0x07,0x53,0x00,0x00,
0x07,0x55,0x00,0x00,0xc7,0x2b,0x00,0x00,0xc7,0x22,0x00,0x00,0x47,0x1f,0x00,0x00,0x2d,0x00,0x01,0x3b,
0x03,0x3c,0x01,0x04,0x32,0x3c,0x01,0x05,0xc4,0x04,0x57,0x02,0x00,0x00,0x00,0x00,0x7b,0x63,0x8c,0x02,
0x30,0x2d,0x47,0x00,0xc7,0x21,0x00,0x00,0x08,0x00,0x01,0x00,0x20,0x10,0x03,0x00,0xe8,0x27,0x47,0x00,
0x00,0x02,0x03,0x04,0x07,0x53,0x00,0x00,0xc7,0x53,0x00,0x00,0x47,0x1f,0x00,0x00,0x40,0x00,0x00,0x00,
0x33,0x4e,0x00,0x2c,0x00,0x38,0x02,0x00,0xdc,0x2c,0x01,0x38,0x03,0x63,0xd6,0x56,0x00,0x00,0x00,0x58,
0x81,0x09,0x8e,0x02,0x60,0x2d,0x47,0x00,0x47,0x39,0x00,0x00,0x09,0x00,0x01,0x00,0x30,0x10,0x05,0x00,
0xe8,0x27,0x47,0x00,0x00,0x03,0x06,0x06,0x07,0x00,0x00,0x00,0x07,0x53,0x00,0x00,0x07,0x55,0x00,0x00,
0xc7,0x2b,0x00,0x00,0xc7,0x22,0x00,0x00,0x47,0x1f,0x00,0x00,0x2d,0x00,0x01,0x3b,0x03,0x3c,0x01,0x04,
0x32,0x3c,0x01,0x05,0xc4,0x04,0x57,0x02,0x00,0x00,0x00,0x00,0x7b,0x58,0x8e,0x02,0x40,0x2d,0x47,0x00,
0xc7,0x21,0x00,0x00,0x0c,0x00,0x01,0x00,0x20,0x10,0x03,0x00,0xe8,0x27,0x47,0x00,0x00,0x04,0x09,0x0a,
0x87,0x56,0x00,0x00,0x07,0x53,0x00,0x00,0x47,0x57,0x00,0x00,0xc7,0x53,0x00,0x00,0x07,0x58,0x00,0x00,
0x47,0x59,0x00,0x00,0x00,0x00,0x00,0x00,0xc7,0x1d,0x00,0x00,0x80,0x3e,0x00,0x00,0x60,0x00,0x00,0x00,
0x41,0x02,0x04,0xce,0x4e,0x00,0x3c,0x00,0x05,0x78,0x06,0x11,0x06,0x32,0xe8,0x07,0x56,0x33,0x4e,0x01,
0x2f,0x03,0x09,0x08,0xd6,0x56,0x00,0x4f,0x82,0x75,0x8f,0x02,0x50,0x2e,0x47,0x00,0xc7,0x26,0x00,0x00,
0x0a,0x00,0x01,0x00,0x30,0x10,0x03,0x00,0xe8,0x27,0x47,0x00,0x00,0x04,0x07,0x07,0x87,0x56,0x00,0x00,
0x47,0x57,0x00,0x00,0x07,0x53,0x00,0x00,0x07,0x55,0x00,0x00,0x07,0x58,0x00,0x00,0xc7,0x1d,0x00,0x00,
0x07,0x3c,0x00,0x00,0x41,0x01,0x04,0xce,0xdf,0x00,0x2d,0x02,0x05,0x32,0xdc,0x41,0x02,0x06,0xcd,0x57,
0x03,0x00,0x00,0x00,0x00,0x00,0x00,0x10,0x81,0x25,0x91,0x02,0x70,0x2d,0x47,0x00,0xc7,0x21,0x00,0x00,
0x0c,0x00,0x01,0x00,0x20,0x10,0x04,0x00,0xe8,0x27,0x47,0x00,0x00,0x04,0x08,0x09,0x07,0x5a,0x00,0x00,
0x07,0x53,0x00,0x00,0x87,0x44,0x00,0x00,0xc7,0x53,0x00,0x00,0xc7,0x1b,0x00,0x00,0xc7,0x45,0x00,0x00,
0xc7,0x5a,0x00,0x00,0x80,0x3e,0x00,0x00,0x60,0x00,0x00,0x00,0x3d,0x04,0x11,0x03,0x56,0x31,0xe8,0x04,
0x35,0x3b,0x4e,0x00,0x33,0x4e,0x01,0x41,0x02,0x05,0x2c,0x06,0xd3,0x2f,0x03,0x08,0x07,0xd6,0x56,0x00,
0x00,0x00,0x00,0x14,0x87,0x5a,0x92,0x02,0xb0,0x27,0x47,0x00,0x07,0x3c,0x00,0x00,0x1b,0x00,0x01,0x00,
0x30,0x10,0x05,0x00,0xe8,0x27,0x47,0x00,0x00,0x05,0x17,0x17,0x87,0x44,0x00,0x00,0x07,0x5a,0x00,0x00,
0x07,0x53,0x00,0x00,0x07,0x55,0x00,0x00,0x87,0x5e,0x00,0x00,0xc7,0x45,0x00,0x00,0x07,0x60,0x00,0x00,
0xc7,0x1b,0x00,0x00,0x07,0x17,0x00,0x00,0x47,0x1a,0x00,0x00,0x10,0x00,0x00,0x00,0xc7,0x63,0x00,0x00,
0x20,0x00,0x00,0x00,0x07,0x65,0x00,0x00,0x30,0x00,0x00,0x00,0x07,0x66,0x00,0x00,0x47,0x67,0x00,0x00,
0x87,0x68,0x00,0x00,0x07,0x69,0x00,0x00,0x87,0x69,0x00,0x00,0x00,0x00,0x00,0x00,0x07,0x6c,0x00,0x00,
0x87,0x36,0x00,0x00,0x41,0x00,0x05,0x2d,0x06,0x01,0xd9,0x3c,0x02,0x07,0x60,0x11,0x04,0x57,0x03,0xb5,
0x01,0x2f,0x02,0x08,0x02,0x3b,0x09,0x78,0x0a,0x11,0x06,0x2c,0x0b,0x01,0x1a,0x3c,0x02,0x09,0x78,0x0c,
0x11,0x06,0x2c,0x0d,0x01,0x0f,0x3c,0x02,0x09,0x78,0x0e,0x11,0x06,0x2c,0x0f,0x01,0x04,0x2c,0x10,0x99,
0x11,0x99,0x01,0x99,0x12,0xdc,0x41,0x02,0x13,0xcd,0x85,0x01,0x14,0x11,0x0c,0x41,0x00,0x05,0x2c,0x15,
0xd3,0x41,0x02,0x16,0xcd,0x82,0x01,0x14,0x11,0x06,0x2c,0x04,0x01,0x04,0x2c,0x03,0x55,0x00,0x00,0x3d,
0x85,0x22,0x94,0x02,0x90,0x27,0x47,0x00,0xc7,0x21,0x00,0x00,0x15,0x00,0x01,0x00,0x30,0x10,0x05,0x01,
0xe8,0x27,0x47,0x00,0x02,0x04,0x10,0x10,0x87,0x44,0x00,0x00,0x47,0x57,0x00,0x00,0xc7,0x45,0x00,0x00,
0x47,0x6f,0x00,0x00,0x10,0x00,0x00,0x00,0x07,0x73,0x00,0x00,0x47,0x74,0x00,0x00,0x47,0x59,0x00,0x00,
0x20,0x00,0x00,0x00,0x07,0x78,0x00,0x00,0x47,0x79,0x00,0x00,0x40,0x00,0x00,0x00,0x07,0x7d,0x00,0x00,
0x87,0x7e,0x00,0x00,0x61,0x00,0x11,0x06,0x35,0x06,0xeb,0x00,0x41,0x02,0x04,0x2c,0x05,0xd3,0x30,0xeb,
0x01,0x70,0x00,0x06,0x11,0x11,0x41,0x03,0x07,0xce,0xeb,0x01,0x41,0x02,0x04,0x2d,0x08,0x01,0x3b,0x09,
0xd9,0x70,0x00,0x0a,0x11,0x11,0x41,0x03,0x0b,0xce,0xeb,0x01,0x41,0x02,0x04,0x2d,0x0c,0x01,0x3b,0x09,
0xd9,0x70,0x00,0x0d,0x11,0x11,0x41,0x03,0x0e,0xce,0xeb,0x01,0x41,0x02,0x04,0x2d,0x0f,0x01,0x3b,0x09,
0xd9,0x56,0x00,0x00,0x00,0x00,0x00,0x19,0x84,0x04,0x9a,0x02,0x20,0x29,0x47,0x00,0xc7,0x3d,0x00,0x00,
0x2b,0x00,0x01,0x00,0x30,0x10,0x08,0x01,0xe8,0x27,0x47,0x00,0x02,0x06,0x21,0x21,0x87,0x44,0x00,0x00,
0x87,0x82,0x00,0x00,0x87,0x03,0x00,0x00,0x47,0x05,0x00,0x00,0xc7,0x45,0x00,0x00,0x47,0x83,0x00,0x00,
0xc7,0x86,0x00,0x00,0x47,0x88,0x00,0x00,0xc7,0x2a,0x00,0x00,0x07,0x8a,0x00,0x00,0x87,0x8b,0x00,0x00,
0x47,0x2f,0x00,0x00,0x47,0x8c,0x00,0x00,0x07,0x8d,0x00,0x00,0x47,0x1a,0x00,0x00,0x07,0x17,0x00,0x00,
0x47,0x8e,0x00,0x00,0x47,0x90,0x00,0x00,0x10,0x00,0x00,0x00,0x87,0x91,0x00,0x00,0x47,0x93,0x00,0x00,
0x47,0x94,0x00,0x00,0x47,0x59,0x00,0x00,0xc7,0x21,0x00,0x00,0x07,0x96,0x00,0x00,0x47,0x98,0x00,0x00,
0x07,0x49,0x00,0x00,0x47,0x9a,0x00,0x00,0x07,0x9c,0x00,0x00,0x07,0x3c,0x00,0x00,0x87,0x69,0x00,0x00,
0x41,0x02,0x06,0x2d,0x07,0x03,0x40,0x08,0x2c,0x00,0xd4,0xd9,0x41,0x02,0x06,0x2d,0x09,0x03,0x40,0x08,
0x3d,0x0a,0xd4,0xd9,0x41,0x02,0x06,0x2d,0x0b,0x03,0x40,0x08,0x2c,0x00,0xd4,0xd9,0x2c,0x00,0x11,0x94,
0x2c,0x00,0xe8,0x0c,0x2c,0x00,0xe8,0x0d,0x3c,0x00,0x0e,0x78,0x0f,0x11,0x21,0x35,0x00,0xe8,0x10,0x2c,
0x12,0xe8,0x11,0x3c,0x00,0x13,0x78,0x14,0x11,0x0b,0x41,0x04,0x15,0x35,0x0a,0x34,0xd9,0x01,0x07,0x41,
0x04,0x15,0x34,0xd3,0x01,0x60,0x3c,0x00,0x0e,0x78,0x16,0x11,0x36,0x34,0xe8,0x10,0x41,0x04,0x15,0x35,
0x03,0x34,0xd9,0x41,0x02,0x06,0x2d,0x17,0x00,0x3b,0x18,0xd9,0x2d,0x05,0x00,0x3b,0x18,0x11,0x07,0x3c,
0x00,0x18,0x01,0x04,0x2c,0x19,0xd1,0xeb,0x01,0x3c,0x01,0x1a,0x11,0x07,0x3c,0x01,0x1a,0x01,0x04,0x2c,
0x1b,0xe8,0x11,0x01,0x25,0x3c,0x00,0x0e,0x78,0x1c,0x11,0x06,0x35,0x01,0x01,0x04,0x35,0x02,0xe8,0x10,
0x41,0x04,0x15,0x34,0xd3,0x3c,0x00,0x0e,0x78,0x1c,0x11,0x06,0x2c,0x1d,0x01,0x04,0x2c,0x1e,0xe8,0x11,
0x42,0x1f,0xcd,0x42,0x20,0xcd,0x56,0x00,0x00,0x00,0x00,0x25,0x89,0x35,0x9e,0x02,0x90,0x35,0x47,0x00,
0x87,0x3f,0x00,0x00,0x21,0x00,0x01,0x00,0x30,0x10,0x09,0x00,0xe8,0x27,0x47,0x00,0x00,0x04,0x16,0x16,
0x47,0x57,0x00,0x00,0xc7,0x01,0x00,0x00,0x87,0x44,0x00,0x00,0x87,0x82,0x00,0x00,0x07,0x2d,0x00,0x00,
0x07,0x9e,0x00,0x00,0xc7,0x2a,0x00,0x00,0xc7,0x2d,0x00,0x00,0x47,0x1a,0x00,0x00,0x10,0x00,0x00,0x00,
0x87,0xa0,0x00,0x00,0xc7,0xa1,0x00,0x00,0xc7,0x45,0x00,0x00,0x47,0xa3,0x00,0x00,0x47,0xa7,0x00,0x00,
0xc7,0x86,0x00,0x00,0xc7,0xa8,0x00,0x00,0x87,0xaa,0x00,0x00,0x07,0x38,0x00,0x00,0x00,0x00,0x00,0x00,
0xc7,0xac,0x00,0x00,0x87,0x69,0x00,0x00,0x3c,0x00,0x05,0x3b,0x04,0xe8,0x04,0x3c,0x00,0x05,0x3b,0x06,
0xe8,0x06,0x3c,0x00,0x05,0x3b,0x07,0xe8,0x07,0x3d,0x08,0x78,0x09,0x11,0x3d,0x3d,0x07,0x3b,0x0a,0x11,
0x08,0x41,0x01,0x0b,0x3d,0x06,0xd3,0x41,0x02,0x0c,0x2f,0x0d,0x0e,0x03,0x40,0x0f,0x3d,0x04,0xd4,0xc7,
0x03,0x41,0x02,0x0c,0x2f,0x0d,0x10,0x03,0x40,0x0f,0x3d,0x06,0xd4,0xc7,0x03,0x41,0x02,0x0c,0x2f,0x0d,
0x11,0x03,0x40,0x0f,0x3d,0x07,0xd4,0xc7,0x03,0x42,0x12,0xcd,0x01,0x35,0x3d,0x08,0x78,0x13,0x11,0x2f,
0x41,0x02,0x0c,0x2f,0x14,0x0e,0x03,0x40,0x0f,0x3d,0x04,0xd4,0xc7,0x03,0x41,0x02,0x0c,0x2f,0x14,0x10,
0x03,0x40,0x0f,0x3d,0x06,0xd4,0xc7,0x03,0x41,0x02,0x0c,0x2f,0x14,0x11,0x03,0x40,0x0f,0x3d,0x07,0xd4,
0xc7,0x03,0x42,0x12,0xcd,0x42,0x15,0xcd,0x56,0x00,0x00,0x00,0x00,0x00,0x00,0x1a,0x88,0x68,0xa7,0x02,
0xe8,0x2e,0x47,0x00,0x47,0x41,0x00,0x00,0x0e,0x00,0x01,0x00,0x30,0x10,0x08,0x00,0xe8,0x27,0x47,0x00,
0x00,0x03,0x0c,0x0c,0x87,0x03,0x00,0x00,0x47,0x57,0x00,0x00,0x87,0x44,0x00,0x00,0xc7,0x1b,0x00,0x00,
0xc7,0x3d,0x00,0x00,0x87,0x91,0x00,0x00,0x07,0x58,0x00,0x00,0xc7,0x45,0x00,0x00,0xc7,0xb0,0x00,0x00,
0x07,0x2d,0x00,0x00,0xc7,0x2a,0x00,0x00,0xc7,0x2d,0x00,0x00,0x32,0xe8,0x03,0x42,0x04,0xcd,0x41,0x00,
0x05,0x34,0xd3,0x41,0x01,0x06,0xcd,0x41,0x02,0x07,0x2c,0x08,0x3d,0x03,0x3d,0x09,0x3d,0x0a,0x3d,0x0b,
0xc7,0x05,0x56,0x00,0x00,0x00,0x00,0x70,0x81,0x18,0xb0,0x02,0xc8,0x27,0x47,0x00,0x87,0x42,0x00,0x00,
0x0c,0x00,0x50,0x52,0x49,0x4e,0x54,0x5f,0x54,0x49,0x43,0x4b,0x45,0x54,0x0c,0x00,0x54,0x52,0x41,0x4e,
0x53,0x5f,0x52,0x45,0x50,0x4f,0x52,0x54,0x0c,0x00,0x47,0x4c,0x4f,0x42,0x41,0x4c,0x5f,0x46,0x55,0x4e,
0x43,0x53,0x0b,0x00,0x67,0x65,0x74,0x52,0x65,0x73,0x70,0x6f,0x6e,0x73,0x65,0x00,0x07,0x00,0x72,0x65,
0x71,0x75,0x69,0x72,0x65,0x00,0x09,0x00,0x56,0x69,0x65,0x77,0x4d,0x6f,0x64,0x65,0x6c,0x00,0x10,0x00,
0x6d,0x6f,0x64,0x5f,0x67,0x6c,0x6f,0x62,0x61,0x6c,0x5f,0x70,0x72,0x69,0x6e,0x74,0x11,0x00,0x6d,0x6f,
0x64,0x5f,0x67,0x6c,0x6f,0x62,0x61,0x6c,0x5f,0x72,0x65,0x70,0x6f,0x72,0x74,0x00,0x10,0x00,0x6d,0x6f,
0x64,0x5f,0x67,0x6c,0x6f,0x62,0x61,0x6c,0x5f,0x66,0x75,0x6e,0x63,0x73,0x13,0x00,0x6d,0x6f,0x64,0x5f,
0x67,0x6c,0x6f,0x62,0x61,0x6c,0x5f,0x72,0x65,0x73,0x70,0x6f,0x6e,0x73,0x65,0x00,0x06,0x00,0x72,0x65,
0x73,0x75,0x6c,0x74,0x04,0x00,0x64,0x61,0x74,0x61,0x06,0x00,0x61,0x6d,0x6f,0x75,0x6e,0x74,0x04,0x00,
0x30,0x2e,0x30,0x30,0x07,0x00,0x62,0x74,0x6e,0x54,0x65,0x78,0x74,0x00,0x0d,0x00,0x53,0x75,0x63,0x63,
0x65,0x73,0x73,0x20,0x28,0x36,0x30,0x73,0x29,0x00,0x0a,0x00,0x72,0x65,0x73,0x75,0x6c,0x74,0x43,0x6f,
0x64,0x65,0x0d,0x00,0x69,0x73,0x54,0x69,0x6d,0x65,0x72,0x41,0x63,0x74,0x69,0x76,0x65,0x00,0x0a,0x00,
0x69,0x73,0x50,0x72,0x69,0x6e,0x74,0x69,0x6e,0x67,0x09,0x00,0x63,0x75,0x72,0x72,0x50,0x72,0x69,0x6e,
0x74,0x00,0x05,0x00,0x74,0x69,0x74,0x6c,0x65,0x00,0x00,0x00,0x03,0x00,0x72,0x72,0x6e,0x00,0x08,0x00,
0x63,0x61,0x6c,0x6c,0x62,0x61,0x63,0x6b,0x09,0x00,0x70,0x72,0x69,0x6e,0x74,0x4e,0x65,0x78,0x74,0x00,
0x07,0x00,0x6e,0x6f,0x50,0x61,0x70,0x65,0x72,0x00,0x09,0x00,0x70,0x72,0x69,0x6e,0x74,0x44,0x6f,0x6e,
0x65,0x00,0x0a,0x00,0x70,0x72,0x69,0x6e,0x74,0x45,0x72,0x72,0x6f,0x72,0x06,0x00,0x63,0x6f,0x6e,0x66,
0x69,0x67,0x05,0x00,0x74,0x72,0x61,0x6e,0x73,0x00,0x08,0x00,0x72,0x65,0x73,0x70,0x6f,0x6e,0x73,0x65,
0x04,0x00,0x66,0x6c,0x6f,0x77,0x0a,0x00,0x74,0x72,0x61,0x6e,0x73,0x50,0x61,0x72,0x61,0x6d,0x04,0x00,
0x75,0x73,0x65,0x72,0x10,0x00,0x74,0x72,0x61,0x6e,0x73,0x66,0x65,0x72,0x52,0x65,0x73,0x70,0x6f,0x6e,
0x73,0x65,0x07,0x00,0x6d,0x65,0x74,0x68,0x6f,0x64,0x73,0x00,0x09,0x00,0x6f,0x6e,0x4b,0x65,0x79,0x44,
0x6f,0x77,0x6e,0x00,0x09,0x00,0x6f,0x6e,0x52,0x65,0x70,0x61,0x69,0x6e,0x74,0x00,0x09,0x00,0x6f,0x6e,
0x43,0x6f,0x6e,0x66,0x69,0x72,0x6d,0x00,0x07,0x00,0x6f,0x6e,0x50,0x72,0x69,0x6e,0x74,0x00,0x13,0x00,
0x6f,0x6e,0x50,0x72,0x69,0x6e,0x74,0x4d,0x65,0x72,0x63,0x68,0x61,0x6e,0x74,0x43,0x6f,0x70,0x79,0x00,
0x0b,0x00,0x64,0x65,0x6c,0x61,0x79,0x43,0x6c,0x73,0x50,0x72,0x6e,0x00,0x0b,0x00,0x63,0x6c,0x6f,0x73,
0x65,0x44,0x65,0x74,0x65,0x63,0x74,0x00,0x0b,0x00,0x6f,0x6e,0x57,0x69,0x6c,0x6c,0x4d,0x6f,0x75,0x6e,
0x74,0x00,0x07,0x00,0x6f,0x6e,0x4d,0x6f,0x75,0x6e,0x74,0x00,0x0d,0x00,0x6f,0x6e,0x57,0x69,0x6c,0x6c,
0x55,0x6e,0x6d,0x6f,0x75,0x6e,0x74,0x00,0x07,0x00,0x63,0x6f,0x6e,0x73,0x6f,0x6c,0x65,0x00,0x03,0x00,
0x6c,0x6f,0x67,0x00,0x12,0x00,0x6b,0x65,0x79,0x20,0x64,0x6f,0x77,0x6e,0x2d,0x2d,0x2d,0x2d,0x2d,0x3e,
0x3e,0x3e,0x3e,0x3a,0x06,0x00,0x63,0x61,0x6e,0x63,0x65,0x6c,0x06,0x00,0x72,0x65,0x74,0x75,0x72,0x6e,
0x09,0x00,0x63,0x61,0x6c,0x6c,0x50,0x72,0x69,0x6e,0x74,0x00,0x0f,0x00,0x6e,0x61,0x76,0x69,0x67,0x61,
0x74,0x65,0x52,0x65,0x70,0x6c,0x61,0x63,0x65,0x00,0x0d,0x00,0x63,0x6c,0x6f,0x73,0x65,0x5f,0x63,0x75,
0x72,0x72,0x65,0x6e,0x74,0x00,0x06,0x00,0x74,0x61,0x72,0x67,0x65,0x74,0x07,0x00,0x70,0x61,0x79,0x6d,
0x65,0x6e,0x74,0x00,0x04,0x00,0x74,0x68,0x61,0x74,0x08,0x00,0x74,0x69,0x6d,0x65,0x72,0x41,0x64,0x64,
0x0a,0x00,0x52,0x45,0x54,0x5f,0x52,0x45,0x4d,0x4f,0x56,0x45,0x03,0x00,0x72,0x65,0x74,0x00,0x03,0x00,
0x54,0x6f,0x73,0x00,0x08,0x00,0x50,0x72,0x6e,0x43,0x6c,0x6f,0x73,0x65,0x04,0x00,0x63,0x6f,0x64,0x65,
0x04,0x00,0x74,0x69,0x6d,0x65,0x1b,0x00,0x64,0x65,0x6c,0x61,0x79,0x43,0x6c,0x73,0x50,0x72,0x6e,0x20,
0x30,0x30,0x30,0x3d,0x3d,0x3d,0x3d,0x3d,0x3d,0x3d,0x3d,0x3d,0x3d,0x3d,0x3e,0x00,0x0a,0x00,0x52,0x45,
0x54,0x5f,0x52,0x45,0x50,0x45,0x41,0x54,0x1c,0x00,0x64,0x65,0x6c,0x61,0x79,0x43,0x6c,0x73,0x50,0x72,
0x6e,0x20,0x31,0x31,0x31,0x31,0x3d,0x3d,0x3d,0x3d,0x3d,0x3d,0x3d,0x3d,0x3d,0x3d,0x3d,0x3e,0x07,0x00,
0x53,0x75,0x63,0x63,0x65,0x73,0x73,0x00,0x06,0x00,0x43,0x61,0x6e,0x63,0x65,0x6c,0x07,0x00,0x54,0x69,
0x6d,0x65,0x6f,0x75,0x74,0x00,0x07,0x00,0x46,0x61,0x69,0x6c,0x75,0x72,0x65,0x00,0x02,0x00,0x20,0x28,
0x02,0x00,0x73,0x29,0x12,0x00,0x6e,0x6f,0x74,0x69,0x66,0x79,0x50,0x72,0x6f,0x70,0x73,0x43,0x68,0x61,
0x6e,0x67,0x65,0x64,0x18,0x00,0x63,0x6f,0x6e,0x66,0x69,0x72,0x6d,0x20,0x71,0x75,0x69,0x74,0x3d,0x3d,
0x3d,0x3d,0x3d,0x3d,0x3d,0x3d,0x3d,0x3d,0x3d,0x3e,0x1c,0x00,0x63,0x6c,0x6f,0x73,0x65,0x44,0x65,0x74,
0x65,0x63,0x74,0x20,0x30,0x30,0x30,0x30,0x3d,0x3d,0x3d,0x3d,0x3d,0x3d,0x3d,0x3d,0x3d,0x3d,0x3d,0x3e,
0x08,0x00,0x49,0x63,0x63,0x43,0x6c,0x6f,0x73,0x65,0x1c,0x00,0x63,0x6c,0x6f,0x73,0x65,0x44,0x65,0x74,
0x65,0x63,0x74,0x20,0x69,0x63,0x63,0x20,0x3d,0x3d,0x3d,0x3d,0x3d,0x3d,0x3d,0x3d,0x3d,0x3d,0x3d,0x3e,
0x08,0x00,0x4d,0x73,0x72,0x43,0x6c,0x6f,0x73,0x65,0x1c,0x00,0x63,0x6c,0x6f,0x73,0x65,0x44,0x65,0x74,
0x65,0x63,0x74,0x20,0x6d,0x73,0x72,0x20,0x3d,0x3d,0x3d,0x3d,0x3d,0x3d,0x3d,0x3d,0x3d,0x3d,0x3d,0x3e,
0x09,0x00,0x50,0x69,0x63,0x63,0x43,0x6c,0x6f,0x73,0x65,0x00,0x1d,0x00,0x63,0x6c,0x6f,0x73,0x65,0x44,
0x65,0x74,0x65,0x63,0x74,0x20,0x70,0x69,0x63,0x63,0x20,0x3d,0x3d,0x3d,0x3d,0x3d,0x3d,0x3d,0x3d,0x3d,
0x3d,0x3d,0x3e,0x00,0x04,0x00,0x4a,0x53,0x4f,0x4e,0x1a,0x00,0x72,0x65,0x73,0x75,0x6c,0x74,0x20,0x74,
0x79,0x70,0x65,0x20,0x3d,0x3d,0x3d,0x3d,0x3d,0x3d,0x3d,0x3d,0x3d,0x3d,0x3d,0x3d,0x3d,0x3e,0x09,0x00,
0x73,0x74,0x72,0x69,0x6e,0x67,0x69,0x66,0x79,0x00,0x0b,0x00,0x74,0x72,0x61,0x6e,0x73,0x3d,0x3d,0x3d,
0x3d,0x3d,0x3e,0x00,0x0a,0x00,0x72,0x65,0x71,0x3d,0x3d,0x3d,0x3d,0x3d,0x3d,0x3e,0x03,0x00,0x72,0x65,
0x71,0x00,0x04,0x00,0x74,0x79,0x70,0x65,0x07,0x00,0x73,0x75,0x63,0x63,0x65,0x73,0x73,0x00,0x0d,0x00,
0x53,0x75,0x63,0x63,0x65,0x73,0x73,0x20,0x28,0x31,0x30,0x73,0x29,0x00,0x08,0x00,0x63,0x61,0x72,0x64,
0x54,0x79,0x70,0x65,0x0c,0x00,0x73,0x65,0x74,0x4c,0x45,0x44,0x53,0x74,0x61,0x74,0x75,0x73,0x05,0x00,
0x65,0x72,0x72,0x6f,0x72,0x00,0x0b,0x00,0x65,0x72,0x72,0x6f,0x72,0x20,0x63,0x6f,0x64,0x65,0x3a,0x00,
0x0f,0x00,0x72,0x65,0x73,0x70,0x6f,0x6e,0x73,0x65,0x4d,0x65,0x73,0x73,0x61,0x67,0x65,0x00,0x0d,0x00,
0x46,0x61,0x69,0x6c,0x75,0x72,0x65,0x20,0x28,0x31,0x30,0x73,0x29,0x00,0x0c,0x00,0x43,0x61,0x6e,0x63,
0x65,0x6c,0x20,0x28,0x31,0x30,0x73,0x29,0x0d,0x00,0x54,0x69,0x6d,0x65,0x6f,0x75,0x74,0x20,0x28,0x31,
0x30,0x73,0x29,0x00,0x12,0x00,0x47,0x4c,0x4f,0x42,0x41,0x4c,0x5f,0x54,0x52,0x41,0x4e,0x53,0x41,0x43,
0x54,0x49,0x4f,0x4e,0x08,0x00,0x6e,0x65,0x65,0x64,0x53,0x61,0x76,0x65,0x09,0x00,0x73,0x61,0x76,0x65,
0x54,0x72,0x61,0x6e,0x73,0x00,0x1d,0x00,0x6f,0x6e,0x4d,0x6f,0x75,0x6e,0x74,0x20,0x73,0x75,0x63,0x63,
0x65,0x73,0x73,0x20,0x3d,0x3d,0x3d,0x3d,0x3d,0x3d,0x3d,0x3d,0x3d,0x3d,0x3d,0x3d,0x3e,0x00,0x0a,0x00,
0x66,0x6c,0x6f,0x77,0x20,0x3d,0x3d,0x3d,0x3d,0x3e,0x0b,0x00,0x74,0x72,0x61,0x6e,0x73,0x20,0x3d,0x3d,
0x3d,0x3d,0x3e,0x00,0x10,0x00,0x74,0x72,0x61,0x6e,0x73,0x50,0x61,0x72,0x61,0x6d,0x20,0x3d,0x3d,0x3d,
0x3d,0x3e,0x1d,0x00,0x6f,0x6e,0x4d,0x6f,0x75,0x6e,0x74,0x20,0x66,0x61,0x69,0x6c,0x75,0x72,0x65,0x20,
0x3d,0x3d,0x3d,0x3d,0x3d,0x3d,0x3d,0x3d,0x3d,0x3d,0x3d,0x3d,0x3e,0x00,0x1a,0x00,0x52,0x65,0x73,0x75,
0x6c,0x74,0x20,0x75,0x6e,0x6d,0x6f,0x75,0x6e,0x74,0x20,0x3d,0x3d,0x3d,0x3d,0x3d,0x3d,0x3d,0x3d,0x3d,
0x3d,0x3e,0x00,0x00,0x00,0x00,};/*3906*/
