TK_CONST_DATA_ALIGN(const unsigned char script_subSettings[]) = {
0x80,0x00,0x01,0x01,0x3c,0x0d,0x00,0x00,0x00,0x00,0x00,0x00,0x73,0x75,0x62,0x53,0x65,0x74,0x74,0x69,
0x6e,0x67,0x73,0x00,0x00,0x00,0x00,0x00,0x00,0x00,0x00,0x00,0x00,0x00,0x00,0x00,0x00,0x00,0x00,0x00,
0x00,0x00,0x00,0x00,0x4a,0x52,0x52,0x59,0x46,0x00,0x00,0x00,0x00,0x00,0x00,0x00,0x18,0x08,0x00,0x00,
0x01,0x00,0x00,0x00,0x18,0x00,0x00,0x00,0x50,0x00,0x01,0x00,0x00,0x30,0x0d,0x00,0x90,0x27,0x47,0x00,
0x01,0x04,0x3c,0x46,0x07,0x00,0x00,0x00,0x07,0x02,0x00,0x00,0x47,0x03,0x00,0x00,0xc7,0x04,0x00,0x00,
0x07,0x00,0x00,0x00,0x47,0x07,0x00,0x00,0x07,0x09,0x00,0x00,0xc7,0x09,0x00,0x00,0xc7,0x0b,0x00,0x00,
0x87,0x0d,0x00,0x00,0x47,0x0e,0x00,0x00,0x87,0x0f,0x00,0x00,0x47,0x10,0x00,0x00,0x87,0x11,0x00,0x00,
0x87,0x12,0x00,0x00,0x47,0x14,0x00,0x00,0xc7,0x15,0x00,0x00,0x47,0x18,0x00,0x00,0x87,0x1a,0x00,0x00,
0x47,0x1b,0x00,0x00,0x47,0x1d,0x00,0x00,0x07,0x1e,0x00,0x00,0x87,0x1f,0x00,0x00,0x07,0x20,0x00,0x00,
0xc7,0x21,0x00,0x00,0x87,0x24,0x00,0x00,0x47,0x26,0x00,0x00,0x47,0x28,0x00,0x00,0x07,0x2a,0x00,0x00,
0xc7,0x2b,0x00,0x00,0xc7,0x2d,0x00,0x00,0x07,0x2f,0x00,0x00,0x87,0x30,0x00,0x00,0x07,0x32,0x00,0x00,
0x07,0x34,0x00,0x00,0xc7,0x35,0x00,0x00,0x47,0x37,0x00,0x00,0xc7,0x37,0x00,0x00,0x07,0x39,0x00,0x00,
0x07,0x3b,0x00,0x00,0x47,0x3d,0x00,0x00,0xc7,0x3f,0x00,0x00,0x87,0x41,0x00,0x00,0x47,0x44,0x00,0x00,
0xc7,0x44,0x00,0x00,0x47,0x45,0x00,0x00,0x07,0x46,0x00,0x00,0xc7,0x46,0x00,0x00,0x87,0x47,0x00,0x00,
0xc7,0x48,0x00,0x00,0x87,0x4a,0x00,0x00,0x07,0x4c,0x00,0x00,0x07,0x4e,0x00,0x00,0x07,0x50,0x00,0x00,
0x87,0x51,0x00,0x00,0x07,0x53,0x00,0x00,0x87,0x54,0x00,0x00,0x47,0x56,0x00,0x00,0x87,0x57,0x00,0x00,
0x80,0x02,0x00,0x00,0x08,0x03,0x00,0x00,0x78,0x04,0x00,0x00,0x38,0x05,0x00,0x00,0xe8,0x05,0x00,0x00,
0x48,0x06,0x00,0x00,0x88,0x06,0x00,0x00,0xc8,0x06,0x00,0x00,0xb0,0x07,0x00,0x00,0xd8,0x07,0x00,0x00,
0x47,0x01,0x51,0x01,0x2d,0x02,0x04,0xd1,0x3b,0x05,0xdf,0x01,0x2d,0x03,0x06,0x14,0x14,0x32,0x18,0x08,
0x58,0x0a,0x09,0x58,0x0c,0x0b,0x32,0x18,0x0d,0x32,0x18,0x0e,0x31,0x18,0x0f,0x35,0x00,0x18,0x10,0x1c,
0x18,0x11,0x1c,0x14,0x58,0x14,0x13,0x31,0x18,0x15,0x58,0x17,0x16,0x14,0x58,0x18,0x13,0x31,0x18,0x15,
0x58,0x17,0x16,0x14,0x58,0x19,0x13,0x31,0x18,0x15,0x58,0x17,0x16,0x20,0x03,0x18,0x12,0x1c,0x14,0x58,
0x14,0x13,0x31,0x18,0x15,0x58,0x17,0x16,0x14,0x58,0x18,0x13,0x31,0x18,0x15,0x58,0x17,0x16,0x14,0x58,
0x19,0x13,0x31,0x18,0x15,0x58,0x17,0x16,0x20,0x03,0x18,0x1a,0x1c,0x14,0x58,0x1c,0x13,0x32,0x18,0x15,
0x58,0x17,0x16,0x14,0x58,0x1d,0x13,0x31,0x18,0x15,0x58,0x17,0x16,0x14,0x58,0x1e,0x13,0x32,0x18,0x15,
0x58,0x17,0x16,0x14,0x58,0x1f,0x13,0x31,0x18,0x15,0x58,0x17,0x16,0x14,0x58,0x20,0x13,0x31,0x18,0x15,
0x58,0x17,0x16,0x14,0x58,0x21,0x13,0x31,0x18,0x15,0x58,0x17,0x16,0x14,0x58,0x22,0x13,0x31,0x18,0x15,
0x58,0x17,0x16,0x20,0x07,0x18,0x1b,0x1c,0x14,0x58,0x24,0x13,0x31,0x18,0x15,0x58,0x25,0x16,0x14,0x58,
0x26,0x13,0x31,0x18,0x15,0x58,0x25,0x16,0x14,0x58,0x27,0x13,0x31,0x18,0x15,0x58,0x25,0x16,0x14,0x58,
0x28,0x13,0x31,0x18,0x15,0x58,0x25,0x16,0x14,0x58,0x29,0x13,0x31,0x18,0x15,0x58,0x25,0x16,0x14,0x58,
0x2a,0x13,0x31,0x18,0x15,0x58,0x25,0x16,0x20,0x06,0x18,0x23,0x1c,0x14,0x58,0x2c,0x13,0x32,0x18,0x15,
0x58,0x2d,0x16,0x14,0x58,0x2e,0x13,0x31,0x18,0x15,0x58,0x2d,0x16,0x14,0x58,0x2f,0x13,0x31,0x18,0x15,
0x58,0x2d,0x16,0x14,0x58,0x30,0x13,0x31,0x18,0x15,0x58,0x2d,0x16,0x20,0x04,0x18,0x2b,0x18,0x07,0x14,
0x58,0x3c,0x32,0x58,0x3d,0x33,0x18,0x31,0x58,0x3e,0x34,0x58,0x3f,0x35,0x58,0x40,0x36,0x58,0x41,0x37,
0x58,0x42,0x38,0x58,0x43,0x39,0x58,0x44,0x3a,0x58,0x45,0x3b,0xd8,0x56,0x00,0x00,0x00,0x00,0x00,0x00,
0xc0,0x28,0x47,0x00,0xc7,0x8a,0x00,0x00,0x11,0x00,0x01,0x00,0x30,0x10,0x04,0x00,0x90,0x27,0x47,0x00,
0x00,0x01,0x0c,0x0c,0x87,0x4a,0x00,0x00,0xc7,0x09,0x00,0x00,0x47,0x18,0x00,0x00,0x07,0x59,0x00,0x00,
0xc7,0x5b,0x00,0x00,0x47,0x5e,0x00,0x00,0x47,0x14,0x00,0x00,0x10,0x00,0x00,0x00,0xc7,0x60,0x00,0x00,
0xc7,0x61,0x00,0x00,0x87,0x62,0x00,0x00,0x87,0x24,0x00,0x00,0x3d,0x01,0x60,0x11,0x0e,0x3d,0x03,0xe8,
0x02,0x42,0x04,0xcd,0x42,0x05,0x3d,0x02,0xd3,0x3d,0x06,0x72,0x07,0x11,0x0e,0x2c,0x00,0x14,0x58,0x09,
0x08,0x31,0x18,0x0a,0xd0,0x01,0x12,0x3d,0x0b,0xe8,0x02,0x42,0x05,0x3d,0x02,0xd3,0x42,0x04,0xcd,0x35,
0x00,0xe8,0x06,0x56,0x00,0x00,0x00,0x00,0x00,0x00,0x00,0x27,0x85,0x07,0x9d,0x02,0xc0,0x29,0x47,0x00,
0xc7,0x48,0x00,0x00,0x2e,0x00,0x01,0x00,0x30,0x10,0x08,0x01,0x90,0x27,0x47,0x00,0x01,0x04,0x24,0x24,
0x87,0x64,0x00,0x00,0xc7,0x65,0x00,0x00,0x87,0x66,0x00,0x00,0x47,0x14,0x00,0x00,0x20,0x00,0x00,0x00,
0xc7,0x68,0x00,0x00,0x87,0x69,0x00,0x00,0x07,0x6b,0x00,0x00,0x87,0x1a,0x00,0x00,0x07,0x32,0x00,0x00,
0xc7,0x60,0x00,0x00,0x87,0x6c,0x00,0x00,0x47,0x6e,0x00,0x00,0x47,0x1d,0x00,0x00,0x07,0x1e,0x00,0x00,
0x87,0x62,0x00,0x00,0x47,0x6f,0x00,0x00,0xc7,0x70,0x00,0x00,0x47,0x07,0x00,0x00,0x47,0x1b,0x00,0x00,
0x47,0x18,0x00,0x00,0x47,0x26,0x00,0x00,0x87,0x71,0x00,0x00,0x47,0x10,0x00,0x00,0x47,0x5e,0x00,0x00,
0xc7,0x5b,0x00,0x00,0x07,0x20,0x00,0x00,0x07,0x34,0x00,0x00,0xc7,0x21,0x00,0x00,0x87,0x41,0x00,0x00,
0x47,0x74,0x00,0x00,0x07,0x59,0x00,0x00,0xc7,0x77,0x00,0x00,0x47,0x7b,0x00,0x00,0xc7,0x09,0x00,0x00,
0x3d,0x04,0x72,0x05,0x11,0x35,0x41,0x01,0x06,0x2d,0x07,0x02,0x40,0x08,0x2c,0x00,0xd4,0xd9,0x3c,0x00,
0x09,0x72,0x0a,0x11,0x03,0x56,0x2c,0x03,0x14,0x58,0x0c,0x0b,0x3c,0x00,0x09,0x18,0x0d,0x3c,0x00,0x0e,
0x18,0x0e,0x3c,0x00,0x0f,0x18,0x0f,0x31,0x18,0x10,0x32,0x18,0x11,0x58,0x13,0x12,0xd0,0x35,0x01,0xe8,
0x04,0x3c,0x00,0x09,0x72,0x14,0x11,0x1b,0x3d,0x16,0xe8,0x15,0x41,0x01,0x06,0x2c,0x17,0x3d,0x15,0xd9,
0x31,0xe8,0x18,0x42,0x19,0x3d,0x15,0xd3,0x42,0x1a,0xcd,0x01,0x3a,0x3c,0x00,0x09,0x72,0x1b,0x11,0x18,
0x3d,0x1c,0xe8,0x15,0x41,0x01,0x06,0x2c,0x17,0x3d,0x15,0xd9,0x42,0x19,0x3d,0x15,0xd3,0x42,0x1a,0xcd,
0x01,0x1d,0x3c,0x00,0x09,0x72,0x1d,0x11,0x16,0x3d,0x1e,0xe8,0x15,0x41,0x01,0x06,0x2c,0x17,0x3d,0x15,
0xd9,0x42,0x19,0x3d,0x15,0xd3,0x42,0x1a,0xcd,0x41,0x01,0x06,0x2d,0x1f,0x02,0x40,0x08,0x3d,0x20,0xd4,
0xd9,0x41,0x01,0x06,0x2d,0x21,0x02,0x40,0x08,0x3d,0x15,0xd4,0xd9,0x41,0x01,0x06,0x2d,0x22,0x02,0x40,
0x08,0x3d,0x15,0xd4,0xd9,0x32,0xe8,0x23,0x42,0x1a,0xcd,0x42,0x19,0x3d,0x15,0xd3,0x56,0x00,0x00,0x4d,
0x90,0x45,0xa2,0x02,0x30,0x37,0x47,0x00,0x87,0x4a,0x00,0x00,0x18,0x00,0x01,0x00,0x30,0x10,0x06,0x01,
0x90,0x27,0x47,0x00,0x01,0x02,0x10,0x10,0x87,0x64,0x00,0x00,0xc7,0x68,0x00,0x00,0x87,0x7e,0x00,0x00,
0xc7,0x81,0x00,0x00,0xc7,0x82,0x00,0x00,0x47,0x18,0x00,0x00,0x87,0x24,0x00,0x00,0x47,0x14,0x00,0x00,
0x87,0x1f,0x00,0x00,0x47,0x26,0x00,0x00,0x47,0x37,0x00,0x00,0x07,0x34,0x00,0x00,0xc7,0x44,0x00,0x00,
0x87,0x41,0x00,0x00,0x47,0x83,0x00,0x00,0x41,0x01,0x02,0x2f,0x03,0x04,0x00,0xc7,0x03,0x73,0x00,0x05,
0x11,0x13,0x41,0x01,0x02,0x2d,0x03,0x05,0xd9,0x3d,0x07,0xe8,0x06,0x35,0x00,0xe8,0x08,0x01,0x42,0x73,
0x00,0x09,0x11,0x13,0x41,0x01,0x02,0x2d,0x03,0x09,0xd9,0x3d,0x0a,0xe8,0x06,0x35,0x01,0xe8,0x08,0x01,
0x2c,0x73,0x00,0x0b,0x11,0x13,0x41,0x01,0x02,0x2d,0x03,0x0b,0xd9,0x3d,0x0c,0xe8,0x06,0x35,0x01,0xe8,
0x08,0x01,0x16,0x73,0x00,0x0d,0x11,0x11,0x41,0x01,0x02,0x2d,0x03,0x0d,0xd9,0x3d,0x0e,0xe8,0x06,0x35,
0x01,0xe8,0x08,0x41,0x01,0x02,0x2d,0x03,0x0f,0xd9,0x56,0x75,0x86,0x36,0xb3,0x02,0xc8,0x34,0x47,0x00,
0x07,0x4c,0x00,0x00,0x07,0x00,0x01,0x00,0x20,0x10,0x03,0x00,0x90,0x27,0x47,0x00,0x00,0x02,0x03,0x04,
0x07,0x84,0x00,0x00,0xc7,0x84,0x00,0x00,0x80,0x3e,0x00,0x00,0x38,0x00,0x00,0x00,0x33,0x4e,0x00,0x2f,
0x01,0x03,0x02,0xd6,0x56,0x00,0x00,0x4a,0x83,0x44,0xba,0x02,0x48,0x34,0x47,0x00,0x07,0x4e,0x00,0x00,
0x0f,0x00,0x01,0x00,0x30,0x10,0x04,0x00,0x90,0x27,0x47,0x00,0x00,0x03,0x0b,0x0b,0x07,0x84,0x00,0x00,
0x07,0x86,0x00,0x00,0x87,0x87,0x00,0x00,0x47,0x0e,0x00,0x00,0x87,0x11,0x00,0x00,0x00,0x00,0x00,0x00,
0x07,0x50,0x00,0x00,0x07,0x89,0x00,0x00,0xc7,0x0b,0x00,0x00,0x47,0x8a,0x00,0x00,0xc7,0x5b,0x00,0x00,
0x2d,0x00,0x03,0xb2,0x3c,0x00,0x04,0x11,0x04,0x57,0x01,0x3c,0x00,0x03,0x84,0x05,0x11,0x0a,0x41,0x00,
0x06,0x2c,0x07,0xd3,0x57,0x01,0x2f,0x00,0x08,0x00,0x3b,0x03,0x99,0x09,0xdc,0x41,0x00,0x0a,0xcd,0x57,
0x02,0x00,0x00,0x00,0x00,0x00,0x00,0x01,0x83,0x7e,0xba,0x02,0xf0,0x32,0x47,0x00,0xc7,0x8a,0x00,0x00,
0x0c,0x00,0x01,0x00,0x30,0x10,0x04,0x01,0x90,0x27,0x47,0x00,0x01,0x03,0x0a,0x0a,0x87,0x64,0x00,0x00,
0x87,0x66,0x00,0x00,0xc7,0x68,0x00,0x00,0x07,0x8b,0x00,0x00,0xc7,0x60,0x00,0x00,0x87,0x8e,0x00,0x00,
0x47,0x1d,0x00,0x00,0x87,0x8f,0x00,0x00,0x87,0x62,0x00,0x00,0x41,0x01,0x03,0x9a,0x04,0x00,0xd3,0x2c,
0x02,0x14,0x58,0x06,0x05,0x2c,0x00,0x1d,0x04,0x2c,0x08,0x18,0x07,0x31,0x18,0x09,0xd0,0x56,0x00,0x00,
0x00,0x00,0x00,0x60,0x81,0x22,0xbe,0x02,0x60,0x29,0x47,0x00,0x07,0x50,0x00,0x00,0x08,0x00,0x01,0x00,
0x30,0x10,0x03,0x00,0x90,0x27,0x47,0x00,0x00,0x01,0x05,0x05,0x87,0x90,0x00,0x00,0x87,0x12,0x00,0x00,
0x07,0x00,0x00,0x00,0x47,0x91,0x00,0x00,0xc7,0x5b,0x00,0x00,0x32,0xe8,0x01,0x3c,0x00,0x02,0x32,0xe5,
0x03,0x42,0x04,0xcd,0x56,0x00,0x00,0x0d,0x81,0x18,0xc0,0x02,0x08,0x2a,0x47,0x00,0x87,0x51,0x00,0x00,
0x08,0x00,0x01,0x00,0x30,0x10,0x03,0x00,0x90,0x27,0x47,0x00,0x00,0x01,0x05,0x05,0x87,0x90,0x00,0x00,
0x87,0x12,0x00,0x00,0x07,0x00,0x00,0x00,0x47,0x91,0x00,0x00,0xc7,0x5b,0x00,0x00,0x31,0xe8,0x01,0x3c,
0x00,0x02,0x31,0xe5,0x03,0x42,0x04,0xcd,0x56,0x00,0x00,0x0b,0x81,0x3a,0xc1,0x02,0x18,0x2a,0x47,0x00,
0x07,0x53,0x00,0x00,0x1d,0x00,0x01,0x00,0x30,0x10,0x08,0x01,0x90,0x27,0x47,0x00,0x01,0x04,0x19,0x19,
0x87,0x64,0x00,0x00,0xc7,0x65,0x00,0x00,0x87,0x90,0x00,0x00,0xc7,0x68,0x00,0x00,0x07,0x93,0x00,0x00,
0x07,0x6b,0x00,0x00,0x47,0x96,0x00,0x00,0x07,0x00,0x00,0x00,0x07,0x89,0x00,0x00,0x87,0x99,0x00,0x00,
0x20,0x00,0x00,0x00,0xc7,0x8a,0x00,0x00,0xc7,0x0b,0x00,0x00,0x47,0x8a,0x00,0x00,0x07,0x4c,0x00,0x00,
0x07,0x1e,0x00,0x00,0x87,0x12,0x00,0x00,0x47,0x91,0x00,0x00,0x47,0x9d,0x00,0x00,0xc7,0x5b,0x00,0x00,
0x47,0x5e,0x00,0x00,0x47,0x18,0x00,0x00,0x07,0xa1,0x00,0x00,0xc7,0x09,0x00,0x00,0x41,0x01,0x04,0x2d,
0x05,0x02,0x40,0x06,0x2c,0x00,0xd4,0xd9,0x41,0x01,0x04,0x2d,0x07,0x03,0x3b,0x08,0x3b,0x09,0xd9,0x41,
0x01,0x04,0x2d,0x0a,0x03,0x3b,0x08,0x3b,0x09,0x9f,0x0b,0x99,0x0c,0xd9,0x3c,0x03,0x08,0x3b,0x09,0x9f,
0x0b,0x99,0x0c,0xe8,0x09,0x3c,0x03,0x08,0x3b,0x09,0x9f,0x0b,0x99,0x0e,0xe8,0x0d,0x42,0x0f,0x3c,0x00,
0x10,0xd3,0x3c,0x03,0x08,0x3b,0x12,0xe8,0x11,0x41,0x01,0x04,0x2d,0x13,0x03,0x3b,0x08,0x3b,0x12,0x3d,
0x12,0xc7,0x03,0x42,0x14,0xcd,0x42,0x15,0x3d,0x16,0xd3,0x41,0x01,0x04,0x2c,0x17,0x3d,0x16,0xd9,0x31,
0xe8,0x18,0x56,0x1b,0x86,0x5b,0xc2,0x02,0x00,0x3b,0x47,0x00,0x87,0x54,0x00,0x00,0x05,0x00,0x01,0x00,
0x30,0x10,0x03,0x00,0x90,0x27,0x47,0x00,0x00,0x00,0x01,0x01,0x07,0x4e,0x00,0x00,0x42,0x00,0xcd,0x56,
0x00,0x00,0x00,0x00,0x34,0x08,0xc9,0x02,0xb0,0x28,0x47,0x00,0x47,0x56,0x00,0x00,0x05,0x00,0x01,0x00,
0x30,0x10,0x02,0x00,0x90,0x27,0x47,0x00,0x00,0x00,0x01,0x01,0x87,0x11,0x00,0x00,0x31,0xe8,0x00,0x56,
0x00,0x00,0x00,0x00,0x31,0x4f,0xc9,0x02,0xb8,0x28,0x47,0x00,0x87,0x57,0x00,0x00,0x0d,0x00,0x47,0x4c,
0x4f,0x42,0x41,0x4c,0x5f,0x43,0x4f,0x4e,0x46,0x49,0x47,0x00,0x07,0x00,0x72,0x65,0x71,0x75,0x69,0x72,
0x65,0x00,0x09,0x00,0x56,0x69,0x65,0x77,0x4d,0x6f,0x64,0x65,0x6c,0x00,0x11,0x00,0x6d,0x6f,0x64,0x5f,
0x67,0x6c,0x6f,0x62,0x61,0x6c,0x5f,0x63,0x6f,0x6e,0x66,0x69,0x67,0x00,0x0b,0x00,0x73,0x75,0x62,0x53,
0x65,0x74,0x74,0x69,0x6e,0x67,0x73,0x00,0x04,0x00,0x64,0x61,0x74,0x61,0x0d,0x00,0x69,0x73,0x53,0x75,
0x62,0x53,0x65,0x74,0x74,0x69,0x6e,0x67,0x73,0x00,0x0b,0x00,0x74,0x69,0x6d,0x65,0x4f,0x75,0x74,0x53,
0x68,0x6f,0x77,0x00,0x04,0x00,0x31,0x32,0x30,0x73,0x07,0x00,0x74,0x69,0x6d,0x65,0x4f,0x75,0x74,0x00,
0x03,0x00,0x31,0x32,0x30,0x00,0x07,0x00,0x69,0x73,0x45,0x73,0x69,0x67,0x6e,0x00,0x06,0x00,0x69,0x73,
0x45,0x78,0x69,0x74,0x0c,0x00,0x73,0x75,0x70,0x70,0x6f,0x72,0x74,0x45,0x73,0x69,0x67,0x6e,0x09,0x00,
0x70,0x61,0x67,0x65,0x4c,0x65,0x76,0x65,0x6c,0x00,0x11,0x00,0x73,0x75,0x62,0x53,0x65,0x74,0x74,0x69,
0x6e,0x67,0x73,0x4c,0x69,0x73,0x74,0x5f,0x32,0x00,0x0f,0x00,0x73,0x75,0x62,0x53,0x65,0x74,0x74,0x69,
0x6e,0x67,0x73,0x4c,0x69,0x73,0x74,0x00,0x04,0x00,0x74,0x65,0x78,0x74,0x0e,0x00,0x54,0x65,0x72,0x6d,
0x69,0x6e,0x61,0x6c,0x20,0x50,0x61,0x72,0x61,0x6d,0x04,0x00,0x74,0x79,0x70,0x65,0x0a,0x00,0x70,0x61,
0x67,0x65,0x5f,0x69,0x6e,0x64,0x65,0x78,0x01,0x00,0x31,0x00,0x0b,0x00,0x54,0x72,0x61,0x6e,0x73,0x20,
0x50,0x61,0x72,0x61,0x6d,0x00,0x13,0x00,0x43,0x6f,0x6d,0x6d,0x75,0x6e,0x69,0x63,0x61,0x74,0x69,0x6f,
0x6e,0x20,0x50,0x61,0x72,0x61,0x6d,0x00,0x0b,0x00,0x6d,0x61,0x73,0x74,0x65,0x72,0x5f,0x6c,0x69,0x73,
0x74,0x00,0x0e,0x00,0x54,0x65,0x72,0x6d,0x69,0x6e,0x61,0x6c,0x5f,0x50,0x61,0x72,0x61,0x6d,0x0b,0x00,
0x4d,0x65,0x72,0x63,0x68,0x61,0x6e,0x74,0x20,0x49,0x44,0x00,0x0b,0x00,0x54,0x65,0x72,0x6d,0x69,0x6e,
0x61,0x6c,0x20,0x49,0x44,0x00,0x0d,0x00,0x4d,0x65,0x72,0x63,0x68,0x61,0x6e,0x74,0x20,0x4e,0x61,0x6d,
0x65,0x00,0x08,0x00,0x54,0x69,0x6d,0x65,0x20,0x4f,0x75,0x74,0x0a,0x00,0x70,0x72,0x69,0x6e,0x74,0x43,
0x6f,0x75,0x6e,0x74,0x09,0x00,0x70,0x72,0x69,0x6e,0x74,0x47,0x72,0x61,0x79,0x00,0x0d,0x00,0x45,0x53,
0x69,0x67,0x6e,0x20,0x53,0x75,0x70,0x70,0x6f,0x72,0x74,0x00,0x0b,0x00,0x54,0x72,0x61,0x6e,0x73,0x5f,
0x50,0x61,0x72,0x61,0x6d,0x00,0x0a,0x00,0x56,0x6f,0x75,0x63,0x68,0x65,0x72,0x20,0x4e,0x4f,0x01,0x00,
0x32,0x00,0x08,0x00,0x42,0x61,0x74,0x63,0x68,0x20,0x4e,0x6f,0x0d,0x00,0x4d,0x61,0x78,0x20,0x54,0x72,
0x61,0x6e,0x73,0x20,0x4e,0x75,0x6d,0x00,0x10,0x00,0x4d,0x61,0x78,0x20,0x52,0x65,0x73,0x65,0x6e,0x64,
0x20,0x54,0x69,0x6d,0x65,0x73,0x11,0x00,0x4d,0x61,0x78,0x20,0x52,0x65,0x66,0x75,0x6e,0x64,0x20,0x41,
0x6d,0x6f,0x75,0x6e,0x74,0x00,0x0c,0x00,0x43,0x6f,0x75,0x6e,0x74,0x72,0x79,0x20,0x43,0x6f,0x64,0x65,
0x13,0x00,0x43,0x6f,0x6d,0x6d,0x75,0x6e,0x69,0x63,0x61,0x74,0x69,0x6f,0x6e,0x5f,0x50,0x61,0x72,0x61,
0x6d,0x00,0x02,0x00,0x49,0x50,0x01,0x00,0x33,0x00,0x04,0x00,0x50,0x4f,0x52,0x54,0x04,0x00,0x54,0x50,
0x44,0x55,0x04,0x00,0x48,0x45,0x41,0x44,0x07,0x00,0x6d,0x65,0x74,0x68,0x6f,0x64,0x73,0x00,0x0c,0x00,
0x62,0x61,0x63,0x6b,0x53,0x65,0x74,0x74,0x69,0x6e,0x67,0x73,0x0a,0x00,0x6e,0x61,0x76,0x69,0x67,0x61,
0x74,0x65,0x54,0x6f,0x0d,0x00,0x63,0x68,0x65,0x63,0x6b,0x50,0x61,0x67,0x65,0x4c,0x69,0x73,0x74,0x00,
0x0e,0x00,0x73,0x65,0x74,0x53,0x63,0x72,0x65,0x65,0x6e,0x54,0x69,0x6d,0x65,0x72,0x09,0x00,0x6a,0x75,
0x6d,0x70,0x45,0x72,0x72,0x6f,0x72,0x00,0x0a,0x00,0x63,0x6c,0x6f,0x73,0x65,0x45,0x73,0x69,0x67,0x6e,
0x09,0x00,0x6f,0x70,0x65,0x6e,0x45,0x73,0x69,0x67,0x6e,0x00,0x0b,0x00,0x6f,0x6e,0x57,0x69,0x6c,0x6c,
0x4d,0x6f,0x75,0x6e,0x74,0x00,0x07,0x00,0x6f,0x6e,0x4d,0x6f,0x75,0x6e,0x74,0x00,0x09,0x00,0x6f,0x6e,
0x55,0x6e,0x6d,0x6f,0x75,0x6e,0x74,0x00,0x14,0x00,0x73,0x75,0x62,0x53,0x65,0x74,0x74,0x69,0x6e,0x67,
0x73,0x5f,0x69,0x74,0x65,0x6d,0x4c,0x69,0x73,0x74,0x12,0x00,0x6e,0x6f,0x74,0x69,0x66,0x79,0x50,0x72,
0x6f,0x70,0x73,0x43,0x68,0x61,0x6e,0x67,0x65,0x64,0x12,0x00,0x6e,0x6f,0x74,0x69,0x66,0x79,0x49,0x74,
0x65,0x6d,0x73,0x43,0x68,0x61,0x6e,0x67,0x65,0x64,0x06,0x00,0x74,0x61,0x72,0x67,0x65,0x74,0x03,0x00,
0x70,0x61,0x79,0x00,0x0d,0x00,0x63,0x6c,0x6f,0x73,0x65,0x5f,0x63,0x75,0x72,0x72,0x65,0x6e,0x74,0x00,
0x07,0x00,0x63,0x6f,0x6e,0x73,0x6f,0x6c,0x65,0x00,0x04,0x00,0x4a,0x53,0x4f,0x4e,0x0f,0x00,0x6e,0x61,
0x76,0x69,0x67,0x61,0x74,0x65,0x52,0x65,0x70,0x6c,0x61,0x63,0x65,0x00,0x03,0x00,0x6c,0x6f,0x67,0x00,
0x0a,0x00,0x61,0x72,0x67,0x73,0x2e,0x74,0x79,0x70,0x65,0x20,0x09,0x00,0x73,0x74,0x72,0x69,0x6e,0x67,
0x69,0x66,0x79,0x00,0x0b,0x00,0x69,0x6e,0x70,0x75,0x74,0x43,0x6f,0x6e,0x66,0x69,0x67,0x00,0x05,0x00,
0x74,0x69,0x74,0x6c,0x65,0x00,0x0a,0x00,0x6f,0x70,0x65,0x6e,0x57,0x69,0x6e,0x64,0x6f,0x77,0x04,0x00,
0x66,0x72,0x6f,0x6d,0x14,0x00,0x74,0x68,0x69,0x73,0x2e,0x73,0x75,0x62,0x53,0x65,0x74,0x74,0x69,0x6e,
0x67,0x73,0x4c,0x69,0x73,0x74,0x1a,0x00,0x74,0x68,0x69,0x73,0x2e,0x73,0x75,0x62,0x53,0x65,0x74,0x74,
0x69,0x6e,0x67,0x73,0x5f,0x69,0x74,0x65,0x6d,0x4c,0x69,0x73,0x74,0x20,0x1a,0x00,0x74,0x68,0x69,0x73,
0x2e,0x73,0x75,0x62,0x53,0x65,0x74,0x74,0x69,0x6e,0x67,0x73,0x4c,0x69,0x73,0x74,0x20,0x73,0x74,0x61,
0x72,0x74,0x18,0x00,0x74,0x68,0x69,0x73,0x2e,0x73,0x75,0x62,0x53,0x65,0x74,0x74,0x69,0x6e,0x67,0x73,
0x4c,0x69,0x73,0x74,0x20,0x65,0x6e,0x64,0x18,0x00,0x20,0x74,0x68,0x69,0x73,0x2e,0x63,0x68,0x65,0x63,
0x6b,0x50,0x61,0x67,0x65,0x4c,0x69,0x73,0x74,0x3d,0x3d,0x3d,0x3d,0x3e,0x05,0x00,0x73,0x74,0x61,0x72,
0x74,0x00,0x01,0x00,0x30,0x00,0x03,0x00,0x65,0x6e,0x64,0x00,0x04,0x00,0x74,0x68,0x61,0x74,0x08,0x00,
0x74,0x69,0x6d,0x65,0x72,0x41,0x64,0x64,0x0a,0x00,0x52,0x45,0x54,0x5f,0x52,0x45,0x4d,0x4f,0x56,0x45,
0x0a,0x00,0x52,0x45,0x54,0x5f,0x52,0x45,0x50,0x45,0x41,0x54,0x07,0x00,0x74,0x69,0x6d,0x65,0x6f,0x75,
0x74,0x00,0x01,0x00,0x73,0x00,0x00,0x00,0x1a,0x00,0x69,0x6e,0x70,0x75,0x74,0x43,0x6f,0x6e,0x66,0x69,
0x67,0x20,0x6a,0x75,0x6d,0x70,0x45,0x72,0x72,0x6f,0x72,0x20,0x74,0x79,0x70,0x65,0x06,0x00,0x72,0x65,
0x73,0x75,0x6c,0x74,0x06,0x00,0x63,0x61,0x6e,0x63,0x65,0x6c,0x03,0x00,0x54,0x6f,0x73,0x00,0x0c,0x00,
0x65,0x53,0x69,0x67,0x6e,0x53,0x75,0x70,0x70,0x6f,0x72,0x74,0x17,0x00,0x53,0x75,0x62,0x53,0x65,0x74,
0x74,0x69,0x6e,0x67,0x73,0x20,0x6f,0x6e,0x57,0x69,0x6c,0x6c,0x4d,0x6f,0x75,0x6e,0x74,0x00,0x17,0x00,
0x47,0x4c,0x4f,0x42,0x41,0x4c,0x5f,0x43,0x4f,0x4e,0x46,0x49,0x47,0x2e,0x74,0x69,0x6d,0x65,0x6f,0x75,
0x74,0x3a,0x20,0x00,0x1b,0x00,0x47,0x4c,0x4f,0x42,0x41,0x4c,0x5f,0x43,0x4f,0x4e,0x46,0x49,0x47,0x2e,
0x74,0x69,0x6d,0x65,0x6f,0x75,0x74,0x20,0x2a,0x20,0x32,0x3a,0x20,0x00,0x1c,0x00,0x47,0x4c,0x4f,0x42,
0x41,0x4c,0x5f,0x43,0x4f,0x4e,0x46,0x49,0x47,0x2e,0x65,0x53,0x69,0x67,0x6e,0x53,0x75,0x70,0x70,0x6f,
0x72,0x74,0x3a,0x20,0x1a,0x00,0x20,0x74,0x68,0x69,0x73,0x2e,0x73,0x75,0x62,0x53,0x65,0x74,0x74,0x69,
0x6e,0x67,0x73,0x4c,0x69,0x73,0x74,0x3d,0x3d,0x3d,0x3d,0x3e,0x00,0x00,0x00,0x00,};/*3436*/
