TK_CONST_DATA_ALIGN(const unsigned char script_transferSuccess[]) = {
0x07,0x00,0x01,0x01,0x4c,0x0d,0x00,0x00,0x00,0x00,0x00,0x00,0x74,0x72,0x61,0x6e,0x73,0x66,0x65,0x72,
0x53,0x75,0x63,0x63,0x65,0x73,0x73,0x00,0x00,0x00,0x00,0x00,0x00,0x00,0x00,0x00,0x00,0x00,0x00,0x00,
0x00,0x00,0x00,0x00,0x4a,0x52,0x52,0x59,0x46,0x00,0x00,0x00,0x01,0x00,0x00,0x00,0x48,0x08,0x00,0x00,
0x01,0x00,0x00,0x00,0x18,0x00,0x00,0x00,0x43,0x00,0x01,0x00,0x00,0x30,0x06,0x00,0xf0,0x27,0x47,0x00,
0x01,0x05,0x40,0x51,0x07,0x00,0x00,0x00,0xc7,0x01,0x00,0x00,0x87,0x03,0x00,0x00,0xc7,0x04,0x00,0x00,
0x47,0x06,0x00,0x00,0x07,0x00,0x00,0x00,0xc7,0x09,0x00,0x00,0xc7,0x01,0x00,0x00,0x07,0x0c,0x00,0x00,
0x47,0x0e,0x00,0x00,0x07,0x0f,0x00,0x00,0x47,0x10,0x00,0x00,0x87,0x10,0x00,0x00,0x87,0x11,0x00,0x00,
0x47,0x12,0x00,0x00,0x07,0x13,0x00,0x00,0x47,0x14,0x00,0x00,0x07,0x16,0x00,0x00,0x87,0x16,0x00,0x00,
0xc7,0x17,0x00,0x00,0x47,0x18,0x00,0x00,0x47,0x19,0x00,0x00,0xc7,0x1a,0x00,0x00,0xc7,0x1b,0x00,0x00,
0xc7,0x1d,0x00,0x00,0x87,0x1e,0x00,0x00,0x47,0x21,0x00,0x00,0x47,0x22,0x00,0x00,0x87,0x23,0x00,0x00,
0x07,0x25,0x00,0x00,0x07,0x26,0x00,0x00,0x47,0x27,0x00,0x00,0xc7,0x28,0x00,0x00,0x87,0x2b,0x00,0x00,
0xc7,0x2c,0x00,0x00,0xc7,0x2e,0x00,0x00,0x47,0x30,0x00,0x00,0x47,0x32,0x00,0x00,0xc7,0x33,0x00,0x00,
0x07,0x35,0x00,0x00,0x87,0x36,0x00,0x00,0xc7,0x37,0x00,0x00,0x47,0x39,0x00,0x00,0xc7,0x3a,0x00,0x00,
0xc7,0x3b,0x00,0x00,0xc7,0x3c,0x00,0x00,0x87,0x3d,0x00,0x00,0x07,0x3f,0x00,0x00,0x47,0x41,0x00,0x00,
0x87,0x43,0x00,0x00,0xc7,0x44,0x00,0x00,0x47,0x46,0x00,0x00,0x07,0x48,0x00,0x00,0xc7,0x49,0x00,0x00,
0xc7,0x4b,0x00,0x00,0x47,0x4d,0x00,0x00,0xc7,0x4e,0x00,0x00,0x47,0x50,0x00,0x00,0xc7,0x51,0x00,0x00,
0x07,0x53,0x00,0x00,0xc7,0x54,0x00,0x00,0x87,0x56,0x00,0x00,0xc7,0x57,0x00,0x00,0x18,0x02,0x00,0x00,
0x58,0x02,0x00,0x00,0x88,0x02,0x00,0x00,0x30,0x03,0x00,0x00,0x78,0x03,0x00,0x00,0xa8,0x03,0x00,0x00,
0xf8,0x03,0x00,0x00,0x28,0x04,0x00,0x00,0x60,0x04,0x00,0x00,0xb0,0x04,0x00,0x00,0xd8,0x04,0x00,0x00,
0xf8,0x04,0x00,0x00,0x80,0x05,0x00,0x00,0x30,0x06,0x00,0x00,0x68,0x07,0x00,0x00,0xf0,0x07,0x00,0x00,
0x10,0x08,0x00,0x00,0x47,0x01,0x47,0x02,0x51,0x01,0x51,0x02,0x2d,0x03,0x05,0xd1,0x3b,0x06,0xdf,0x01,
0x2d,0x03,0x07,0xd1,0x3b,0x08,0xdf,0x02,0x2d,0x04,0x09,0x14,0x14,0x58,0x0c,0x0b,0x58,0x0e,0x0d,0x58,
0x0c,0x0f,0x32,0x18,0x10,0x58,0x12,0x11,0x58,0x14,0x13,0x32,0x18,0x15,0x34,0x18,0x16,0x58,0x18,0x17,
0x28,0x18,0x19,0x28,0x18,0x1a,0x28,0x18,0x1b,0x32,0x18,0x1c,0x32,0x18,0x1d,0x58,0x1f,0x1e,0x58,0x21,
0x20,0x58,0x23,0x22,0x35,0x00,0x18,0x24,0x32,0x18,0x25,0x32,0x18,0x26,0x14,0x3d,0x28,0x18,0x28,0x3d,
0x29,0x18,0x29,0x3d,0x2a,0x18,0x2a,0x3d,0x2b,0x18,0x2b,0x18,0x27,0x14,0x18,0x2c,0x14,0x18,0x2d,0x14,
0x18,0x2e,0x14,0x18,0x2f,0x58,0x0c,0x30,0x58,0x0c,0x31,0x18,0x0a,0x14,0x58,0x40,0x33,0x58,0x41,0x34,
0x58,0x42,0x35,0x58,0x43,0x36,0x58,0x44,0x37,0x58,0x45,0x38,0x58,0x46,0x39,0x58,0x47,0x3a,0x58,0x48,
0x28,0x58,0x49,0x29,0x58,0x4a,0x2b,0x58,0x4b,0x3b,0x58,0x4c,0x2a,0x58,0x4d,0x3c,0x18,0x32,0x58,0x4e,
0x3d,0x58,0x4f,0x3e,0x58,0x50,0x3f,0xd8,0x56,0x00,0x00,0x00,0x00,0x00,0x00,0x00,0xa8,0x5c,0x47,0x00,
0x47,0x10,0x00,0x00,0x08,0x00,0x01,0x00,0x30,0x10,0x04,0x00,0xf0,0x27,0x47,0x00,0x00,0x02,0x05,0x05,
0xc7,0x59,0x00,0x00,0x07,0x5b,0x00,0x00,0xc7,0x5b,0x00,0x00,0x87,0x5c,0x00,0x00,0x07,0x62,0x00,0x00,
0x41,0x00,0x02,0x2c,0x03,0xd3,0x41,0x01,0x04,0xcd,0x56,0x00,0x00,0x00,0x00,0x06,0x81,0x35,0x88,0x02,
0xd0,0x28,0x47,0x00,0xc7,0x44,0x00,0x00,0x06,0x00,0x01,0x00,0x30,0x80,0x03,0x00,0xf0,0x27,0x47,0x00,
0x00,0x00,0x02,0x02,0x87,0x23,0x00,0x00,0x87,0x64,0x00,0x00,0x32,0xe8,0x00,0x42,0x01,0xcd,0x56,0x00,
0x00,0x00,0x00,0x00,0x67,0x48,0x89,0x02,0xe0,0x29,0x47,0x00,0x47,0x46,0x00,0x00,0x11,0x00,0x01,0x00,
0x30,0x10,0x07,0x00,0xf0,0x27,0x47,0x00,0x01,0x02,0x0c,0x0d,0x07,0x67,0x00,0x00,0x87,0x10,0x00,0x00,
0x87,0x1e,0x00,0x00,0x87,0x68,0x00,0x00,0xc7,0x69,0x00,0x00,0x07,0x6b,0x00,0x00,0x07,0x6c,0x00,0x00,
0x87,0x6c,0x00,0x00,0xc7,0x6d,0x00,0x00,0x47,0x6e,0x00,0x00,0x87,0x64,0x00,0x00,0x88,0x00,0x00,0x00,
0x2c,0x01,0x3d,0x03,0x3b,0x02,0xd1,0x40,0x04,0x35,0x01,0xd4,0xe8,0x02,0x3d,0x03,0x3b,0x02,0x40,0x05,
0xce,0x40,0x06,0x2c,0x07,0xd4,0xeb,0x00,0x37,0x00,0x37,0x00,0x3a,0x40,0x08,0x2d,0x0c,0x09,0xda,0xdc,
0x41,0x00,0x0a,0x2c,0x07,0xd4,0xe8,0x02,0x42,0x0b,0xcd,0x56,0x00,0x00,0x00,0x00,0x00,0x00,0x00,0x5a,
0x82,0x4a,0x8a,0x02,0x20,0x2d,0x47,0x00,0x07,0x48,0x00,0x00,0x04,0x00,0x14,0x00,0x02,0x00,0x5c,0x42,
0x28,0x3f,0x3d,0x28,0x5c,0x64,0x7b,0x33,0x7d,0x29,0x2b,0x28,0x3f,0x21,0x5c,0x64,0x29,0x29,0x00,0x00,
0x00,0x00,0x00,0x00,0x09,0x00,0x01,0x00,0x30,0x80,0x03,0x00,0xf0,0x27,0x47,0x00,0x00,0x01,0x06,0x06,
0x07,0x6f,0x00,0x00,0x87,0x23,0x00,0x00,0x87,0x64,0x00,0x00,0x47,0x71,0x00,0x00,0x47,0x72,0x00,0x00,
0x07,0x73,0x00,0x00,0x32,0xe8,0x01,0x42,0x02,0xcd,0x2c,0x00,0x14,0x58,0x04,0x03,0x31,0x18,0x05,0xd0,
0x56,0x00,0x00,0x00,0x82,0x31,0x8d,0x02,0xd0,0x2a,0x47,0x00,0xc7,0x49,0x00,0x00,0x06,0x00,0x01,0x00,
0x30,0x10,0x03,0x01,0xf0,0x27,0x47,0x00,0x01,0x02,0x03,0x03,0xc7,0x01,0x00,0x00,0x47,0x10,0x00,0x00,
0x2f,0x01,0x02,0x00,0xd6,0x56,0x00,0x00,0x00,0x00,0x00,0x00,0x40,0x4a,0x8f,0x02,0x90,0x28,0x47,0x00,
0xc7,0x4b,0x00,0x00,0x0a,0x00,0x01,0x00,0x30,0x80,0x05,0x01,0xf0,0x27,0x47,0x00,0x02,0x03,0x07,0x07,
0xc7,0x59,0x00,0x00,0xc7,0x5b,0x00,0x00,0x07,0x75,0x00,0x00,0x87,0x77,0x00,0x00,0x47,0x50,0x00,0x00,
0x41,0x02,0x03,0x2d,0x04,0x00,0xd9,0x2c,0x00,0xeb,0x01,0x2d,0x01,0x05,0x77,0x09,0x04,0x01,0x07,0x42,
0x06,0xcd,0x01,0x02,0x56,0x00,0x00,0x00,0x00,0x00,0x00,0x32,0x82,0x17,0x90,0x02,0xe0,0x2a,0x47,0x00,
0x47,0x4d,0x00,0x00,0x06,0x00,0x01,0x00,0x30,0x10,0x03,0x00,0xf0,0x27,0x47,0x00,0x00,0x00,0x02,0x02,
0x47,0x32,0x00,0x00,0x87,0x78,0x00,0x00,0x3d,0x00,0x11,0x03,0x56,0x42,0x01,0xcd,0x56,0x00,0x00,0x00,
0x61,0x61,0x92,0x02,0xd8,0x2b,0x47,0x00,0xc7,0x4e,0x00,0x00,0x07,0x00,0x01,0x00,0x30,0x10,0x03,0x00,
0xf0,0x27,0x47,0x00,0x00,0x01,0x04,0x04,0x07,0x6f,0x00,0x00,0x07,0x73,0x00,0x00,0x47,0x71,0x00,0x00,
0x47,0x72,0x00,0x00,0x2c,0x00,0x14,0x31,0x18,0x01,0x58,0x03,0x02,0xd0,0x56,0x30,0x81,0x5a,0x93,0x02,
0x88,0x28,0x47,0x00,0x47,0x50,0x00,0x00,0x0a,0x00,0x01,0x00,0x30,0x10,0x06,0x01,0xf0,0x27,0x47,0x00,
0x01,0x02,0x07,0x07,0x07,0x00,0x00,0x00,0x47,0x19,0x00,0x00,0x87,0x64,0x00,0x00,0xc7,0x3b,0x00,0x00,
0xc7,0x33,0x00,0x00,0x87,0x1e,0x00,0x00,0x2c,0x00,0xe8,0x02,0x42,0x03,0xcd,0x2c,0x01,0x3d,0x04,0x3d,
0x05,0x32,0x35,0x00,0x3d,0x06,0xc4,0x05,0x56,0x00,0x00,0x00,0x00,0x00,0x00,0x40,0x81,0x22,0x95,0x02,
0x50,0x28,0x47,0x00,0x07,0x35,0x00,0x00,0x05,0x00,0x01,0x00,0x30,0x10,0x02,0x01,0xf0,0x27,0x47,0x00,
0x01,0x01,0x02,0x02,0x47,0x19,0x00,0x00,0x2c,0x00,0xe8,0x01,0x56,0x00,0x00,0x00,0x42,0x78,0x96,0x02,
0xf8,0x2a,0x47,0x00,0x87,0x36,0x00,0x00,0x04,0x00,0x01,0x00,0x30,0x10,0x00,0x00,0xf0,0x27,0x47,0x00,
0x00,0x00,0x00,0x00,0x56,0x00,0x00,0x00,0x0e,0x53,0x97,0x02,0x48,0x28,0x47,0x00,0x47,0x39,0x00,0x00,
0x07,0x00,0x01,0x00,0x20,0x10,0x03,0x00,0xf0,0x27,0x47,0x00,0x00,0x02,0x02,0x03,0x07,0x7a,0x00,0x00,
0xc7,0x7a,0x00,0x00,0x38,0x00,0x00,0x00,0x33,0x4e,0x00,0x2c,0x01,0x38,0x02,0x63,0xd6,0x56,0x00,0x00,
0x00,0x00,0x00,0x7d,0x81,0x76,0x97,0x02,0x20,0x2c,0x47,0x00,0xc7,0x51,0x00,0x00,0x0a,0x00,0x01,0x00,
0x30,0x10,0x06,0x00,0xf0,0x27,0x47,0x00,0x00,0x03,0x07,0x07,0x07,0x00,0x00,0x00,0x07,0x7a,0x00,0x00,
0x07,0x7c,0x00,0x00,0xc7,0x3b,0x00,0x00,0xc7,0x33,0x00,0x00,0x47,0x19,0x00,0x00,0x87,0x1e,0x00,0x00,
0x2d,0x00,0x01,0x3b,0x03,0x3c,0x01,0x04,0x32,0x3c,0x01,0x05,0x3c,0x01,0x06,0xc4,0x05,0x57,0x02,0x00,
0x00,0x00,0x00,0x28,0x81,0x39,0x98,0x02,0x10,0x2c,0x47,0x00,0x47,0x10,0x00,0x00,0x0c,0x00,0x01,0x00,
0x20,0x10,0x03,0x00,0xf0,0x27,0x47,0x00,0x00,0x04,0x09,0x0a,0x87,0x7d,0x00,0x00,0x07,0x7a,0x00,0x00,
0x07,0x5b,0x00,0x00,0xc7,0x7a,0x00,0x00,0x47,0x7e,0x00,0x00,0x87,0x7f,0x00,0x00,0x00,0x00,0x00,0x00,
0x47,0x32,0x00,0x00,0x80,0x3e,0x00,0x00,0x60,0x00,0x00,0x00,0x41,0x02,0x04,0xce,0x4e,0x00,0x3c,0x00,
0x05,0x78,0x06,0x11,0x06,0x32,0xe8,0x07,0x56,0x33,0x4e,0x01,0x2f,0x03,0x09,0x08,0xd6,0x56,0x00,0x27,
0x83,0x0b,0x9a,0x02,0x60,0x2c,0x47,0x00,0xc7,0x37,0x00,0x00,0x0a,0x00,0x01,0x00,0x30,0x10,0x03,0x00,
0xf0,0x27,0x47,0x00,0x00,0x04,0x07,0x07,0x87,0x7d,0x00,0x00,0x07,0x5b,0x00,0x00,0x07,0x7a,0x00,0x00,
0x07,0x7c,0x00,0x00,0x47,0x7e,0x00,0x00,0x47,0x32,0x00,0x00,0x07,0x53,0x00,0x00,0x41,0x01,0x04,0xce,
0xdf,0x00,0x2d,0x02,0x05,0x32,0xdc,0x41,0x02,0x06,0xcd,0x57,0x03,0x00,0x00,0x00,0x00,0x00,0x00,0x36,
0x81,0x69,0x9b,0x02,0x30,0x2c,0x47,0x00,0x47,0x10,0x00,0x00,0x0c,0x00,0x01,0x00,0x20,0x10,0x04,0x00,
0xf0,0x27,0x47,0x00,0x00,0x04,0x08,0x09,0x47,0x80,0x00,0x00,0x07,0x7a,0x00,0x00,0xc7,0x59,0x00,0x00,
0xc7,0x7a,0x00,0x00,0x47,0x30,0x00,0x00,0xc7,0x5b,0x00,0x00,0x07,0x81,0x00,0x00,0x80,0x3e,0x00,0x00,
0x60,0x00,0x00,0x00,0x3d,0x04,0x11,0x03,0x56,0x31,0xe8,0x04,0x35,0x09,0x4e,0x00,0x33,0x4e,0x01,0x41,
0x02,0x05,0x2c,0x06,0xd3,0x2f,0x03,0x08,0x07,0xd6,0x56,0x00,0x00,0x00,0x00,0x66,0x88,0x4c,0x9d,0x02,
0x38,0x2d,0x47,0x00,0x07,0x53,0x00,0x00,0x1b,0x00,0x01,0x00,0x30,0x10,0x05,0x00,0xf0,0x27,0x47,0x00,
0x00,0x05,0x17,0x17,0xc7,0x59,0x00,0x00,0x47,0x80,0x00,0x00,0x07,0x7a,0x00,0x00,0x07,0x7c,0x00,0x00,
0xc7,0x84,0x00,0x00,0xc7,0x5b,0x00,0x00,0x47,0x86,0x00,0x00,0x47,0x30,0x00,0x00,0x87,0x2b,0x00,0x00,
0xc7,0x2e,0x00,0x00,0x10,0x00,0x00,0x00,0x07,0x8a,0x00,0x00,0x20,0x00,0x00,0x00,0x47,0x8b,0x00,0x00,
0x30,0x00,0x00,0x00,0x47,0x8c,0x00,0x00,0x87,0x8d,0x00,0x00,0xc7,0x8e,0x00,0x00,0x47,0x8f,0x00,0x00,
0x87,0x64,0x00,0x00,0x00,0x00,0x00,0x00,0xc7,0x8f,0x00,0x00,0x47,0x50,0x00,0x00,0x41,0x00,0x05,0x2d,
0x06,0x01,0xd9,0x3c,0x02,0x07,0x60,0x11,0x04,0x57,0x03,0xb5,0x01,0x2f,0x02,0x08,0x02,0x3b,0x09,0x78,
0x0a,0x11,0x06,0x2c,0x0b,0x01,0x1a,0x3c,0x02,0x09,0x78,0x0c,0x11,0x06,0x2c,0x0d,0x01,0x0f,0x3c,0x02,
0x09,0x78,0x0e,0x11,0x06,0x2c,0x0f,0x01,0x04,0x2c,0x10,0x99,0x11,0x99,0x01,0x99,0x12,0xdc,0x41,0x02,
0x13,0xcd,0x85,0x01,0x14,0x11,0x0c,0x41,0x00,0x05,0x2c,0x15,0xd3,0x41,0x02,0x16,0xcd,0x82,0x01,0x14,
0x11,0x06,0x2c,0x04,0x01,0x04,0x2c,0x03,0x55,0x00,0x00,0x67,0x86,0x38,0x9f,0x02,0x40,0x2c,0x47,0x00,
0x47,0x10,0x00,0x00,0x11,0x00,0x01,0x00,0x30,0x80,0x03,0x01,0xf0,0x27,0x47,0x00,0x01,0x02,0x10,0x10,
0x07,0x5b,0x00,0x00,0xc7,0x1d,0x00,0x00,0x07,0x93,0x00,0x00,0x07,0x95,0x00,0x00,0x87,0x1e,0x00,0x00,
0x47,0x0e,0x00,0x00,0xc7,0x3b,0x00,0x00,0x47,0x96,0x00,0x00,0x47,0x12,0x00,0x00,0xc7,0x98,0x00,0x00,
0x87,0x10,0x00,0x00,0x47,0x9c,0x00,0x00,0x07,0x9d,0x00,0x00,0x87,0x64,0x00,0x00,0xc7,0x51,0x00,0x00,
0x2c,0x00,0x11,0x2b,0x3c,0x01,0x03,0x3b,0x04,0xe8,0x02,0x3c,0x00,0x06,0xe8,0x05,0x3c,0x01,0x08,0x3b,
0x07,0xe8,0x07,0x3d,0x05,0x3b,0x0a,0xe8,0x09,0x2c,0x0c,0x3d,0x05,0x3b,0x0d,0x00,0x37,0xe8,0x0b,0x42,
0x0e,0xcd,0x42,0x0f,0xcd,0x56,0x00,0x3d,0x83,0x45,0xa6,0x02,0xd8,0x2d,0x47,0x00,0xc7,0x54,0x00,0x00,
0x04,0x00,0x01,0x00,0x30,0x80,0x00,0x00,0xf0,0x27,0x47,0x00,0x00,0x00,0x00,0x00,0x56,0x00,0x00,0x00,
0x77,0x0b,0xaa,0x02,0x08,0x2c,0x47,0x00,0x87,0x56,0x00,0x00,0x04,0x00,0x01,0x00,0x30,0x80,0x00,0x00,
0xf0,0x27,0x47,0x00,0x00,0x00,0x00,0x00,0x56,0x00,0x00,0x00,0x11,0x0b,0xab,0x02,0x78,0x2c,0x47,0x00,
0xc7,0x57,0x00,0x00,0x0c,0x00,0x50,0x52,0x49,0x4e,0x54,0x5f,0x54,0x49,0x43,0x4b,0x45,0x54,0x0b,0x00,
0x47,0x4c,0x4f,0x42,0x41,0x4c,0x5f,0x4a,0x55,0x4d,0x50,0x00,0x07,0x00,0x72,0x65,0x71,0x75,0x69,0x72,
0x65,0x00,0x09,0x00,0x56,0x69,0x65,0x77,0x4d,0x6f,0x64,0x65,0x6c,0x00,0x19,0x00,0x6d,0x6f,0x64,0x5f,
0x67,0x6c,0x6f,0x62,0x61,0x6c,0x5f,0x70,0x72,0x69,0x6e,0x74,0x5f,0x74,0x72,0x61,0x6e,0x73,0x66,0x65,
0x72,0x00,0x10,0x00,0x6d,0x6f,0x64,0x5f,0x67,0x6c,0x6f,0x62,0x61,0x6c,0x5f,0x74,0x72,0x61,0x6e,0x73,
0x0f,0x00,0x74,0x72,0x61,0x6e,0x73,0x66,0x65,0x72,0x53,0x75,0x63,0x63,0x65,0x73,0x73,0x00,0x04,0x00,
0x64,0x61,0x74,0x61,0x07,0x00,0x73,0x68,0x6f,0x77,0x54,0x69,0x70,0x00,0x00,0x00,0x06,0x00,0x61,0x6d,
0x6f,0x75,0x6e,0x74,0x04,0x00,0x30,0x2e,0x30,0x30,0x04,0x00,0x6e,0x61,0x6d,0x65,0x07,0x00,0x6c,0x6f,
0x61,0x64,0x69,0x6e,0x67,0x00,0x0b,0x00,0x74,0x69,0x6d,0x65,0x4f,0x75,0x74,0x53,0x68,0x6f,0x77,0x00,
0x02,0x00,0x35,0x73,0x07,0x00,0x74,0x69,0x6d,0x65,0x4f,0x75,0x74,0x00,0x01,0x00,0x35,0x00,0x06,0x00,
0x69,0x73,0x45,0x78,0x69,0x74,0x09,0x00,0x63,0x75,0x72,0x72,0x50,0x72,0x69,0x6e,0x74,0x00,0x05,0x00,
0x74,0x69,0x74,0x6c,0x65,0x00,0x0d,0x00,0x4d,0x61,0x6b,0x65,0x20,0x54,0x72,0x61,0x6e,0x73,0x66,0x65,
0x72,0x00,0x04,0x00,0x75,0x73,0x65,0x72,0x14,0x00,0x66,0x75,0x6e,0x64,0x54,0x72,0x61,0x6e,0x73,0x66,
0x65,0x72,0x52,0x65,0x73,0x70,0x6f,0x6e,0x73,0x65,0x05,0x00,0x65,0x72,0x72,0x6f,0x72,0x00,0x07,0x00,
0x69,0x73,0x45,0x72,0x72,0x6f,0x72,0x00,0x0a,0x00,0x69,0x73,0x53,0x68,0x6f,0x77,0x45,0x78,0x69,0x74,
0x06,0x00,0x4e,0x6f,0x74,0x69,0x63,0x65,0x07,0x00,0x4e,0x6f,0x74,0x69,0x63,0x65,0x21,0x00,0x0a,0x00,
0x6e,0x6f,0x74,0x69,0x63,0x65,0x54,0x65,0x78,0x74,0x13,0x00,0x43,0x61,0x6e,0x63,0x65,0x6c,0x20,0x54,
0x72,0x61,0x6e,0x73,0x61,0x63,0x74,0x69,0x6f,0x6e,0x3f,0x00,0x07,0x00,0x62,0x74,0x6e,0x54,0x65,0x78,
0x74,0x00,0x0d,0x00,0x53,0x75,0x63,0x63,0x65,0x73,0x73,0x20,0x28,0x31,0x30,0x73,0x29,0x00,0x0a,0x00,
0x72,0x65,0x73,0x75,0x6c,0x74,0x43,0x6f,0x64,0x65,0x0d,0x00,0x69,0x73,0x54,0x69,0x6d,0x65,0x72,0x41,
0x63,0x74,0x69,0x76,0x65,0x00,0x0a,0x00,0x69,0x73,0x50,0x72,0x69,0x6e,0x74,0x69,0x6e,0x67,0x08,0x00,
0x63,0x61,0x6c,0x6c,0x62,0x61,0x63,0x6b,0x09,0x00,0x70,0x72,0x69,0x6e,0x74,0x4e,0x65,0x78,0x74,0x00,
0x07,0x00,0x6e,0x6f,0x50,0x61,0x70,0x65,0x72,0x00,0x09,0x00,0x70,0x72,0x69,0x6e,0x74,0x44,0x6f,0x6e,
0x65,0x00,0x0a,0x00,0x70,0x72,0x69,0x6e,0x74,0x45,0x72,0x72,0x6f,0x72,0x06,0x00,0x63,0x6f,0x6e,0x66,
0x69,0x67,0x05,0x00,0x74,0x72,0x61,0x6e,0x73,0x00,0x04,0x00,0x66,0x6c,0x6f,0x77,0x0a,0x00,0x74,0x72,
0x61,0x6e,0x73,0x50,0x61,0x72,0x61,0x6d,0x10,0x00,0x74,0x72,0x61,0x6e,0x73,0x66,0x65,0x72,0x52,0x65,
0x73,0x70,0x6f,0x6e,0x73,0x65,0x0f,0x00,0x66,0x75,0x6e,0x64,0x52,0x65,0x71,0x75,0x65,0x73,0x74,0x44,
0x61,0x74,0x61,0x00,0x07,0x00,0x6d,0x65,0x74,0x68,0x6f,0x64,0x73,0x00,0x0a,0x00,0x69,0x6e,0x69,0x74,
0x48,0x54,0x54,0x50,0x43,0x42,0x0c,0x00,0x68,0x61,0x6e,0x64,0x6c,0x65,0x43,0x61,0x6e,0x63,0x65,0x6c,
0x0c,0x00,0x5f,0x66,0x6f,0x72,0x6d,0x61,0x74,0x49,0x6e,0x70,0x75,0x74,0x0d,0x00,0x68,0x61,0x6e,0x64,
0x6c,0x65,0x43,0x6f,0x6e,0x66,0x69,0x72,0x6d,0x00,0x0a,0x00,0x6e,0x61,0x76,0x69,0x67,0x61,0x74,0x65,
0x54,0x6f,0x09,0x00,0x6f,0x6e,0x4b,0x65,0x79,0x44,0x6f,0x77,0x6e,0x00,0x09,0x00,0x6f,0x6e,0x52,0x65,
0x70,0x61,0x69,0x6e,0x74,0x00,0x09,0x00,0x6f,0x6e,0x43,0x6f,0x6e,0x66,0x69,0x72,0x6d,0x00,0x07,0x00,
0x6f,0x6e,0x50,0x72,0x69,0x6e,0x74,0x00,0x0b,0x00,0x64,0x65,0x6c,0x61,0x79,0x43,0x6c,0x73,0x50,0x72,
0x6e,0x00,0x0b,0x00,0x6f,0x6e,0x57,0x69,0x6c,0x6c,0x4d,0x6f,0x75,0x6e,0x74,0x00,0x07,0x00,0x6f,0x6e,
0x4d,0x6f,0x75,0x6e,0x74,0x00,0x0d,0x00,0x6f,0x6e,0x57,0x69,0x6c,0x6c,0x55,0x6e,0x6d,0x6f,0x75,0x6e,
0x74,0x00,0x07,0x00,0x63,0x6f,0x6e,0x73,0x6f,0x6c,0x65,0x00,0x03,0x00,0x54,0x6f,0x73,0x00,0x03,0x00,
0x6c,0x6f,0x67,0x00,0x2a,0x00,0x48,0x74,0x74,0x70,0x63,0x6c,0x69,0x65,0x6e,0x74,0x43,0x62,0x45,0x76,
0x65,0x6e,0x74,0x20,0x73,0x74,0x61,0x72,0x74,0x20,0x30,0x30,0x30,0x30,0x30,0x30,0x30,0x3d,0x3d,0x3d,
0x3d,0x3d,0x3d,0x3d,0x3d,0x3d,0x3d,0x3d,0x11,0x00,0x48,0x74,0x74,0x70,0x63,0x6c,0x69,0x65,0x6e,0x74,
0x43,0x62,0x45,0x76,0x65,0x6e,0x74,0x00,0x12,0x00,0x6e,0x6f,0x74,0x69,0x66,0x79,0x50,0x72,0x6f,0x70,
0x73,0x43,0x68,0x61,0x6e,0x67,0x65,0x64,0x0a,0x00,0x70,0x61,0x72,0x73,0x65,0x46,0x6c,0x6f,0x61,0x74,
0x07,0x00,0x74,0x6f,0x46,0x69,0x78,0x65,0x64,0x00,0x08,0x00,0x74,0x6f,0x53,0x74,0x72,0x69,0x6e,0x67,
0x05,0x00,0x73,0x70,0x6c,0x69,0x74,0x00,0x01,0x00,0x2e,0x00,0x07,0x00,0x72,0x65,0x70,0x6c,0x61,0x63,
0x65,0x00,0x01,0x00,0x2c,0x00,0x04,0x00,0x6a,0x6f,0x69,0x6e,0x0f,0x00,0x6e,0x61,0x76,0x69,0x67,0x61,
0x74,0x65,0x52,0x65,0x70,0x6c,0x61,0x63,0x65,0x00,0x06,0x00,0x74,0x61,0x72,0x67,0x65,0x74,0x03,0x00,
0x70,0x61,0x79,0x00,0x0d,0x00,0x63,0x6c,0x6f,0x73,0x65,0x5f,0x63,0x75,0x72,0x72,0x65,0x6e,0x74,0x00,
0x12,0x00,0x6b,0x65,0x79,0x20,0x64,0x6f,0x77,0x6e,0x2d,0x2d,0x2d,0x2d,0x2d,0x3e,0x3e,0x3e,0x3e,0x3a,
0x06,0x00,0x63,0x61,0x6e,0x63,0x65,0x6c,0x09,0x00,0x63,0x61,0x6c,0x6c,0x50,0x72,0x69,0x6e,0x74,0x00,
0x04,0x00,0x74,0x68,0x61,0x74,0x08,0x00,0x74,0x69,0x6d,0x65,0x72,0x41,0x64,0x64,0x0a,0x00,0x52,0x45,
0x54,0x5f,0x52,0x45,0x4d,0x4f,0x56,0x45,0x03,0x00,0x72,0x65,0x74,0x00,0x08,0x00,0x50,0x72,0x6e,0x43,
0x6c,0x6f,0x73,0x65,0x04,0x00,0x63,0x6f,0x64,0x65,0x04,0x00,0x74,0x69,0x6d,0x65,0x1b,0x00,0x64,0x65,
0x6c,0x61,0x79,0x43,0x6c,0x73,0x50,0x72,0x6e,0x20,0x30,0x30,0x30,0x3d,0x3d,0x3d,0x3d,0x3d,0x3d,0x3d,
0x3d,0x3d,0x3d,0x3d,0x3e,0x00,0x0a,0x00,0x52,0x45,0x54,0x5f,0x52,0x45,0x50,0x45,0x41,0x54,0x1c,0x00,
0x64,0x65,0x6c,0x61,0x79,0x43,0x6c,0x73,0x50,0x72,0x6e,0x20,0x31,0x31,0x31,0x31,0x3d,0x3d,0x3d,0x3d,
0x3d,0x3d,0x3d,0x3d,0x3d,0x3d,0x3d,0x3e,0x07,0x00,0x53,0x75,0x63,0x63,0x65,0x73,0x73,0x00,0x06,0x00,
0x43,0x61,0x6e,0x63,0x65,0x6c,0x07,0x00,0x54,0x69,0x6d,0x65,0x6f,0x75,0x74,0x00,0x07,0x00,0x46,0x61,
0x69,0x6c,0x75,0x72,0x65,0x00,0x02,0x00,0x20,0x28,0x02,0x00,0x73,0x29,0x18,0x00,0x63,0x6f,0x6e,0x66,
0x69,0x72,0x6d,0x20,0x71,0x75,0x69,0x74,0x3d,0x3d,0x3d,0x3d,0x3d,0x3d,0x3d,0x3d,0x3d,0x3d,0x3d,0x3e,
0x0d,0x00,0x47,0x4c,0x4f,0x42,0x41,0x4c,0x5f,0x43,0x4f,0x4e,0x46,0x49,0x47,0x00,0x08,0x00,0x75,0x73,
0x65,0x72,0x49,0x6e,0x66,0x6f,0x12,0x00,0x47,0x4c,0x4f,0x42,0x41,0x4c,0x5f,0x54,0x52,0x41,0x4e,0x53,
0x41,0x43,0x54,0x49,0x4f,0x4e,0x19,0x00,0x74,0x72,0x61,0x6e,0x73,0x61,0x63,0x74,0x69,0x6f,0x6e,0x43,
0x61,0x72,0x64,0x48,0x6f,0x6c,0x64,0x65,0x72,0x4e,0x61,0x6d,0x65,0x00,0x03,0x00,0xe2,0x82,0xa6,0x00,
0x19,0x00,0x74,0x72,0x61,0x6e,0x73,0x61,0x63,0x74,0x69,0x6f,0x6e,0x52,0x65,0x73,0x70,0x6f,0x6e,0x73,
0x65,0x41,0x6d,0x6f,0x75,0x6e,0x74,0x00,0x00,0x00,0x00,0x00,};/*3452*/
