TK_CONST_DATA_ALIGN(const unsigned char script_transferLoading[]) = {
0x80,0x00,0x01,0x01,0xdc,0x0f,0x00,0x00,0x00,0x00,0x00,0x00,0x74,0x72,0x61,0x6e,0x73,0x66,0x65,0x72,
0x4c,0x6f,0x61,0x64,0x69,0x6e,0x67,0x00,0x00,0x00,0x00,0x00,0x00,0x00,0x00,0x00,0x00,0x00,0x00,0x00,
0x00,0x00,0x00,0x00,0x4a,0x52,0x52,0x59,0x46,0x00,0x00,0x00,0x00,0x00,0x00,0x00,0xe8,0x08,0x00,0x00,
0x01,0x00,0x00,0x00,0x18,0x00,0x00,0x00,0x2e,0x00,0x01,0x00,0x00,0x34,0x05,0x00,0x90,0x27,0x47,0x00,
0x01,0x03,0x2e,0x3a,0x07,0x00,0x00,0x00,0x47,0x02,0x00,0x00,0xc7,0x03,0x00,0x00,0xc7,0x0a,0x00,0x00,
0x07,0x0d,0x00,0x00,0xc7,0x0d,0x00,0x00,0x07,0x0f,0x00,0x00,0x87,0x10,0x00,0x00,0xc7,0x11,0x00,0x00,
0x87,0x13,0x00,0x00,0x07,0x14,0x00,0x00,0x47,0x15,0x00,0x00,0xc7,0x15,0x00,0x00,0xc7,0x16,0x00,0x00,
0x87,0x17,0x00,0x00,0x47,0x19,0x00,0x00,0x47,0x1a,0x00,0x00,0x87,0x1b,0x00,0x00,0x07,0x1d,0x00,0x00,
0x07,0x1e,0x00,0x00,0x47,0x1f,0x00,0x00,0xc7,0x20,0x00,0x00,0x87,0x23,0x00,0x00,0x47,0x24,0x00,0x00,
0x47,0x25,0x00,0x00,0x47,0x26,0x00,0x00,0x07,0x29,0x00,0x00,0x47,0x2a,0x00,0x00,0x47,0x2b,0x00,0x00,
0x87,0x2b,0x00,0x00,0xc7,0x2c,0x00,0x00,0x87,0x2d,0x00,0x00,0x87,0x2e,0x00,0x00,0xc7,0x2f,0x00,0x00,
0x47,0x31,0x00,0x00,0x07,0x33,0x00,0x00,0x07,0x35,0x00,0x00,0x87,0x36,0x00,0x00,0x07,0x38,0x00,0x00,
0x07,0x3b,0x00,0x00,0x87,0x3e,0x00,0x00,0x07,0x40,0x00,0x00,0x87,0x41,0x00,0x00,0x47,0x43,0x00,0x00,
0x87,0x44,0x00,0x00,0x70,0x01,0x00,0x00,0xb0,0x01,0x00,0x00,0xe0,0x01,0x00,0x00,0x38,0x02,0x00,0x00,
0xa0,0x02,0x00,0x00,0x50,0x03,0x00,0x00,0x10,0x04,0x00,0x00,0x88,0x05,0x00,0x00,0xd8,0x06,0x00,0x00,
0x48,0x08,0x00,0x00,0x90,0x08,0x00,0x00,0xb0,0x08,0x00,0x00,0x48,0x01,0x4b,0x01,0x2c,0x03,0xec,0x01,
0x2d,0x02,0x04,0x14,0x14,0x58,0x07,0x06,0x32,0x18,0x08,0x58,0x0a,0x09,0x58,0x0c,0x0b,0x32,0x18,0x0d,
0x28,0x18,0x0e,0x28,0x18,0x0f,0x28,0x18,0x10,0x32,0x18,0x11,0x32,0x18,0x12,0x58,0x14,0x13,0x58,0x16,
0x15,0x14,0x18,0x17,0x14,0x18,0x18,0x58,0x1a,0x19,0x34,0x18,0x1b,0x58,0x1d,0x1c,0x58,0x1f,0x1e,0x58,
0x1d,0x20,0x18,0x05,0x14,0x58,0x2e,0x22,0x58,0x2f,0x23,0x58,0x30,0x24,0x58,0x31,0x25,0x58,0x32,0x26,
0x58,0x33,0x27,0x58,0x34,0x28,0x58,0x35,0x29,0x58,0x36,0x2a,0x18,0x21,0x58,0x37,0x2b,0x58,0x38,0x2c,
0x58,0x39,0x2d,0xd8,0x56,0x00,0x00,0x00,0x48,0x29,0x47,0x00,0x47,0x2b,0x00,0x00,0x08,0x00,0x01,0x00,
0x30,0x10,0x04,0x00,0x90,0x27,0x47,0x00,0x00,0x02,0x05,0x05,0x87,0x46,0x00,0x00,0xc7,0x47,0x00,0x00,
0x87,0x48,0x00,0x00,0x47,0x49,0x00,0x00,0xc7,0x4e,0x00,0x00,0x41,0x00,0x02,0x2c,0x03,0xd3,0x41,0x01,
0x04,0xcd,0x56,0x00,0x00,0x00,0x00,0x06,0x81,0x0d,0x85,0x02,0xe0,0x28,0x47,0x00,0xc7,0x2f,0x00,0x00,
0x06,0x00,0x01,0x00,0x30,0x80,0x03,0x00,0x90,0x27,0x47,0x00,0x00,0x00,0x02,0x02,0x87,0x1b,0x00,0x00,
0x47,0x51,0x00,0x00,0x32,0xe8,0x00,0x42,0x01,0xcd,0x56,0x00,0x00,0x00,0x00,0x00,0x67,0x20,0x86,0x02,
0xa0,0x28,0x47,0x00,0x47,0x31,0x00,0x00,0x0b,0x00,0x01,0x00,0x30,0x80,0x03,0x00,0x90,0x27,0x47,0x00,
0x00,0x01,0x08,0x08,0xc7,0x53,0x00,0x00,0x87,0x1b,0x00,0x00,0x47,0x51,0x00,0x00,0x07,0x56,0x00,0x00,
0x07,0x57,0x00,0x00,0xc7,0x57,0x00,0x00,0x07,0x0d,0x00,0x00,0xc7,0x16,0x00,0x00,0x32,0xe8,0x01,0x42,
0x02,0xcd,0x2c,0x00,0x14,0x58,0x04,0x03,0x31,0x18,0x05,0x3d,0x07,0x18,0x06,0xd0,0x56,0x00,0x00,0x00,
0x00,0x00,0x00,0x7e,0x81,0x14,0x87,0x02,0xa8,0x28,0x47,0x00,0x07,0x33,0x00,0x00,0x0d,0x00,0x01,0x00,
0x30,0x80,0x0c,0x01,0x90,0x27,0x47,0x00,0x05,0x06,0x0c,0x0c,0xc7,0x59,0x00,0x00,0x47,0x2b,0x00,0x00,
0x87,0x5a,0x00,0x00,0x87,0x62,0x00,0x00,0x87,0x63,0x00,0x00,0x87,0x64,0x00,0x00,0x87,0x65,0x00,0x00,
0x2c,0x06,0xeb,0x01,0x2c,0x07,0xeb,0x02,0x3c,0x02,0x08,0xeb,0x03,0x34,0xeb,0x04,0x01,0x16,0x3e,0x01,
0x41,0x02,0x09,0x41,0x05,0x0a,0x41,0x05,0x0b,0xce,0x9f,0x03,0xd4,0xd4,0x98,0xdc,0xaf,0x04,0x7f,0x04,
0x00,0x0d,0x17,0x57,0x01,0x00,0x00,0x7f,0x82,0x1f,0x89,0x02,0xb8,0x28,0x47,0x00,0x07,0x35,0x00,0x00,
0x16,0x00,0x01,0x00,0x30,0x80,0x0b,0x00,0x90,0x27,0x47,0x00,0x00,0x03,0x14,0x14,0xc7,0x59,0x00,0x00,
0x87,0x46,0x00,0x00,0x87,0x66,0x00,0x00,0x87,0x17,0x00,0x00,0x07,0x35,0x00,0x00,0x47,0x67,0x00,0x00,
0x87,0x64,0x00,0x00,0x87,0x65,0x00,0x00,0xa0,0x00,0x00,0x00,0x10,0x00,0x00,0x00,0xc7,0x68,0x00,0x00,
0x47,0x6a,0x00,0x00,0x87,0x6b,0x00,0x00,0x07,0x6e,0x00,0x00,0xc7,0x6f,0x00,0x00,0x87,0x2d,0x00,0x00,
0x87,0x48,0x00,0x00,0x87,0x70,0x00,0x00,0x07,0x74,0x00,0x00,0x07,0x3b,0x00,0x00,0x3d,0x03,0x2c,0x05,
0x42,0x04,0x41,0x00,0x06,0x41,0x00,0x07,0xce,0x35,0x1d,0x9c,0x08,0x99,0x09,0x9e,0xd4,0x99,0x08,0xd4,
0x00,0x37,0xe5,0x04,0x3d,0x03,0x2c,0x0b,0x3d,0x0c,0x00,0x37,0x40,0x0d,0xce,0xe5,0x0a,0x3d,0x03,0x3d,
0x0f,0xe5,0x0e,0x41,0x01,0x10,0x2d,0x11,0x02,0x40,0x12,0x3d,0x03,0xd4,0xd9,0x42,0x13,0xcd,0x56,0x00,
0x00,0x00,0x00,0x24,0x83,0x2b,0x8c,0x02,0x00,0x29,0x47,0x00,0x87,0x36,0x00,0x00,0x18,0x00,0x01,0x00,
0x30,0x10,0x06,0x00,0x90,0x27,0x47,0x00,0x02,0x04,0x10,0x10,0xc7,0x47,0x00,0x00,0x87,0x46,0x00,0x00,
0x87,0x75,0x00,0x00,0x87,0x48,0x00,0x00,0x07,0x77,0x00,0x00,0xc7,0x79,0x00,0x00,0x00,0x00,0x00,0x00,
0x87,0x7a,0x00,0x00,0x47,0x7d,0x00,0x00,0x47,0x81,0x00,0x00,0x47,0x83,0x00,0x00,0x87,0x86,0x00,0x00,
0x87,0x88,0x00,0x00,0x07,0x0d,0x00,0x00,0x35,0x00,0xeb,0x00,0x41,0x02,0x04,0xce,0xeb,0x01,0x41,0x03,
0x05,0x2d,0x06,0x01,0x3b,0x07,0xd9,0x3c,0x01,0x07,0x7e,0x08,0x11,0x21,0x41,0x02,0x09,0xce,0xeb,0x01,
0x41,0x03,0x05,0x2d,0x0a,0x01,0x3b,0x07,0xd9,0x3c,0x01,0x07,0x84,0x08,0x11,0x06,0x32,0x55,0x01,0x05,
0x34,0xeb,0x00,0x01,0x06,0x35,0x00,0xeb,0x00,0x41,0x02,0x0b,0x2c,0x00,0xd4,0xeb,0x01,0x41,0x03,0x05,
0x2d,0x0c,0x01,0x3b,0x07,0xd9,0x41,0x02,0x0d,0x34,0xd4,0xeb,0x01,0x41,0x03,0x05,0x2d,0x0e,0x01,0x3b,
0x07,0x3c,0x01,0x0f,0xc7,0x03,0x31,0x55,0x00,0x00,0x00,0x00,0x00,0x00,0x00,0x1c,0x86,0x74,0x8f,0x02,
0x20,0x33,0x47,0x00,0x07,0x38,0x00,0x00,0x22,0x00,0x01,0x00,0x20,0x80,0x0b,0x00,0x90,0x27,0x47,0x00,
0x03,0x08,0x1f,0x20,0x47,0x8c,0x00,0x00,0x87,0x46,0x00,0x00,0x87,0x66,0x00,0x00,0xc7,0x47,0x00,0x00,
0x07,0x00,0x00,0x00,0x07,0x38,0x00,0x00,0x87,0x10,0x00,0x00,0x47,0x51,0x00,0x00,0x07,0x8d,0x00,0x00,
0x07,0x8e,0x00,0x00,0xc7,0x16,0x00,0x00,0x07,0x90,0x00,0x00,0x47,0x91,0x00,0x00,0x47,0x92,0x00,0x00,
0x07,0x93,0x00,0x00,0x07,0x95,0x00,0x00,0x07,0x96,0x00,0x00,0xc7,0x97,0x00,0x00,0x87,0x48,0x00,0x00,
0x07,0x9a,0x00,0x00,0x07,0x74,0x00,0x00,0x87,0x17,0x00,0x00,0x87,0x9b,0x00,0x00,0x07,0x9c,0x00,0x00,
0xc7,0x9d,0x00,0x00,0xc7,0x9e,0x00,0x00,0x47,0x2b,0x00,0x00,0x07,0xa1,0x00,0x00,0x10,0x01,0x00,0x00,
0x42,0x08,0xcd,0x33,0x4e,0x03,0x2d,0x03,0x09,0x31,0xdc,0x41,0x03,0x0a,0xcd,0x14,0x2d,0x0c,0x03,0x3b,
0x0d,0x3b,0x0e,0x00,0x37,0x00,0x38,0x0f,0x3c,0x03,0x0d,0x3b,0x10,0x00,0x37,0x00,0x38,0x11,0x18,0x0b,
0x35,0x00,0x18,0x12,0x58,0x14,0x13,0xeb,0x00,0x41,0x04,0x15,0x2d,0x16,0x05,0x40,0x17,0x2c,0x00,0xd4,
0xd9,0x3c,0x03,0x18,0xeb,0x01,0x41,0x05,0x17,0x2c,0x01,0xd4,0x99,0x19,0xeb,0x01,0x41,0x04,0x15,0x2d,
0x1a,0x05,0x40,0x17,0x2c,0x01,0xd4,0xd9,0x2c,0x1f,0xe8,0x1b,0x41,0x06,0x1c,0x2f,0x00,0x07,0x01,0x2c,
0x1d,0x38,0x1d,0x1d,0x35,0x00,0x3c,0x03,0x1b,0xc8,0x08,0xeb,0x02,0x41,0x04,0x15,0x2d,0x1e,0x05,0x40,
0x17,0x2c,0x02,0xd4,0xd9,0x56,0x00,0x4f,0x8c,0x1d,0x96,0x02,0x28,0x3b,0x47,0x00,0x07,0x3b,0x00,0x00,
0x0d,0x00,0x01,0x00,0x30,0x10,0x08,0x01,0x90,0x27,0x47,0x00,0x02,0x05,0x0b,0x0b,0x87,0x46,0x00,0x00,
0x87,0x66,0x00,0x00,0x47,0x8c,0x00,0x00,0x87,0x48,0x00,0x00,0x47,0xa3,0x00,0x00,0x07,0x74,0x00,0x00,
0x07,0x0d,0x00,0x00,0xc7,0xa5,0x00,0x00,0x87,0x3e,0x00,0x00,0x41,0x02,0x05,0x2d,0x06,0x03,0x40,0x07,
0x2c,0x00,0xd4,0xd9,0x3c,0x00,0x08,0x21,0x07,0x3c,0x00,0x08,0x3b,0x09,0x1d,0x03,0x1c,0xeb,0x01,0x41,
0x03,0x07,0x41,0x04,0x0a,0x2c,0x01,0xd4,0xd3,0x56,0x00,0x63,0x81,0x1b,0x9e,0x02,0x80,0x2a,0x47,0x00,
0xc7,0x9d,0x00,0x00,0x2a,0x00,0x01,0x00,0x30,0x10,0x08,0x01,0x90,0x27,0x47,0x00,0x04,0x09,0x25,0x25,
0x87,0xa7,0x00,0x00,0x07,0xa9,0x00,0x00,0x87,0x46,0x00,0x00,0x87,0x66,0x00,0x00,0xc7,0x53,0x00,0x00,
0x07,0xaa,0x00,0x00,0xc7,0xab,0x00,0x00,0x87,0x48,0x00,0x00,0xc7,0xac,0x00,0x00,0x87,0xb0,0x00,0x00,
0x87,0x10,0x00,0x00,0x47,0x51,0x00,0x00,0xc7,0xb1,0x00,0x00,0xc7,0xb2,0x00,0x00,0x87,0xb4,0x00,0x00,
0x87,0x17,0x00,0x00,0x07,0x56,0x00,0x00,0x07,0xb5,0x00,0x00,0x47,0xb7,0x00,0x00,0x07,0xb8,0x00,0x00,
0xc7,0x57,0x00,0x00,0x07,0x0d,0x00,0x00,0xc7,0x16,0x00,0x00,0x47,0xb9,0x00,0x00,0x47,0x1a,0x00,0x00,
0x07,0x35,0x00,0x00,0xc7,0x68,0x00,0x00,0x47,0x19,0x00,0x00,0x47,0xbb,0x00,0x00,0x87,0xbd,0x00,0x00,
0x07,0x74,0x00,0x00,0x07,0xbf,0x00,0x00,0x87,0xc2,0x00,0x00,0x2d,0x04,0x00,0x45,0xeb,0x01,0x3c,0x05,
0x09,0x40,0x0a,0x28,0x2c,0x01,0xda,0xeb,0x02,0x41,0x06,0x0b,0x2f,0x0c,0x02,0x0d,0x2c,0x01,0xc7,0x04,
0x32,0xe8,0x0e,0x42,0x0f,0xcd,0x2c,0x02,0x11,0x5c,0x41,0x07,0x10,0x2c,0x02,0xd4,0xeb,0x03,0x3c,0x03,
0x11,0x78,0x12,0x11,0x1e,0x28,0xe8,0x13,0x2c,0x08,0x14,0x58,0x15,0x14,0x58,0x17,0x16,0x31,0x18,0x18,
0x14,0x3d,0x1a,0x18,0x1a,0x58,0x03,0x1b,0x18,0x19,0xd0,0x01,0x2f,0x31,0xe8,0x1c,0x3d,0x13,0x28,0xe5,
0x1d,0x3d,0x13,0x28,0xe5,0x1e,0x3c,0x03,0x20,0xe8,0x1f,0x42,0x0f,0xcd,0x41,0x06,0x0b,0x2d,0x21,0x07,
0x40,0x22,0x2c,0x03,0xd4,0xd9,0x41,0x06,0x0b,0x2d,0x23,0x07,0x40,0x22,0x3d,0x13,0xd4,0xd9,0x01,0x2a,
0x31,0xe8,0x1c,0x3d,0x13,0x28,0xe5,0x1d,0x3d,0x13,0x28,0xe5,0x1e,0x3c,0x00,0x20,0xe8,0x1f,0x42,0x0f,
0xcd,0x41,0x06,0x0b,0x2d,0x24,0x00,0xd9,0x41,0x06,0x0b,0x2d,0x23,0x07,0x40,0x22,0x3d,0x13,0xd4,0xd9,
0x56,0x00,0x00,0x00,0x00,0x00,0x00,0x12,0x8d,0x04,0xa3,0x02,0x98,0x40,0x47,0x00,0x87,0x3e,0x00,0x00,
0x2e,0x00,0x01,0x00,0x30,0x80,0x05,0x01,0x90,0x27,0x47,0x00,0x02,0x03,0x22,0x22,0x87,0x46,0x00,0x00,
0x87,0x48,0x00,0x00,0xc7,0xc5,0x00,0x00,0x47,0xc8,0x00,0x00,0xc7,0xc8,0x00,0x00,0x47,0xc9,0x00,0x00,
0xc7,0xc9,0x00,0x00,0x47,0xca,0x00,0x00,0x47,0x15,0x00,0x00,0xc7,0xca,0x00,0x00,0x47,0xcb,0x00,0x00,
0xc7,0xcb,0x00,0x00,0x47,0xcc,0x00,0x00,0xc7,0xcc,0x00,0x00,0x47,0xce,0x00,0x00,0x87,0x2d,0x00,0x00,
0x87,0x62,0x00,0x00,0x87,0x2b,0x00,0x00,0x07,0x29,0x00,0x00,0x47,0x2a,0x00,0x00,0x10,0x00,0x00,0x00,
0x60,0x01,0x00,0x00,0x47,0x2b,0x00,0x00,0x47,0xcf,0x00,0x00,0x87,0xd1,0x00,0x00,0x47,0xd4,0x00,0x00,
0x47,0x51,0x00,0x00,0x87,0xd6,0x00,0x00,0x00,0x00,0x00,0x00,0x47,0xdb,0x00,0x00,0x47,0x1a,0x00,0x00,
0x87,0x1b,0x00,0x00,0x41,0x02,0x03,0x2d,0x04,0x00,0xd9,0x2c,0x00,0xeb,0x01,0x2d,0x01,0x05,0x25,0x31,
0x2c,0x06,0x25,0x2d,0x2c,0x07,0x25,0x29,0x2c,0x08,0x25,0x25,0x2c,0x09,0x25,0x21,0x2c,0x0a,0x25,0x1d,
0x2c,0x0b,0x25,0x19,0x2c,0x0c,0x25,0x15,0x2c,0x0d,0x25,0x11,0x2c,0x0e,0x25,0x0d,0x2c,0x0f,0x25,0x4e,
0x2c,0x10,0x77,0x09,0x7f,0x01,0x91,0x3d,0x11,0x3b,0x12,0x3d,0x13,0x3b,0x12,0x86,0x11,0x04,0x01,0x84,
0x42,0x11,0x99,0x01,0xdc,0x3d,0x11,0x3b,0x12,0xe8,0x14,0x35,0x18,0x3d,0x14,0x9c,0x16,0x9f,0x17,0x98,
0x99,0x18,0xe8,0x15,0x41,0x02,0x03,0x2c,0x19,0x3d,0x11,0x98,0xd3,0x41,0x02,0x03,0x2c,0x1a,0x3d,0x14,
0x98,0xd3,0x41,0x02,0x03,0x2c,0x1b,0x3d,0x15,0x98,0xd3,0x42,0x1c,0xcd,0x01,0x4c,0x41,0x02,0x03,0x2c,
0x1d,0x3d,0x11,0x98,0xd3,0x3d,0x11,0x3b,0x12,0x81,0x1e,0x11,0x26,0x3d,0x11,0x40,0x1f,0x34,0x3d,0x11,
0x3b,0x12,0x9c,0x16,0xda,0xe8,0x11,0x3d,0x11,0x3b,0x12,0xe8,0x14,0x35,0x18,0x3d,0x14,0x9c,0x16,0x9f,
0x17,0x98,0x99,0x18,0xe8,0x15,0x42,0x1c,0xcd,0x56,0x3d,0x20,0x11,0x0a,0x32,0xe8,0x20,0x42,0x1c,0xcd,
0x01,0x08,0x31,0xe8,0x21,0x42,0x1c,0xcd,0x01,0x02,0x56,0x00,0x00,0x00,0x00,0x67,0x8e,0x23,0xb0,0x02,
0x60,0x43,0x47,0x00,0x07,0x40,0x00,0x00,0x09,0x00,0x01,0x00,0x30,0x80,0x03,0x01,0x90,0x27,0x47,0x00,
0x01,0x01,0x06,0x06,0xc7,0x16,0x00,0x00,0x07,0x0d,0x00,0x00,0x87,0x17,0x00,0x00,0xc7,0xdc,0x00,0x00,
0x47,0x51,0x00,0x00,0x2c,0x00,0x11,0x13,0x3c,0x00,0x02,0x3b,0x01,0xe8,0x01,0x3c,0x00,0x02,0x3b,0x04,
0xe8,0x03,0x42,0x05,0xcd,0x56,0x00,0x3e,0x81,0x1d,0xbf,0x02,0x48,0x2a,0x47,0x00,0x87,0x41,0x00,0x00,
0x04,0x00,0x01,0x00,0x30,0x80,0x00,0x00,0x90,0x27,0x47,0x00,0x00,0x00,0x00,0x00,0x56,0x00,0x00,0x00,
0x13,0x64,0xc0,0x02,0x18,0x29,0x47,0x00,0x47,0x43,0x00,0x00,0x04,0x00,0x01,0x00,0x30,0x80,0x00,0x00,
0x90,0x27,0x47,0x00,0x00,0x00,0x00,0x00,0x56,0x00,0x00,0x00,0x19,0x00,0xc1,0x02,0x40,0x29,0x47,0x00,
0x87,0x44,0x00,0x00,0x0f,0x00,0x4d,0x61,0x6b,0x65,0x54,0x72,0x61,0x6e,0x73,0x66,0x65,0x72,0x55,0x72,
0x6c,0x00,0x09,0x00,0x56,0x69,0x65,0x77,0x4d,0x6f,0x64,0x65,0x6c,0x00,0x36,0x00,0x68,0x74,0x74,0x70,
0x73,0x3a,0x2f,0x2f,0x62,0x69,0x7a,0x2e,0x63,0x6f,0x72,0x65,0x73,0x74,0x65,0x70,0x62,0x61,0x6e,0x6b,
0x2e,0x63,0x6f,0x6d,0x2f,0x74,0x72,0x61,0x6e,0x73,0x61,0x63,0x74,0x69,0x6f,0x6e,0x2f,0x66,0x75,0x6e,
0x64,0x2d,0x74,0x72,0x61,0x6e,0x73,0x66,0x65,0x72,0x0f,0x00,0x74,0x72,0x61,0x6e,0x73,0x66,0x65,0x72,
0x4c,0x6f,0x61,0x64,0x69,0x6e,0x67,0x00,0x04,0x00,0x64,0x61,0x74,0x61,0x07,0x00,0x73,0x68,0x6f,0x77,
0x54,0x69,0x70,0x00,0x0a,0x00,0x4c,0x6f,0x61,0x64,0x69,0x6e,0x67,0x2e,0x2e,0x2e,0x07,0x00,0x6c,0x6f,
0x61,0x64,0x69,0x6e,0x67,0x00,0x0b,0x00,0x74,0x69,0x6d,0x65,0x4f,0x75,0x74,0x53,0x68,0x6f,0x77,0x00,
0x02,0x00,0x35,0x73,0x07,0x00,0x74,0x69,0x6d,0x65,0x4f,0x75,0x74,0x00,0x01,0x00,0x35,0x00,0x06,0x00,
0x69,0x73,0x45,0x78,0x69,0x74,0x04,0x00,0x75,0x73,0x65,0x72,0x0c,0x00,0x66,0x75,0x6e,0x64,0x73,0x52,
0x65,0x71,0x75,0x65,0x73,0x74,0x05,0x00,0x65,0x72,0x72,0x6f,0x72,0x00,0x07,0x00,0x69,0x73,0x45,0x72,
0x72,0x6f,0x72,0x00,0x0a,0x00,0x69,0x73,0x53,0x68,0x6f,0x77,0x45,0x78,0x69,0x74,0x06,0x00,0x4e,0x6f,
0x74,0x69,0x63,0x65,0x07,0x00,0x4e,0x6f,0x74,0x69,0x63,0x65,0x21,0x00,0x0a,0x00,0x6e,0x6f,0x74,0x69,
0x63,0x65,0x54,0x65,0x78,0x74,0x13,0x00,0x43,0x61,0x6e,0x63,0x65,0x6c,0x20,0x54,0x72,0x61,0x6e,0x73,
0x61,0x63,0x74,0x69,0x6f,0x6e,0x3f,0x00,0x04,0x00,0x66,0x6c,0x6f,0x77,0x05,0x00,0x74,0x72,0x61,0x6e,
0x73,0x00,0x05,0x00,0x74,0x69,0x74,0x6c,0x65,0x00,0x14,0x00,0x43,0x6f,0x6d,0x70,0x6c,0x65,0x74,0x65,
0x20,0x54,0x72,0x61,0x6e,0x73,0x61,0x63,0x74,0x69,0x6f,0x6e,0x08,0x00,0x76,0x61,0x6c,0x75,0x65,0x4c,
0x65,0x6e,0x05,0x00,0x6c,0x69,0x6e,0x65,0x58,0x00,0x00,0x00,0x08,0x00,0x70,0x61,0x73,0x73,0x77,0x6f,
0x72,0x64,0x04,0x00,0x31,0x32,0x33,0x34,0x05,0x00,0x76,0x61,0x6c,0x75,0x65,0x00,0x07,0x00,0x6d,0x65,
0x74,0x68,0x6f,0x64,0x73,0x00,0x0a,0x00,0x69,0x6e,0x69,0x74,0x48,0x54,0x54,0x50,0x43,0x42,0x0c,0x00,
0x68,0x61,0x6e,0x64,0x6c,0x65,0x43,0x61,0x6e,0x63,0x65,0x6c,0x0d,0x00,0x68,0x61,0x6e,0x64,0x6c,0x65,
0x43,0x6f,0x6e,0x66,0x69,0x72,0x6d,0x00,0x09,0x00,0x72,0x65,0x66,0x65,0x72,0x65,0x6e,0x63,0x65,0x00,
0x0a,0x00,0x64,0x6f,0x54,0x72,0x61,0x6e,0x73,0x66,0x65,0x72,0x16,0x00,0x47,0x4c,0x4f,0x42,0x41,0x4c,
0x5f,0x43,0x48,0x4f,0x4f,0x53,0x45,0x5f,0x4e,0x45,0x54,0x57,0x4f,0x52,0x4b,0x73,0x19,0x00,0x63,0x61,
0x6c,0x6c,0x54,0x72,0x61,0x6e,0x73,0x66,0x65,0x72,0x46,0x75,0x6e,0x64,0x73,0x45,0x6e,0x64,0x70,0x6f,
0x69,0x6e,0x74,0x00,0x09,0x00,0x70,0x61,0x72,0x73,0x65,0x44,0x61,0x74,0x61,0x00,0x09,0x00,0x6f,0x6e,
0x4b,0x65,0x79,0x44,0x6f,0x77,0x6e,0x00,0x0b,0x00,0x6f,0x6e,0x57,0x69,0x6c,0x6c,0x4d,0x6f,0x75,0x6e,
0x74,0x00,0x07,0x00,0x6f,0x6e,0x4d,0x6f,0x75,0x6e,0x74,0x00,0x0d,0x00,0x6f,0x6e,0x57,0x69,0x6c,0x6c,
0x55,0x6e,0x6d,0x6f,0x75,0x6e,0x74,0x00,0x07,0x00,0x63,0x6f,0x6e,0x73,0x6f,0x6c,0x65,0x00,0x03,0x00,
0x54,0x6f,0x73,0x00,0x03,0x00,0x6c,0x6f,0x67,0x00,0x2a,0x00,0x48,0x74,0x74,0x70,0x63,0x6c,0x69,0x65,
0x6e,0x74,0x43,0x62,0x45,0x76,0x65,0x6e,0x74,0x20,0x73,0x74,0x61,0x72,0x74,0x20,0x30,0x30,0x30,0x30,
0x30,0x30,0x30,0x3d,0x3d,0x3d,0x3d,0x3d,0x3d,0x3d,0x3d,0x3d,0x3d,0x3d,0x11,0x00,0x48,0x74,0x74,0x70,
0x63,0x6c,0x69,0x65,0x6e,0x74,0x43,0x62,0x45,0x76,0x65,0x6e,0x74,0x00,0x12,0x00,0x6e,0x6f,0x74,0x69,
0x66,0x79,0x50,0x72,0x6f,0x70,0x73,0x43,0x68,0x61,0x6e,0x67,0x65,0x64,0x0f,0x00,0x6e,0x61,0x76,0x69,
0x67,0x61,0x74,0x65,0x52,0x65,0x70,0x6c,0x61,0x63,0x65,0x00,0x06,0x00,0x74,0x61,0x72,0x67,0x65,0x74,
0x03,0x00,0x70,0x61,0x79,0x00,0x0d,0x00,0x63,0x6c,0x6f,0x73,0x65,0x5f,0x63,0x75,0x72,0x72,0x65,0x6e,
0x74,0x00,0x04,0x00,0x4d,0x61,0x74,0x68,0x3e,0x00,0x61,0x62,0x63,0x64,0x65,0x66,0x67,0x68,0x69,0x6a,
0x6b,0x6c,0x6d,0x6e,0x6f,0x70,0x71,0x72,0x73,0x74,0x75,0x76,0x77,0x78,0x79,0x7a,0x41,0x42,0x43,0x44,
0x45,0x46,0x47,0x48,0x49,0x4a,0x4b,0x4c,0x4d,0x4e,0x4f,0x50,0x51,0x52,0x53,0x54,0x55,0x56,0x57,0x58,
0x59,0x5a,0x30,0x31,0x32,0x33,0x34,0x35,0x36,0x37,0x38,0x39,0x06,0x00,0x6c,0x65,0x6e,0x67,0x74,0x68,
0x06,0x00,0x63,0x68,0x61,0x72,0x41,0x74,0x05,0x00,0x66,0x6c,0x6f,0x6f,0x72,0x00,0x06,0x00,0x72,0x61,
0x6e,0x64,0x6f,0x6d,0x04,0x00,0x4a,0x53,0x4f,0x4e,0x09,0x00,0x63,0x6f,0x72,0x65,0x62,0x61,0x6e,0x6b,
0x2d,0x00,0x09,0x00,0x6e,0x61,0x72,0x72,0x61,0x74,0x69,0x6f,0x6e,0x00,0x07,0x00,0x74,0x72,0x66,0x20,
0x74,0x6f,0x20,0x00,0x11,0x00,0x63,0x72,0x65,0x64,0x69,0x74,0x41,0x63,0x63,0x6f,0x75,0x6e,0x74,0x4e,
0x61,0x6d,0x65,0x00,0x0b,0x00,0x74,0x6f,0x4c,0x6f,0x77,0x65,0x72,0x43,0x61,0x73,0x65,0x00,0x03,0x00,
0x70,0x69,0x6e,0x00,0x1a,0x00,0x74,0x72,0x61,0x6e,0x73,0x66,0x65,0x72,0x50,0x61,0x79,0x6c,0x6f,0x61,
0x64,0x20,0x62,0x65,0x66,0x6f,0x72,0x65,0x3a,0x20,0x3d,0x3e,0x09,0x00,0x73,0x74,0x72,0x69,0x6e,0x67,
0x69,0x66,0x79,0x00,0x09,0x00,0x57,0x69,0x66,0x69,0x43,0x68,0x65,0x63,0x6b,0x00,0x14,0x00,0x57,0x69,
0x66,0x69,0x43,0x68,0x65,0x63,0x6b,0x20,0x3d,0x3d,0x3d,0x3d,0x3d,0x3d,0x3d,0x3d,0x3d,0x3e,0x04,0x00,
0x63,0x6f,0x64,0x65,0x13,0x00,0x4d,0x6f,0x62,0x69,0x6c,0x65,0x44,0x61,0x74,0x61,0x41,0x76,0x61,0x69,
0x6c,0x61,0x62,0x6c,0x65,0x00,0x1e,0x00,0x4d,0x6f,0x62,0x69,0x6c,0x65,0x44,0x61,0x74,0x61,0x41,0x76,
0x61,0x69,0x6c,0x61,0x62,0x6c,0x65,0x20,0x3d,0x3d,0x3d,0x3d,0x3d,0x3d,0x3d,0x3d,0x3d,0x3e,0x0e,0x00,
0x53,0x6f,0x63,0x53,0x65,0x74,0x50,0x72,0x6f,0x70,0x65,0x72,0x74,0x79,0x17,0x00,0x73,0x65,0x6c,0x65,
0x63,0x4e,0x65,0x74,0x77,0x6f,0x72,0x6b,0x20,0x3d,0x3d,0x3d,0x3d,0x3d,0x3d,0x3d,0x3d,0x3d,0x3e,0x00,
0x0e,0x00,0x53,0x6f,0x63,0x47,0x65,0x74,0x50,0x72,0x6f,0x70,0x65,0x72,0x74,0x79,0x1b,0x00,0x73,0x65,
0x6c,0x65,0x63,0x4e,0x65,0x74,0x77,0x6f,0x72,0x6b,0x20,0x67,0x65,0x74,0x20,0x3d,0x3d,0x3d,0x3d,0x3d,
0x3d,0x3d,0x3d,0x3d,0x3e,0x00,0x04,0x00,0x74,0x68,0x61,0x74,0x06,0x00,0x70,0x61,0x72,0x61,0x6d,0x73,
0x0e,0x00,0x41,0x75,0x74,0x68,0x6f,0x72,0x69,0x7a,0x61,0x74,0x69,0x6f,0x6e,0x3a,0x07,0x00,0x73,0x65,
0x73,0x73,0x69,0x6f,0x6e,0x00,0x06,0x00,0x0d,0x0a,0x6d,0x69,0x64,0x3a,0x03,0x00,0x6d,0x69,0x64,0x00,
0x0e,0x00,0x0d,0x0a,0x41,0x63,0x63,0x65,0x70,0x74,0x3a,0x2a,0x2f,0x2a,0x0d,0x0a,0x06,0x00,0x6d,0x65,
0x74,0x68,0x6f,0x64,0x0b,0x00,0x43,0x6f,0x6e,0x74,0x65,0x6e,0x74,0x54,0x79,0x70,0x65,0x00,0x10,0x00,
0x61,0x70,0x70,0x6c,0x69,0x63,0x61,0x74,0x69,0x6f,0x6e,0x2f,0x6a,0x73,0x6f,0x6e,0x0a,0x00,0x68,0x65,
0x61,0x64,0x20,0x3d,0x3d,0x3d,0x3d,0x3e,0x02,0x00,0x0d,0x0a,0x0b,0x00,0x62,0x6f,0x64,0x79,0x20,0x3d,
0x3d,0x3d,0x3d,0x3e,0x20,0x00,0x06,0x00,0x68,0x74,0x74,0x70,0x43,0x42,0x10,0x00,0x48,0x74,0x74,0x70,
0x63,0x6c,0x69,0x65,0x6e,0x74,0x43,0x6f,0x6d,0x6d,0x6f,0x6e,0x0f,0x00,0x36,0x36,0x36,0x36,0x36,0x36,
0x36,0x36,0x36,0x3a,0x3d,0x3d,0x3d,0x3d,0x3e,0x00,0x12,0x00,0x68,0x74,0x74,0x70,0x43,0x42,0x20,0x30,
0x30,0x30,0x30,0x20,0x3d,0x3d,0x3d,0x3d,0x3d,0x3e,0x0c,0x00,0x72,0x65,0x73,0x70,0x6f,0x6e,0x73,0x65,
0x5f,0x62,0x75,0x66,0x0a,0x00,0x55,0x69,0x6e,0x74,0x38,0x41,0x72,0x72,0x61,0x79,0x06,0x00,0x53,0x74,
0x72,0x69,0x6e,0x67,0x0c,0x00,0x66,0x72,0x6f,0x6d,0x43,0x68,0x61,0x72,0x43,0x6f,0x64,0x65,0x05,0x00,
0x61,0x70,0x70,0x6c,0x79,0x00,0x1b,0x00,0x70,0x61,0x72,0x73,0x65,0x44,0x61,0x74,0x61,0x20,0x3d,0x3d,
0x3d,0x3d,0x3d,0x3d,0x3d,0x3d,0x3d,0xe3,0x80,0x8b,0x20,0x31,0x31,0x31,0x3a,0x00,0x08,0x00,0x0a,0x20,
0x75,0x38,0x61,0x72,0x72,0x3a,0x05,0x00,0x70,0x61,0x72,0x73,0x65,0x00,0x0c,0x00,0x72,0x65,0x73,0x70,
0x6f,0x6e,0x73,0x65,0x43,0x6f,0x64,0x65,0x02,0x00,0x30,0x30,0x0f,0x00,0x74,0x72,0x61,0x6e,0x73,0x66,
0x65,0x72,0x53,0x75,0x63,0x63,0x65,0x73,0x73,0x00,0x04,0x00,0x74,0x79,0x70,0x65,0x07,0x00,0x73,0x75,
0x63,0x63,0x65,0x73,0x73,0x00,0x0d,0x00,0x66,0x75,0x6e,0x64,0x73,0x52,0x65,0x73,0x70,0x6f,0x6e,0x73,
0x65,0x00,0x0f,0x00,0x72,0x65,0x73,0x70,0x6f,0x6e,0x73,0x65,0x4d,0x65,0x73,0x73,0x61,0x67,0x65,0x00,
0x0a,0x00,0x64,0x61,0x74,0x61,0x20,0x3d,0x3d,0x3d,0x3d,0x3e,0x19,0x00,0x74,0x72,0x61,0x6e,0x73,0x66,
0x65,0x72,0x50,0x61,0x79,0x6c,0x6f,0x61,0x64,0x20,0x61,0x66,0x74,0x65,0x72,0x3a,0x20,0x3d,0x3e,0x00,
0x18,0x00,0x2d,0x2d,0x2d,0x2d,0x2d,0x2d,0x2d,0x2d,0x2d,0x3e,0x20,0x73,0x65,0x63,0x6f,0x6e,0x64,0x73,
0x20,0x65,0x6c,0x73,0x65,0x3a,0x12,0x00,0x6b,0x65,0x79,0x20,0x64,0x6f,0x77,0x6e,0x2d,0x2d,0x2d,0x2d,
0x2d,0x3e,0x3e,0x3e,0x3e,0x3a,0x01,0x00,0x30,0x00,0x01,0x00,0x31,0x00,0x01,0x00,0x32,0x00,0x01,0x00,
0x33,0x00,0x01,0x00,0x34,0x00,0x01,0x00,0x36,0x00,0x01,0x00,0x37,0x00,0x01,0x00,0x38,0x00,0x01,0x00,
0x39,0x00,0x09,0x00,0x62,0x61,0x63,0x6b,0x73,0x70,0x61,0x63,0x65,0x00,0x06,0x00,0x63,0x61,0x6e,0x63,
0x65,0x6c,0x10,0x00,0x76,0x61,0x6c,0x75,0x65,0x20,0x3d,0x3d,0x3d,0x3d,0x3d,0x3d,0x3d,0x3d,0x3e,0x20,
0x13,0x00,0x76,0x61,0x6c,0x75,0x65,0x4c,0x65,0x6e,0x20,0x3d,0x3d,0x3d,0x3d,0x3d,0x3d,0x3d,0x3d,0x3e,
0x20,0x00,0x10,0x00,0x6c,0x69,0x6e,0x65,0x58,0x20,0x3d,0x3d,0x3d,0x3d,0x3d,0x3d,0x3d,0x3d,0x3e,0x20,
0x24,0x00,0x64,0x65,0x6c,0x65,0x74,0x65,0x20,0x76,0x61,0x6c,0x75,0x65,0x20,0x3d,0x3d,0x3d,0x3d,0x3d,
0x3d,0x3d,0x3d,0x3d,0x3d,0x3d,0x3d,0x3d,0x3d,0x3d,0x3d,0x3d,0x3d,0x3d,0x3d,0x3d,0x3d,0x3e,0x09,0x00,
0x73,0x75,0x62,0x73,0x74,0x72,0x69,0x6e,0x67,0x00,0x0b,0x00,0x66,0x75,0x6e,0x64,0x52,0x65,0x71,0x75,
0x65,0x73,0x74,0x00,0x00,0x00,0x00,0x00,};/*4108*/
